node.exe : (node:25732) [DEP0205] DeprecationWarning: `module.register()` is deprecated. Use `module.registerHooks()` 
instead.
At line:1 char:1
+ & "C:\Program Files\nodejs/node.exe" "C:\Program Files\nodejs/node_mo ...
+ ~~~~~~~~~~~~~~~~~~~~~~~~~~~~~~~~~~~~~~~~~~~~~~~~~~~~~~~~~~~~~~~~~~~~~
    + CategoryInfo          : NotSpecified: ((node:25732) [D...oks()` instead.:String) [], RemoteException
    + FullyQualifiedErrorId : NativeCommandError
 
(Use `node --trace-deprecation ...` to show where the warning was created)

[1m[30m[46m RUN [49m[39m[22m [36mv4.1.7 [39m[90mC:/Users/Tahir/Desktop/frontend that i want/fpa[39m

(node:33720) ExperimentalWarning: localStorage is not available because --localstorage-file was not provided.
(Use `node --trace-warnings ...` to show where the warning was created)
(node:30240) ExperimentalWarning: localStorage is not available because --localstorage-file was not provided.
(Use `node --trace-warnings ...` to show where the warning was created)
(node:32648) ExperimentalWarning: localStorage is not available because --localstorage-file was not provided.
(Use `node --trace-warnings ...` to show where the warning was created)
(node:29636) ExperimentalWarning: localStorage is not available because --localstorage-file was not provided.
(Use `node --trace-warnings ...` to show where the warning was created)
(node:31964) ExperimentalWarning: localStorage is not available because --localstorage-file was not provided.
(Use `node --trace-warnings ...` to show where the warning was created)
(node:24900) ExperimentalWarning: localStorage is not available because --localstorage-file was not provided.
(Use `node --trace-warnings ...` to show where the warning was created)
(node:20812) ExperimentalWarning: localStorage is not available because --localstorage-file was not provided.
(Use `node --trace-warnings ...` to show where the warning was created)
(node:26760) ExperimentalWarning: localStorage is not available because --localstorage-file was not provided.
(Use `node --trace-warnings ...` to show where the warning was created)
(node:14280) ExperimentalWarning: localStorage is not available because --localstorage-file was not provided.
(Use `node --trace-warnings ...` to show where the warning was created)
(node:32984) ExperimentalWarning: localStorage is not available because --localstorage-file was not provided.
(Use `node --trace-warnings ...` to show where the warning was created)
(node:20648) ExperimentalWarning: localStorage is not available because --localstorage-file was not provided.
(Use `node --trace-warnings ...` to show where the warning was created)
 [32m✓[39m src/__tests__/a11y/q5-11-19-persona-aliases.test.tsx [2m([22m[2m365 tests[22m[2m)[22m[32m 92[2mms[22m[39m
 [32m✓[39m src/services/PIIRedactor.test.ts [2m([22m[2m70 tests[22m[2m)[22m[33m 1021[2mms[22m[39m
 [32m✓[39m src/pages/smoke-tax-telecom-treasury-workforce.test.tsx [2m([22m[2m16 tests[22m[2m)[22m[33m 683[2mms[22m[39m
 [32m✓[39m src/pages/forecasts/DriverPlanningPage.test.tsx [2m([22m[2m17 tests[22m[2m)[22m[33m 668[2mms[22m[39m
 [32m✓[39m src/pages/auth/LoginPage.test.tsx [2m([22m[2m8 tests[22m[2m)[22m[33m 2019[2mms[22m[39m
     [33m[2m✓[22m[39m displays the sign in button [33m 322[2mms[22m[39m
     [33m[2m✓[22m[39m calls authStore.login with email and password on submit [33m 800[2mms[22m[39m
     [33m[2m✓[22m[39m calls login and handles rejection without crashing [33m 632[2mms[22m[39m
(node:25800) ExperimentalWarning: localStorage is not available because --localstorage-file was not provided.
(Use `node --trace-warnings ...` to show where the warning was created)
 [32m✓[39m src/engines/CubeEnginePersistence.test.ts [2m([22m[2m65 tests[22m[2m)[22m[33m 2595[2mms[22m[39m
 [32m✓[39m src/services/KeyManager.test.ts [2m([22m[2m28 tests[22m[2m)[22m[33m 2846[2mms[22m[39m
     [33m[2m✓[22m[39m treats different namespaces as separate cache buckets (PATCH 6: namespace is part of the cache key) [33m 325[2mms[22m[39m
     [33m[2m✓[22m[39m evicts expired entries on the next getKey call (TTL=0) [33m 318[2mms[22m[39m
     [33m[2m✓[22m[39m derives a new key and stores it under the new fingerprint [33m 340[2mms[22m[39m
     [33m[2m✓[22m[39m emits a key.rotated audit event [33m 318[2mms[22m[39m
     [33m[2m✓[22m[39m evicts all keys for a namespace and emits revoke events [33m 458[2mms[22m[39m
     [33m[2m✓[22m[39m wipes the entire cache [33m 339[2mms[22m[39m
[90mstderr[2m | src/engines/AIEngine.test.ts[2m > [22m[2mAIEngine[2m > [22m[2minit[2m > [22m[2mshould fall 
back to WASM if WebGPU fails
[22m[39mAIEngine: webgpu failed, trying next device Error: WebGPU attempt 3
    at C:/Users/Tahir/Desktop/frontend that i want/fpa/src/engines/AIEngine.test.ts:70:32
    at [90mfile:///C:/Users/Tahir/Desktop/frontend%20that%20i%20want/fpa/[39mnode_modules/[4m@vitest/runner[24m/dis
t/chunk-artifact.js:302:11
    at [90mfile:///C:/Users/Tahir/Desktop/frontend%20that%20i%20want/fpa/[39mnode_modules/[4m@vitest/runner[24m/dis
t/chunk-artifact.js:1903:26
    at [90mfile:///C:/Users/Tahir/Desktop/frontend%20that%20i%20want/fpa/[39mnode_modules/[4m@vitest/runner[24m/dis
t/chunk-artifact.js:2326:20
    at new Promise (<anonymous>)
    at runWithCancel [90m(file:///C:/Users/Tahir/Desktop/frontend%20that%20i%20want/fpa/[39mnode_modules/[4m@vitest/
runner[24m/dist/chunk-artifact.js:2323:10[90m)[39m
    at [90mfile:///C:/Users/Tahir/Desktop/frontend%20that%20i%20want/fpa/[39mnode_modules/[4m@vitest/runner[24m/dis
t/chunk-artifact.js:2305:20
    at new Promise (<anonymous>)
    at runWithTimeout [90m(file:///C:/Users/Tahir/Desktop/frontend%20that%20i%20want/fpa/[39mnode_modules/[4m@vitest
/runner[24m/dist/chunk-artifact.js:2272:10[90m)[39m
    at [90mfile:///C:/Users/Tahir/Desktop/frontend%20that%20i%20want/fpa/[39mnode_modules/[4m@vitest/runner[24m/dis
t/chunk-artifact.js:2955:64

(node:800) ExperimentalWarning: localStorage is not available because --localstorage-file was not provided.
(Use `node --trace-warnings ...` to show where the warning was created)
 [32m✓[39m src/engines/AIEngine.test.ts [2m([22m[2m15 tests[22m[2m)[22m[33m 4080[2mms[22m[39m
       [33m[2m✓[22m[39m should fall back to WASM if WebGPU fails [33m 3037[2mms[22m[39m
       [33m[2m✓[22m[39m should fall back to WASM for embeddings if WebGPU fails [33m 1015[2mms[22m[39m
(node:32288) ExperimentalWarning: localStorage is not available because --localstorage-file was not provided.
(Use `node --trace-warnings ...` to show where the warning was created)
[90mstderr[2m | src/pages/smoke-sector-scenarios-settings.test.tsx[2m > [22m[2mSector, Scenarios, Settings smoke 
tests[2m > [22m[2mUserManagementPage[2m > [22m[2mrenders without crashing
[22m[39mEncountered two children with the same key, `id`. Keys should be unique so that components maintain their 
identity across updates. Non-unique keys may cause children to be duplicated and/or omitted — the behavior is 
unsupported and could change in a future version.

[90mstderr[2m | src/pages/smoke-sector-scenarios-settings.test.tsx[2m > [22m[2mSector, Scenarios, Settings smoke 
tests[2m > [22m[2mUserManagementPage[2m > [22m[2mdisplays the page heading
[22m[39mEncountered two children with the same key, `id`. Keys should be unique so that components maintain their 
identity across updates. Non-unique keys may cause children to be duplicated and/or omitted — the behavior is 
unsupported and could change in a future version.

 [32m✓[39m src/pages/smoke-sector-scenarios-settings.test.tsx [2m([22m[2m12 tests[22m[2m)[22m[33m 1470[2mms[22m[39m
       [33m[2m✓[22m[39m renders without crashing [33m 408[2mms[22m[39m
       [33m[2m✓[22m[39m displays the page heading [33m 411[2mms[22m[39m
(node:31624) ExperimentalWarning: localStorage is not available because --localstorage-file was not provided.
(Use `node --trace-warnings ...` to show where the warning was created)
(node:16624) ExperimentalWarning: localStorage is not available because --localstorage-file was not provided.
(Use `node --trace-warnings ...` to show where the warning was created)
 [32m✓[39m src/pages/smoke-energy-esg.test.tsx [2m([22m[2m18 tests[22m[2m)[22m[33m 934[2mms[22m[39m
(node:25668) ExperimentalWarning: localStorage is not available because --localstorage-file was not provided.
(Use `node --trace-warnings ...` to show where the warning was created)
(node:5060) ExperimentalWarning: localStorage is not available because --localstorage-file was not provided.
(Use `node --trace-warnings ...` to show where the warning was created)
[90mstderr[2m | src/pages/smoke-all-pages.test.tsx[2m > [22m[2mSmoke: uncovered pages render without crashing[2m 
> [22m[2mrenders UserManagementPage without crashing
[22m[39mEncountered two children with the same key, `id`. Keys should be unique so that components maintain their 
identity across updates. Non-unique keys may cause children to be duplicated and/or omitted — the behavior is 
unsupported and could change in a future version.

 [32m✓[39m src/pages/audit/SOXCompliancePage.test.tsx [2m([22m[2m5 tests[22m[2m)[22m[33m 1054[2mms[22m[39m
     [33m[2m✓[22m[39m displays the refresh button [33m 387[2mms[22m[39m
[90mstderr[2m | src/pages/smoke.test.tsx[2m > [22m[2mPage Smoke Tests[2m > [22m[2mSettingsPage[2m > 
[22m[2mrenders without crashing for admin user
[22m[39mYou provided a `value` prop to a form field without an `onChange` handler. This will render a read-only 
field. If the field should be mutable use `defaultValue`. Otherwise, set `onChange`.
You provided a `value` prop to a form field without an `onChange` handler. This will render a read-only field. If the 
field should be mutable use `defaultValue`. Otherwise, set `onChange`.
Unknown event handler property `onValueChange`. It will be ignored.

 [32m✓[39m src/services/SecureStorage.test.ts [2m([22m[2m33 tests[22m[2m)[22m[33m 6448[2mms[22m[39m
     [33m[2m✓[22m[39m round-trips a structured object [33m 303[2mms[22m[39m
     [33m[2m✓[22m[39m isolates namespaces (same key, different namespace = different value) [33m 644[2mms[22m[39m
     [33m[2m✓[22m[39m overwrites a previous value on second setItem [33m 475[2mms[22m[39m
     [33m[2m✓[22m[39m respects custom ttlMs on setItem [33m 436[2mms[22m[39m
     [33m[2m✓[22m[39m clearNamespace removes only that namespace [33m 753[2mms[22m[39m
     [33m[2m✓[22m[39m clearAll wipes every namespace under the prefix [33m 310[2mms[22m[39m
     [33m[2m✓[22m[39m counts non-expired items in a namespace [33m 347[2mms[22m[39m
     [33m[2m✓[22m[39m re-encrypts items under the new password [33m 1396[2mms[22m[39m
 [32m✓[39m src/pages/insurance/UnderwritingPage.test.tsx [2m([22m[2m2 tests[22m[2m)[22m[33m 509[2mms[22m[39m
     [33m[2m✓[22m[39m displays heading [33m 403[2mms[22m[39m
[90mstderr[2m | src/pages/smoke.test.tsx[2m > [22m[2mPage Smoke Tests[2m > [22m[2mSettingsPage[2m > 
[22m[2mdisplays the settings heading
[22m[39mYou provided a `value` prop to a form field without an `onChange` handler. This will render a read-only 
field. If the field should be mutable use `defaultValue`. Otherwise, set `onChange`.
You provided a `value` prop to a form field without an `onChange` handler. This will render a read-only field. If the 
field should be mutable use `defaultValue`. Otherwise, set `onChange`.

 [32m✓[39m src/pages/smoke-five-pages.test.tsx [2m([22m[2m17 tests[22m[2m)[22m[33m 755[2mms[22m[39m
(node:8616) ExperimentalWarning: localStorage is not available because --localstorage-file was not provided.
(Use `node --trace-warnings ...` to show where the warning was created)
 [32m✓[39m src/pages/smoke-uncovered-pages.test.tsx [2m([22m[2m15 tests[22m[2m)[22m[33m 899[2mms[22m[39m
       [33m[2m✓[22m[39m shows filter buttons [33m 456[2mms[22m[39m
 [32m✓[39m src/pages/smoke.test.tsx [2m([22m[2m20 tests[22m[2m)[22m[33m 1263[2mms[22m[39m
       [33m[2m✓[22m[39m displays the settings heading [33m 542[2mms[22m[39m
(node:23612) ExperimentalWarning: localStorage is not available because --localstorage-file was not provided.
(Use `node --trace-warnings ...` to show where the warning was created)
 [32m✓[39m src/pages/smoke-all-pages.test.tsx [2m([22m[2m43 tests[22m[2m)[22m[33m 7818[2mms[22m[39m
     [33m[2m✓[22m[39m renders InventoryPlanningPage without crashing [33m 4633[2mms[22m[39m
 [32m✓[39m src/pages/auth/RegisterPage.test.tsx [2m([22m[2m5 tests[22m[2m)[22m[33m 807[2mms[22m[39m
     [33m[2m✓[22m[39m displays the create account heading [33m 477[2mms[22m[39m
(node:7116) ExperimentalWarning: localStorage is not available because --localstorage-file was not provided.
(Use `node --trace-warnings ...` to show where the warning was created)
(node:21612) ExperimentalWarning: localStorage is not available because --localstorage-file was not provided.
(Use `node --trace-warnings ...` to show where the warning was created)
(node:27468) ExperimentalWarning: localStorage is not available because --localstorage-file was not provided.
(Use `node --trace-warnings ...` to show where the warning was created)
 [32m✓[39m src/pages/analytics/GoalSeekPage.test.tsx [2m([22m[2m4 tests[22m[2m)[22m[33m 719[2mms[22m[39m
     [33m[2m✓[22m[39m displays the Break-Even mode button [33m 435[2mms[22m[39m
(node:20348) ExperimentalWarning: localStorage is not available because --localstorage-file was not provided.
(Use `node --trace-warnings ...` to show where the warning was created)
 [32m✓[39m src/engines/EncryptionEngine.test.ts [2m([22m[2m70 tests[22m[2m)[22m[33m 10021[2mms[22m[39m
       [33m[2m✓[22m[39m should encrypt unicode characters [33m 317[2mms[22m[39m
       [33m[2m✓[22m[39m should encrypt large text [33m 346[2mms[22m[39m
       [33m[2m✓[22m[39m should fail decryption with wrong password [33m 315[2mms[22m[39m
       [33m[2m✓[22m[39m should fail decryption with tampered ciphertext [33m 302[2mms[22m[39m
       [33m[2m✓[22m[39m should fail decryption with tampered IV [33m 324[2mms[22m[39m
       [33m[2m✓[22m[39m should encrypt and decrypt a string field [33m 361[2mms[22m[39m
       [33m[2m✓[22m[39m should encrypt and decrypt an object [33m 487[2mms[22m[39m
       [33m[2m✓[22m[39m should encrypt and decrypt an array [33m 358[2mms[22m[39m
       [33m[2m✓[22m[39m should encrypt and decrypt null [33m 315[2mms[22m[39m
       [33m[2m✓[22m[39m should encrypt and decrypt a number [33m 353[2mms[22m[39m
       [33m[2m✓[22m[39m should fail with wrong password [33m 323[2mms[22m[39m
       [33m[2m✓[22m[39m should derive deterministic key from same salt [33m 305[2mms[22m[39m
       [33m[2m✓[22m[39m should derive different keys from different salts [33m 325[2mms[22m[39m
       [33m[2m✓[22m[39m should use 256-bit key length [33m 526[2mms[22m[39m
       [33m[2m✓[22m[39m should use PBKDF2 with SHA-256 for key derivation [33m 348[2mms[22m[39m
       [33m[2m✓[22m[39m should handle very long password [33m 304[2mms[22m[39m
       [33m[2m✓[22m[39m should handle special characters in password [33m 346[2mms[22m[39m
       [33m[2m✓[22m[39m should handle JSON with nested objects in encryptField [33m 306[2mms[22m[39m
     [33m[2m✓[22m[39m round-trips plaintext with aadContext [33m 369[2mms[22m[39m
 [32m✓[39m src/pages/smoke-retail-saas.test.tsx [2m([22m[2m18 tests[22m[2m)[22m[33m 672[2mms[22m[39m
 [32m✓[39m src/hooks/useTauriGlobalShortcuts.test.ts [2m([22m[2m7 tests[22m[2m)[22m[33m 477[2mms[22m[39m
(node:26120) ExperimentalWarning: localStorage is not available because --localstorage-file was not provided.
(Use `node --trace-warnings ...` to show where the warning was created)
 [32m✓[39m src/pages/auth/ForgotPasswordPage.test.tsx [2m([22m[2m5 tests[22m[2m)[22m[33m 823[2mms[22m[39m
     [33m[2m✓[22m[39m displays the email input [33m 479[2mms[22m[39m
(node:21512) ExperimentalWarning: localStorage is not available because --localstorage-file was not provided.
(Use `node --trace-warnings ...` to show where the warning was created)
(node:13900) ExperimentalWarning: localStorage is not available because --localstorage-file was not provided.
(Use `node --trace-warnings ...` to show where the warning was created)
[90mstderr[2m | src/pages/smoke-sectors.test.tsx[2m > [22m[2mSector Page Smoke Tests[2m > 
[22m[2mInsuranceDashboardPage[2m > [22m[2mrenders without crashing
[22m[39mThe tag <stop> is unrecognized in this browser. If you meant to render a React component, start its name 
with an uppercase letter.
<linearGradient /> is using incorrect casing. Use PascalCase for React components, or lowercase for HTML elements.
The tag <linearGradient> is unrecognized in this browser. If you meant to render a React component, start its name 
with an uppercase letter.
The tag <defs> is unrecognized in this browser. If you meant to render a React component, start its name with an 
uppercase letter.

[90mstderr[2m | src/pages/smoke-sectors.test.tsx[2m > [22m[2mSector Page Smoke Tests[2m > 
[22m[2mInsuranceDashboardPage[2m > [22m[2mdisplays the page heading
[22m[39m<linearGradient /> is using incorrect casing. Use PascalCase for React components, or lowercase for HTML 
elements.

[90mstderr[2m | src/pages/smoke-sectors.test.tsx[2m > [22m[2mSector Page Smoke Tests[2m > 
[22m[2mEnergyDashboardPage[2m > [22m[2mrenders without crashing
[22m[39m<linearGradient /> is using incorrect casing. Use PascalCase for React components, or lowercase for HTML 
elements.
<linearGradient /> is using incorrect casing. Use PascalCase for React components, or lowercase for HTML elements.

 [32m✓[39m src/pages/analytics/BenchmarkingPage.test.tsx [2m([22m[2m3 tests[22m[2m)[22m[33m 452[2mms[22m[39m
     [33m[2m✓[22m[39m displays the import data button [33m 305[2mms[22m[39m
[90mstderr[2m | src/pages/smoke-sectors.test.tsx[2m > [22m[2mSector Page Smoke Tests[2m > 
[22m[2mEnergyDashboardPage[2m > [22m[2mdisplays the page heading
[22m[39m<linearGradient /> is using incorrect casing. Use PascalCase for React components, or lowercase for HTML 
elements.
<linearGradient /> is using incorrect casing. Use PascalCase for React components, or lowercase for HTML elements.

[90mstderr[2m | src/pages/smoke-sectors.test.tsx[2m > [22m[2mSector Page Smoke Tests[2m > 
[22m[2mRetailDashboardPage[2m > [22m[2mrenders without crashing
[22m[39m<linearGradient /> is using incorrect casing. Use PascalCase for React components, or lowercase for HTML 
elements.

(node:14584) ExperimentalWarning: localStorage is not available because --localstorage-file was not provided.
(Use `node --trace-warnings ...` to show where the warning was created)
[90mstderr[2m | src/pages/smoke-sectors.test.tsx[2m > [22m[2mSector Page Smoke Tests[2m > 
[22m[2mRetailDashboardPage[2m > [22m[2mdisplays the page heading
[22m[39m<linearGradient /> is using incorrect casing. Use PascalCase for React components, or lowercase for HTML 
elements.

 [32m✓[39m src/pages/smoke-sectors.test.tsx [2m([22m[2m16 tests[22m[2m)[22m[33m 777[2mms[22m[39m
 [32m✓[39m src/pages/energy/RenewableEnergyPage.test.tsx [2m([22m[2m2 tests[22m[2m)[22m[33m 653[2mms[22m[39m
     [33m[2m✓[22m[39m displays heading [33m 502[2mms[22m[39m
(node:22680) ExperimentalWarning: localStorage is not available because --localstorage-file was not provided.
(Use `node --trace-warnings ...` to show where the warning was created)
 [32m✓[39m src/pages/healthcare/ValueBasedCarePage.test.tsx [2m([22m[2m2 tests[22m[2m)[22m[33m 603[2mms[22m[39m
     [33m[2m✓[22m[39m displays heading [33m 451[2mms[22m[39m
 [32m✓[39m src/pages/smoke2.test.tsx [2m([22m[2m20 tests[22m[2m)[22m[33m 705[2mms[22m[39m
 [32m✓[39m src/pages/auth/OnboardingWizard.test.tsx [2m([22m[2m4 tests[22m[2m)[22m[33m 769[2mms[22m[39m
     [33m[2m✓[22m[39m displays the get started button [33m 516[2mms[22m[39m
(node:33692) ExperimentalWarning: localStorage is not available because --localstorage-file was not provided.
(Use `node --trace-warnings ...` to show where the warning was created)
(node:11016) ExperimentalWarning: localStorage is not available because --localstorage-file was not provided.
(Use `node --trace-warnings ...` to show where the warning was created)
(node:19788) ExperimentalWarning: localStorage is not available because --localstorage-file was not provided.
(Use `node --trace-warnings ...` to show where the warning was created)
(node:5980) ExperimentalWarning: localStorage is not available because --localstorage-file was not provided.
(Use `node --trace-warnings ...` to show where the warning was created)
 [31m❯[39m src/services/SecurityHeaders-CsrfProtection.test.ts [2m([22m[2m61 tests[22m[2m | [22m[31m2 failed[39m[2m)[22m[33m 544[2mms[22m[39m
     [32m✓[39m 1.1 has schema version 1[32m 4[2mms[22m[39m
     [32m✓[39m 1.2 HSTS max-age is 1 year by default[32m 0[2mms[22m[39m
     [32m✓[39m 1.3 HSTS preload max-age is 2 years[32m 0[2mms[22m[39m
     [32m✓[39m 1.4 has all 6 default deny permissions[32m 2[2mms[22m[39m
     [32m✓[39m 2.1 generates a base64 string[32m 2[2mms[22m[39m
     [32m✓[39m 2.2 generates unique nonces on each call[32m 1[2mms[22m[39m
     [32m✓[39m 2.3 generates 100 nonces without collision (probabilistic)[32m 2[2mms[22m[39m
     [32m✓[39m 3.1 accepts keyword sources[32m 1[2mms[22m[39m
     [32m✓[39m 3.2 accepts URI scheme sources[32m 1[2mms[22m[39m
     [32m✓[39m 3.3 accepts nonce sources[32m 1[2mms[22m[39m
     [32m✓[39m 3.4 accepts hash sources[32m 0[2mms[22m[39m
     [32m✓[39m 3.5 accepts https URL sources[32m 1[2mms[22m[39m
     [32m✓[39m 3.6 rejects empty/invalid sources[32m 0[2mms[22m[39m
     [32m✓[39m 4.1 accepts valid header names[32m 0[2mms[22m[39m
     [32m✓[39m 4.2 rejects invalid header names[32m 0[2mms[22m[39m
     [32m✓[39m 4.3 accepts valid header values[32m 0[2mms[22m[39m
     [32m✓[39m 4.4 rejects header injection attempts[32m 0[2mms[22m[39m
     [32m✓[39m 5.1 strict preset has no unsafe-* directives[32m 1[2mms[22m[39m
     [32m✓[39m 5.2 strict preset has HSTS preload enabled[32m 0[2mms[22m[39m
     [32m✓[39m 5.3 strict preset has X-Frame-Options DENY[32m 0[2mms[22m[39m
[31m     [31m×[31m 5.4 moderate preset allows unsafe-inline for styles[39m[32m 11[2mms[22m[39m
     [32m✓[39m 5.5 permissive preset is rejected in production[32m 2[2mms[22m[39m
[31m     [31m×[31m 5.6 permissive preset is allowed in development[39m[32m 1[2mms[22m[39m
     [32m✓[39m 5.7 custom preset requires create()[32m 0[2mms[22m[39m
     [32m✓[39m 6.1 generates all expected headers for strict preset[32m 1[2mms[22m[39m
     [32m✓[39m 6.2 HSTS header string format is correct[32m 0[2mms[22m[39m
     [32m✓[39m 6.3 HSTS with preload[32m 0[2mms[22m[39m
     [32m✓[39m 6.4 CSP string format[32m 1[2mms[22m[39m
     [32m✓[39m 6.5 Permissions-Policy empty list = deny[32m 0[2mms[22m[39m
     [32m✓[39m 6.6 Permissions-Policy allow list[32m 0[2mms[22m[39m
     [32m✓[39m 7.1 rejects invalid CSP source[32m 1[2mms[22m[39m
     [32m✓[39m 7.2 rejects HSTS max-age > 2 years[32m 0[2mms[22m[39m
     [32m✓[39m 7.3 rejects invalid permissions policy value[32m 0[2mms[22m[39m
     [32m✓[39m 7.4 rejects invalid header name in customHeaders[32m 0[2mms[22m[39m
     [32m✓[39m 7.5 rejects header injection in customHeaders value[32m 0[2mms[22m[39m
     [32m✓[39m 8.1 has correct schema version[32m 0[2mms[22m[39m
     [32m✓[39m 8.2 has 1 hour default lifetime[32m 0[2mms[22m[39m
     [32m✓[39m 8.3 has 24h max and 60s min lifetimes[32m 0[2mms[22m[39m
     [32m✓[39m 8.4 has 16-byte nonce[32m 0[2mms[22m[39m
     [32m✓[39m 8.5 default cookie + header names[32m 0[2mms[22m[39m
     [32m✓[39m 9.1 creates instance with valid secret[32m 0[2mms[22m[39m
     [32m✓[39m 9.2 rejects secret < 32 chars[32m 0[2mms[22m[39m
     [32m✓[39m 9.3 rejects lifetime < 60 seconds[32m 0[2mms[22m[39m
     [32m✓[39m 9.4 rejects lifetime > 24 hours[32m 0[2mms[22m[39m
     [32m✓[39m 9.5 custom cookie and header names[32m 0[2mms[22m[39m
     [32m✓[39m 10.1 generates token with 3-part structure[32m 66[2mms[22m[39m
     [32m✓[39m 10.2 cookie attributes are secure by default[32m 25[2mms[22m[39m
     [32m✓[39m 10.3 generates unique tokens on each call[32m 32[2mms[22m[39m
     [32m✓[39m 10.4 expiresAt is in the future[32m 48[2mms[22m[39m
     [32m✓[39m 11.1 valid token returns valid:true[32m 67[2mms[22m[39m
     [32m✓[39m 11.2 missing cookie returns MISSING_COOKIE[32m 1[2mms[22m[39m
     [32m✓[39m 11.3 missing header returns MISSING_HEADER[32m 0[2mms[22m[39m
     [32m✓[39m 11.4 mismatch returns MISMATCH[32m 50[2mms[22m[39m
     [32m✓[39m 11.5 malformed token returns MALFORMED[32m 1[2mms[22m[39m
     [32m✓[39m 11.6 invalid signature returns INVALID_SIGNATURE[32m 32[2mms[22m[39m
     [32m✓[39m 11.7 different secrets produce different signatures[32m 49[2mms[22m[39m
     [32m✓[39m 12.1 builds correct Set-Cookie string[32m 27[2mms[22m[39m
     [32m✓[39m 12.2 no header injection in cookie value[32m 24[2mms[22m[39m
     [32m✓[39m 13.1 FinPlan Pro v1.0.0 production security headers[32m 1[2mms[22m[39m
     [32m✓[39m 13.2 CSP nonce integration: generate + include in CSP[32m 1[2mms[22m[39m
     [32m✓[39m 13.3 CSRF token + security headers: full request setup[32m 78[2mms[22m[39m
(node:18872) ExperimentalWarning: localStorage is not available because --localstorage-file was not provided.
(Use `node --trace-warnings ...` to show where the warning was created)
 [32m✓[39m src/pages/energy/EnergyRiskPage.test.tsx [2m([22m[2m2 tests[22m[2m)[22m[33m 709[2mms[22m[39m
     [33m[2m✓[22m[39m displays heading [33m 598[2mms[22m[39m
 [32m✓[39m src/engines/MonteCarloEngine.test.ts [2m([22m[2m67 tests[22m[2m)[22m[33m 482[2mms[22m[39m
(node:15464) ExperimentalWarning: localStorage is not available because --localstorage-file was not provided.
(Use `node --trace-warnings ...` to show where the warning was created)
 [32m✓[39m src/store/entityStore.test.ts [2m([22m[2m25 tests[22m[2m)[22m[32m 27[2mms[22m[39m
 [31m❯[39m src/utils/rbacEnforcer.test.ts [2m([22m[2m17 tests[22m[2m | [22m[31m13 failed[39m[2m)[22m[32m 36[2mms[22m[39m
     [32m✓[39m captures permission, action, userId, and timestamp[32m 4[2mms[22m[39m
     [32m✓[39m handles null userId[32m 1[2mms[22m[39m
     [32m✓[39m returns the current user from authStore[32m 1[2mms[22m[39m
     [32m✓[39m returns null when no user is logged in[32m 0[2mms[22m[39m
[31m     [31m×[31m allows action when user has the required permission[39m[32m 9[2mms[22m[39m
[31m     [31m×[31m throws PermissionError when user lacks the required permission[39m[32m 5[2mms[22m[39m
[31m     [31m×[31m supports array of permissions (any-of)[39m[32m 1[2mms[22m[39m
[31m     [31m×[31m throws when none of the array permissions match[39m[32m 1[2mms[22m[39m
[31m     [31m×[31m returns undefined when throwOnDeny=false (silent no-op)[39m[32m 1[2mms[22m[39m
[31m     [31m×[31m calls onCheck audit logger on both allow and deny[39m[32m 1[2mms[22m[39m
[31m     [31m×[31m passes arguments through to the underlying action[39m[32m 1[2mms[22m[39m
[31m     [31m×[31m wraps multiple actions with respective permissions[39m[32m 1[2mms[22m[39m
[31m     [31m×[31m throws on permission mismatch[39m[32m 1[2mms[22m[39m
[31m     [31m×[31m wraps a Zustand store with RBAC on specified actions[39m[32m 1[2mms[22m[39m
[31m     [31m×[31m admin has all permissions[39m[32m 1[2mms[22m[39m
[31m     [31m×[31m viewer has only read permissions[39m[32m 4[2mms[22m[39m
[31m     [31m×[31m analyst has read+create+update (no delete, no approve)[39m[32m 1[2mms[22m[39m
(node:19632) ExperimentalWarning: localStorage is not available because --localstorage-file was not provided.
(Use `node --trace-warnings ...` to show where the warning was created)
 [32m✓[39m src/engines/MigrationEngine.test.ts [2m([22m[2m23 tests[22m[2m)[22m[33m 504[2mms[22m[39m
(node:24668) ExperimentalWarning: localStorage is not available because --localstorage-file was not provided.
(Use `node --trace-warnings ...` to show where the warning was created)
[90mstdout[2m | src/store/authStore.test.ts[2m > [22m[2mauthStore[2m > [22m[2mshould logout and clear state
[22m[39m[TokenRotation] Stopping token rotation

(node:26016) ExperimentalWarning: localStorage is not available because --localstorage-file was not provided.
(Use `node --trace-warnings ...` to show where the warning was created)
[90mstdout[2m | src/store/authStore.test.ts[2m > [22m[2mauthStore[2m > [22m[2mshould login with valid mock user
[22m[39m[TokenRotation] Starting token rotation
[TokenRotation] Scheduled refresh in 600s
[TokenRotation] 401 interceptor installed

(node:30564) ExperimentalWarning: localStorage is not available because --localstorage-file was not provided.
(Use `node --trace-warnings ...` to show where the warning was created)
(node:30296) ExperimentalWarning: localStorage is not available because --localstorage-file was not provided.
(Use `node --trace-warnings ...` to show where the warning was created)
(node:6608) ExperimentalWarning: localStorage is not available because --localstorage-file was not provided.
(Use `node --trace-warnings ...` to show where the warning was created)
(node:31156) ExperimentalWarning: localStorage is not available because --localstorage-file was not provided.
(Use `node --trace-warnings ...` to show where the warning was created)
 [32m✓[39m src/store/budgetStore.test.ts [2m([22m[2m27 tests[22m[2m)[22m[33m 1050[2mms[22m[39m
     [33m[2m✓[22m[39m should change budget status to InReview after submission [33m 1016[2mms[22m[39m
(node:29932) ExperimentalWarning: localStorage is not available because --localstorage-file was not provided.
(Use `node --trace-warnings ...` to show where the warning was created)
(node:1796) ExperimentalWarning: localStorage is not available because --localstorage-file was not provided.
(Use `node --trace-warnings ...` to show where the warning was created)
(node:27068) ExperimentalWarning: localStorage is not available because --localstorage-file was not provided.
(Use `node --trace-warnings ...` to show where the warning was created)
 [32m✓[39m src/components/ui/DataGrid.test.tsx [2m([22m[2m52 tests[22m[2m)[22m[33m 2250[2mms[22m[39m
       [33m[2m✓[22m[39m renders without crashing [33m 397[2mms[22m[39m
       [33m[2m✓[22m[39m handles large row count [33m 976[2mms[22m[39m
[90mstderr[2m | src/pages/smoke-sector-subpages.test.tsx[2m > [22m[2mSector Sub-Page Smoke Tests[2m > 
[22m[2mClaimsAnalyticsPage[2m > [22m[2mrenders without crashing
[22m[39mThe tag <stop> is unrecognized in this browser. If you meant to render a React component, start its name 
with an uppercase letter.
<linearGradient /> is using incorrect casing. Use PascalCase for React components, or lowercase for HTML elements.
The tag <linearGradient> is unrecognized in this browser. If you meant to render a React component, start its name 
with an uppercase letter.
The tag <defs> is unrecognized in this browser. If you meant to render a React component, start its name with an 
uppercase letter.

 [32m✓[39m src/pages/NotFoundPage.test.tsx [2m([22m[2m4 tests[22m[2m)[22m[33m 392[2mms[22m[39m
[90mstderr[2m | src/pages/smoke-sector-subpages.test.tsx[2m > [22m[2mSector Sub-Page Smoke Tests[2m > 
[22m[2mClaimsAnalyticsPage[2m > [22m[2mdisplays the page heading
[22m[39m<linearGradient /> is using incorrect casing. Use PascalCase for React components, or lowercase for HTML 
elements.

(node:12852) ExperimentalWarning: localStorage is not available because --localstorage-file was not provided.
(Use `node --trace-warnings ...` to show where the warning was created)
[90mstderr[2m | src/pages/energy/EmissionsTradingPage.test.tsx[2m > [22m[2mEmissionsTradingPage smoke test[2m > 
[22m[2mrenders without crashing
[22m[39mThe tag <stop> is unrecognized in this browser. If you meant to render a React component, start its name 
with an uppercase letter.
<linearGradient /> is using incorrect casing. Use PascalCase for React components, or lowercase for HTML elements.
The tag <linearGradient> is unrecognized in this browser. If you meant to render a React component, start its name 
with an uppercase letter.
The tag <defs> is unrecognized in this browser. If you meant to render a React component, start its name with an 
uppercase letter.
<linearGradient /> is using incorrect casing. Use PascalCase for React components, or lowercase for HTML elements.
<linearGradient /> is using incorrect casing. Use PascalCase for React components, or lowercase for HTML elements.
<linearGradient /> is using incorrect casing. Use PascalCase for React components, or lowercase for HTML elements.

[90mstderr[2m | src/pages/smoke-sector-subpages.test.tsx[2m > [22m[2mSector Sub-Page Smoke Tests[2m > 
[22m[2mEmissionsTradingPage[2m > [22m[2mrenders without crashing
[22m[39m<linearGradient /> is using incorrect casing. Use PascalCase for React components, or lowercase for HTML 
elements.

[90mstderr[2m | src/pages/smoke-sector-subpages.test.tsx[2m > [22m[2mSector Sub-Page Smoke Tests[2m > 
[22m[2mEmissionsTradingPage[2m > [22m[2mdisplays the page heading
[22m[39m<linearGradient /> is using incorrect casing. Use PascalCase for React components, or lowercase for HTML 
elements.

[90mstderr[2m | src/pages/smoke-sector-subpages.test.tsx[2m > [22m[2mSector Sub-Page Smoke Tests[2m > 
[22m[2mEquipmentManagementPage[2m > [22m[2mrenders without crashing
[22m[39m<linearGradient /> is using incorrect casing. Use PascalCase for React components, or lowercase for HTML 
elements.

 [32m✓[39m src/pages/budgets/BudgetCreatePage.test.tsx [2m([22m[2m3 tests[22m[2m)[22m[33m 407[2mms[22m[39m
[90mstderr[2m | src/pages/smoke-sector-subpages.test.tsx[2m > [22m[2mSector Sub-Page Smoke Tests[2m > 
[22m[2mEquipmentManagementPage[2m > [22m[2mdisplays the page heading
[22m[39m<linearGradient /> is using incorrect casing. Use PascalCase for React components, or lowercase for HTML 
elements.

 [32m✓[39m src/pages/smoke-sector-subpages.test.tsx [2m([22m[2m10 tests[22m[2m)[22m[33m 557[2mms[22m[39m
[90mstderr[2m | src/pages/energy/EmissionsTradingPage.test.tsx[2m > [22m[2mEmissionsTradingPage smoke test[2m > 
[22m[2mdisplays Emissions Trading heading
[22m[39m<linearGradient /> is using incorrect casing. Use PascalCase for React components, or lowercase for HTML 
elements.
<linearGradient /> is using incorrect casing. Use PascalCase for React components, or lowercase for HTML elements.
<linearGradient /> is using incorrect casing. Use PascalCase for React components, or lowercase for HTML elements.
<linearGradient /> is using incorrect casing. Use PascalCase for React components, or lowercase for HTML elements.

 [32m✓[39m src/pages/energy/EmissionsTradingPage.test.tsx [2m([22m[2m2 tests[22m[2m)[22m[33m 421[2mms[22m[39m
[90mstderr[2m | src/pages/construction/EquipmentManagementPage.test.tsx[2m > [22m[2mEquipmentManagementPage smoke 
test[2m > [22m[2mrenders without crashing
[22m[39mThe tag <stop> is unrecognized in this browser. If you meant to render a React component, start its name 
with an uppercase letter.
<linearGradient /> is using incorrect casing. Use PascalCase for React components, or lowercase for HTML elements.
The tag <linearGradient> is unrecognized in this browser. If you meant to render a React component, start its name 
with an uppercase letter.
The tag <defs> is unrecognized in this browser. If you meant to render a React component, start its name with an 
uppercase letter.
<linearGradient /> is using incorrect casing. Use PascalCase for React components, or lowercase for HTML elements.
<linearGradient /> is using incorrect casing. Use PascalCase for React components, or lowercase for HTML elements.
<linearGradient /> is using incorrect casing. Use PascalCase for React components, or lowercase for HTML elements.

[90mstderr[2m | src/pages/construction/EquipmentManagementPage.test.tsx[2m > [22m[2mEquipmentManagementPage smoke 
test[2m > [22m[2mdisplays page heading
[22m[39m<linearGradient /> is using incorrect casing. Use PascalCase for React components, or lowercase for HTML 
elements.
<linearGradient /> is using incorrect casing. Use PascalCase for React components, or lowercase for HTML elements.
<linearGradient /> is using incorrect casing. Use PascalCase for React components, or lowercase for HTML elements.
<linearGradient /> is using incorrect casing. Use PascalCase for React components, or lowercase for HTML elements.

 [32m✓[39m src/components/dashboard/DashboardTemplate.test.tsx [2m([22m[2m35 tests[22m[2m)[22m[33m 1934[2mms[22m[39m
     [33m[2m✓[22m[39m renders all three view toggle buttons [33m 339[2mms[22m[39m
 [32m✓[39m src/pages/construction/EquipmentManagementPage.test.tsx [2m([22m[2m2 tests[22m[2m)[22m[33m 442[2mms[22m[39m
 [32m✓[39m src/pages/cash/CashForecastPage.test.tsx [2m([22m[2m3 tests[22m[2m)[22m[33m 406[2mms[22m[39m
[90mstdout[2m | src/store/authStore.test.ts[2m > [22m[2mauthStore[2m > [22m[2mshould refresh access token
[22m[39m[TokenRotation] Starting token rotation
[TokenRotation] Scheduled refresh in 600s

 [32m✓[39m src/store/authStore.test.ts [2m([22m[2m25 tests[22m[2m)[22m[33m 4240[2mms[22m[39m
     [33m[2m✓[22m[39m should login with valid mock user [33m 531[2mms[22m[39m
     [33m[2m✓[22m[39m should reject invalid email [33m 541[2mms[22m[39m
     [33m[2m✓[22m[39m should lock account after 5 failed attempts [33m 2602[2mms[22m[39m
     [33m[2m✓[22m[39m should refresh access token [33m 532[2mms[22m[39m
(node:26724) ExperimentalWarning: localStorage is not available because --localstorage-file was not provided.
(Use `node --trace-warnings ...` to show where the warning was created)
(node:14956) ExperimentalWarning: localStorage is not available because --localstorage-file was not provided.
(Use `node --trace-warnings ...` to show where the warning was created)
[90mstderr[2m | src/pages/construction/ProjectCostingPage.test.tsx[2m > [22m[2mProjectCostingPage smoke test[2m 
> [22m[2mrenders without crashing
[22m[39mThe tag <stop> is unrecognized in this browser. If you meant to render a React component, start its name 
with an uppercase letter.
<linearGradient /> is using incorrect casing. Use PascalCase for React components, or lowercase for HTML elements.
The tag <linearGradient> is unrecognized in this browser. If you meant to render a React component, start its name 
with an uppercase letter.
The tag <defs> is unrecognized in this browser. If you meant to render a React component, start its name with an 
uppercase letter.
<linearGradient /> is using incorrect casing. Use PascalCase for React components, or lowercase for HTML elements.

(node:32264) ExperimentalWarning: localStorage is not available because --localstorage-file was not provided.
(Use `node --trace-warnings ...` to show where the warning was created)
[90mstderr[2m | src/pages/construction/ProjectCostingPage.test.tsx[2m > [22m[2mProjectCostingPage smoke test[2m 
> [22m[2mdisplays Project Costing heading
[22m[39m<linearGradient /> is using incorrect casing. Use PascalCase for React components, or lowercase for HTML 
elements.
<linearGradient /> is using incorrect casing. Use PascalCase for React components, or lowercase for HTML elements.

(node:8876) ExperimentalWarning: localStorage is not available because --localstorage-file was not provided.
(Use `node --trace-warnings ...` to show where the warning was created)
 [32m✓[39m src/pages/construction/ProjectCostingPage.test.tsx [2m([22m[2m2 tests[22m[2m)[22m[33m 462[2mms[22m[39m
(node:18168) ExperimentalWarning: localStorage is not available because --localstorage-file was not provided.
(Use `node --trace-warnings ...` to show where the warning was created)
(node:9288) ExperimentalWarning: localStorage is not available because --localstorage-file was not provided.
(Use `node --trace-warnings ...` to show where the warning was created)
 [32m✓[39m src/pages/energy/EnergyDashboardPage.test.tsx [2m([22m[2m2 tests[22m[2m)[22m[33m 491[2mms[22m[39m
(node:27668) ExperimentalWarning: localStorage is not available because --localstorage-file was not provided.
(Use `node --trace-warnings ...` to show where the warning was created)
 [32m✓[39m src/pages/data/VersionDiffPage.test.tsx [2m([22m[2m2 tests[22m[2m)[22m[32m 236[2mms[22m[39m
 [32m✓[39m src/pages/smoke-5-untested-pages.test.tsx [2m([22m[2m10 tests[22m[2m)[22m[33m 423[2mms[22m[39m
(node:27092) ExperimentalWarning: localStorage is not available because --localstorage-file was not provided.
(Use `node --trace-warnings ...` to show where the warning was created)
(node:6084) ExperimentalWarning: localStorage is not available because --localstorage-file was not provided.
(Use `node --trace-warnings ...` to show where the warning was created)
 [32m✓[39m src/engines/aiForecast/AdvancedAIForecastEngine.test.ts [2m([22m[2m6 tests[22m[2m)[22m[33m 913[2mms[22m[39m
     [33m[2m✓[22m[39m runs Monte Carlo with 50,000 trials and produces horizon-length forecast [33m 891[2mms[22m[39m
 [32m✓[39m src/pages/consolidation/ICEliminationPage.test.tsx [2m([22m[2m2 tests[22m[2m)[22m[33m 391[2mms[22m[39m
 [32m✓[39m src/pages/insurance/ClaimsAnalyticsPage.test.tsx [2m([22m[2m2 tests[22m[2m)[22m[32m 287[2mms[22m[39m
 [32m✓[39m src/pages/education/EducationPage.test.tsx [2m([22m[2m2 tests[22m[2m)[22m[32m 95[2mms[22m[39m
(node:22256) ExperimentalWarning: localStorage is not available because --localstorage-file was not provided.
(Use `node --trace-warnings ...` to show where the warning was created)
 [32m✓[39m src/pages/smoke-pages.test.tsx [2m([22m[2m10 tests[22m[2m)[22m[33m 397[2mms[22m[39m
 [32m✓[39m src/pages/smoke3.test.tsx [2m([22m[2m15 tests[22m[2m)[22m[33m 445[2mms[22m[39m
(node:18712) ExperimentalWarning: localStorage is not available because --localstorage-file was not provided.
(Use `node --trace-warnings ...` to show where the warning was created)
(node:27696) ExperimentalWarning: localStorage is not available because --localstorage-file was not provided.
(Use `node --trace-warnings ...` to show where the warning was created)
(node:9248) ExperimentalWarning: localStorage is not available because --localstorage-file was not provided.
(Use `node --trace-warnings ...` to show where the warning was created)
(node:11400) ExperimentalWarning: localStorage is not available because --localstorage-file was not provided.
(Use `node --trace-warnings ...` to show where the warning was created)
 [32m✓[39m src/pages/smoke-banking-bonds-credit-data.test.tsx [2m([22m[2m10 tests[22m[2m)[22m[32m 269[2mms[22m[39m
(node:2136) ExperimentalWarning: localStorage is not available because --localstorage-file was not provided.
(Use `node --trace-warnings ...` to show where the warning was created)
 [32m✓[39m src/hooks/usePersistence.test.ts [2m([22m[2m11 tests[22m[2m)[22m[33m 388[2mms[22m[39m
(node:27520) ExperimentalWarning: localStorage is not available because --localstorage-file was not provided.
(Use `node --trace-warnings ...` to show where the warning was created)
 [32m✓[39m src/pages/smoke-reports-retail-saas-1.test.tsx [2m([22m[2m12 tests[22m[2m)[22m[33m 320[2mms[22m[39m
(node:25320) ExperimentalWarning: localStorage is not available because --localstorage-file was not provided.
(Use `node --trace-warnings ...` to show where the warning was created)
(node:21984) ExperimentalWarning: localStorage is not available because --localstorage-file was not provided.
(Use `node --trace-warnings ...` to show where the warning was created)
 [32m✓[39m src/sdk/realtime/RealtimeChannel.test.ts [2m([22m[2m15 tests[22m[2m)[22m[32m 111[2mms[22m[39m
 [32m✓[39m src/services/api-integration/RestApiClient.test.ts [2m([22m[2m17 tests[22m[2m)[22m[33m 10899[2mms[22m[39m
       [33m[2m✓[22m[39m should throw ApiError for network errors [33m 7568[2mms[22m[39m
       [33m[2m✓[22m[39m should retry on 500 errors [33m 2293[2mms[22m[39m
       [33m[2m✓[22m[39m should retry on 429 (rate limit) [33m 1012[2mms[22m[39m
 [32m✓[39m src/sdk/FpaClient.test.ts [2m([22m[2m22 tests[22m[2m)[22m[32m 282[2mms[22m[39m
 [32m✓[39m src/engines/ReportBuilderEngine.test.ts [2m([22m[2m235 tests[22m[2m)[22m[32m 176[2mms[22m[39m
(node:26628) ExperimentalWarning: localStorage is not available because --localstorage-file was not provided.
(Use `node --trace-warnings ...` to show where the warning was created)
 [32m✓[39m src/sdk/types.test.ts [2m([22m[2m20 tests[22m[2m)[22m[32m 15[2mms[22m[39m
 [32m✓[39m src/pages/collaboration/ApprovalQueuePage.test.tsx [2m([22m[2m2 tests[22m[2m)[22m[33m 309[2mms[22m[39m
(node:30864) ExperimentalWarning: localStorage is not available because --localstorage-file was not provided.
(Use `node --trace-warnings ...` to show where the warning was created)
 [32m✓[39m src/pages/smoke-data-pages.test.tsx [2m([22m[2m10 tests[22m[2m)[22m[33m 334[2mms[22m[39m
(node:33328) ExperimentalWarning: localStorage is not available because --localstorage-file was not provided.
(Use `node --trace-warnings ...` to show where the warning was created)
(node:32808) ExperimentalWarning: localStorage is not available because --localstorage-file was not provided.
(Use `node --trace-warnings ...` to show where the warning was created)
(node:33788) ExperimentalWarning: localStorage is not available because --localstorage-file was not provided.
(Use `node --trace-warnings ...` to show where the warning was created)
(node:13944) ExperimentalWarning: localStorage is not available because --localstorage-file was not provided.
(Use `node --trace-warnings ...` to show where the warning was created)
(node:20652) ExperimentalWarning: localStorage is not available because --localstorage-file was not provided.
(Use `node --trace-warnings ...` to show where the warning was created)
(node:20516) ExperimentalWarning: localStorage is not available because --localstorage-file was not provided.
(Use `node --trace-warnings ...` to show where the warning was created)
(node:24864) ExperimentalWarning: localStorage is not available because --localstorage-file was not provided.
(Use `node --trace-warnings ...` to show where the warning was created)
(node:29000) ExperimentalWarning: localStorage is not available because --localstorage-file was not provided.
(Use `node --trace-warnings ...` to show where the warning was created)
(node:23672) ExperimentalWarning: localStorage is not available because --localstorage-file was not provided.
(Use `node --trace-warnings ...` to show where the warning was created)
 [32m✓[39m src/components/ai/AICopilotPanel.test.tsx [2m([22m[2m7 tests[22m[2m)[22m[33m 3192[2mms[22m[39m
     [33m[2m✓[22m[39m toggles collapse state on header click [33m 539[2mms[22m[39m
     [33m[2m✓[22m[39m sends message via suggestion chip [33m 394[2mms[22m[39m
     [33m[2m✓[22m[39m sends message via input and submit button [33m 749[2mms[22m[39m
     [33m[2m✓[22m[39m sends message via Enter key [33m 694[2mms[22m[39m
     [33m[2m✓[22m[39m handles errors gracefully [33m 380[2mms[22m[39m
(node:28448) ExperimentalWarning: localStorage is not available because --localstorage-file was not provided.
(Use `node --trace-warnings ...` to show where the warning was created)
 [32m✓[39m src/components/reports/TemplateDesigner.test.tsx [2m([22m[2m20 tests[22m[2m)[22m[33m 1497[2mms[22m[39m
     [33m[2m✓[22m[39m renders the save button [33m 517[2mms[22m[39m
 [32m✓[39m src/components/ui/Heatmap.test.tsx [2m([22m[2m24 tests[22m[2m)[22m[33m 1859[2mms[22m[39m
     [33m[2m✓[22m[39m should render without crashing with valid data [33m 370[2mms[22m[39m
     [33m[2m✓[22m[39m should handle 1000+ data points without crashing [33m 775[2mms[22m[39m
 [32m✓[39m src/components/ui/KeyboardShortcuts.test.tsx [2m([22m[2m13 tests[22m[2m)[22m[33m 2172[2mms[22m[39m
     [33m[2m✓[22m[39m renders when isOpen is true [33m 528[2mms[22m[39m
     [33m[2m✓[22m[39m renders shortcut categories [33m 317[2mms[22m[39m
 [32m✓[39m src/components/ui/AllocationRuleBuilder.test.tsx [2m([22m[2m12 tests[22m[2m)[22m[33m 1136[2mms[22m[39m
     [33m[2m✓[22m[39m removes a target when delete clicked [33m 443[2mms[22m[39m
 [32m✓[39m src/components/reports/FinancialStatementTemplates.test.tsx [2m([22m[2m25 tests[22m[2m)[22m[33m 2492[2mms[22m[39m
     [33m[2m✓[22m[39m renders export buttons when onExport is provided [33m 517[2mms[22m[39m
[90mstdout[2m | src/store/__tests__/authStore.test.ts[2m > [22m[2mauthStore[2m > [22m[2mlogs in a user
[22m[39m[TokenRotation] Starting token rotation
[TokenRotation] Scheduled refresh in 599s
[TokenRotation] 401 interceptor installed

 [32m✓[39m src/components/dashboard/HeatmapGrid.test.tsx [2m([22m[2m24 tests[22m[2m)[22m[33m 1333[2mms[22m[39m
     [33m[2m✓[22m[39m renders without crashing [33m 528[2mms[22m[39m
 [32m✓[39m src/components/ui/PeriodPicker.test.tsx [2m([22m[2m9 tests[22m[2m)[22m[33m 1309[2mms[22m[39m
     [33m[2m✓[22m[39m opens dropdown on trigger click and shows period options [33m 564[2mms[22m[39m
[90mstdout[2m | src/store/__tests__/authStore.test.ts[2m > [22m[2mauthStore[2m > [22m[2mlogs out a user
[22m[39m[TokenRotation] Starting token rotation
[TokenRotation] Scheduled refresh in 600s

[90mstdout[2m | src/store/__tests__/authStore.test.ts[2m > [22m[2mauthStore[2m > [22m[2mlogs out a user
[22m[39m[TokenRotation] Stopping token rotation
[TokenRotation] 401 interceptor removed

 [32m✓[39m src/components/ui/FormulaBar.test.tsx [2m([22m[2m38 tests[22m[2m)[22m[33m 1890[2mms[22m[39m
       [33m[2m✓[22m[39m renders without crashing [33m 578[2mms[22m[39m
 [32m✓[39m src/components/reports/ReportBuilder.test.tsx [2m([22m[2m22 tests[22m[2m)[22m[33m 2169[2mms[22m[39m
     [33m[2m✓[22m[39m renders the save button [33m 618[2mms[22m[39m
[90mstdout[2m | src/store/__tests__/authStore.test.ts[2m > [22m[2mauthStore[2m > [22m[2mpersists across rehydration
[22m[39m[TokenRotation] Starting token rotation
[TokenRotation] Scheduled refresh in 599s
[TokenRotation] 401 interceptor installed

 [32m✓[39m src/store/__tests__/authStore.test.ts [2m([22m[2m4 tests[22m[2m)[22m[33m 1552[2mms[22m[39m
     [33m[2m✓[22m[39m logs in a user [33m 511[2mms[22m[39m
     [33m[2m✓[22m[39m logs out a user [33m 516[2mms[22m[39m
     [33m[2m✓[22m[39m persists across rehydration [33m 520[2mms[22m[39m
(node:11564) ExperimentalWarning: localStorage is not available because --localstorage-file was not provided.
(Use `node --trace-warnings ...` to show where the warning was created)
(node:24820) ExperimentalWarning: localStorage is not available because --localstorage-file was not provided.
(Use `node --trace-warnings ...` to show where the warning was created)
(node:23464) ExperimentalWarning: localStorage is not available because --localstorage-file was not provided.
(Use `node --trace-warnings ...` to show where the warning was created)
(node:28128) ExperimentalWarning: localStorage is not available because --localstorage-file was not provided.
(Use `node --trace-warnings ...` to show where the warning was created)
(node:14692) ExperimentalWarning: localStorage is not available because --localstorage-file was not provided.
(Use `node --trace-warnings ...` to show where the warning was created)
(node:21256) ExperimentalWarning: localStorage is not available because --localstorage-file was not provided.
(Use `node --trace-warnings ...` to show where the warning was created)
(node:33076) ExperimentalWarning: localStorage is not available because --localstorage-file was not provided.
(Use `node --trace-warnings ...` to show where the warning was created)
(node:9076) ExperimentalWarning: localStorage is not available because --localstorage-file was not provided.
(Use `node --trace-warnings ...` to show where the warning was created)
(node:22404) ExperimentalWarning: localStorage is not available because --localstorage-file was not provided.
(Use `node --trace-warnings ...` to show where the warning was created)
(node:26764) ExperimentalWarning: localStorage is not available because --localstorage-file was not provided.
(Use `node --trace-warnings ...` to show where the warning was created)
 [32m✓[39m src/components/finance/CascadeRuleBuilder.test.tsx [2m([22m[2m14 tests[22m[2m)[22m[33m 1640[2mms[22m[39m
     [33m[2m✓[22m[39m renders weight slider [33m 627[2mms[22m[39m
 [32m✓[39m src/components/ui/Tabs.test.tsx [2m([22m[2m19 tests[22m[2m)[22m[33m 1269[2mms[22m[39m
     [33m[2m✓[22m[39m does not render inactive tab content [33m 559[2mms[22m[39m
 [32m✓[39m src/components/layout/Navbar.test.tsx [2m([22m[2m15 tests[22m[2m)[22m[33m 1503[2mms[22m[39m
     [33m[2m✓[22m[39m opens entity menu on click [33m 632[2mms[22m[39m
 [32m✓[39m src/components/reports/BoardPackGenerator.test.tsx [2m([22m[2m11 tests[22m[2m)[22m[33m 1325[2mms[22m[39m
     [33m[2m✓[22m[39m renders the generate button with report count [33m 489[2mms[22m[39m
 [32m✓[39m src/components/ui/Tabs.a11y.test.tsx [2m([22m[2m13 tests[22m[2m)[22m[33m 1721[2mms[22m[39m
     [33m[2m✓[22m[39m trigger has id, aria-controls, and matching panel has aria-labelledby [33m 772[2mms[22m[39m
(node:27692) ExperimentalWarning: localStorage is not available because --localstorage-file was not provided.
(Use `node --trace-warnings ...` to show where the warning was created)
 [32m✓[39m src/components/ui/KeyboardShortcutOverlay.test.tsx [2m([22m[2m5 tests[22m[2m)[22m[33m 1500[2mms[22m[39m
     [33m[2m✓[22m[39m renders dialog when open is true [33m 819[2mms[22m[39m
 [32m✓[39m src/components/layout/Sidebar.test.tsx [2m([22m[2m20 tests[22m[2m)[22m[33m 1941[2mms[22m[39m
 [32m✓[39m src/components/reports/ReportTemplateLibrary.test.tsx [2m([22m[2m16 tests[22m[2m)[22m[33m 2720[2mms[22m[39m
     [33m[2m✓[22m[39m renders template cards [33m 305[2mms[22m[39m
     [33m[2m✓[22m[39m renders clone button when onCloneReport is provided [33m 897[2mms[22m[39m
 [32m✓[39m src/components/ui/DataTable.test.tsx [2m([22m[2m12 tests[22m[2m)[22m[33m 1526[2mms[22m[39m
     [33m[2m✓[22m[39m shows correct values in cells [33m 716[2mms[22m[39m
 [32m✓[39m src/components/ui/SpreadsheetGrid.test.tsx [2m([22m[2m40 tests[22m[2m)[22m[33m 1590[2mms[22m[39m
       [33m[2m✓[22m[39m grid container is focusable [33m 446[2mms[22m[39m
(node:3556) ExperimentalWarning: localStorage is not available because --localstorage-file was not provided.
(Use `node --trace-warnings ...` to show where the warning was created)
(node:28040) ExperimentalWarning: localStorage is not available because --localstorage-file was not provided.
(Use `node --trace-warnings ...` to show where the warning was created)
(node:28484) ExperimentalWarning: localStorage is not available because --localstorage-file was not provided.
(Use `node --trace-warnings ...` to show where the warning was created)
(node:28424) ExperimentalWarning: localStorage is not available because --localstorage-file was not provided.
(Use `node --trace-warnings ...` to show where the warning was created)
(node:4756) ExperimentalWarning: localStorage is not available because --localstorage-file was not provided.
(Use `node --trace-warnings ...` to show where the warning was created)
(node:19124) ExperimentalWarning: localStorage is not available because --localstorage-file was not provided.
(Use `node --trace-warnings ...` to show where the warning was created)
(node:30664) ExperimentalWarning: localStorage is not available because --localstorage-file was not provided.
(Use `node --trace-warnings ...` to show where the warning was created)
 [32m✓[39m src/components/dashboard/KPICard.test.tsx [2m([22m[2m27 tests[22m[2m)[22m[33m 963[2mms[22m[39m
 [32m✓[39m src/pages/__tests__/banking/BankStatements.test.tsx [2m([22m[2m6 tests[22m[2m)[22m[33m 2669[2mms[22m[39m
       [33m[2m✓[22m[39m renders without crashing using lazy-loaded route test pattern [33m 669[2mms[22m[39m
       [33m[2m✓[22m[39m has no accessibility violations in empty state [33m 351[2mms[22m[39m
       [33m[2m✓[22m[39m has no accessibility violations with data [33m 1236[2mms[22m[39m
(node:19948) ExperimentalWarning: localStorage is not available because --localstorage-file was not provided.
(Use `node --trace-warnings ...` to show where the warning was created)
(node:27548) ExperimentalWarning: localStorage is not available because --localstorage-file was not provided.
(Use `node --trace-warnings ...` to show where the warning was created)
 [32m✓[39m src/components/admin/DependencyGraph.test.tsx [2m([22m[2m5 tests[22m[2m)[22m[33m 1004[2mms[22m[39m
     [33m[2m✓[22m[39m analyzes graph correctly with default data (includes cycle) [33m 631[2mms[22m[39m
(node:3552) ExperimentalWarning: localStorage is not available because --localstorage-file was not provided.
(Use `node --trace-warnings ...` to show where the warning was created)
 [32m✓[39m src/components/reports/ConditionalFormatPanel.test.tsx [2m([22m[2m10 tests[22m[2m)[22m[33m 966[2mms[22m[39m
     [33m[2m✓[22m[39m shows color presets when rule is selected [33m 410[2mms[22m[39m
 [32m✓[39m src/components/ui/CurrencyInput.test.tsx [2m([22m[2m23 tests[22m[2m)[22m[33m 1421[2mms[22m[39m
     [33m[2m✓[22m[39m renders without crashing [33m 726[2mms[22m[39m
 [32m✓[39m src/components/reports/BoardPackTemplate.test.tsx [2m([22m[2m11 tests[22m[2m)[22m[33m 1334[2mms[22m[39m
     [33m[2m✓[22m[39m renders the export PDF button [33m 576[2mms[22m[39m
[90mstderr[2m | src/pages/__tests__/retail/InventoryDashboard.test.tsx[2m > [22m[2mPage: InventoryDashboard[2m > 
[22m[2mSmoke Test[2m > [22m[2mrenders without crashing using lazy-loaded route test pattern
[22m[39mThe tag <g> is unrecognized in this browser. If you meant to render a React component, start its name with 
an uppercase letter.

 [32m✓[39m src/components/ui/Select.test.tsx [2m([22m[2m4 tests[22m[2m)[22m[33m 1428[2mms[22m[39m
     [33m[2m✓[22m[39m renders select element [33m 541[2mms[22m[39m
     [33m[2m✓[22m[39m shows all options when opened [33m 431[2mms[22m[39m
     [33m[2m✓[22m[39m handles onChange [33m 311[2mms[22m[39m
 [32m✓[39m src/pages/__tests__/forecasts/ForecastBuilderPage.test.tsx [2m([22m[2m6 tests[22m[2m)[22m[33m 2199[2mms[22m[39m
       [33m[2m✓[22m[39m renders without crashing using lazy-loaded route test pattern [33m 314[2mms[22m[39m
       [33m[2m✓[22m[39m allows changing forecast method [33m 729[2mms[22m[39m
       [33m[2m✓[22m[39m exports to PDF [33m 303[2mms[22m[39m
       [33m[2m✓[22m[39m has no accessibility violations [33m 653[2mms[22m[39m
 [32m✓[39m src/pages/__tests__/collaboration/ActivityFeed.test.tsx [2m([22m[2m6 tests[22m[2m)[22m[33m 1980[2mms[22m[39m
       [33m[2m✓[22m[39m navigates to GL upload when import button is clicked in empty state [33m 628[2mms[22m[39m
       [33m[2m✓[22m[39m has no accessibility violations in loaded state [33m 788[2mms[22m[39m
 [32m✓[39m src/pages/__tests__/retail/InventoryDashboard.test.tsx [2m([22m[2m7 tests[22m[2m)[22m[33m 1694[2mms[22m[39m
       [33m[2m✓[22m[39m renders without crashing using lazy-loaded route test pattern [33m 315[2mms[22m[39m
       [33m[2m✓[22m[39m navigates to GL upload when import button is clicked in empty state [33m 559[2mms[22m[39m
       [33m[2m✓[22m[39m has no accessibility violations in loaded state [33m 464[2mms[22m[39m
(node:27324) ExperimentalWarning: localStorage is not available because --localstorage-file was not provided.
(Use `node --trace-warnings ...` to show where the warning was created)
(node:31856) ExperimentalWarning: localStorage is not available because --localstorage-file was not provided.
(Use `node --trace-warnings ...` to show where the warning was created)
(node:27048) ExperimentalWarning: localStorage is not available because --localstorage-file was not provided.
(Use `node --trace-warnings ...` to show where the warning was created)
(node:23020) ExperimentalWarning: localStorage is not available because --localstorage-file was not provided.
(Use `node --trace-warnings ...` to show where the warning was created)
(node:25880) ExperimentalWarning: localStorage is not available because --localstorage-file was not provided.
(Use `node --trace-warnings ...` to show where the warning was created)
(node:17696) ExperimentalWarning: localStorage is not available because --localstorage-file was not provided.
(Use `node --trace-warnings ...` to show where the warning was created)
 [32m✓[39m src/components/reports/ReportScheduler.test.tsx [2m([22m[2m10 tests[22m[2m)[22m[33m 1115[2mms[22m[39m
     [33m[2m✓[22m[39m renders empty state when no schedules [33m 593[2mms[22m[39m
 [32m✓[39m src/components/ui/Table.test.tsx [2m([22m[2m17 tests[22m[2m)[22m[33m 992[2mms[22m[39m
     [33m[2m✓[22m[39m renders a table element [33m 584[2mms[22m[39m
 [32m✓[39m src/components/reports/ReportBookBuilder.test.tsx [2m([22m[2m10 tests[22m[2m)[22m[33m 1048[2mms[22m[39m
     [33m[2m✓[22m[39m renders the Generate All button [33m 511[2mms[22m[39m
 [32m✓[39m src/components/ui/BoxPlotChart.test.tsx [2m([22m[2m11 tests[22m[2m)[22m[33m 878[2mms[22m[39m
     [33m[2m✓[22m[39m calls onClick when a box plot item is clicked [33m 389[2mms[22m[39m
(node:3872) ExperimentalWarning: localStorage is not available because --localstorage-file was not provided.
(Use `node --trace-warnings ...` to show where the warning was created)
(node:29288) ExperimentalWarning: localStorage is not available because --localstorage-file was not provided.
(Use `node --trace-warnings ...` to show where the warning was created)
(node:32316) ExperimentalWarning: localStorage is not available because --localstorage-file was not provided.
(Use `node --trace-warnings ...` to show where the warning was created)
 [32m✓[39m src/pages/sector/sector-pages.test.tsx [2m([22m[2m12 tests[22m[2m)[22m[33m 1821[2mms[22m[39m
     [33m[2m✓[22m[39m BankingDashboardPage displays KPI section [33m 470[2mms[22m[39m
     [33m[2m✓[22m[39m EnergyDashboardPage displays KPI section [33m 351[2mms[22m[39m
(node:25568) ExperimentalWarning: localStorage is not available because --localstorage-file was not provided.
(Use `node --trace-warnings ...` to show where the warning was created)
 [32m✓[39m src/components/ui/Alert.test.tsx [2m([22m[2m8 tests[22m[2m)[22m[33m 1628[2mms[22m[39m
     [33m[2m✓[22m[39m renders title and message [33m 1006[2mms[22m[39m
 [32m✓[39m src/pages/__tests__/HelpPage.test.tsx [2m([22m[2m5 tests[22m[2m)[22m[33m 2698[2mms[22m[39m
       [33m[2m✓[22m[39m renders without crashing using lazy-loaded route test pattern [33m 416[2mms[22m[39m
       [33m[2m✓[22m[39m filters topics when searching [33m 449[2mms[22m[39m
       [33m[2m✓[22m[39m has no accessibility violations [33m 1660[2mms[22m[39m
 [32m✓[39m src/components/reports/ReportGrid.test.tsx [2m([22m[2m11 tests[22m[2m)[22m[33m 1207[2mms[22m[39m
     [33m[2m✓[22m[39m renders the grid table with role [33m 567[2mms[22m[39m
 [32m✓[39m src/components/dashboard/KPICardEnhanced.test.tsx [2m([22m[2m34 tests[22m[2m)[22m[33m 945[2mms[22m[39m
       [33m[2m✓[22m[39m calls onDrillDown when clicked [33m 324[2mms[22m[39m
 [32m✓[39m src/components/ui/CalendarHeatmap.test.tsx [2m([22m[2m16 tests[22m[2m)[22m[33m 787[2mms[22m[39m
(node:18036) ExperimentalWarning: localStorage is not available because --localstorage-file was not provided.
(Use `node --trace-warnings ...` to show where the warning was created)
(node:23568) ExperimentalWarning: localStorage is not available because --localstorage-file was not provided.
(Use `node --trace-warnings ...` to show where the warning was created)
(node:32188) ExperimentalWarning: localStorage is not available because --localstorage-file was not provided.
(Use `node --trace-warnings ...` to show where the warning was created)
(node:29924) ExperimentalWarning: localStorage is not available because --localstorage-file was not provided.
(Use `node --trace-warnings ...` to show where the warning was created)
 [32m✓[39m src/components/ui/BulletChart.test.tsx [2m([22m[2m13 tests[22m[2m)[22m[33m 842[2mms[22m[39m
     [33m[2m✓[22m[39m renders without crashing [33m 301[2mms[22m[39m
     [33m[2m✓[22m[39m supports keyboard interaction when onClick is provided [33m 312[2mms[22m[39m
 [32m✓[39m src/components/ai/AnomalyHighlight.test.tsx [2m([22m[2m4 tests[22m[2m)[22m[33m 938[2mms[22m[39m
     [33m[2m✓[22m[39m highlights anomaly and triggers click handler [33m 644[2mms[22m[39m
 [32m✓[39m src/components/ui/TourOverlay.test.tsx [2m([22m[2m16 tests[22m[2m)[22m[33m 842[2mms[22m[39m
     [33m[2m✓[22m[39m calls stopTour when X button is clicked [33m 478[2mms[22m[39m
Not implemented: HTMLCanvasElement's getContext() method: without installing the canvas npm package
 [32m✓[39m src/components/ai/NLQChat.test.tsx [2m([22m[2m7 tests[22m[2m)[22m[33m 1427[2mms[22m[39m
     [33m[2m✓[22m[39m handles clicking a suggestion [33m 563[2mms[22m[39m
(node:30716) ExperimentalWarning: localStorage is not available because --localstorage-file was not provided.
(Use `node --trace-warnings ...` to show where the warning was created)
(node:11200) ExperimentalWarning: localStorage is not available because --localstorage-file was not provided.
(Use `node --trace-warnings ...` to show where the warning was created)
Not implemented: HTMLCanvasElement's getContext() method: without installing the canvas npm package
(node:27360) ExperimentalWarning: localStorage is not available because --localstorage-file was not provided.
(Use `node --trace-warnings ...` to show where the warning was created)
(node:7424) ExperimentalWarning: localStorage is not available because --localstorage-file was not provided.
(Use `node --trace-warnings ...` to show where the warning was created)
[90mstderr[2m | src/components/ui/ExportMenu.test.tsx[2m > [22m[2mExportMenu[2m > [22m[2mrenders export button 
with default label
[22m[39mReact does not recognize the `sideOffset` prop on a DOM element. If you intentionally want it to appear in 
the DOM as a custom attribute, spell it as lowercase `sideoffset` instead. If you accidentally passed it from a parent 
component, remove it from the DOM element.

Not implemented: HTMLCanvasElement's getContext() method: without installing the canvas npm package
(node:18812) ExperimentalWarning: localStorage is not available because --localstorage-file was not provided.
(Use `node --trace-warnings ...` to show where the warning was created)
Not implemented: HTMLCanvasElement's getContext() method: without installing the canvas npm package
Not implemented: HTMLCanvasElement's getContext() method: without installing the canvas npm package
 [32m✓[39m src/components/reports/__tests__/FinancialStatementTemplates.test.tsx [2m([22m[2m4 tests[22m[2m)[22m[33m 637[2mms[22m[39m
 [32m✓[39m src/components/ui/Button.test.tsx [2m([22m[2m8 tests[22m[2m)[22m[33m 619[2mms[22m[39m
     [33m[2m✓[22m[39m calls onClick when clicked [33m 336[2mms[22m[39m
 [32m✓[39m src/components/ui/ExportMenu.test.tsx [2m([22m[2m9 tests[22m[2m)[22m[33m 752[2mms[22m[39m
     [33m[2m✓[22m[39m button is disabled when disabled prop is true [33m 384[2mms[22m[39m
(node:13940) ExperimentalWarning: localStorage is not available because --localstorage-file was not provided.
(Use `node --trace-warnings ...` to show where the warning was created)
 [32m✓[39m src/components/ui/AllocationHistory.test.tsx [2m([22m[2m12 tests[22m[2m)[22m[33m 720[2mms[22m[39m
Not implemented: HTMLCanvasElement's getContext() method: without installing the canvas npm package
[90mstderr[2m | src/__tests__/a11y/wcag-aa.test.tsx[2m > [22m[2mWCAG 2.1 AA — automated axe-core regression 
suite[2m > [22m[2mMain application pages[2m > [22m[2mSettingsPage has no detectable a11y violations
[22m[39mYou provided a `value` prop to a form field without an `onChange` handler. This will render a read-only 
field. If the field should be mutable use `defaultValue`. Otherwise, set `onChange`.
You provided a `value` prop to a form field without an `onChange` handler. This will render a read-only field. If the 
field should be mutable use `defaultValue`. Otherwise, set `onChange`.

Not implemented: HTMLCanvasElement's getContext() method: without installing the canvas npm package
Not implemented: HTMLCanvasElement's getContext() method: without installing the canvas npm package
 [32m✓[39m src/components/ui/SheetTabs.test.tsx [2m([22m[2m17 tests[22m[2m)[22m[33m 967[2mms[22m[39m
     [33m[2m✓[22m[39m renders with role="tablist" [33m 372[2mms[22m[39m
Not implemented: HTMLCanvasElement's getContext() method: without installing the canvas npm package
Not implemented: HTMLCanvasElement's getContext() method: without installing the canvas npm package
Not implemented: HTMLCanvasElement's getContext() method: without installing the canvas npm package
Not implemented: HTMLCanvasElement's getContext() method: without installing the canvas npm package
Not implemented: HTMLCanvasElement's getContext() method: without installing the canvas npm package
(node:6028) ExperimentalWarning: localStorage is not available because --localstorage-file was not provided.
(Use `node --trace-warnings ...` to show where the warning was created)
Not implemented: HTMLCanvasElement's getContext() method: without installing the canvas npm package
Not implemented: HTMLCanvasElement's getContext() method: without installing the canvas npm package
(node:32788) ExperimentalWarning: localStorage is not available because --localstorage-file was not provided.
(Use `node --trace-warnings ...` to show where the warning was created)
Not implemented: HTMLCanvasElement's getContext() method: without installing the canvas npm package
 [32m✓[39m src/components/ui/Tooltip.test.tsx [2m([22m[2m16 tests[22m[2m)[22m[33m 1342[2mms[22m[39m
     [33m[2m✓[22m[39m shows tooltip after mouseEnter [33m 745[2mms[22m[39m
 [32m✓[39m src/__tests__/a11y/wcag-aa.test.tsx [2m([22m[2m22 tests[22m[2m)[22m[33m 3736[2mms[22m[39m
       [33m[2m✓[22m[39m LoginPage has no detectable a11y violations [33m 924[2mms[22m[39m
       [33m[2m✓[22m[39m RegisterPage has no detectable a11y violations [33m 335[2mms[22m[39m
       [33m[2m✓[22m[39m SettingsPage has no detectable a11y violations [33m 560[2mms[22m[39m
(node:32828) ExperimentalWarning: localStorage is not available because --localstorage-file was not provided.
(Use `node --trace-warnings ...` to show where the warning was created)
 [32m✓[39m src/components/ui/AccountTree.test.tsx [2m([22m[2m11 tests[22m[2m)[22m[33m 964[2mms[22m[39m
     [33m[2m✓[22m[39m renders tree role with aria-label [33m 395[2mms[22m[39m
(node:14784) ExperimentalWarning: localStorage is not available because --localstorage-file was not provided.
(Use `node --trace-warnings ...` to show where the warning was created)
 [32m✓[39m src/components/ui/AllocationPreview.test.tsx [2m([22m[2m14 tests[22m[2m)[22m[33m 1316[2mms[22m[39m
     [33m[2m✓[22m[39m renders without crashing [33m 422[2mms[22m[39m
 [32m✓[39m src/components/ui/Modal.test.tsx [2m([22m[2m10 tests[22m[2m)[22m[33m 830[2mms[22m[39m
     [33m[2m✓[22m[39m calls onClose when close button is clicked [33m 401[2mms[22m[39m
 [32m✓[39m src/components/ui/DriverSlider.test.tsx [2m([22m[2m16 tests[22m[2m)[22m[33m 738[2mms[22m[39m
(node:25624) ExperimentalWarning: localStorage is not available because --localstorage-file was not provided.
(Use `node --trace-warnings ...` to show where the warning was created)
(node:32004) ExperimentalWarning: localStorage is not available because --localstorage-file was not provided.
(Use `node --trace-warnings ...` to show where the warning was created)
(node:33216) ExperimentalWarning: localStorage is not available because --localstorage-file was not provided.
(Use `node --trace-warnings ...` to show where the warning was created)
(node:21328) ExperimentalWarning: localStorage is not available because --localstorage-file was not provided.
(Use `node --trace-warnings ...` to show where the warning was created)
(node:31196) ExperimentalWarning: localStorage is not available because --localstorage-file was not provided.
(Use `node --trace-warnings ...` to show where the warning was created)
 [32m✓[39m src/components/ui/WhatIfSandbox.test.tsx [2m([22m[2m6 tests[22m[2m)[22m[33m 1074[2mms[22m[39m
     [33m[2m✓[22m[39m renders without crashing [33m 321[2mms[22m[39m
 [32m✓[39m src/components/ui/ui/Button.test.tsx [2m([22m[2m9 tests[22m[2m)[22m[33m 1035[2mms[22m[39m
     [33m[2m✓[22m[39m renders as a button element [33m 650[2mms[22m[39m
 [32m✓[39m src/components/ui/ErrorState.test.tsx [2m([22m[2m15 tests[22m[2m)[22m[33m 675[2mms[22m[39m
(node:18520) ExperimentalWarning: localStorage is not available because --localstorage-file was not provided.
(Use `node --trace-warnings ...` to show where the warning was created)
 [32m✓[39m src/components/reports/FormulaBar.test.tsx [2m([22m[2m15 tests[22m[2m)[22m[33m 1206[2mms[22m[39m
[90mstderr[2m | src/components/ui/FinPlanGrid.test.tsx[2m > [22m[2mFinPlanGrid[2m > [22m[2mrenders without 
crashing
[22m[39mAG Grid: cacheBlockSize is not supported with the 'clientSide' row model. It is only valid with: serverSide, 
infinite.

 [32m✓[39m src/components/ui/FinPlanGrid.test.tsx [2m([22m[2m1 test[22m[2m)[22m[33m 1124[2mms[22m[39m
     [33m[2m✓[22m[39m renders without crashing [33m 1121[2mms[22m[39m
(node:30960) ExperimentalWarning: localStorage is not available because --localstorage-file was not provided.
(Use `node --trace-warnings ...` to show where the warning was created)
 [32m✓[39m src/components/ui/Skeleton.test.tsx [2m([22m[2m8 tests[22m[2m)[22m[33m 535[2mms[22m[39m
(node:15104) ExperimentalWarning: localStorage is not available because --localstorage-file was not provided.
(Use `node --trace-warnings ...` to show where the warning was created)
(node:9672) ExperimentalWarning: localStorage is not available because --localstorage-file was not provided.
(Use `node --trace-warnings ...` to show where the warning was created)
 [32m✓[39m src/components/ui/FormulaAutocomplete.test.tsx [2m([22m[2m7 tests[22m[2m)[22m[33m 1158[2mms[22m[39m
     [33m[2m✓[22m[39m renders filtered function list as options [33m 639[2mms[22m[39m
 [32m✓[39m src/components/ui/Avatar.test.tsx [2m([22m[2m8 tests[22m[2m)[22m[33m 752[2mms[22m[39m
     [33m[2m✓[22m[39m renders img when src is provided [33m 478[2mms[22m[39m
(node:29632) ExperimentalWarning: localStorage is not available because --localstorage-file was not provided.
(Use `node --trace-warnings ...` to show where the warning was created)
 [32m✓[39m src/components/data/GLDataPreview.test.tsx [2m([22m[2m20 tests[22m[2m)[22m[33m 654[2mms[22m[39m
(node:19492) ExperimentalWarning: localStorage is not available because --localstorage-file was not provided.
(Use `node --trace-warnings ...` to show where the warning was created)
 [32m✓[39m src/components/ui/NLQInput.test.tsx [2m([22m[2m6 tests[22m[2m)[22m[33m 851[2mms[22m[39m
     [33m[2m✓[22m[39m renders input field [33m 570[2mms[22m[39m
 [32m✓[39m src/components/ui/HelpPanel.test.tsx [2m([22m[2m10 tests[22m[2m)[22m[33m 1219[2mms[22m[39m
     [33m[2m✓[22m[39m renders close button [33m 612[2mms[22m[39m
(node:32852) ExperimentalWarning: localStorage is not available because --localstorage-file was not provided.
(Use `node --trace-warnings ...` to show where the warning was created)
(node:15148) ExperimentalWarning: localStorage is not available because --localstorage-file was not provided.
(Use `node --trace-warnings ...` to show where the warning was created)
(node:13624) ExperimentalWarning: localStorage is not available because --localstorage-file was not provided.
(Use `node --trace-warnings ...` to show where the warning was created)
(node:29132) ExperimentalWarning: localStorage is not available because --localstorage-file was not provided.
(Use `node --trace-warnings ...` to show where the warning was created)
(node:20016) ExperimentalWarning: localStorage is not available because --localstorage-file was not provided.
(Use `node --trace-warnings ...` to show where the warning was created)
(node:26552) ExperimentalWarning: localStorage is not available because --localstorage-file was not provided.
(Use `node --trace-warnings ...` to show where the warning was created)
 [32m✓[39m src/components/ui/FileDropZone.test.tsx [2m([22m[2m7 tests[22m[2m)[22m[33m 1107[2mms[22m[39m
     [33m[2m✓[22m[39m shows drag active state on dragOver [33m 432[2mms[22m[39m
 [32m✓[39m src/components/ui/ApprovalQueue.test.tsx [2m([22m[2m16 tests[22m[2m)[22m[33m 925[2mms[22m[39m
 [32m✓[39m src/components/ui/ToastContainer.test.tsx [2m([22m[2m10 tests[22m[2m)[22m[33m 837[2mms[22m[39m
     [33m[2m✓[22m[39m renders toast container with role="status" [33m 554[2mms[22m[39m
 [32m✓[39m src/components/ui/Spinner.test.tsx [2m([22m[2m10 tests[22m[2m)[22m[33m 554[2mms[22m[39m
     [33m[2m✓[22m[39m renders with status role [33m 373[2mms[22m[39m
 [32m✓[39m src/pages/__tests__/reports/FinancialStatementTemplates.test.tsx [2m([22m[2m3 tests[22m[2m)[22m[33m 1318[2mms[22m[39m
     [33m[2m✓[22m[39m switches statement types [33m 918[2mms[22m[39m
(node:19052) ExperimentalWarning: localStorage is not available because --localstorage-file was not provided.
(Use `node --trace-warnings ...` to show where the warning was created)
(node:32600) ExperimentalWarning: localStorage is not available because --localstorage-file was not provided.
(Use `node --trace-warnings ...` to show where the warning was created)
 [32m✓[39m src/pages/settings/__tests__/IntegrationSettingsPage.test.tsx [2m([22m[2m1 test[22m[2m)[22m[33m 1066[2mms[22m[39m
     [33m[2m✓[22m[39m renders heading [33m 1063[2mms[22m[39m
 [32m✓[39m src/components/data/GLColumnMapper.test.tsx [2m([22m[2m11 tests[22m[2m)[22m[33m 755[2mms[22m[39m
 [32m✓[39m src/components/ui/ApprovalDashboard.test.tsx [2m([22m[2m17 tests[22m[2m)[22m[33m 889[2mms[22m[39m
(node:31836) ExperimentalWarning: localStorage is not available because --localstorage-file was not provided.
(Use `node --trace-warnings ...` to show where the warning was created)
(node:15452) ExperimentalWarning: localStorage is not available because --localstorage-file was not provided.
(Use `node --trace-warnings ...` to show where the warning was created)
(node:21388) ExperimentalWarning: localStorage is not available because --localstorage-file was not provided.
(Use `node --trace-warnings ...` to show where the warning was created)
 [32m✓[39m src/pages/__tests__/sectors/GovernmentDashboardPage.test.tsx [2m([22m[2m3 tests[22m[2m)[22m[33m 895[2mms[22m[39m
     [33m[2m✓[22m[39m renders the government dashboard [33m 500[2mms[22m[39m
 [32m✓[39m src/components/ui/ApprovalWorkflowDesigner.test.tsx [2m([22m[2m12 tests[22m[2m)[22m[33m 1149[2mms[22m[39m
(node:28312) ExperimentalWarning: localStorage is not available because --localstorage-file was not provided.
(Use `node --trace-warnings ...` to show where the warning was created)
(node:32940) ExperimentalWarning: localStorage is not available because --localstorage-file was not provided.
(Use `node --trace-warnings ...` to show where the warning was created)
(node:29076) ExperimentalWarning: localStorage is not available because --localstorage-file was not provided.
(Use `node --trace-warnings ...` to show where the warning was created)
(node:19532) ExperimentalWarning: localStorage is not available because --localstorage-file was not provided.
(Use `node --trace-warnings ...` to show where the warning was created)
 [32m✓[39m src/pages/audit/__tests__/FairValuePage.test.tsx [2m([22m[2m1 test[22m[2m)[22m[33m 1200[2mms[22m[39m
     [33m[2m✓[22m[39m renders heading [33m 1189[2mms[22m[39m
(node:10268) ExperimentalWarning: localStorage is not available because --localstorage-file was not provided.
(Use `node --trace-warnings ...` to show where the warning was created)
 [32m✓[39m src/components/ui/SplitPane.test.tsx [2m([22m[2m3 tests[22m[2m)[22m[33m 545[2mms[22m[39m
     [33m[2m✓[22m[39m renders slider with role and aria attributes [33m 331[2mms[22m[39m
 [32m✓[39m src/components/charts/__tests__/ChartShowcasePage.test.tsx [2m([22m[2m2 tests[22m[2m)[22m[33m 425[2mms[22m[39m
     [33m[2m✓[22m[39m renders all chart cards [33m 347[2mms[22m[39m
 [32m✓[39m src/components/ui/ScenarioComparisonGrid.test.tsx [2m([22m[2m5 tests[22m[2m)[22m[33m 486[2mms[22m[39m
 [32m✓[39m src/components/ui/Pagination.test.tsx [2m([22m[2m8 tests[22m[2m)[22m[33m 762[2mms[22m[39m
     [33m[2m✓[22m[39m calls onPageSizeChange when page size changed [33m 413[2mms[22m[39m
 [32m✓[39m src/components/reports/ExportDialog.test.tsx [2m([22m[2m13 tests[22m[2m)[22m[33m 694[2mms[22m[39m
(node:31416) ExperimentalWarning: localStorage is not available because --localstorage-file was not provided.
(Use `node --trace-warnings ...` to show where the warning was created)
(node:10764) ExperimentalWarning: localStorage is not available because --localstorage-file was not provided.
(Use `node --trace-warnings ...` to show where the warning was created)
(node:18720) ExperimentalWarning: localStorage is not available because --localstorage-file was not provided.
(Use `node --trace-warnings ...` to show where the warning was created)
 [32m✓[39m src/components/ui/Toast.test.tsx [2m([22m[2m9 tests[22m[2m)[22m[33m 840[2mms[22m[39m
     [33m[2m✓[22m[39m calls onDismiss when close button clicked [33m 574[2mms[22m[39m
 [32m✓[39m src/components/spreadsheet/CircularRefWarning.test.tsx [2m([22m[2m14 tests[22m[2m)[22m[33m 645[2mms[22m[39m
     [33m[2m✓[22m[39m renders progress bar [33m 446[2mms[22m[39m
 [32m✓[39m src/components/layout/AppLayout.test.tsx [2m([22m[2m13 tests[22m[2m)[22m[33m 867[2mms[22m[39m
     [33m[2m✓[22m[39m has a main content area with proper role [33m 490[2mms[22m[39m
(node:14376) ExperimentalWarning: localStorage is not available because --localstorage-file was not provided.
(Use `node --trace-warnings ...` to show where the warning was created)
(node:33524) ExperimentalWarning: localStorage is not available because --localstorage-file was not provided.
(Use `node --trace-warnings ...` to show where the warning was created)
 [32m✓[39m src/components/manufacturing/ProductionDashboard.test.tsx [2m([22m[2m8 tests[22m[2m)[22m[33m 572[2mms[22m[39m
(node:2040) ExperimentalWarning: localStorage is not available because --localstorage-file was not provided.
(Use `node --trace-warnings ...` to show where the warning was created)
(node:20196) ExperimentalWarning: localStorage is not available because --localstorage-file was not provided.
(Use `node --trace-warnings ...` to show where the warning was created)
(node:29996) ExperimentalWarning: localStorage is not available because --localstorage-file was not provided.
(Use `node --trace-warnings ...` to show where the warning was created)
 [32m✓[39m src/components/ui/ErrorFallback.test.tsx [2m([22m[2m3 tests[22m[2m)[22m[33m 897[2mms[22m[39m
     [33m[2m✓[22m[39m renders Try Again button when onRetry is provided [33m 810[2mms[22m[39m
(node:21324) ExperimentalWarning: localStorage is not available because --localstorage-file was not provided.
(Use `node --trace-warnings ...` to show where the warning was created)
 [32m✓[39m src/components/dashboard/TrafficLightIndicator.test.tsx [2m([22m[2m27 tests[22m[2m)[22m[33m 486[2mms[22m[39m
(node:24648) ExperimentalWarning: localStorage is not available because --localstorage-file was not provided.
(Use `node --trace-warnings ...` to show where the warning was created)
(node:29784) ExperimentalWarning: localStorage is not available because --localstorage-file was not provided.
(Use `node --trace-warnings ...` to show where the warning was created)
 [32m✓[39m src/components/dashboard/SankeyDiagram.test.tsx [2m([22m[2m23 tests[22m[2m)[22m[33m 617[2mms[22m[39m
 [32m✓[39m src/pages/treasury/__tests__/FXExposurePage.test.tsx [2m([22m[2m5 tests[22m[2m)[22m[33m 963[2mms[22m[39m
     [33m[2m✓[22m[39m renders the page heading [33m 392[2mms[22m[39m
 [32m✓[39m src/components/ui/CircularReferenceWarning.test.tsx [2m([22m[2m21 tests[22m[2m)[22m[33m 742[2mms[22m[39m
(node:26592) ExperimentalWarning: localStorage is not available because --localstorage-file was not provided.
(Use `node --trace-warnings ...` to show where the warning was created)
(node:11440) ExperimentalWarning: localStorage is not available because --localstorage-file was not provided.
(Use `node --trace-warnings ...` to show where the warning was created)
 [32m✓[39m src/pages/variance/__tests__/VarianceDashboardPage.test.tsx [2m([22m[2m5 tests[22m[2m)[22m[33m 833[2mms[22m[39m
     [33m[2m✓[22m[39m renders the page heading [33m 381[2mms[22m[39m
(node:28512) ExperimentalWarning: localStorage is not available because --localstorage-file was not provided.
(Use `node --trace-warnings ...` to show where the warning was created)
 [32m✓[39m src/pages/workforce/__tests__/HeadcountPlanPage.test.tsx [2m([22m[2m6 tests[22m[2m)[22m[33m 974[2mms[22m[39m
     [33m[2m✓[22m[39m renders the page heading [33m 307[2mms[22m[39m
 [32m✓[39m src/pages/workforce/__tests__/PayrollForecastPage.test.tsx [2m([22m[2m5 tests[22m[2m)[22m[33m 1411[2mms[22m[39m
     [33m[2m✓[22m[39m renders the page heading [33m 636[2mms[22m[39m
 [32m✓[39m src/components/ui/CommandPalette.test.tsx [2m([22m[2m6 tests[22m[2m)[22m[33m 784[2mms[22m[39m
(node:18600) ExperimentalWarning: localStorage is not available because --localstorage-file was not provided.
(Use `node --trace-warnings ...` to show where the warning was created)
 [32m✓[39m src/pages/__tests__/retail/InventoryPlanningPage.test.tsx [2m([22m[2m2 tests[22m[2m)[22m[33m 788[2mms[22m[39m
     [33m[2m✓[22m[39m renders dashboard with entries [33m 696[2mms[22m[39m
(node:17568) ExperimentalWarning: localStorage is not available because --localstorage-file was not provided.
(Use `node --trace-warnings ...` to show where the warning was created)
 [32m✓[39m src/components/ui/EmptyListState.test.tsx [2m([22m[2m10 tests[22m[2m)[22m[33m 707[2mms[22m[39m
     [33m[2m✓[22m[39m has role="region" [33m 429[2mms[22m[39m
(node:30340) ExperimentalWarning: localStorage is not available because --localstorage-file was not provided.
(Use `node --trace-warnings ...` to show where the warning was created)
(node:10224) ExperimentalWarning: localStorage is not available because --localstorage-file was not provided.
(Use `node --trace-warnings ...` to show where the warning was created)
(node:9036) ExperimentalWarning: localStorage is not available because --localstorage-file was not provided.
(Use `node --trace-warnings ...` to show where the warning was created)
(node:30616) ExperimentalWarning: localStorage is not available because --localstorage-file was not provided.
(Use `node --trace-warnings ...` to show where the warning was created)
 [32m✓[39m src/components/ui/SelectionStatusBar.test.tsx [2m([22m[2m5 tests[22m[2m)[22m[33m 561[2mms[22m[39m
     [33m[2m✓[22m[39m has status role [33m 369[2mms[22m[39m
 [32m✓[39m src/components/ui/CellFormatter.test.tsx [2m([22m[2m12 tests[22m[2m)[22m[33m 575[2mms[22m[39m
(node:31084) ExperimentalWarning: localStorage is not available because --localstorage-file was not provided.
(Use `node --trace-warnings ...` to show where the warning was created)
[90mstderr[2m | src/pages/settings/SettingsPage.test.tsx[2m > [22m[2mSettingsPage smoke test[2m > 
[22m[2mrenders without crashing for admin user
[22m[39mYou provided a `value` prop to a form field without an `onChange` handler. This will render a read-only 
field. If the field should be mutable use `defaultValue`. Otherwise, set `onChange`.
You provided a `value` prop to a form field without an `onChange` handler. This will render a read-only field. If the 
field should be mutable use `defaultValue`. Otherwise, set `onChange`.
Unknown event handler property `onValueChange`. It will be ignored.

 [32m✓[39m src/pages/accounting/__tests__/DepreciationPage.test.tsx [2m([22m[2m1 test[22m[2m)[22m[33m 1228[2mms[22m[39m
     [33m[2m✓[22m[39m renders heading [33m 1225[2mms[22m[39m
(node:31568) ExperimentalWarning: localStorage is not available because --localstorage-file was not provided.
(Use `node --trace-warnings ...` to show where the warning was created)
 [32m✓[39m src/pages/audit/__tests__/ImpairmentPage.test.tsx [2m([22m[2m1 test[22m[2m)[22m[33m 741[2mms[22m[39m
     [33m[2m✓[22m[39m renders heading [33m 739[2mms[22m[39m
 [32m✓[39m src/pages/__tests__/sector/SectorPage.test.tsx [2m([22m[2m3 tests[22m[2m)[22m[33m 919[2mms[22m[39m
     [33m[2m✓[22m[39m renders loading state when sectorConfig is null [33m 623[2mms[22m[39m
(node:7332) ExperimentalWarning: localStorage is not available because --localstorage-file was not provided.
(Use `node --trace-warnings ...` to show where the warning was created)
[90mstderr[2m | src/pages/settings/SettingsPage.test.tsx[2m > [22m[2mSettingsPage smoke test[2m > 
[22m[2mdisplays the settings heading
[22m[39mYou provided a `value` prop to a form field without an `onChange` handler. This will render a read-only 
field. If the field should be mutable use `defaultValue`. Otherwise, set `onChange`.
You provided a `value` prop to a form field without an `onChange` handler. This will render a read-only field. If the 
field should be mutable use `defaultValue`. Otherwise, set `onChange`.

 [32m✓[39m src/pages/settings/SettingsPage.test.tsx [2m([22m[2m2 tests[22m[2m)[22m[33m 945[2mms[22m[39m
     [33m[2m✓[22m[39m displays the settings heading [33m 621[2mms[22m[39m
(node:15940) ExperimentalWarning: localStorage is not available because --localstorage-file was not provided.
(Use `node --trace-warnings ...` to show where the warning was created)
 [32m✓[39m src/components/ui/Input.test.tsx [2m([22m[2m5 tests[22m[2m)[22m[33m 656[2mms[22m[39m
     [33m[2m✓[22m[39m renders input element [33m 549[2mms[22m[39m
(node:26196) ExperimentalWarning: localStorage is not available because --localstorage-file was not provided.
(Use `node --trace-warnings ...` to show where the warning was created)
 [32m✓[39m src/components/allocations/AllocationJournalTable.test.tsx [2m([22m[2m3 tests[22m[2m)[22m[33m 976[2mms[22m[39m
     [33m[2m✓[22m[39m renders without crashing [33m 829[2mms[22m[39m
(node:23680) ExperimentalWarning: localStorage is not available because --localstorage-file was not provided.
(Use `node --trace-warnings ...` to show where the warning was created)
 [32m✓[39m src/pages/workforce/__tests__/CompModelingPage.test.tsx [2m([22m[2m6 tests[22m[2m)[22m[33m 1191[2mms[22m[39m
     [33m[2m✓[22m[39m renders the page heading [33m 504[2mms[22m[39m
 [32m✓[39m src/components/saas/SaaSCohortTable.test.tsx [2m([22m[2m10 tests[22m[2m)[22m[33m 673[2mms[22m[39m
(node:14940) ExperimentalWarning: localStorage is not available because --localstorage-file was not provided.
(Use `node --trace-warnings ...` to show where the warning was created)
(node:12400) ExperimentalWarning: localStorage is not available because --localstorage-file was not provided.
(Use `node --trace-warnings ...` to show where the warning was created)
 [32m✓[39m src/pages/realestate/FacilityManagementPage.test.tsx [2m([22m[2m2 tests[22m[2m)[22m[33m 786[2mms[22m[39m
     [33m[2m✓[22m[39m displays heading [33m 595[2mms[22m[39m
 [32m✓[39m src/pages/scenarios/__tests__/ScenarioBuilderPage.test.tsx [2m([22m[2m5 tests[22m[2m | [22m[33m1 skipped[39m[2m)[22m[33m 744[2mms[22m[39m
     [33m[2m✓[22m[39m renders the page heading [33m 328[2mms[22m[39m
(node:30752) ExperimentalWarning: localStorage is not available because --localstorage-file was not provided.
(Use `node --trace-warnings ...` to show where the warning was created)
(node:32928) ExperimentalWarning: localStorage is not available because --localstorage-file was not provided.
(Use `node --trace-warnings ...` to show where the warning was created)
 [32m✓[39m src/pages/__tests__/sector/EducationDashboardPage.test.tsx [2m([22m[2m2 tests[22m[2m)[22m[33m 902[2mms[22m[39m
     [33m[2m✓[22m[39m renders empty state when no entries [33m 573[2mms[22m[39m
     [33m[2m✓[22m[39m renders dashboard with entries [33m 326[2mms[22m[39m
(node:26732) ExperimentalWarning: localStorage is not available because --localstorage-file was not provided.
(Use `node --trace-warnings ...` to show where the warning was created)
(node:15132) ExperimentalWarning: localStorage is not available because --localstorage-file was not provided.
(Use `node --trace-warnings ...` to show where the warning was created)
(node:27336) ExperimentalWarning: localStorage is not available because --localstorage-file was not provided.
(Use `node --trace-warnings ...` to show where the warning was created)
(node:24500) ExperimentalWarning: localStorage is not available because --localstorage-file was not provided.
(Use `node --trace-warnings ...` to show where the warning was created)
 [32m✓[39m src/components/ui/LiveRegion.test.tsx [2m([22m[2m4 tests[22m[2m)[22m[33m 523[2mms[22m[39m
     [33m[2m✓[22m[39m renders with polite aria-live by default [33m 463[2mms[22m[39m
 [32m✓[39m src/components/ui/DrillThroughBreadcrumb.test.tsx [2m([22m[2m5 tests[22m[2m)[22m[33m 630[2mms[22m[39m
     [33m[2m✓[22m[39m renders separator between items [33m 437[2mms[22m[39m
 [32m✓[39m src/components/esg/ESGDashboard.test.tsx [2m([22m[2m8 tests[22m[2m)[22m[33m 726[2mms[22m[39m
 [32m✓[39m src/pages/__tests__/sector/TelecomDashboardPage.test.tsx [2m([22m[2m2 tests[22m[2m)[22m[33m 616[2mms[22m[39m
     [33m[2m✓[22m[39m renders empty state when no entries [33m 466[2mms[22m[39m
(node:7792) ExperimentalWarning: localStorage is not available because --localstorage-file was not provided.
(Use `node --trace-warnings ...` to show where the warning was created)
(node:13172) ExperimentalWarning: localStorage is not available because --localstorage-file was not provided.
(Use `node --trace-warnings ...` to show where the warning was created)
 [32m✓[39m src/pages/__tests__/sector/LogisticsDashboardPage.test.tsx [2m([22m[2m2 tests[22m[2m)[22m[33m 714[2mms[22m[39m
     [33m[2m✓[22m[39m renders empty state when no entries [33m 537[2mms[22m[39m
 [32m✓[39m src/components/persona/PersonaBadge.test.tsx [2m([22m[2m7 tests[22m[2m)[22m[33m 930[2mms[22m[39m
     [33m[2m✓[22m[39m has role="img" and aria-label for screen readers (WCAG 4.1.2) [33m 518[2mms[22m[39m
 [32m✓[39m src/components/ai/CopilotAlertsTab.test.tsx [2m([22m[2m4 tests[22m[2m)[22m[33m 353[2mms[22m[39m
 [32m✓[39m src/components/ui/ConfirmDialog.test.tsx [2m([22m[2m4 tests[22m[2m)[22m[33m 734[2mms[22m[39m
     [33m[2m✓[22m[39m renders confirm and cancel buttons [33m 361[2mms[22m[39m
(node:30232) ExperimentalWarning: localStorage is not available because --localstorage-file was not provided.
(Use `node --trace-warnings ...` to show where the warning was created)
(node:31000) ExperimentalWarning: localStorage is not available because --localstorage-file was not provided.
(Use `node --trace-warnings ...` to show where the warning was created)
 [32m✓[39m src/components/ui/LazyReveal.test.tsx [2m([22m[2m12 tests[22m[2m)[22m[33m 340[2mms[22m[39m
(node:17436) ExperimentalWarning: localStorage is not available because --localstorage-file was not provided.
(Use `node --trace-warnings ...` to show where the warning was created)
 [32m✓[39m src/components/ui/EmptyState.test.tsx [2m([22m[2m13 tests[22m[2m)[22m[33m 1052[2mms[22m[39m
     [33m[2m✓[22m[39m has role="status" [33m 604[2mms[22m[39m
(node:16152) ExperimentalWarning: localStorage is not available because --localstorage-file was not provided.
(Use `node --trace-warnings ...` to show where the warning was created)
 [32m✓[39m src/pages/__tests__/sector/BankingDashboardPage.test.tsx [2m([22m[2m2 tests[22m[2m)[22m[33m 809[2mms[22m[39m
     [33m[2m✓[22m[39m renders empty state when no entries [33m 608[2mms[22m[39m
(node:23148) ExperimentalWarning: localStorage is not available because --localstorage-file was not provided.
(Use `node --trace-warnings ...` to show where the warning was created)
(node:15264) ExperimentalWarning: localStorage is not available because --localstorage-file was not provided.
(Use `node --trace-warnings ...` to show where the warning was created)
(node:4240) ExperimentalWarning: localStorage is not available because --localstorage-file was not provided.
(Use `node --trace-warnings ...` to show where the warning was created)
(node:24808) ExperimentalWarning: localStorage is not available because --localstorage-file was not provided.
(Use `node --trace-warnings ...` to show where the warning was created)
(node:30128) ExperimentalWarning: localStorage is not available because --localstorage-file was not provided.
(Use `node --trace-warnings ...` to show where the warning was created)
 [32m✓[39m src/components/ui/EmptySearchResults.test.tsx [2m([22m[2m11 tests[22m[2m)[22m[33m 590[2mms[22m[39m
     [33m[2m✓[22m[39m has role="region" [33m 356[2mms[22m[39m
 [32m✓[39m src/pages/reports/components/BudgetVsActualHeader.test.tsx [2m([22m[2m3 tests[22m[2m)[22m[33m 978[2mms[22m[39m
     [33m[2m✓[22m[39m displays heading [33m 738[2mms[22m[39m
 [32m✓[39m src/components/ui/EmptyFilterResults.test.tsx [2m([22m[2m12 tests[22m[2m)[22m[33m 490[2mms[22m[39m
(node:19932) ExperimentalWarning: localStorage is not available because --localstorage-file was not provided.
(Use `node --trace-warnings ...` to show where the warning was created)
 [32m✓[39m src/pages/saas/__tests__/CohortAnalysisPage.test.tsx [2m([22m[2m5 tests[22m[2m)[22m[33m 684[2mms[22m[39m
 [32m✓[39m src/components/reports/BoardPackBuilder.test.tsx [2m([22m[2m6 tests[22m[2m)[22m[33m 530[2mms[22m[39m
     [33m[2m✓[22m[39m renders the Generate PDF button [33m 323[2mms[22m[39m
(node:16960) ExperimentalWarning: localStorage is not available because --localstorage-file was not provided.
(Use `node --trace-warnings ...` to show where the warning was created)
 [32m✓[39m src/components/ui/ChartCard.test.tsx [2m([22m[2m3 tests[22m[2m)[22m[33m 716[2mms[22m[39m
     [33m[2m✓[22m[39m renders actions when provided [33m 460[2mms[22m[39m
 [32m✓[39m src/pages/__tests__/retail/PromoAnalysisPage.test.tsx [2m([22m[2m1 test[22m[2m)[22m[33m 449[2mms[22m[39m
     [33m[2m✓[22m[39m renders the promo analysis page [33m 447[2mms[22m[39m
 [32m✓[39m src/pages/__tests__/sector/GovernmentDashboardPage.test.tsx [2m([22m[2m2 tests[22m[2m)[22m[33m 803[2mms[22m[39m
     [33m[2m✓[22m[39m renders empty state when no entries [33m 528[2mms[22m[39m
(node:25632) ExperimentalWarning: localStorage is not available because --localstorage-file was not provided.
(Use `node --trace-warnings ...` to show where the warning was created)
 [32m✓[39m src/pages/reports/components/BudgetVsActualTable.test.tsx [2m([22m[2m6 tests[22m[2m)[22m[33m 542[2mms[22m[39m
     [33m[2m✓[22m[39m has correct ARIA attributes [33m 353[2mms[22m[39m
(node:14752) ExperimentalWarning: localStorage is not available because --localstorage-file was not provided.
(Use `node --trace-warnings ...` to show where the warning was created)
(node:25564) ExperimentalWarning: localStorage is not available because --localstorage-file was not provided.
(Use `node --trace-warnings ...` to show where the warning was created)
 [32m✓[39m src/components/ui/EntityTree.test.tsx [2m([22m[2m6 tests[22m[2m)[22m[33m 448[2mms[22m[39m
(node:11272) ExperimentalWarning: localStorage is not available because --localstorage-file was not provided.
(Use `node --trace-warnings ...` to show where the warning was created)
(node:18744) ExperimentalWarning: localStorage is not available because --localstorage-file was not provided.
(Use `node --trace-warnings ...` to show where the warning was created)
 [32m✓[39m src/pages/saas/__tests__/ChurnDashboard.test.tsx [2m([22m[2m6 tests[22m[2m)[22m[33m 589[2mms[22m[39m
(node:19160) ExperimentalWarning: localStorage is not available because --localstorage-file was not provided.
(Use `node --trace-warnings ...` to show where the warning was created)
(node:28928) ExperimentalWarning: localStorage is not available because --localstorage-file was not provided.
(Use `node --trace-warnings ...` to show where the warning was created)
(node:3768) ExperimentalWarning: localStorage is not available because --localstorage-file was not provided.
(Use `node --trace-warnings ...` to show where the warning was created)
 [32m✓[39m src/components/dashboard/TornadoChart.test.tsx [2m([22m[2m18 tests[22m[2m)[22m[33m 703[2mms[22m[39m
 [32m✓[39m src/components/analytics/ChartWrapper.test.tsx [2m([22m[2m18 tests[22m[2m)[22m[33m 408[2mms[22m[39m
 [32m✓[39m src/components/ui/ShortcutHelpModal.test.tsx [2m([22m[2m3 tests[22m[2m)[22m[33m 484[2mms[22m[39m
     [33m[2m✓[22m[39m renders when open is true [33m 328[2mms[22m[39m
 [32m✓[39m src/components/ui/GuidedTour.test.tsx [2m([22m[2m9 tests[22m[2m)[22m[33m 657[2mms[22m[39m
(node:15660) ExperimentalWarning: localStorage is not available because --localstorage-file was not provided.
(Use `node --trace-warnings ...` to show where the warning was created)
(node:21580) ExperimentalWarning: localStorage is not available because --localstorage-file was not provided.
(Use `node --trace-warnings ...` to show where the warning was created)
(node:23064) ExperimentalWarning: localStorage is not available because --localstorage-file was not provided.
(Use `node --trace-warnings ...` to show where the warning was created)
 [32m✓[39m src/pages/templates/__tests__/TemplateGalleryPage.test.tsx [2m([22m[2m1 test[22m[2m)[22m[33m 709[2mms[22m[39m
     [33m[2m✓[22m[39m renders heading [33m 706[2mms[22m[39m
(node:31352) ExperimentalWarning: localStorage is not available because --localstorage-file was not provided.
(Use `node --trace-warnings ...` to show where the warning was created)
 [32m✓[39m src/pages/__tests__/sectors/EducationDashboardPage.test.tsx [2m([22m[2m2 tests[22m[2m)[22m[33m 488[2mms[22m[39m
     [33m[2m✓[22m[39m renders the education dashboard [33m 400[2mms[22m[39m
 [32m✓[39m src/components/finance/DriverPanel.test.tsx [2m([22m[2m7 tests[22m[2m)[22m[33m 1113[2mms[22m[39m
     [33m[2m✓[22m[39m renders close button when onClose is provided [33m 801[2mms[22m[39m
 [32m✓[39m src/components/spreadsheet/ConditionalFormatRules.test.tsx [2m([22m[2m1 test[22m[2m)[22m[33m 921[2mms[22m[39m
     [33m[2m✓[22m[39m renders without crashing [33m 919[2mms[22m[39m
 [32m✓[39m src/components/currency/FXPositionGrid.test.tsx [2m([22m[2m4 tests[22m[2m)[22m[33m 655[2mms[22m[39m
     [33m[2m✓[22m[39m renders without crashing [33m 384[2mms[22m[39m
(node:20360) ExperimentalWarning: localStorage is not available because --localstorage-file was not provided.
(Use `node --trace-warnings ...` to show where the warning was created)
(node:2672) ExperimentalWarning: localStorage is not available because --localstorage-file was not provided.
(Use `node --trace-warnings ...` to show where the warning was created)
(node:24932) ExperimentalWarning: localStorage is not available because --localstorage-file was not provided.
(Use `node --trace-warnings ...` to show where the warning was created)
(node:31212) ExperimentalWarning: localStorage is not available because --localstorage-file was not provided.
(Use `node --trace-warnings ...` to show where the warning was created)
(node:27012) ExperimentalWarning: localStorage is not available because --localstorage-file was not provided.
(Use `node --trace-warnings ...` to show where the warning was created)
 [32m✓[39m src/pages/__tests__/sectors/LogisticsDashboardPage.test.tsx [2m([22m[2m2 tests[22m[2m)[22m[33m 676[2mms[22m[39m
     [33m[2m✓[22m[39m renders the logistics dashboard [33m 520[2mms[22m[39m
(node:15536) ExperimentalWarning: localStorage is not available because --localstorage-file was not provided.
(Use `node --trace-warnings ...` to show where the warning was created)
 [32m✓[39m src/pages/reports/ProfitLossPage.test.tsx [2m([22m[2m3 tests[22m[2m)[22m[33m 543[2mms[22m[39m
     [33m[2m✓[22m[39m shows import data button when entries are empty [33m 409[2mms[22m[39m
 [32m✓[39m src/components/data/FileUploader.test.tsx [2m([22m[2m10 tests[22m[2m)[22m[33m 535[2mms[22m[39m
 [32m✓[39m src/pages/__tests__/banking/BankReconciliation.test.tsx [2m([22m[2m2 tests[22m[2m)[22m[33m 589[2mms[22m[39m
     [33m[2m✓[22m[39m renders without crashing [33m 526[2mms[22m[39m
 [32m✓[39m src/components/ui/ICMatchingDashboard.test.tsx [2m([22m[2m3 tests[22m[2m)[22m[33m 694[2mms[22m[39m
(node:26276) ExperimentalWarning: localStorage is not available because --localstorage-file was not provided.
(Use `node --trace-warnings ...` to show where the warning was created)
(node:20428) ExperimentalWarning: localStorage is not available because --localstorage-file was not provided.
(Use `node --trace-warnings ...` to show where the warning was created)
 [32m✓[39m src/components/layout/__tests__/Sidebar.test.tsx [2m([22m[2m2 tests[22m[2m)[22m[33m 467[2mms[22m[39m
(node:21044) ExperimentalWarning: localStorage is not available because --localstorage-file was not provided.
(Use `node --trace-warnings ...` to show where the warning was created)
(node:21972) ExperimentalWarning: localStorage is not available because --localstorage-file was not provided.
(Use `node --trace-warnings ...` to show where the warning was created)
(node:25188) ExperimentalWarning: localStorage is not available because --localstorage-file was not provided.
(Use `node --trace-warnings ...` to show where the warning was created)
 [32m✓[39m src/components/ui/ErrorBoundary.test.tsx [2m([22m[2m9 tests[22m[2m)[22m[33m 492[2mms[22m[39m
 [32m✓[39m src/pages/onboarding/SetupWizardPage.test.tsx [2m([22m[2m3 tests[22m[2m)[22m[33m 719[2mms[22m[39m
     [33m[2m✓[22m[39m displays setup wizard heading [33m 491[2mms[22m[39m
 [32m✓[39m src/components/budgets/BudgetGrid.test.tsx [2m([22m[2m14 tests[22m[2m)[22m[33m 390[2mms[22m[39m
 [32m✓[39m src/pages/__tests__/collaboration/TeamWorkspace.test.tsx [2m([22m[2m2 tests[22m[2m)[22m[33m 887[2mms[22m[39m
     [33m[2m✓[22m[39m renders without crashing [33m 700[2mms[22m[39m
 [32m✓[39m src/components/ui/KeyboardOverlay.test.tsx [2m([22m[2m6 tests[22m[2m)[22m[33m 1116[2mms[22m[39m
     [33m[2m✓[22m[39m renders shortcut groups when open [33m 331[2mms[22m[39m
(node:18264) ExperimentalWarning: localStorage is not available because --localstorage-file was not provided.
(Use `node --trace-warnings ...` to show where the warning was created)
(node:24252) ExperimentalWarning: localStorage is not available because --localstorage-file was not provided.
(Use `node --trace-warnings ...` to show where the warning was created)
 [32m✓[39m src/components/ui/WaterfallBridge.test.tsx [2m([22m[2m6 tests[22m[2m)[22m[32m 280[2mms[22m[39m
(node:19656) ExperimentalWarning: localStorage is not available because --localstorage-file was not provided.
(Use `node --trace-warnings ...` to show where the warning was created)
(node:12052) ExperimentalWarning: localStorage is not available because --localstorage-file was not provided.
(Use `node --trace-warnings ...` to show where the warning was created)
(node:4352) ExperimentalWarning: localStorage is not available because --localstorage-file was not provided.
(Use `node --trace-warnings ...` to show where the warning was created)
 [32m✓[39m src/__tests__/a11y/q5-1-keyboard-nav.test.tsx [2m([22m[2m8 tests[22m[2m)[22m[33m 782[2mms[22m[39m
     [33m[2m✓[22m[39m aggregate: 140 measurements all ≤ 100ms [33m 345[2mms[22m[39m
(node:30312) ExperimentalWarning: localStorage is not available because --localstorage-file was not provided.
(Use `node --trace-warnings ...` to show where the warning was created)
(node:26172) ExperimentalWarning: localStorage is not available because --localstorage-file was not provided.
(Use `node --trace-warnings ...` to show where the warning was created)
 [32m✓[39m src/pages/__tests__/budgets/BudgetApproval.test.tsx [2m([22m[2m2 tests[22m[2m)[22m[33m 590[2mms[22m[39m
     [33m[2m✓[22m[39m renders without crashing [33m 474[2mms[22m[39m
 [32m✓[39m src/components/collaboration/PresenceIndicator.test.tsx [2m([22m[2m5 tests[22m[2m)[22m[33m 884[2mms[22m[39m
     [33m[2m✓[22m[39m renders role=status with correct aria-label [33m 621[2mms[22m[39m
(node:18980) ExperimentalWarning: localStorage is not available because --localstorage-file was not provided.
(Use `node --trace-warnings ...` to show where the warning was created)
 [32m✓[39m src/pages/__tests__/consolidation/ConsolidationPage.test.tsx [2m([22m[2m2 tests[22m[2m)[22m[33m 763[2mms[22m[39m
     [33m[2m✓[22m[39m renders without crashing [33m 584[2mms[22m[39m
 [32m✓[39m src/pages/__tests__/collaboration/SharedReports.test.tsx [2m([22m[2m2 tests[22m[2m)[22m[33m 638[2mms[22m[39m
     [33m[2m✓[22m[39m renders without crashing [33m 564[2mms[22m[39m
(node:9832) ExperimentalWarning: localStorage is not available because --localstorage-file was not provided.
(Use `node --trace-warnings ...` to show where the warning was created)
 [32m✓[39m src/components/ui/ICReconciliationReport.test.tsx [2m([22m[2m5 tests[22m[2m)[22m[33m 533[2mms[22m[39m
(node:8608) ExperimentalWarning: localStorage is not available because --localstorage-file was not provided.
(Use `node --trace-warnings ...` to show where the warning was created)
 [32m✓[39m src/pages/saas/__tests__/ChurnAnalysisPage.test.tsx [2m([22m[2m5 tests[22m[2m)[22m[33m 625[2mms[22m[39m
     [33m[2m✓[22m[39m renders the page heading [33m 346[2mms[22m[39m
(node:33496) ExperimentalWarning: localStorage is not available because --localstorage-file was not provided.
(Use `node --trace-warnings ...` to show where the warning was created)
 [32m✓[39m src/services/api.test.ts [2m([22m[2m8 tests[22m[2m)[22m[32m 297[2mms[22m[39m
 [32m✓[39m src/pages/__tests__/reports/ReportTemplateLibraryPage.test.tsx [2m([22m[2m2 tests[22m[2m)[22m[33m 1097[2mms[22m[39m
     [33m[2m✓[22m[39m renders the template library [33m 607[2mms[22m[39m
     [33m[2m✓[22m[39m renders empty state [33m 487[2mms[22m[39m
 [32m✓[39m src/components/currency/MultiCurrencyReporting.test.tsx [2m([22m[2m3 tests[22m[2m)[22m[33m 552[2mms[22m[39m
(node:18704) ExperimentalWarning: localStorage is not available because --localstorage-file was not provided.
(Use `node --trace-warnings ...` to show where the warning was created)
(node:3704) ExperimentalWarning: localStorage is not available because --localstorage-file was not provided.
(Use `node --trace-warnings ...` to show where the warning was created)
(node:32872) ExperimentalWarning: localStorage is not available because --localstorage-file was not provided.
(Use `node --trace-warnings ...` to show where the warning was created)
[90mstderr[2m | src/components/charts/ChartShowcasePage.test.tsx[2m > [22m[2mChartShowcasePage[2m > 
[22m[2mrenders without crashing
[22m[39mThe width(-1) and height(-1) of chart should be greater than 0,
       please check the style of container, or the props width(100%) and height(100%),
       or add a minWidth(0) or minHeight(undefined) or use aspect(undefined) to control the
       height and width.

 [32m✓[39m src/components/charts/ChartShowcasePage.test.tsx [2m([22m[2m1 test[22m[2m)[22m[33m 593[2mms[22m[39m
     [33m[2m✓[22m[39m renders without crashing [33m 591[2mms[22m[39m
(node:25344) ExperimentalWarning: localStorage is not available because --localstorage-file was not provided.
(Use `node --trace-warnings ...` to show where the warning was created)
(node:24064) ExperimentalWarning: localStorage is not available because --localstorage-file was not provided.
(Use `node --trace-warnings ...` to show where the warning was created)
(node:29100) ExperimentalWarning: localStorage is not available because --localstorage-file was not provided.
(Use `node --trace-warnings ...` to show where the warning was created)
 [32m✓[39m src/pages/__tests__/sectors/TelecomDashboardPage.test.tsx [2m([22m[2m3 tests[22m[2m)[22m[33m 1615[2mms[22m[39m
     [33m[2m✓[22m[39m renders the telecom dashboard [33m 1085[2mms[22m[39m
 [32m✓[39m src/components/analytics/DataLineageViewer.test.tsx [2m([22m[2m14 tests[22m[2m)[22m[33m 626[2mms[22m[39m
(node:14348) ExperimentalWarning: localStorage is not available because --localstorage-file was not provided.
(Use `node --trace-warnings ...` to show where the warning was created)
 [32m✓[39m src/components/ui/ConditionalFormattingRenderers.test.tsx [2m([22m[2m13 tests[22m[2m)[22m[33m 531[2mms[22m[39m
(node:33436) ExperimentalWarning: localStorage is not available because --localstorage-file was not provided.
(Use `node --trace-warnings ...` to show where the warning was created)
 [32m✓[39m src/components/ui/TornadoChart.test.tsx [2m([22m[2m5 tests[22m[2m)[22m[33m 814[2mms[22m[39m
     [33m[2m✓[22m[39m renders without crashing with data [33m 367[2mms[22m[39m
 [32m✓[39m src/components/ui/FunnelChart.test.tsx [2m([22m[2m7 tests[22m[2m)[22m[33m 566[2mms[22m[39m
 [32m✓[39m src/components/esg/ESGMetricsDashboard.test.tsx [2m([22m[2m3 tests[22m[2m)[22m[33m 484[2mms[22m[39m
     [33m[2m✓[22m[39m renders metrics when store has data [33m 386[2mms[22m[39m
 [32m✓[39m src/components/scenarios/DriverTreeView.test.tsx [2m([22m[2m11 tests[22m[2m)[22m[33m 904[2mms[22m[39m
(node:11000) ExperimentalWarning: localStorage is not available because --localstorage-file was not provided.
(Use `node --trace-warnings ...` to show where the warning was created)
(node:30208) ExperimentalWarning: localStorage is not available because --localstorage-file was not provided.
(Use `node --trace-warnings ...` to show where the warning was created)
(node:25504) ExperimentalWarning: localStorage is not available because --localstorage-file was not provided.
(Use `node --trace-warnings ...` to show where the warning was created)
 [32m✓[39m src/components/ui/GaugeChart.test.tsx [2m([22m[2m7 tests[22m[2m)[22m[33m 663[2mms[22m[39m
 [32m✓[39m src/pages/__tests__/forecasts/RollingForecastPage.test.tsx [2m([22m[2m3 tests[22m[2m)[22m[33m 923[2mms[22m[39m
     [33m[2m✓[22m[39m renders period selector buttons [33m 791[2mms[22m[39m
 [32m✓[39m src/__tests__/a11y/q5-3-session-fixation.test.tsx [2m([22m[2m15 tests[22m[2m)[22m[33m 2641[2mms[22m[39m
       [33m[2m✓[22m[39m step-up modal traps focus on Verify/Sign-out/Save&Sign-out (3 buttons) [33m 1895[2mms[22m[39m
(node:20452) ExperimentalWarning: localStorage is not available because --localstorage-file was not provided.
(Use `node --trace-warnings ...` to show where the warning was created)
(node:26124) ExperimentalWarning: localStorage is not available because --localstorage-file was not provided.
(Use `node --trace-warnings ...` to show where the warning was created)
 [32m✓[39m src/components/dashboard/ActivityFeed.test.tsx [2m([22m[2m18 tests[22m[2m)[22m[33m 985[2mms[22m[39m
(node:17548) ExperimentalWarning: localStorage is not available because --localstorage-file was not provided.
(Use `node --trace-warnings ...` to show where the warning was created)
 [32m✓[39m src/components/ui/DragFill.test.tsx [2m([22m[2m13 tests[22m[2m)[22m[33m 827[2mms[22m[39m
(node:21652) ExperimentalWarning: localStorage is not available because --localstorage-file was not provided.
(Use `node --trace-warnings ...` to show where the warning was created)
(node:12468) ExperimentalWarning: localStorage is not available because --localstorage-file was not provided.
(Use `node --trace-warnings ...` to show where the warning was created)
 [32m✓[39m src/components/ui/InlineLoader.test.tsx [2m([22m[2m10 tests[22m[2m)[22m[33m 360[2mms[22m[39m
(node:30552) ExperimentalWarning: localStorage is not available because --localstorage-file was not provided.
(Use `node --trace-warnings ...` to show where the warning was created)
(node:31760) ExperimentalWarning: localStorage is not available because --localstorage-file was not provided.
(Use `node --trace-warnings ...` to show where the warning was created)
 [32m✓[39m src/components/ui/Breadcrumb.test.tsx [2m([22m[2m9 tests[22m[2m)[22m[33m 491[2mms[22m[39m
 [32m✓[39m src/services/WebSocketManager.test.ts [2m([22m[2m12 tests[22m[2m)[22m[32m 249[2mms[22m[39m
(node:25176) ExperimentalWarning: localStorage is not available because --localstorage-file was not provided.
(Use `node --trace-warnings ...` to show where the warning was created)
 [32m✓[39m src/components/insurance/UnderwritingDashboard.test.tsx [2m([22m[2m6 tests[22m[2m)[22m[33m 1094[2mms[22m[39m
 [32m✓[39m src/pages/charts/__tests__/ChartShowcasePage.test.tsx [2m([22m[2m1 test[22m[2m)[22m[33m 1090[2mms[22m[39m
     [33m[2m✓[22m[39m renders heading [33m 1087[2mms[22m[39m
(node:22204) ExperimentalWarning: localStorage is not available because --localstorage-file was not provided.
(Use `node --trace-warnings ...` to show where the warning was created)
 [32m✓[39m src/utils/offlineCache.test.ts [2m([22m[2m27 tests[22m[2m)[22m[33m 363[2mms[22m[39m
 [32m✓[39m src/pages/forecasts/ForecastListPage.test.tsx [2m([22m[2m2 tests[22m[2m)[22m[33m 917[2mms[22m[39m
     [33m[2m✓[22m[39m renders without crashing [33m 349[2mms[22m[39m
     [33m[2m✓[22m[39m displays the empty state when no forecasts exist [33m 565[2mms[22m[39m
(node:24232) ExperimentalWarning: localStorage is not available because --localstorage-file was not provided.
(Use `node --trace-warnings ...` to show where the warning was created)
(node:7708) ExperimentalWarning: localStorage is not available because --localstorage-file was not provided.
(Use `node --trace-warnings ...` to show where the warning was created)
 [32m✓[39m src/pages/capex/CapExDashboard.test.tsx [2m([22m[2m2 tests[22m[2m)[22m[33m 1124[2mms[22m[39m
     [33m[2m✓[22m[39m renders without crashing [33m 738[2mms[22m[39m
     [33m[2m✓[22m[39m displays the Capital Expenditures heading (has inline mock data) [33m 383[2mms[22m[39m
(node:25552) ExperimentalWarning: localStorage is not available because --localstorage-file was not provided.
(Use `node --trace-warnings ...` to show where the warning was created)
 [32m✓[39m src/pages/consolidation/OwnershipTreePage.test.tsx [2m([22m[2m2 tests[22m[2m)[22m[33m 534[2mms[22m[39m
     [33m[2m✓[22m[39m displays Ownership Structure heading [33m 366[2mms[22m[39m
 [32m✓[39m src/pages/budgets/BudgetVAReport.test.tsx [2m([22m[2m2 tests[22m[2m)[22m[33m 378[2mms[22m[39m
(node:18712) ExperimentalWarning: localStorage is not available because --localstorage-file was not provided.
(Use `node --trace-warnings ...` to show where the warning was created)
Not implemented: navigation to another Document
Not implemented: navigation to another Document
Not implemented: navigation to another Document
Not implemented: navigation to another Document
 [32m✓[39m src/hooks/useDataGridExport.test.ts [2m([22m[2m5 tests[22m[2m)[22m[33m 442[2mms[22m[39m
(node:21072) ExperimentalWarning: localStorage is not available because --localstorage-file was not provided.
(Use `node --trace-warnings ...` to show where the warning was created)
(node:22692) ExperimentalWarning: localStorage is not available because --localstorage-file was not provided.
(Use `node --trace-warnings ...` to show where the warning was created)
(node:30796) ExperimentalWarning: localStorage is not available because --localstorage-file was not provided.
(Use `node --trace-warnings ...` to show where the warning was created)
 [32m✓[39m src/engines/FormulaEngine.performance.test.ts [2m([22m[2m23 tests[22m[2m)[22m[33m 647[2mms[22m[39m
 [32m✓[39m src/hooks/useFindReplace.test.ts [2m([22m[2m12 tests[22m[2m)[22m[32m 226[2mms[22m[39m
(node:14768) ExperimentalWarning: localStorage is not available because --localstorage-file was not provided.
(Use `node --trace-warnings ...` to show where the warning was created)
 [32m✓[39m src/engines/ProfessionalExportEngine.test.ts [2m([22m[2m27 tests[22m[2m)[22m[33m 341[2mms[22m[39m
(node:16656) ExperimentalWarning: localStorage is not available because --localstorage-file was not provided.
(Use `node --trace-warnings ...` to show where the warning was created)
 [32m✓[39m src/engines/TemplateLibrary.test.ts [2m([22m[2m75 tests[22m[2m)[22m[32m 221[2mms[22m[39m
(node:21900) ExperimentalWarning: localStorage is not available because --localstorage-file was not provided.
(Use `node --trace-warnings ...` to show where the warning was created)
 [32m✓[39m src/engines/MultiBookEngine.test.ts [2m([22m[2m28 tests[22m[2m)[22m[32m 117[2mms[22m[39m
(node:14132) ExperimentalWarning: localStorage is not available because --localstorage-file was not provided.
(Use `node --trace-warnings ...` to show where the warning was created)
(node:5488) ExperimentalWarning: localStorage is not available because --localstorage-file was not provided.
(Use `node --trace-warnings ...` to show where the warning was created)
(node:14960) ExperimentalWarning: localStorage is not available because --localstorage-file was not provided.
(Use `node --trace-warnings ...` to show where the warning was created)
 [32m✓[39m src/pages/lease/LeaseDashboard.test.tsx [2m([22m[2m2 tests[22m[2m)[22m[33m 355[2mms[22m[39m
 [32m✓[39m src/pages/healthcare/ClinicalTrialCostPage.test.tsx [2m([22m[2m2 tests[22m[2m)[22m[33m 1256[2mms[22m[39m
     [33m[2m✓[22m[39m renders without crashing [33m 385[2mms[22m[39m
     [33m[2m✓[22m[39m displays page heading [33m 868[2mms[22m[39m
 [32m✓[39m src/components/ui/OnboardingWizard.test.tsx [2m([22m[2m4 tests[22m[2m)[22m[33m 1092[2mms[22m[39m
     [33m[2m✓[22m[39m renders without crashing [33m 489[2mms[22m[39m
     [33m[2m✓[22m[39m displays welcome message on first step [33m 318[2mms[22m[39m
(node:23144) ExperimentalWarning: localStorage is not available because --localstorage-file was not provided.
(Use `node --trace-warnings ...` to show where the warning was created)
 [32m✓[39m src/components/construction/JobCostDashboard.test.tsx [2m([22m[2m6 tests[22m[2m)[22m[33m 553[2mms[22m[39m
(node:24276) ExperimentalWarning: localStorage is not available because --localstorage-file was not provided.
(Use `node --trace-warnings ...` to show where the warning was created)
(node:24936) ExperimentalWarning: localStorage is not available because --localstorage-file was not provided.
(Use `node --trace-warnings ...` to show where the warning was created)
(node:28416) ExperimentalWarning: localStorage is not available because --localstorage-file was not provided.
(Use `node --trace-warnings ...` to show where the warning was created)
 [32m✓[39m src/pages/revenue/RevRecDashboard.test.tsx [2m([22m[2m2 tests[22m[2m)[22m[33m 689[2mms[22m[39m
     [33m[2m✓[22m[39m displays no-data state when entries are empty [33m 439[2mms[22m[39m
 [32m✓[39m src/components/ui/DataGridToolbar.test.tsx [2m([22m[2m6 tests[22m[2m)[22m[33m 1188[2mms[22m[39m
     [33m[2m✓[22m[39m shows column menu when showColumnMenu is true [33m 689[2mms[22m[39m
 [32m✓[39m src/pages/__tests__/reports/SegmentReportingPage.test.tsx [2m([22m[2m1 test[22m[2m)[22m[33m 562[2mms[22m[39m
     [33m[2m✓[22m[39m renders the segment reporting page [33m 559[2mms[22m[39m
(node:25016) ExperimentalWarning: localStorage is not available because --localstorage-file was not provided.
(Use `node --trace-warnings ...` to show where the warning was created)
(node:33456) ExperimentalWarning: localStorage is not available because --localstorage-file was not provided.
(Use `node --trace-warnings ...` to show where the warning was created)
(node:31884) ExperimentalWarning: localStorage is not available because --localstorage-file was not provided.
(Use `node --trace-warnings ...` to show where the warning was created)
 [32m✓[39m src/components/ui/GanttChart.test.tsx [2m([22m[2m6 tests[22m[2m)[22m[33m 1031[2mms[22m[39m
     [33m[2m✓[22m[39m renders without crashing with data [33m 905[2mms[22m[39m
(node:26140) ExperimentalWarning: localStorage is not available because --localstorage-file was not provided.
(Use `node --trace-warnings ...` to show where the warning was created)
(node:476) ExperimentalWarning: localStorage is not available because --localstorage-file was not provided.
(Use `node --trace-warnings ...` to show where the warning was created)
(node:17004) ExperimentalWarning: localStorage is not available because --localstorage-file was not provided.
(Use `node --trace-warnings ...` to show where the warning was created)
(node:6016) ExperimentalWarning: localStorage is not available because --localstorage-file was not provided.
(Use `node --trace-warnings ...` to show where the warning was created)
 [32m✓[39m src/pages/__tests__/forecasts/DriverSummaryPanel.test.tsx [2m([22m[2m3 tests[22m[2m)[22m[33m 873[2mms[22m[39m
     [33m[2m✓[22m[39m renders cascade summary title [33m 514[2mms[22m[39m
 [32m✓[39m src/pages/telecom/__tests__/TelecomPage.test.tsx [2m([22m[2m1 test[22m[2m)[22m[33m 1275[2mms[22m[39m
     [33m[2m✓[22m[39m renders heading [33m 1271[2mms[22m[39m
 [32m✓[39m src/components/ui/RuleEditor/ColorScaleOptions.test.tsx [2m([22m[2m1 test[22m[2m)[22m[33m 835[2mms[22m[39m
     [33m[2m✓[22m[39m renders color scale options [33m 832[2mms[22m[39m
 [32m✓[39m src/components/treasury/CashForecastChart.test.tsx [2m([22m[2m10 tests[22m[2m)[22m[33m 957[2mms[22m[39m
     [33m[2m✓[22m[39m renders Start data point [33m 355[2mms[22m[39m
 [32m✓[39m src/pages/__tests__/forecasts/AddDriverForm.test.tsx [2m([22m[2m3 tests[22m[2m)[22m[33m 1021[2mms[22m[39m
     [33m[2m✓[22m[39m renders the form with title [33m 460[2mms[22m[39m
     [33m[2m✓[22m[39m renders all form fields with empty defaults [33m 354[2mms[22m[39m
 [32m✓[39m src/pages/__tests__/data/DataFlowMapPage.test.tsx [2m([22m[2m3 tests[22m[2m)[22m[33m 1198[2mms[22m[39m
     [33m[2m✓[22m[39m renders the sankey diagram container [33m 418[2mms[22m[39m
     [33m[2m✓[22m[39m renders the four legend cards [33m 667[2mms[22m[39m
(node:30492) ExperimentalWarning: localStorage is not available because --localstorage-file was not provided.
(Use `node --trace-warnings ...` to show where the warning was created)
(node:33028) ExperimentalWarning: localStorage is not available because --localstorage-file was not provided.
(Use `node --trace-warnings ...` to show where the warning was created)
 [32m✓[39m src/pages/manufacturing/InventoryPage.test.tsx [2m([22m[2m2 tests[22m[2m)[22m[33m 1482[2mms[22m[39m
     [33m[2m✓[22m[39m renders without crashing [33m 1067[2mms[22m[39m
     [33m[2m✓[22m[39m displays inventory management heading [33m 413[2mms[22m[39m
(node:4652) ExperimentalWarning: localStorage is not available because --localstorage-file was not provided.
(Use `node --trace-warnings ...` to show where the warning was created)
 [32m✓[39m src/components/ui/ScatterPlot.test.tsx [2m([22m[2m7 tests[22m[2m)[22m[33m 491[2mms[22m[39m
 [32m✓[39m src/components/reports/__tests__/ReportTemplateLibrary.test.tsx [2m([22m[2m2 tests[22m[2m)[22m[33m 1732[2mms[22m[39m
     [33m[2m✓[22m[39m renders templates tab [33m 402[2mms[22m[39m
     [33m[2m✓[22m[39m shows saved reports tab [33m 1322[2mms[22m[39m
(node:21812) ExperimentalWarning: localStorage is not available because --localstorage-file was not provided.
(Use `node --trace-warnings ...` to show where the warning was created)
(node:31980) ExperimentalWarning: localStorage is not available because --localstorage-file was not provided.
(Use `node --trace-warnings ...` to show where the warning was created)
(node:27512) ExperimentalWarning: localStorage is not available because --localstorage-file was not provided.
(Use `node --trace-warnings ...` to show where the warning was created)
(node:10360) ExperimentalWarning: localStorage is not available because --localstorage-file was not provided.
(Use `node --trace-warnings ...` to show where the warning was created)
 [32m✓[39m src/pages/__tests__/reports/ThreeStatementDashboardPage.test.tsx [2m([22m[2m2 tests[22m[2m)[22m[33m 1168[2mms[22m[39m
     [33m[2m✓[22m[39m renders empty state when no entries [33m 391[2mms[22m[39m
     [33m[2m✓[22m[39m renders dashboard with entries [33m 774[2mms[22m[39m
(node:15400) ExperimentalWarning: localStorage is not available because --localstorage-file was not provided.
(Use `node --trace-warnings ...` to show where the warning was created)
(node:29304) ExperimentalWarning: localStorage is not available because --localstorage-file was not provided.
(Use `node --trace-warnings ...` to show where the warning was created)
 [32m✓[39m src/components/ui/SankeyChart.test.tsx [2m([22m[2m5 tests[22m[2m)[22m[33m 355[2mms[22m[39m
(node:14784) ExperimentalWarning: localStorage is not available because --localstorage-file was not provided.
(Use `node --trace-warnings ...` to show where the warning was created)
 [32m✓[39m src/pages/tax/__tests__/TransferPricingPage.test.tsx [2m([22m[2m1 test[22m[2m)[22m[33m 2355[2mms[22m[39m
     [33m[2m✓[22m[39m renders heading [33m 2352[2mms[22m[39m
[90mstderr[2m | src/pages/settings/__tests__/UserManagementPage.test.tsx[2m > [22m[2mUserManagementPage[2m > 
[22m[2mrenders heading
[22m[39mEncountered two children with the same key, `id`. Keys should be unique so that components maintain their 
identity across updates. Non-unique keys may cause children to be duplicated and/or omitted — the behavior is 
unsupported and could change in a future version.

 [32m✓[39m src/pages/settings/__tests__/UserManagementPage.test.tsx [2m([22m[2m1 test[22m[2m)[22m[32m 159[2mms[22m[39m
 [32m✓[39m src/components/ui/Progress.test.tsx [2m([22m[2m25 tests[22m[2m)[22m[33m 1417[2mms[22m[39m
     [33m[2m✓[22m[39m sets width to 50% for value 50 [33m 414[2mms[22m[39m
 [32m✓[39m src/pages/__tests__/reports/ReportScheduler.test.tsx [2m([22m[2m3 tests[22m[2m)[22m[33m 738[2mms[22m[39m
     [33m[2m✓[22m[39m renders the scheduler page [33m 346[2mms[22m[39m
     [33m[2m✓[22m[39m renders empty state [33m 368[2mms[22m[39m
 [32m✓[39m src/pages/__tests__/retail/StoreDashboardPage.test.tsx [2m([22m[2m2 tests[22m[2m)[22m[33m 608[2mms[22m[39m
     [33m[2m✓[22m[39m renders dashboard with entries [33m 494[2mms[22m[39m
(node:22624) ExperimentalWarning: localStorage is not available because --localstorage-file was not provided.
(Use `node --trace-warnings ...` to show where the warning was created)
(node:16808) ExperimentalWarning: localStorage is not available because --localstorage-file was not provided.
(Use `node --trace-warnings ...` to show where the warning was created)
(node:29004) ExperimentalWarning: localStorage is not available because --localstorage-file was not provided.
(Use `node --trace-warnings ...` to show where the warning was created)
 [32m✓[39m src/components/saas/ChurnWaterfall.test.tsx [2m([22m[2m5 tests[22m[2m)[22m[33m 342[2mms[22m[39m
 [32m✓[39m src/components/reports/ExecutiveSummary.test.tsx [2m([22m[2m7 tests[22m[2m)[22m[33m 619[2mms[22m[39m
 [32m✓[39m src/pages/__tests__/forecasts/WhatIfPage.test.tsx [2m([22m[2m3 tests[22m[2m)[22m[33m 317[2mms[22m[39m
(node:32980) ExperimentalWarning: localStorage is not available because --localstorage-file was not provided.
(Use `node --trace-warnings ...` to show where the warning was created)
(node:26016) ExperimentalWarning: localStorage is not available because --localstorage-file was not provided.
(Use `node --trace-warnings ...` to show where the warning was created)
 [32m✓[39m src/components/ui/FinancialTable.test.tsx [2m([22m[2m5 tests[22m[2m)[22m[32m 290[2mms[22m[39m
(node:18124) ExperimentalWarning: localStorage is not available because --localstorage-file was not provided.
(Use `node --trace-warnings ...` to show where the warning was created)
(node:28096) ExperimentalWarning: localStorage is not available because --localstorage-file was not provided.
(Use `node --trace-warnings ...` to show where the warning was created)
 [32m✓[39m src/pages/credit/CreditRiskPage.test.tsx [2m([22m[2m2 tests[22m[2m)[22m[32m 198[2mms[22m[39m
(node:18056) ExperimentalWarning: localStorage is not available because --localstorage-file was not provided.
(Use `node --trace-warnings ...` to show where the warning was created)
 [32m✓[39m src/components/settings/TemplateMarketplace.test.tsx [2m([22m[2m11 tests[22m[2m)[22m[33m 694[2mms[22m[39m
 [32m✓[39m src/pages/manufacturing/COGSVariancePage.test.tsx [2m([22m[2m2 tests[22m[2m)[22m[32m 156[2mms[22m[39m
(node:7392) ExperimentalWarning: localStorage is not available because --localstorage-file was not provided.
(Use `node --trace-warnings ...` to show where the warning was created)
 [32m✓[39m src/pages/forecasts/ForecastBuilderPage.test.tsx [2m([22m[2m2 tests[22m[2m)[22m[33m 665[2mms[22m[39m
     [33m[2m✓[22m[39m displays heading [33m 403[2mms[22m[39m
(node:21756) ExperimentalWarning: localStorage is not available because --localstorage-file was not provided.
(Use `node --trace-warnings ...` to show where the warning was created)
 [32m✓[39m src/pages/insurance/InsuranceDashboardPage.test.tsx [2m([22m[2m2 tests[22m[2m)[22m[33m 876[2mms[22m[39m
     [33m[2m✓[22m[39m renders without crashing [33m 582[2mms[22m[39m
 [32m✓[39m src/components/ui/Card.test.tsx [2m([22m[2m7 tests[22m[2m)[22m[33m 679[2mms[22m[39m
(node:16472) ExperimentalWarning: localStorage is not available because --localstorage-file was not provided.
(Use `node --trace-warnings ...` to show where the warning was created)
 [32m✓[39m src/components/ui/PresenceIndicator.test.tsx [2m([22m[2m13 tests[22m[2m)[22m[32m 272[2mms[22m[39m
(node:23472) ExperimentalWarning: localStorage is not available because --localstorage-file was not provided.
(Use `node --trace-warnings ...` to show where the warning was created)
(node:27224) ExperimentalWarning: localStorage is not available because --localstorage-file was not provided.
(Use `node --trace-warnings ...` to show where the warning was created)
 [32m✓[39m src/components/ui/CommentaryTemplate.test.tsx [2m([22m[2m6 tests[22m[2m)[22m[33m 630[2mms[22m[39m
     [33m[2m✓[22m[39m renders built-in template names [33m 314[2mms[22m[39m
[90mstderr[2m | src/pages/__tests__/data/MigrationWizard.test.tsx[2m > [22m[2mMigrationWizard[2m > 
[22m[2mrenders the heading
[22m[39mUnknown event handler property `onFile`. It will be ignored.

 [32m✓[39m src/pages/__tests__/data/MigrationWizard.test.tsx [2m([22m[2m6 tests[22m[2m)[22m[32m 242[2mms[22m[39m
(node:19336) ExperimentalWarning: localStorage is not available because --localstorage-file was not provided.
(Use `node --trace-warnings ...` to show where the warning was created)
(node:31992) ExperimentalWarning: localStorage is not available because --localstorage-file was not provided.
(Use `node --trace-warnings ...` to show where the warning was created)
(node:20120) ExperimentalWarning: localStorage is not available because --localstorage-file was not provided.
(Use `node --trace-warnings ...` to show where the warning was created)
 [32m✓[39m src/pages/reports/components/BudgetVsActualSummary.test.tsx [2m([22m[2m6 tests[22m[2m)[22m[33m 483[2mms[22m[39m
     [33m[2m✓[22m[39m renders budget, actual, and variance values [33m 339[2mms[22m[39m
 [32m✓[39m src/components/realestate/PropertyDashboard.test.tsx [2m([22m[2m6 tests[22m[2m)[22m[33m 704[2mms[22m[39m
     [33m[2m✓[22m[39m renders without crashing [33m 415[2mms[22m[39m
(node:22420) ExperimentalWarning: localStorage is not available because --localstorage-file was not provided.
(Use `node --trace-warnings ...` to show where the warning was created)
(node:22852) ExperimentalWarning: localStorage is not available because --localstorage-file was not provided.
(Use `node --trace-warnings ...` to show where the warning was created)
(node:10472) ExperimentalWarning: localStorage is not available because --localstorage-file was not provided.
(Use `node --trace-warnings ...` to show where the warning was created)
 [32m✓[39m src/pages/reports/BoardPackPage.test.tsx [2m([22m[2m2 tests[22m[2m)[22m[33m 362[2mms[22m[39m
     [33m[2m✓[22m[39m renders without crashing [33m 316[2mms[22m[39m
(node:23736) ExperimentalWarning: localStorage is not available because --localstorage-file was not provided.
(Use `node --trace-warnings ...` to show where the warning was created)
(node:32416) ExperimentalWarning: localStorage is not available because --localstorage-file was not provided.
(Use `node --trace-warnings ...` to show where the warning was created)
 [32m✓[39m src/__tests__/a11y/q5-4-live-region-audit.test.tsx [2m([22m[2m5 tests[22m[2m)[22m[33m 1928[2mms[22m[39m
     [33m[2m✓[22m[39m renders with role="status" [33m 1428[2mms[22m[39m
 [32m✓[39m src/pages/realestate/PropertyPortfolioPage.test.tsx [2m([22m[2m2 tests[22m[2m)[22m[32m 222[2mms[22m[39m
 [32m✓[39m src/components/reports/designer/ReportDesigner.test.tsx [2m([22m[2m1 test[22m[2m)[22m[32m 286[2mms[22m[39m
 [32m✓[39m src/pages/tax/__tests__/TaxProvisionPage.test.tsx [2m([22m[2m1 test[22m[2m)[22m[33m 966[2mms[22m[39m
     [33m[2m✓[22m[39m renders heading [33m 964[2mms[22m[39m
(node:14244) ExperimentalWarning: localStorage is not available because --localstorage-file was not provided.
(Use `node --trace-warnings ...` to show where the warning was created)
 [32m✓[39m src/components/ui/WaterfallChart.test.tsx [2m([22m[2m6 tests[22m[2m)[22m[32m 233[2mms[22m[39m
 [32m✓[39m src/components/ui/TreeMap.test.tsx [2m([22m[2m4 tests[22m[2m)[22m[33m 373[2mms[22m[39m
     [33m[2m✓[22m[39m renders without crashing with data [33m 326[2mms[22m[39m
(node:15096) ExperimentalWarning: localStorage is not available because --localstorage-file was not provided.
(Use `node --trace-warnings ...` to show where the warning was created)
 [32m✓[39m src/pages/__tests__/data/ImportJobHistory.test.tsx [2m([22m[2m4 tests[22m[2m)[22m[33m 793[2mms[22m[39m
     [33m[2m✓[22m[39m renders table headers [33m 374[2mms[22m[39m
(node:33308) ExperimentalWarning: localStorage is not available because --localstorage-file was not provided.
(Use `node --trace-warnings ...` to show where the warning was created)
(node:11604) ExperimentalWarning: localStorage is not available because --localstorage-file was not provided.
(Use `node --trace-warnings ...` to show where the warning was created)
 [32m✓[39m src/components/currency/HedgeManager.test.tsx [2m([22m[2m1 test[22m[2m)[22m[33m 408[2mms[22m[39m
     [33m[2m✓[22m[39m renders without crashing [33m 405[2mms[22m[39m
(node:27808) ExperimentalWarning: localStorage is not available because --localstorage-file was not provided.
(Use `node --trace-warnings ...` to show where the warning was created)
(node:16924) ExperimentalWarning: localStorage is not available because --localstorage-file was not provided.
(Use `node --trace-warnings ...` to show where the warning was created)
(node:20904) ExperimentalWarning: localStorage is not available because --localstorage-file was not provided.
(Use `node --trace-warnings ...` to show where the warning was created)
[90mstderr[2m | src/pages/retail/RetailDashboardPage.test.tsx[2m > [22m[2mRetailDashboardPage smoke test[2m > 
[22m[2mrenders without crashing
[22m[39mThe tag <stop> is unrecognized in this browser. If you meant to render a React component, start its name 
with an uppercase letter.
<linearGradient /> is using incorrect casing. Use PascalCase for React components, or lowercase for HTML elements.
The tag <linearGradient> is unrecognized in this browser. If you meant to render a React component, start its name 
with an uppercase letter.
The tag <defs> is unrecognized in this browser. If you meant to render a React component, start its name with an 
uppercase letter.

 [32m✓[39m src/components/ui/KPIValue.test.tsx [2m([22m[2m7 tests[22m[2m)[22m[33m 799[2mms[22m[39m
     [33m[2m✓[22m[39m renders label text [33m 435[2mms[22m[39m
[90mstderr[2m | src/pages/retail/RetailDashboardPage.test.tsx[2m > [22m[2mRetailDashboardPage smoke test[2m > 
[22m[2mdisplays the retail dashboard heading
[22m[39m<linearGradient /> is using incorrect casing. Use PascalCase for React components, or lowercase for HTML 
elements.

(node:28452) ExperimentalWarning: localStorage is not available because --localstorage-file was not provided.
(Use `node --trace-warnings ...` to show where the warning was created)
 [32m✓[39m src/pages/retail/RetailDashboardPage.test.tsx [2m([22m[2m2 tests[22m[2m)[22m[33m 628[2mms[22m[39m
     [33m[2m✓[22m[39m renders without crashing [33m 558[2mms[22m[39m
 [32m✓[39m src/components/ui/SandboxMode.test.tsx [2m([22m[2m7 tests[22m[2m)[22m[33m 311[2mms[22m[39m
(node:15756) ExperimentalWarning: localStorage is not available because --localstorage-file was not provided.
(Use `node --trace-warnings ...` to show where the warning was created)
(node:23872) ExperimentalWarning: localStorage is not available because --localstorage-file was not provided.
(Use `node --trace-warnings ...` to show where the warning was created)
(node:19376) ExperimentalWarning: localStorage is not available because --localstorage-file was not provided.
(Use `node --trace-warnings ...` to show where the warning was created)
 [32m✓[39m src/pages/__tests__/data/ReconciliationResults.test.tsx [2m([22m[2m5 tests[22m[2m)[22m[33m 733[2mms[22m[39m
 [32m✓[39m src/components/charts/__tests__/HeatmapChart.test.tsx [2m([22m[2m1 test[22m[2m)[22m[32m 276[2mms[22m[39m
[90mstderr[2m | src/pages/__tests__/data/ReconciliationPanel.test.tsx[2m > [22m[2mReconciliationPanel[2m > 
[22m[2mrenders the heading
[22m[39mUnknown event handler property `onFile`. It will be ignored.

 [32m✓[39m src/components/currency/CurrencyTranslation.test.tsx [2m([22m[2m1 test[22m[2m)[22m[33m 668[2mms[22m[39m
     [33m[2m✓[22m[39m renders without crashing [33m 665[2mms[22m[39m
 [32m✓[39m src/pages/__tests__/data/ReconciliationPanel.test.tsx [2m([22m[2m6 tests[22m[2m)[22m[33m 393[2mms[22m[39m
(node:14468) ExperimentalWarning: localStorage is not available because --localstorage-file was not provided.
(Use `node --trace-warnings ...` to show where the warning was created)
 [32m✓[39m src/pages/ai/__tests__/NLQChatPage.test.tsx [2m([22m[2m1 test[22m[2m)[22m[32m 299[2mms[22m[39m
 [32m✓[39m src/pages/HelpPage.test.tsx [2m([22m[2m2 tests[22m[2m)[22m[33m 1569[2mms[22m[39m
     [33m[2m✓[22m[39m renders without crashing [33m 714[2mms[22m[39m
     [33m[2m✓[22m[39m displays the help center heading [33m 853[2mms[22m[39m
(node:13892) ExperimentalWarning: localStorage is not available because --localstorage-file was not provided.
(Use `node --trace-warnings ...` to show where the warning was created)
(node:27708) ExperimentalWarning: localStorage is not available because --localstorage-file was not provided.
(Use `node --trace-warnings ...` to show where the warning was created)
(node:12400) ExperimentalWarning: localStorage is not available because --localstorage-file was not provided.
(Use `node --trace-warnings ...` to show where the warning was created)
 [32m✓[39m src/components/reports/__tests__/TemplateDesigner.test.tsx [2m([22m[2m2 tests[22m[2m)[22m[32m 293[2mms[22m[39m
 [32m✓[39m src/pages/ProfilePage.test.tsx [2m([22m[2m2 tests[22m[2m)[22m[32m 260[2mms[22m[39m
 [32m✓[39m src/pages/collaboration/CollaborationPage.test.tsx [2m([22m[2m2 tests[22m[2m)[22m[33m 715[2mms[22m[39m
     [33m[2m✓[22m[39m renders without crashing [33m 541[2mms[22m[39m
(node:14640) ExperimentalWarning: localStorage is not available because --localstorage-file was not provided.
(Use `node --trace-warnings ...` to show where the warning was created)
(node:4072) ExperimentalWarning: localStorage is not available because --localstorage-file was not provided.
(Use `node --trace-warnings ...` to show where the warning was created)
(node:21712) ExperimentalWarning: localStorage is not available because --localstorage-file was not provided.
(Use `node --trace-warnings ...` to show where the warning was created)
(node:21364) ExperimentalWarning: localStorage is not available because --localstorage-file was not provided.
(Use `node --trace-warnings ...` to show where the warning was created)
(node:26940) ExperimentalWarning: localStorage is not available because --localstorage-file was not provided.
(Use `node --trace-warnings ...` to show where the warning was created)
 [32m✓[39m src/pages/ai/AIIntelligencePage.test.tsx [2m([22m[2m2 tests[22m[2m)[22m[33m 519[2mms[22m[39m
     [33m[2m✓[22m[39m displays AI Intelligence Center heading [33m 301[2mms[22m[39m
(node:30592) ExperimentalWarning: localStorage is not available because --localstorage-file was not provided.
(Use `node --trace-warnings ...` to show where the warning was created)
 [32m✓[39m src/components/ui/SaveStatusIndicator.test.tsx [2m([22m[2m1 test[22m[2m)[22m[32m 163[2mms[22m[39m
 [32m✓[39m src/components/finance/FXPositionGrid.test.tsx [2m([22m[2m4 tests[22m[2m)[22m[33m 518[2mms[22m[39m
 [32m✓[39m src/components/auth/ProtectedRoute.test.tsx [2m([22m[2m30 tests[22m[2m)[22m[33m 1165[2mms[22m[39m
     [33m[2m✓[22m[39m shows access denied when user role is not in roles list [33m 389[2mms[22m[39m
 [32m✓[39m src/pages/smoke-new-sectors.test.tsx [2m([22m[2m10 tests[22m[2m)[22m[33m 837[2mms[22m[39m
 [32m✓[39m src/components/ui/GenerativeDashboard.test.tsx [2m([22m[2m1 test[22m[2m)[22m[32m 202[2mms[22m[39m
(node:16328) ExperimentalWarning: localStorage is not available because --localstorage-file was not provided.
(Use `node --trace-warnings ...` to show where the warning was created)
(node:32568) ExperimentalWarning: localStorage is not available because --localstorage-file was not provided.
(Use `node --trace-warnings ...` to show where the warning was created)
 [32m✓[39m src/pages/analytics/__tests__/DashboardBuilderPage.test.tsx [2m([22m[2m1 test[22m[2m)[22m[32m 140[2mms[22m[39m
(node:23816) ExperimentalWarning: localStorage is not available because --localstorage-file was not provided.
(Use `node --trace-warnings ...` to show where the warning was created)
 [32m✓[39m src/components/ui/ConditionalRuleEditor.test.tsx [2m([22m[2m1 test[22m[2m)[22m[33m 554[2mms[22m[39m
     [33m[2m✓[22m[39m renders without crashing [33m 551[2mms[22m[39m
 [32m✓[39m src/pages/esg/CSRDReportPage.test.tsx [2m([22m[2m2 tests[22m[2m)[22m[33m 351[2mms[22m[39m
(node:27160) ExperimentalWarning: localStorage is not available because --localstorage-file was not provided.
(Use `node --trace-warnings ...` to show where the warning was created)
 [32m✓[39m src/components/ui/ProgressStepper.test.tsx [2m([22m[2m5 tests[22m[2m)[22m[32m 147[2mms[22m[39m
(node:10448) ExperimentalWarning: localStorage is not available because --localstorage-file was not provided.
(Use `node --trace-warnings ...` to show where the warning was created)
 [32m✓[39m src/workers/exports.test.ts [2m([22m[2m5 tests[22m[2m)[22m[32m 54[2mms[22m[39m
(node:28764) ExperimentalWarning: localStorage is not available because --localstorage-file was not provided.
(Use `node --trace-warnings ...` to show where the warning was created)
(node:21668) ExperimentalWarning: localStorage is not available because --localstorage-file was not provided.
(Use `node --trace-warnings ...` to show where the warning was created)
 [32m✓[39m src/pages/budgets/BudgetDetailPage.test.tsx [2m([22m[2m2 tests[22m[2m)[22m[32m 108[2mms[22m[39m
(node:30128) ExperimentalWarning: localStorage is not available because --localstorage-file was not provided.
(Use `node --trace-warnings ...` to show where the warning was created)
 [32m✓[39m src/components/allocations/AllocationPreview.test.tsx [2m([22m[2m1 test[22m[2m)[22m[32m 114[2mms[22m[39m
(node:14544) ExperimentalWarning: localStorage is not available because --localstorage-file was not provided.
(Use `node --trace-warnings ...` to show where the warning was created)
(node:29164) ExperimentalWarning: localStorage is not available because --localstorage-file was not provided.
(Use `node --trace-warnings ...` to show where the warning was created)
 [32m✓[39m src/pages/templates/__tests__/TemplatePreviewPage.test.tsx [2m([22m[2m5 tests[22m[2m)[22m[33m 784[2mms[22m[39m
     [33m[2m✓[22m[39m renders KPI list [33m 372[2mms[22m[39m
 [32m✓[39m src/components/ui/RuleEditor/ColorStyleOptions.test.tsx [2m([22m[2m2 tests[22m[2m)[22m[33m 364[2mms[22m[39m
     [33m[2m✓[22m[39m renders background color label [33m 327[2mms[22m[39m
(node:5940) ExperimentalWarning: localStorage is not available because --localstorage-file was not provided.
(Use `node --trace-warnings ...` to show where the warning was created)
 [32m✓[39m src/components/data/GLDropZone.test.tsx [2m([22m[2m5 tests[22m[2m)[22m[32m 261[2mms[22m[39m
(node:15436) ExperimentalWarning: localStorage is not available because --localstorage-file was not provided.
(Use `node --trace-warnings ...` to show where the warning was created)
(node:14148) ExperimentalWarning: localStorage is not available because --localstorage-file was not provided.
(Use `node --trace-warnings ...` to show where the warning was created)
 [32m✓[39m src/components/ui/VisuallyHidden.test.tsx [2m([22m[2m2 tests[22m[2m)[22m[32m 254[2mms[22m[39m
 [32m✓[39m src/pages/settings/__tests__/ConnectorSettingsPage.test.tsx [2m([22m[2m1 test[22m[2m)[22m[33m 532[2mms[22m[39m
     [33m[2m✓[22m[39m renders heading [33m 529[2mms[22m[39m
 [32m✓[39m src/components/ui/Badge.test.tsx [2m([22m[2m6 tests[22m[2m)[22m[33m 509[2mms[22m[39m
(node:9272) ExperimentalWarning: localStorage is not available because --localstorage-file was not provided.
(Use `node --trace-warnings ...` to show where the warning was created)
 [32m✓[39m src/pages/accounting/__tests__/MultiBookPage.test.tsx [2m([22m[2m1 test[22m[2m)[22m[33m 668[2mms[22m[39m
     [33m[2m✓[22m[39m renders heading [33m 664[2mms[22m[39m
(node:7340) ExperimentalWarning: localStorage is not available because --localstorage-file was not provided.
(Use `node --trace-warnings ...` to show where the warning was created)
 [32m✓[39m src/pages/cash/WorkingCapitalPage.test.tsx [2m([22m[2m2 tests[22m[2m)[22m[32m 110[2mms[22m[39m
(node:28416) ExperimentalWarning: localStorage is not available because --localstorage-file was not provided.
(Use `node --trace-warnings ...` to show where the warning was created)
(node:26732) ExperimentalWarning: localStorage is not available because --localstorage-file was not provided.
(Use `node --trace-warnings ...` to show where the warning was created)
 [32m✓[39m src/pages/retail/StorePerformancePage.test.tsx [2m([22m[2m2 tests[22m[2m)[22m[32m 234[2mms[22m[39m
(node:27956) ExperimentalWarning: localStorage is not available because --localstorage-file was not provided.
(Use `node --trace-warnings ...` to show where the warning was created)
 [32m✓[39m src/components/finance/DepreciationProjection.test.tsx [2m([22m[2m5 tests[22m[2m)[22m[32m 203[2mms[22m[39m
(node:21828) ExperimentalWarning: localStorage is not available because --localstorage-file was not provided.
(Use `node --trace-warnings ...` to show where the warning was created)
 [32m✓[39m src/pages/settings/__tests__/SecuritySettingsPage.test.tsx [2m([22m[2m1 test[22m[2m)[22m[33m 1726[2mms[22m[39m
     [33m[2m✓[22m[39m renders heading [33m 1722[2mms[22m[39m
 [32m✓[39m src/components/charts/__tests__/WaterfallChart.test.tsx [2m([22m[2m2 tests[22m[2m)[22m[33m 422[2mms[22m[39m
(node:22436) ExperimentalWarning: localStorage is not available because --localstorage-file was not provided.
(Use `node --trace-warnings ...` to show where the warning was created)
(node:21952) ExperimentalWarning: localStorage is not available because --localstorage-file was not provided.
(Use `node --trace-warnings ...` to show where the warning was created)
 [32m✓[39m src/pages/revenue/DeferredSchedulePage.test.tsx [2m([22m[2m1 test[22m[2m)[22m[33m 524[2mms[22m[39m
     [33m[2m✓[22m[39m renders without crashing [33m 522[2mms[22m[39m
(node:10772) ExperimentalWarning: localStorage is not available because --localstorage-file was not provided.
(Use `node --trace-warnings ...` to show where the warning was created)
 [32m✓[39m src/components/ui/ChatMessage.test.tsx [2m([22m[2m2 tests[22m[2m)[22m[32m 212[2mms[22m[39m
(node:3928) ExperimentalWarning: localStorage is not available because --localstorage-file was not provided.
(Use `node --trace-warnings ...` to show where the warning was created)
 [32m✓[39m src/pages/manufacturing/ProductionDashboardPage.test.tsx [2m([22m[2m2 tests[22m[2m)[22m[32m 117[2mms[22m[39m
(node:25580) ExperimentalWarning: localStorage is not available because --localstorage-file was not provided.
(Use `node --trace-warnings ...` to show where the warning was created)
 [32m✓[39m src/pages/reports/ReportsListPage.test.tsx [2m([22m[2m2 tests[22m[2m)[22m[33m 318[2mms[22m[39m
(node:33284) ExperimentalWarning: localStorage is not available because --localstorage-file was not provided.
(Use `node --trace-warnings ...` to show where the warning was created)
(node:26012) ExperimentalWarning: localStorage is not available because --localstorage-file was not provided.
(Use `node --trace-warnings ...` to show where the warning was created)
(node:30888) ExperimentalWarning: localStorage is not available because --localstorage-file was not provided.
(Use `node --trace-warnings ...` to show where the warning was created)
 [32m✓[39m src/components/reports/__tests__/FormulaBar.test.tsx [2m([22m[2m2 tests[22m[2m)[22m[33m 504[2mms[22m[39m
     [33m[2m✓[22m[39m renders format options [33m 310[2mms[22m[39m
 [32m✓[39m src/components/data/GLAccountDrillDown.test.tsx [2m([22m[2m5 tests[22m[2m)[22m[33m 551[2mms[22m[39m
 [32m✓[39m src/pages/scenarios/ScenarioListPage.test.tsx [2m([22m[2m2 tests[22m[2m)[22m[32m 200[2mms[22m[39m
(node:32064) ExperimentalWarning: localStorage is not available because --localstorage-file was not provided.
(Use `node --trace-warnings ...` to show where the warning was created)
(node:30340) ExperimentalWarning: localStorage is not available because --localstorage-file was not provided.
(Use `node --trace-warnings ...` to show where the warning was created)
 [32m✓[39m src/components/retail/StoreDashboard.test.tsx [2m([22m[2m5 tests[22m[2m)[22m[32m 141[2mms[22m[39m
(node:33588) ExperimentalWarning: localStorage is not available because --localstorage-file was not provided.
(Use `node --trace-warnings ...` to show where the warning was created)
(node:31456) ExperimentalWarning: localStorage is not available because --localstorage-file was not provided.
(Use `node --trace-warnings ...` to show where the warning was created)
 [32m✓[39m src/pages/capex/DepreciationForecastPage.test.tsx [2m([22m[2m2 tests[22m[2m)[22m[32m 86[2mms[22m[39m
 [32m✓[39m src/services/nim.test.ts [2m([22m[2m21 tests[22m[2m)[22m[32m 159[2mms[22m[39m
(node:20144) ExperimentalWarning: localStorage is not available because --localstorage-file was not provided.
(Use `node --trace-warnings ...` to show where the warning was created)
 [32m✓[39m src/components/ui/ScenarioLocking.test.tsx [2m([22m[2m6 tests[22m[2m)[22m[33m 665[2mms[22m[39m
 [32m✓[39m src/pages/__tests__/data/DataSummaryCard.test.tsx [2m([22m[2m5 tests[22m[2m)[22m[33m 428[2mms[22m[39m
 [32m✓[39m src/components/ui/DrillDownModal.test.tsx [2m([22m[2m4 tests[22m[2m)[22m[33m 617[2mms[22m[39m
     [33m[2m✓[22m[39m renders without crashing when open [33m 316[2mms[22m[39m
(node:13936) ExperimentalWarning: localStorage is not available because --localstorage-file was not provided.
(Use `node --trace-warnings ...` to show where the warning was created)
 [32m✓[39m src/components/ui/ScenarioTimeline.test.tsx [2m([22m[2m6 tests[22m[2m)[22m[33m 442[2mms[22m[39m
(node:17440) ExperimentalWarning: localStorage is not available because --localstorage-file was not provided.
(Use `node --trace-warnings ...` to show where the warning was created)
 [32m✓[39m src/components/allocations/AllocationAuditTrail.test.tsx [2m([22m[2m1 test[22m[2m)[22m[32m 226[2mms[22m[39m
(node:13336) ExperimentalWarning: localStorage is not available because --localstorage-file was not provided.
(Use `node --trace-warnings ...` to show where the warning was created)
(node:31004) ExperimentalWarning: localStorage is not available because --localstorage-file was not provided.
(Use `node --trace-warnings ...` to show where the warning was created)
(node:19092) ExperimentalWarning: localStorage is not available because --localstorage-file was not provided.
(Use `node --trace-warnings ...` to show where the warning was created)
 [32m✓[39m src/pages/currency/TranslationResultPage.test.tsx [2m([22m[2m2 tests[22m[2m)[22m[32m 164[2mms[22m[39m
 [32m✓[39m src/components/allocations/AllocationRuleBuilder.test.tsx [2m([22m[2m1 test[22m[2m)[22m[32m 122[2mms[22m[39m
 [32m✓[39m src/components/ui/SystemHealthMonitor.test.tsx [2m([22m[2m7 tests[22m[2m)[22m[33m 360[2mms[22m[39m
(node:28508) ExperimentalWarning: localStorage is not available because --localstorage-file was not provided.
(Use `node --trace-warnings ...` to show where the warning was created)
(node:32612) ExperimentalWarning: localStorage is not available because --localstorage-file was not provided.
(Use `node --trace-warnings ...` to show where the warning was created)
 [32m✓[39m src/components/consolidation/ICMatchingPanel.test.tsx [2m([22m[2m1 test[22m[2m)[22m[32m 292[2mms[22m[39m
 [32m✓[39m src/components/reports/__tests__/ReportBookBuilder.test.tsx [2m([22m[2m1 test[22m[2m)[22m[32m 161[2mms[22m[39m
(node:32952) ExperimentalWarning: localStorage is not available because --localstorage-file was not provided.
(Use `node --trace-warnings ...` to show where the warning was created)
 [32m✓[39m src/components/ui/RuleEditor/ConditionFields.test.tsx [2m([22m[2m2 tests[22m[2m)[22m[32m 204[2mms[22m[39m
(node:11824) ExperimentalWarning: localStorage is not available because --localstorage-file was not provided.
(Use `node --trace-warnings ...` to show where the warning was created)
(node:25984) ExperimentalWarning: localStorage is not available because --localstorage-file was not provided.
(Use `node --trace-warnings ...` to show where the warning was created)
 [32m✓[39m src/workers/worker-pool.test.ts [2m([22m[2m13 tests[22m[2m)[22m[32m 131[2mms[22m[39m
 [32m✓[39m src/pages/reports/BalanceSheetPage.test.tsx [2m([22m[2m2 tests[22m[2m)[22m[32m 97[2mms[22m[39m
(node:5128) ExperimentalWarning: localStorage is not available because --localstorage-file was not provided.
(Use `node --trace-warnings ...` to show where the warning was created)
 [32m✓[39m src/pages/saas/__tests__/ARRDashboard.test.tsx [2m([22m[2m3 tests[22m[2m)[22m[32m 280[2mms[22m[39m
(node:22432) ExperimentalWarning: localStorage is not available because --localstorage-file was not provided.
(Use `node --trace-warnings ...` to show where the warning was created)
(node:21852) ExperimentalWarning: localStorage is not available because --localstorage-file was not provided.
(Use `node --trace-warnings ...` to show where the warning was created)
 [32m✓[39m src/components/sectors/SectorDashboard.test.tsx [2m([22m[2m1 test[22m[2m)[22m[32m 232[2mms[22m[39m
(node:28096) ExperimentalWarning: localStorage is not available because --localstorage-file was not provided.
(Use `node --trace-warnings ...` to show where the warning was created)
(node:32440) ExperimentalWarning: localStorage is not available because --localstorage-file was not provided.
(Use `node --trace-warnings ...` to show where the warning was created)
 [32m✓[39m src/pages/currency/FXRatesPage.test.tsx [2m([22m[2m2 tests[22m[2m)[22m[32m 121[2mms[22m[39m
 [32m✓[39m src/pages/data/ChartOfAccountsPage.test.tsx [2m([22m[2m2 tests[22m[2m)[22m[32m 254[2mms[22m[39m
 [32m✓[39m src/pages/settings/__tests__/BackupRestorePage.test.tsx [2m([22m[2m1 test[22m[2m)[22m[32m 183[2mms[22m[39m
(node:22744) ExperimentalWarning: localStorage is not available because --localstorage-file was not provided.
(Use `node --trace-warnings ...` to show where the warning was created)
(node:23468) ExperimentalWarning: localStorage is not available because --localstorage-file was not provided.
(Use `node --trace-warnings ...` to show where the warning was created)
 [32m✓[39m src/components/charts/__tests__/GaugeChart.test.tsx [2m([22m[2m2 tests[22m[2m)[22m[32m 135[2mms[22m[39m
 [32m✓[39m src/pages/realestate/RealEstateDashboardPage.test.tsx [2m([22m[2m2 tests[22m[2m)[22m[32m 245[2mms[22m[39m
(node:33368) ExperimentalWarning: localStorage is not available because --localstorage-file was not provided.
(Use `node --trace-warnings ...` to show where the warning was created)
[90mstderr[2m | src/pages/__tests__/forecasts/DriverCard.test.tsx[2m > [22m[2mDriverCard[2m > [22m[2mrenders 
driver name
[22m[39mIn HTML, <button> cannot be a descendant of <button>.
This will cause a hydration error.

  <Providers>
    <I18nextProvider i18n={{observers:{}, ...}}>
      <BrowserRouter>
        <Router basename={undefined} location={{pathname:"/", ...}} navigationType="POP" navigator={{action:"POP", 
...}} ...>
          <DriverCard driver={{id:"d1",name:"...", ...}} isExpanded={false} pendingValue={10} impact={undefined} ...>
            <Card className="overflow-h...">
              <div className="overflow-h...">
>               <button className="w-full text-left p-4 flex items-center justify-between" onClick={function Mock}>
                  <div>
                  <div className="flex items...">
>                   <button
>                     onClick={function onClick}
>                     className="p-1 rounded hover:opacity-80"
>                     style={{color:"var(--text..."}}
>                     aria-label="Remove Revenue Growth"
>                   >
                    ...

<button> cannot contain a nested <button>.
See this log for the ancestor stack trace.

(node:21828) ExperimentalWarning: localStorage is not available because --localstorage-file was not provided.
(Use `node --trace-warnings ...` to show where the warning was created)
 [32m✓[39m src/pages/__tests__/forecasts/DriverCard.test.tsx [2m([22m[2m3 tests[22m[2m)[22m[32m 206[2mms[22m[39m
(node:10832) ExperimentalWarning: localStorage is not available because --localstorage-file was not provided.
(Use `node --trace-warnings ...` to show where the warning was created)
 [32m✓[39m src/workers/monte-carlo.worker.test.ts [2m([22m[2m11 tests[22m[2m)[22m[32m 164[2mms[22m[39m
 [32m✓[39m src/pages/dashboard/DashboardPage.test.tsx [2m([22m[2m2 tests[22m[2m)[22m[32m 149[2mms[22m[39m
(node:17588) ExperimentalWarning: localStorage is not available because --localstorage-file was not provided.
(Use `node --trace-warnings ...` to show where the warning was created)
 [32m✓[39m src/components/workflow/ApprovalWorkflow.test.tsx [2m([22m[2m1 test[22m[2m)[22m[32m 102[2mms[22m[39m
(node:20460) ExperimentalWarning: localStorage is not available because --localstorage-file was not provided.
(Use `node --trace-warnings ...` to show where the warning was created)
 [32m✓[39m src/components/variance/VarianceTable.test.tsx [2m([22m[2m3 tests[22m[2m)[22m[32m 210[2mms[22m[39m
(node:19836) ExperimentalWarning: localStorage is not available because --localstorage-file was not provided.
(Use `node --trace-warnings ...` to show where the warning was created)
 [32m✓[39m src/components/ui/ComboChart.test.tsx [2m([22m[2m5 tests[22m[2m)[22m[32m 188[2mms[22m[39m
(node:16220) ExperimentalWarning: localStorage is not available because --localstorage-file was not provided.
(Use `node --trace-warnings ...` to show where the warning was created)
(node:10472) ExperimentalWarning: localStorage is not available because --localstorage-file was not provided.
(Use `node --trace-warnings ...` to show where the warning was created)
(node:25540) ExperimentalWarning: localStorage is not available because --localstorage-file was not provided.
(Use `node --trace-warnings ...` to show where the warning was created)
 [32m✓[39m src/components/reports/BookBurstConfig.test.tsx [2m([22m[2m1 test[22m[2m)[22m[32m 143[2mms[22m[39m
(node:11808) ExperimentalWarning: localStorage is not available because --localstorage-file was not provided.
(Use `node --trace-warnings ...` to show where the warning was created)
 [32m✓[39m src/components/reports/__tests__/ConditionalFormatPanel.test.tsx [2m([22m[2m2 tests[22m[2m)[22m[32m 183[2mms[22m[39m
(node:14372) ExperimentalWarning: localStorage is not available because --localstorage-file was not provided.
(Use `node --trace-warnings ...` to show where the warning was created)
 [32m✓[39m src/components/reports/__tests__/ExportDialog.test.tsx [2m([22m[2m1 test[22m[2m)[22m[32m 151[2mms[22m[39m
 [32m✓[39m src/components/ui/VersionDiffViewer.test.tsx [2m([22m[2m6 tests[22m[2m)[22m[32m 143[2mms[22m[39m
(node:22600) ExperimentalWarning: localStorage is not available because --localstorage-file was not provided.
(Use `node --trace-warnings ...` to show where the warning was created)
(node:29040) ExperimentalWarning: localStorage is not available because --localstorage-file was not provided.
(Use `node --trace-warnings ...` to show where the warning was created)
 [32m✓[39m src/pages/analytics/AnalyticsPage.test.tsx [2m([22m[2m2 tests[22m[2m)[22m[32m 256[2mms[22m[39m
 [32m✓[39m src/pages/data/DataImportPage.test.tsx [2m([22m[2m2 tests[22m[2m)[22m[32m 228[2mms[22m[39m
(node:31564) ExperimentalWarning: localStorage is not available because --localstorage-file was not provided.
(Use `node --trace-warnings ...` to show where the warning was created)
 [32m✓[39m src/components/ui/Sparkline.test.tsx [2m([22m[2m6 tests[22m[2m)[22m[32m 275[2mms[22m[39m
 [32m✓[39m src/pages/data/GLUploadPage.test.tsx [2m([22m[2m2 tests[22m[2m)[22m[32m 135[2mms[22m[39m
(node:10160) ExperimentalWarning: localStorage is not available because --localstorage-file was not provided.
(Use `node --trace-warnings ...` to show where the warning was created)
(node:28596) ExperimentalWarning: localStorage is not available because --localstorage-file was not provided.
(Use `node --trace-warnings ...` to show where the warning was created)
 [32m✓[39m src/pages/data/GLExplorerPage.test.tsx [2m([22m[2m2 tests[22m[2m)[22m[32m 126[2mms[22m[39m
 [32m✓[39m src/pages/healthcare/PatientRevenuePage.test.tsx [2m([22m[2m2 tests[22m[2m)[22m[32m 188[2mms[22m[39m
(node:31472) ExperimentalWarning: localStorage is not available because --localstorage-file was not provided.
(Use `node --trace-warnings ...` to show where the warning was created)
 [32m✓[39m src/pages/esg/CarbonDashboardPage.test.tsx [2m([22m[2m2 tests[22m[2m)[22m[32m 142[2mms[22m[39m
(node:1676) ExperimentalWarning: localStorage is not available because --localstorage-file was not provided.
(Use `node --trace-warnings ...` to show where the warning was created)
 [32m✓[39m src/pages/data/GLTrialBalancePage.test.tsx [2m([22m[2m2 tests[22m[2m)[22m[32m 147[2mms[22m[39m
(node:3224) ExperimentalWarning: localStorage is not available because --localstorage-file was not provided.
(Use `node --trace-warnings ...` to show where the warning was created)
(node:26684) ExperimentalWarning: localStorage is not available because --localstorage-file was not provided.
(Use `node --trace-warnings ...` to show where the warning was created)
(node:2624) ExperimentalWarning: localStorage is not available because --localstorage-file was not provided.
(Use `node --trace-warnings ...` to show where the warning was created)
 [32m✓[39m src/components/ui/CellCommentPanel.test.tsx [2m([22m[2m2 tests[22m[2m)[22m[32m 255[2mms[22m[39m
 [32m✓[39m src/components/ai/CopilotSidebar.test.tsx [2m([22m[2m3 tests[22m[2m | [22m[33m1 skipped[39m[2m)[22m[33m 425[2mms[22m[39m
(node:30984) ExperimentalWarning: localStorage is not available because --localstorage-file was not provided.
(Use `node --trace-warnings ...` to show where the warning was created)
 [32m✓[39m src/components/reports/__tests__/ReportToolbar.test.tsx [2m([22m[2m2 tests[22m[2m)[22m[32m 209[2mms[22m[39m
(node:27820) ExperimentalWarning: localStorage is not available because --localstorage-file was not provided.
(Use `node --trace-warnings ...` to show where the warning was created)
 [32m✓[39m src/pages/__tests__/data/MigrationPage.test.tsx [2m([22m[2m4 tests[22m[2m)[22m[32m 287[2mms[22m[39m
 [32m✓[39m src/components/ui/ConditionalFormattingPanel.test.tsx [2m([22m[2m1 test[22m[2m)[22m[32m 165[2mms[22m[39m
(node:24508) ExperimentalWarning: localStorage is not available because --localstorage-file was not provided.
(Use `node --trace-warnings ...` to show where the warning was created)
 [32m✓[39m src/components/spreadsheet/VarianceCommentaryPanel.test.tsx [2m([22m[2m1 test[22m[2m)[22m[32m 148[2mms[22m[39m
(node:25416) ExperimentalWarning: localStorage is not available because --localstorage-file was not provided.
(Use `node --trace-warnings ...` to show where the warning was created)
(node:19932) ExperimentalWarning: localStorage is not available because --localstorage-file was not provided.
(Use `node --trace-warnings ...` to show where the warning was created)
 [32m✓[39m src/components/ui/LazyChart.test.tsx [2m([22m[2m6 tests[22m[2m)[22m[33m 371[2mms[22m[39m
 [32m✓[39m src/components/reports/__tests__/BoardPackTemplate.test.tsx [2m([22m[2m1 test[22m[2m)[22m[32m 243[2mms[22m[39m
(node:9788) ExperimentalWarning: localStorage is not available because --localstorage-file was not provided.
(Use `node --trace-warnings ...` to show where the warning was created)
 [32m✓[39m src/components/consolidation/ICReconciliation.test.tsx [2m([22m[2m1 test[22m[2m)[22m[32m 154[2mms[22m[39m
(node:25120) ExperimentalWarning: localStorage is not available because --localstorage-file was not provided.
(Use `node --trace-warnings ...` to show where the warning was created)
(node:29296) ExperimentalWarning: localStorage is not available because --localstorage-file was not provided.
(Use `node --trace-warnings ...` to show where the warning was created)
 [32m✓[39m src/components/reports/__tests__/BoardPackGenerator.test.tsx [2m([22m[2m1 test[22m[2m)[22m[32m 230[2mms[22m[39m
(node:19856) ExperimentalWarning: localStorage is not available because --localstorage-file was not provided.
(Use `node --trace-warnings ...` to show where the warning was created)
 [32m✓[39m src/workers/consolidation.worker.test.ts [2m([22m[2m9 tests[22m[2m)[22m[32m 39[2mms[22m[39m
 [32m✓[39m src/pages/lease/LeaseDetailPage.test.tsx [2m([22m[2m2 tests[22m[2m)[22m[32m 229[2mms[22m[39m
(node:26588) ExperimentalWarning: localStorage is not available because --localstorage-file was not provided.
(Use `node --trace-warnings ...` to show where the warning was created)
 [32m✓[39m src/pages/data/GLReportingPage.test.tsx [2m([22m[2m2 tests[22m[2m)[22m[32m 138[2mms[22m[39m
(node:19260) ExperimentalWarning: localStorage is not available because --localstorage-file was not provided.
(Use `node --trace-warnings ...` to show where the warning was created)
(node:27420) ExperimentalWarning: localStorage is not available because --localstorage-file was not provided.
(Use `node --trace-warnings ...` to show where the warning was created)
 [32m✓[39m src/plugins/PluginMarketplace.test.ts [2m([22m[2m16 tests[22m[2m)[22m[32m 39[2mms[22m[39m
(node:30928) ExperimentalWarning: localStorage is not available because --localstorage-file was not provided.
(Use `node --trace-warnings ...` to show where the warning was created)
 [32m✓[39m src/pages/logistics/LogisticsPage.test.tsx [2m([22m[2m2 tests[22m[2m)[22m[32m 150[2mms[22m[39m
(node:32040) ExperimentalWarning: localStorage is not available because --localstorage-file was not provided.
(Use `node --trace-warnings ...` to show where the warning was created)
 [32m✓[39m src/components/reports/__tests__/ReportLeftPanel.test.tsx [2m([22m[2m2 tests[22m[2m)[22m[32m 189[2mms[22m[39m
(node:32896) ExperimentalWarning: localStorage is not available because --localstorage-file was not provided.
(Use `node --trace-warnings ...` to show where the warning was created)
 [32m✓[39m src/pages/banking/CapitalAdequacyPage.test.tsx [2m([22m[2m2 tests[22m[2m)[22m[32m 144[2mms[22m[39m
 [32m✓[39m src/components/reports/__tests__/ReportScheduler.test.tsx [2m([22m[2m2 tests[22m[2m)[22m[32m 125[2mms[22m[39m
(node:4312) ExperimentalWarning: localStorage is not available because --localstorage-file was not provided.
(Use `node --trace-warnings ...` to show where the warning was created)
 [32m✓[39m src/pages/currency/HedgeManagementPage.test.tsx [2m([22m[2m2 tests[22m[2m)[22m[32m 153[2mms[22m[39m
(node:21348) ExperimentalWarning: localStorage is not available because --localstorage-file was not provided.
(Use `node --trace-warnings ...` to show where the warning was created)
(node:6720) ExperimentalWarning: localStorage is not available because --localstorage-file was not provided.
(Use `node --trace-warnings ...` to show where the warning was created)
(node:21668) ExperimentalWarning: localStorage is not available because --localstorage-file was not provided.
(Use `node --trace-warnings ...` to show where the warning was created)
 [32m✓[39m src/pages/bonds/BondPortfolioPage.test.tsx [2m([22m[2m2 tests[22m[2m)[22m[32m 89[2mms[22m[39m
 [32m✓[39m src/pages/energy/EnergyProductionDashboard.test.tsx [2m([22m[2m2 tests[22m[2m)[22m[32m 143[2mms[22m[39m
 [32m✓[39m src/pages/consolidation/ConsolidationDashboard.test.tsx [2m([22m[2m2 tests[22m[2m)[22m[32m 120[2mms[22m[39m
(node:3564) ExperimentalWarning: localStorage is not available because --localstorage-file was not provided.
(Use `node --trace-warnings ...` to show where the warning was created)
(node:30648) ExperimentalWarning: localStorage is not available because --localstorage-file was not provided.
(Use `node --trace-warnings ...` to show where the warning was created)
 [32m✓[39m src/pages/analytics/__tests__/DataLineagePage.test.tsx [2m([22m[2m1 test[22m[2m)[22m[32m 124[2mms[22m[39m
(node:16484) ExperimentalWarning: localStorage is not available because --localstorage-file was not provided.
(Use `node --trace-warnings ...` to show where the warning was created)
(node:25632) ExperimentalWarning: localStorage is not available because --localstorage-file was not provided.
(Use `node --trace-warnings ...` to show where the warning was created)
(node:23916) ExperimentalWarning: localStorage is not available because --localstorage-file was not provided.
(Use `node --trace-warnings ...` to show where the warning was created)
(node:26648) ExperimentalWarning: localStorage is not available because --localstorage-file was not provided.
(Use `node --trace-warnings ...` to show where the warning was created)
 [32m✓[39m src/pages/bonds/YieldCurvePage.test.tsx [2m([22m[2m2 tests[22m[2m)[22m[32m 207[2mms[22m[39m
 [32m✓[39m src/pages/banking/NIMDashboardPage.test.tsx [2m([22m[2m2 tests[22m[2m)[22m[32m 134[2mms[22m[39m
 [32m✓[39m src/components/ui/RuleEditor/IconSetOptions.test.tsx [2m([22m[2m2 tests[22m[2m)[22m[32m 125[2mms[22m[39m
 [32m✓[39m src/pages/banking/BankingDashboard.test.tsx [2m([22m[2m2 tests[22m[2m)[22m[32m 125[2mms[22m[39m
 [32m✓[39m src/pages/banking/LoanLossPage.test.tsx [2m([22m[2m2 tests[22m[2m)[22m[32m 116[2mms[22m[39m
(node:7960) ExperimentalWarning: localStorage is not available because --localstorage-file was not provided.
(Use `node --trace-warnings ...` to show where the warning was created)
 [32m✓[39m src/pages/treasury/InvestmentPage.test.tsx [2m([22m[2m2 tests[22m[2m)[22m[32m 136[2mms[22m[39m
(node:30268) ExperimentalWarning: localStorage is not available because --localstorage-file was not provided.
(Use `node --trace-warnings ...` to show where the warning was created)
(node:31496) ExperimentalWarning: localStorage is not available because --localstorage-file was not provided.
(Use `node --trace-warnings ...` to show where the warning was created)
 [32m✓[39m src/pages/budgets/BudgetListPage.test.tsx [2m([22m[2m2 tests[22m[2m)[22m[32m 182[2mms[22m[39m
(node:22772) ExperimentalWarning: localStorage is not available because --localstorage-file was not provided.
(Use `node --trace-warnings ...` to show where the warning was created)
 [32m✓[39m src/components/layout/AboutDialog.test.tsx [2m([22m[2m1 test[22m[2m)[22m[32m 111[2mms[22m[39m
 [32m✓[39m src/pages/data/GLJournalsPage.test.tsx [2m([22m[2m2 tests[22m[2m)[22m[32m 172[2mms[22m[39m
(node:24820) ExperimentalWarning: localStorage is not available because --localstorage-file was not provided.
(Use `node --trace-warnings ...` to show where the warning was created)
 [32m✓[39m src/components/saas/MRRBreakdown.test.tsx [2m([22m[2m4 tests[22m[2m)[22m[32m 76[2mms[22m[39m
(node:31756) ExperimentalWarning: localStorage is not available because --localstorage-file was not provided.
(Use `node --trace-warnings ...` to show where the warning was created)
(node:31284) ExperimentalWarning: localStorage is not available because --localstorage-file was not provided.
(Use `node --trace-warnings ...` to show where the warning was created)
(node:3844) ExperimentalWarning: localStorage is not available because --localstorage-file was not provided.
(Use `node --trace-warnings ...` to show where the warning was created)
(node:7420) ExperimentalWarning: localStorage is not available because --localstorage-file was not provided.
(Use `node --trace-warnings ...` to show where the warning was created)
(node:28232) ExperimentalWarning: localStorage is not available because --localstorage-file was not provided.
(Use `node --trace-warnings ...` to show where the warning was created)
 [32m✓[39m src/pages/scenarios/__tests__/ScenarioComparisonPage.test.tsx [2m([22m[2m3 tests[22m[2m)[22m[32m 173[2mms[22m[39m
 [32m✓[39m src/pages/DashboardPage.test.tsx [2m([22m[2m2 tests[22m[2m)[22m[32m 157[2mms[22m[39m
 [32m✓[39m src/components/reports/__tests__/ReportBuilder.test.tsx [2m([22m[2m1 test[22m[2m)[22m[32m 175[2mms[22m[39m
 [32m✓[39m src/pages/data/GLAccountAnalysisPage.test.tsx [2m([22m[2m2 tests[22m[2m)[22m[32m 122[2mms[22m[39m
(node:12992) ExperimentalWarning: localStorage is not available because --localstorage-file was not provided.
(Use `node --trace-warnings ...` to show where the warning was created)
 [32m✓[39m src/pages/government/GovernmentPage.test.tsx [2m([22m[2m2 tests[22m[2m)[22m[32m 167[2mms[22m[39m
(node:1800) ExperimentalWarning: localStorage is not available because --localstorage-file was not provided.
(Use `node --trace-warnings ...` to show where the warning was created)
 [32m✓[39m src/utils/retry.test.ts [2m([22m[2m4 tests[22m[2m)[22m[32m 105[2mms[22m[39m
 [32m✓[39m src/components/esg/CarbonFootprintTracker.test.tsx [2m([22m[2m1 test[22m[2m)[22m[32m 199[2mms[22m[39m
(node:20804) ExperimentalWarning: localStorage is not available because --localstorage-file was not provided.
(Use `node --trace-warnings ...` to show where the warning was created)
(node:28872) ExperimentalWarning: localStorage is not available because --localstorage-file was not provided.
(Use `node --trace-warnings ...` to show where the warning was created)
 [32m✓[39m src/components/finance/LeaseSchedule.test.tsx [2m([22m[2m5 tests[22m[2m)[22m[32m 146[2mms[22m[39m
 [32m✓[39m src/pages/realestate/REITDashboardPage.test.tsx [2m([22m[2m2 tests[22m[2m)[22m[32m 168[2mms[22m[39m
(node:25984) ExperimentalWarning: localStorage is not available because --localstorage-file was not provided.
(Use `node --trace-warnings ...` to show where the warning was created)
(node:19712) ExperimentalWarning: localStorage is not available because --localstorage-file was not provided.
(Use `node --trace-warnings ...` to show where the warning was created)
(node:26108) ExperimentalWarning: localStorage is not available because --localstorage-file was not provided.
(Use `node --trace-warnings ...` to show where the warning was created)
 [32m✓[39m src/components/reports/__tests__/ReportLayoutEditor.test.tsx [2m([22m[2m1 test[22m[2m)[22m[32m 126[2mms[22m[39m
 [32m✓[39m src/components/layout/__tests__/Navbar.test.tsx [2m([22m[2m2 tests[22m[2m)[22m[32m 290[2mms[22m[39m
(node:14028) ExperimentalWarning: localStorage is not available because --localstorage-file was not provided.
(Use `node --trace-warnings ...` to show where the warning was created)
(node:17092) ExperimentalWarning: localStorage is not available because --localstorage-file was not provided.
(Use `node --trace-warnings ...` to show where the warning was created)
 [32m✓[39m src/components/ui/LoadingScreen.test.tsx [2m([22m[2m4 tests[22m[2m)[22m[32m 138[2mms[22m[39m
(node:29176) ExperimentalWarning: localStorage is not available because --localstorage-file was not provided.
(Use `node --trace-warnings ...` to show where the warning was created)
 [32m✓[39m src/components/ui/ChatPanel.test.tsx [2m([22m[2m1 test[22m[2m)[22m[32m 191[2mms[22m[39m
 [32m✓[39m src/engines/monteCarloBenchmark/MonteCarloBenchmarkEngine.test.ts [2m([22m[2m8 tests[22m[2m)[22m[32m 227[2mms[22m[39m
(node:33344) ExperimentalWarning: localStorage is not available because --localstorage-file was not provided.
(Use `node --trace-warnings ...` to show where the warning was created)
 [32m✓[39m src/components/ui/SkipToContent.test.tsx [2m([22m[2m1 test[22m[2m)[22m[32m 80[2mms[22m[39m
(node:29736) ExperimentalWarning: localStorage is not available because --localstorage-file was not provided.
(Use `node --trace-warnings ...` to show where the warning was created)
 [32m✓[39m src/components/finance/ConsolidationTree.test.tsx [2m([22m[2m3 tests[22m[2m)[22m[32m 71[2mms[22m[39m
 [32m✓[39m src/components/migration/MigrationWizard.test.tsx [2m([22m[2m1 test[22m[2m)[22m[32m 107[2mms[22m[39m
(node:18168) ExperimentalWarning: localStorage is not available because --localstorage-file was not provided.
(Use `node --trace-warnings ...` to show where the warning was created)
(node:32672) ExperimentalWarning: localStorage is not available because --localstorage-file was not provided.
(Use `node --trace-warnings ...` to show where the warning was created)
 [32m✓[39m src/components/reports/BookBurstBuilder.test.tsx [2m([22m[2m1 test[22m[2m)[22m[32m 153[2mms[22m[39m
 [32m✓[39m src/components/esg/CSRDReportGenerator.test.tsx [2m([22m[2m1 test[22m[2m)[22m[32m 138[2mms[22m[39m
(node:33368) ExperimentalWarning: localStorage is not available because --localstorage-file was not provided.
(Use `node --trace-warnings ...` to show where the warning was created)
 [32m✓[39m src/components/spreadsheet/CellComments.test.tsx [2m([22m[2m1 test[22m[2m)[22m[32m 62[2mms[22m[39m
(node:23896) ExperimentalWarning: localStorage is not available because --localstorage-file was not provided.
(Use `node --trace-warnings ...` to show where the warning was created)
(node:27232) ExperimentalWarning: localStorage is not available because --localstorage-file was not provided.
(Use `node --trace-warnings ...` to show where the warning was created)
 [32m✓[39m src/components/ui/RuleEditor/DataBarOptions.test.tsx [2m([22m[2m1 test[22m[2m)[22m[32m 114[2mms[22m[39m
(node:24144) ExperimentalWarning: localStorage is not available because --localstorage-file was not provided.
(Use `node --trace-warnings ...` to show where the warning was created)
 [32m✓[39m src/hooks/useAutoSave.test.ts [2m([22m[2m4 tests[22m[2m)[22m[32m 88[2mms[22m[39m
(node:13180) ExperimentalWarning: localStorage is not available because --localstorage-file was not provided.
(Use `node --trace-warnings ...` to show where the warning was created)
 [32m✓[39m src/components/reports/__tests__/ExecutiveSummary.test.tsx [2m([22m[2m2 tests[22m[2m)[22m[32m 158[2mms[22m[39m
 [32m✓[39m src/components/finance/RevRecSchedule.test.tsx [2m([22m[2m5 tests[22m[2m)[22m[32m 81[2mms[22m[39m
(node:18188) ExperimentalWarning: localStorage is not available because --localstorage-file was not provided.
(Use `node --trace-warnings ...` to show where the warning was created)
(node:14880) ExperimentalWarning: localStorage is not available because --localstorage-file was not provided.
(Use `node --trace-warnings ...` to show where the warning was created)
 [32m✓[39m src/pages/realestate/ValuationPage.test.tsx [2m([22m[2m2 tests[22m[2m)[22m[32m 209[2mms[22m[39m
 [32m✓[39m src/components/charts/__tests__/ChartExportButton.test.tsx [2m([22m[2m1 test[22m[2m)[22m[32m 78[2mms[22m[39m
(node:23772) ExperimentalWarning: localStorage is not available because --localstorage-file was not provided.
(Use `node --trace-warnings ...` to show where the warning was created)
(node:25044) ExperimentalWarning: localStorage is not available because --localstorage-file was not provided.
(Use `node --trace-warnings ...` to show where the warning was created)
(node:28996) ExperimentalWarning: localStorage is not available because --localstorage-file was not provided.
(Use `node --trace-warnings ...` to show where the warning was created)
 [32m✓[39m src/hooks/useTauriMenu.test.ts [2m([22m[2m12 tests[22m[2m)[22m[32m 223[2mms[22m[39m
 [32m✓[39m src/components/ui/FocusTrap.test.tsx [2m([22m[2m2 tests[22m[2m)[22m[32m 133[2mms[22m[39m
 [32m✓[39m src/components/data/GLTrialBalanceGrid.test.tsx [2m([22m[2m5 tests[22m[2m)[22m[32m 234[2mms[22m[39m
(node:32604) ExperimentalWarning: localStorage is not available because --localstorage-file was not provided.
(Use `node --trace-warnings ...` to show where the warning was created)
 [32m✓[39m src/components/reports/ReportResultsPanel.test.tsx [2m([22m[2m1 test[22m[2m)[22m[32m 138[2mms[22m[39m
(node:24324) ExperimentalWarning: localStorage is not available because --localstorage-file was not provided.
(Use `node --trace-warnings ...` to show where the warning was created)
(node:19828) ExperimentalWarning: localStorage is not available because --localstorage-file was not provided.
(Use `node --trace-warnings ...` to show where the warning was created)
(node:31600) ExperimentalWarning: localStorage is not available because --localstorage-file was not provided.
(Use `node --trace-warnings ...` to show where the warning was created)
[90mstderr[2m | src/components/plugins/PluginCard.test.tsx[2m > [22m[2mPluginCard[2m > [22m[2mrenders without 
crashing
[22m[39mIn HTML, <button> cannot be a descendant of <button>.
This will cause a hydration error.

  <PluginCard>
>   <button
>     type="button"
>     className="group flex flex-col rounded-lg border border-[var(--border-default)] bg-white dark:bg-gray-900 
dark:b..."
>     onClick={function onClick}
>     aria-label="View details for Unknown Plugin"
>   >
      <div>
      <p>
      <div>
      <div className="mt-4 flex ...">
        <div>
        <Button size="sm" variant="default" onClick={function} disabled={false} aria-label="Install Un...">
>         <button
>           className="inline-flex items-center justify-center text-sm font-medium transition-colors 
focus-visible:out..."
>           ref={null}
>           onClick={function}
>           disabled={false}
>           aria-label="Install Unknown Plugin"
>         >

<button> cannot contain a nested <button>.
See this log for the ancestor stack trace.

 [32m✓[39m src/components/plugins/PluginCard.test.tsx [2m([22m[2m1 test[22m[2m)[22m[32m 119[2mms[22m[39m
 [32m✓[39m src/hooks/useCurrency.test.ts [2m([22m[2m5 tests[22m[2m)[22m[32m 141[2mms[22m[39m
 [32m✓[39m src/engines/SafeMathParser.test.ts [2m([22m[2m347 tests[22m[2m)[22m[32m 277[2mms[22m[39m
(node:16220) ExperimentalWarning: localStorage is not available because --localstorage-file was not provided.
(Use `node --trace-warnings ...` to show where the warning was created)
 [32m✓[39m src/components/ui/AsyncErrorBoundary.test.tsx [2m([22m[2m1 test[22m[2m)[22m[32m 69[2mms[22m[39m
(node:21592) ExperimentalWarning: localStorage is not available because --localstorage-file was not provided.
(Use `node --trace-warnings ...` to show where the warning was created)
 [32m✓[39m src/utils/__tests__/retry.test.ts [2m([22m[2m4 tests[22m[2m)[22m[32m 67[2mms[22m[39m
(node:22980) ExperimentalWarning: localStorage is not available because --localstorage-file was not provided.
(Use `node --trace-warnings ...` to show where the warning was created)
(node:3756) ExperimentalWarning: localStorage is not available because --localstorage-file was not provided.
(Use `node --trace-warnings ...` to show where the warning was created)
(node:29320) ExperimentalWarning: localStorage is not available because --localstorage-file was not provided.
(Use `node --trace-warnings ...` to show where the warning was created)
 [32m✓[39m src/components/reports/designer/DesignerSidebar.test.tsx [2m([22m[2m1 test[22m[2m)[22m[32m 102[2mms[22m[39m
(node:25788) ExperimentalWarning: localStorage is not available because --localstorage-file was not provided.
(Use `node --trace-warnings ...` to show where the warning was created)
 [32m✓[39m src/components/variance/VarianceDrillModal.test.tsx [2m([22m[2m1 test[22m[2m)[22m[32m 65[2mms[22m[39m
[90mstderr[2m | src/components/charts/SparklineChart.test.tsx[2m > [22m[2mSparklineChart[2m > [22m[2mrenders 
without crashing
[22m[39mThe width(-1) and height(-1) of chart should be greater than 0,
       please check the style of container, or the props width(100%) and height(100%),
       or add a minWidth(0) or minHeight(undefined) or use aspect(undefined) to control the
       height and width.

 [32m✓[39m src/components/charts/SparklineChart.test.tsx [2m([22m[2m1 test[22m[2m)[22m[32m 165[2mms[22m[39m
(node:18836) ExperimentalWarning: localStorage is not available because --localstorage-file was not provided.
(Use `node --trace-warnings ...` to show where the warning was created)
 [32m✓[39m src/components/ui/ChatChart.test.tsx [2m([22m[2m2 tests[22m[2m)[22m[32m 204[2mms[22m[39m
 [32m✓[39m src/components/reports/__tests__/BoardPackBuilder.test.tsx [2m([22m[2m1 test[22m[2m)[22m[32m 154[2mms[22m[39m
(node:11004) ExperimentalWarning: localStorage is not available because --localstorage-file was not provided.
(Use `node --trace-warnings ...` to show where the warning was created)
(node:22992) ExperimentalWarning: localStorage is not available because --localstorage-file was not provided.
(Use `node --trace-warnings ...` to show where the warning was created)
(node:31364) ExperimentalWarning: localStorage is not available because --localstorage-file was not provided.
(Use `node --trace-warnings ...` to show where the warning was created)
 [32m✓[39m src/hooks/useOptimistic.test.ts [2m([22m[2m7 tests[22m[2m)[22m[32m 124[2mms[22m[39m
 [32m✓[39m src/components/spreadsheet/CommentThread.test.tsx [2m([22m[2m1 test[22m[2m)[22m[32m 161[2mms[22m[39m
(node:7676) ExperimentalWarning: localStorage is not available because --localstorage-file was not provided.
(Use `node --trace-warnings ...` to show where the warning was created)
 [32m✓[39m src/components/workflow/WorkflowDesigner.test.tsx [2m([22m[2m1 test[22m[2m)[22m[32m 135[2mms[22m[39m
 [32m✓[39m src/hooks/useFocusManagement.test.ts [2m([22m[2m10 tests[22m[2m)[22m[33m 309[2mms[22m[39m
(node:16724) ExperimentalWarning: localStorage is not available because --localstorage-file was not provided.
(Use `node --trace-warnings ...` to show where the warning was created)
 [32m✓[39m src/pages/__tests__/reports/ReportBookBuilder.test.tsx [2m([22m[2m2 tests[22m[2m)[22m[33m 329[2mms[22m[39m
(node:19208) ExperimentalWarning: localStorage is not available because --localstorage-file was not provided.
(Use `node --trace-warnings ...` to show where the warning was created)
(node:23808) ExperimentalWarning: localStorage is not available because --localstorage-file was not provided.
(Use `node --trace-warnings ...` to show where the warning was created)
(node:28296) ExperimentalWarning: localStorage is not available because --localstorage-file was not provided.
(Use `node --trace-warnings ...` to show where the warning was created)
 [32m✓[39m src/components/reports/ReportLeftPanel.test.tsx [2m([22m[2m1 test[22m[2m)[22m[32m 159[2mms[22m[39m
 [32m✓[39m src/components/reports/__tests__/ReportLivePreview.test.tsx [2m([22m[2m1 test[22m[2m)[22m[32m 97[2mms[22m[39m
 [32m✓[39m src/pages/healthcare/HealthcareDashboardPage.test.tsx [2m([22m[2m2 tests[22m[2m)[22m[32m 161[2mms[22m[39m
(node:32008) ExperimentalWarning: localStorage is not available because --localstorage-file was not provided.
(Use `node --trace-warnings ...` to show where the warning was created)
(node:22396) ExperimentalWarning: localStorage is not available because --localstorage-file was not provided.
(Use `node --trace-warnings ...` to show where the warning was created)
 [32m✓[39m src/components/analytics/BenchmarkRadar.test.tsx [2m([22m[2m4 tests[22m[2m)[22m[32m 151[2mms[22m[39m
(node:30564) ExperimentalWarning: localStorage is not available because --localstorage-file was not provided.
(Use `node --trace-warnings ...` to show where the warning was created)
(node:33456) ExperimentalWarning: localStorage is not available because --localstorage-file was not provided.
(Use `node --trace-warnings ...` to show where the warning was created)
(node:22044) ExperimentalWarning: localStorage is not available because --localstorage-file was not provided.
(Use `node --trace-warnings ...` to show where the warning was created)
 [32m✓[39m src/plugins/PluginSandbox.test.ts [2m([22m[2m44 tests[22m[2m)[22m[32m 41[2mms[22m[39m
(node:30236) ExperimentalWarning: localStorage is not available because --localstorage-file was not provided.
(Use `node --trace-warnings ...` to show where the warning was created)
 [32m✓[39m src/hooks/useDirtyState.test.ts [2m([22m[2m9 tests[22m[2m)[22m[32m 74[2mms[22m[39m
 [32m✓[39m src/components/layout/__tests__/AppLayout.test.tsx [2m([22m[2m1 test[22m[2m)[22m[32m 140[2mms[22m[39m
 [32m✓[39m src/engines/VersionControlEngine.test.ts [2m([22m[2m70 tests[22m[2m)[22m[32m 68[2mms[22m[39m
 [32m✓[39m src/pages/audit/AuditTrailPage.test.tsx [2m([22m[2m2 tests[22m[2m)[22m[32m 175[2mms[22m[39m
(node:22828) ExperimentalWarning: localStorage is not available because --localstorage-file was not provided.
(Use `node --trace-warnings ...` to show where the warning was created)
 [32m✓[39m src/hooks/useWebSocket.test.ts [2m([22m[2m12 tests[22m[2m)[22m[32m 287[2mms[22m[39m
(node:31508) ExperimentalWarning: localStorage is not available because --localstorage-file was not provided.
(Use `node --trace-warnings ...` to show where the warning was created)
(node:15324) ExperimentalWarning: localStorage is not available because --localstorage-file was not provided.
(Use `node --trace-warnings ...` to show where the warning was created)
 [32m✓[39m src/components/reports/ReportLayoutEditor.test.tsx [2m([22m[2m1 test[22m[2m)[22m[32m 74[2mms[22m[39m
 [32m✓[39m src/components/reports/ReportLivePreview.test.tsx [2m([22m[2m1 test[22m[2m)[22m[32m 56[2mms[22m[39m
(node:6328) ExperimentalWarning: localStorage is not available because --localstorage-file was not provided.
(Use `node --trace-warnings ...` to show where the warning was created)
 [32m✓[39m src/components/charts/WaterfallChart.test.tsx [2m([22m[2m1 test[22m[2m)[22m[32m 116[2mms[22m[39m
(node:25296) ExperimentalWarning: localStorage is not available because --localstorage-file was not provided.
(Use `node --trace-warnings ...` to show where the warning was created)
 [32m✓[39m src/services/GLImportService.test.ts [2m([22m[2m14 tests[22m[2m)[22m[32m 142[2mms[22m[39m
(node:6516) ExperimentalWarning: localStorage is not available because --localstorage-file was not provided.
(Use `node --trace-warnings ...` to show where the warning was created)
(node:19640) ExperimentalWarning: localStorage is not available because --localstorage-file was not provided.
(Use `node --trace-warnings ...` to show where the warning was created)
 [32m✓[39m src/pages/reports/CashFlowPage.test.tsx [2m([22m[2m2 tests[22m[2m)[22m[32m 221[2mms[22m[39m
 [32m✓[39m src/components/reports/ReportToolbar.test.tsx [2m([22m[2m1 test[22m[2m)[22m[32m 67[2mms[22m[39m
(node:15056) ExperimentalWarning: localStorage is not available because --localstorage-file was not provided.
(Use `node --trace-warnings ...` to show where the warning was created)
(node:26584) ExperimentalWarning: localStorage is not available because --localstorage-file was not provided.
(Use `node --trace-warnings ...` to show where the warning was created)
(node:25720) ExperimentalWarning: localStorage is not available because --localstorage-file was not provided.
(Use `node --trace-warnings ...` to show where the warning was created)
 [32m✓[39m src/components/data/ImportPreview.test.tsx [2m([22m[2m1 test[22m[2m)[22m[32m 118[2mms[22m[39m
[90mstdout[2m | src/utils/tokenRotation.test.ts[2m > [22m[2mtokenRotation[2m > [22m[2mgetAuthHeader[2m > [22m[2mreturns empty object when no token
[22m[39m[TokenRotation] Stopping token rotation

[90mstdout[2m | src/utils/tokenRotation.test.ts[2m > [22m[2mtokenRotation[2m > [22m[2mgetAuthHeader[2m > [22m[2mreturns empty object when no token
[22m[39m[TokenRotation] Stopping token rotation

[90mstdout[2m | src/utils/tokenRotation.test.ts[2m > [22m[2mtokenRotation[2m > [22m[2mgetAuthHeader[2m > [22m[2mreturns Authorization header when token exists
[22m[39m[TokenRotation] Stopping token rotation

[90mstdout[2m | src/utils/tokenRotation.test.ts[2m > [22m[2mtokenRotation[2m > [22m[2mgetAuthHeader[2m > [22m[2mreturns Authorization header when token exists
[22m[39m[TokenRotation] Stopping token rotation

[90mstdout[2m | src/utils/tokenRotation.test.ts[2m > [22m[2mtokenRotation[2m > [22m[2mrefreshToken[2m > [22m[2mreturns false when not authenticated
[22m[39m[TokenRotation] Stopping token rotation

[90mstdout[2m | src/utils/tokenRotation.test.ts[2m > [22m[2mtokenRotation[2m > [22m[2mrefreshToken[2m > [22m[2mreturns false when not authenticated
[22m[39m[TokenRotation] Stopping token rotation

[90mstdout[2m | src/utils/tokenRotation.test.ts[2m > [22m[2mtokenRotation[2m > [22m[2mrefreshToken[2m > [22m[2mcalls refreshAccessToken and schedules next refresh
[22m[39m[TokenRotation] Stopping token rotation

[90mstdout[2m | src/utils/tokenRotation.test.ts[2m > [22m[2mtokenRotation[2m > [22m[2mrefreshToken[2m > [22m[2mcalls refreshAccessToken and schedules next refresh
[22m[39m[TokenRotation] Scheduled refresh in 599s

[90mstdout[2m | src/utils/tokenRotation.test.ts[2m > [22m[2mtokenRotation[2m > [22m[2mrefreshToken[2m > [22m[2mcalls refreshAccessToken and schedules next refresh
[22m[39m[TokenRotation] Stopping token rotation

[90mstdout[2m | src/utils/tokenRotation.test.ts[2m > [22m[2mtokenRotation[2m > [22m[2mhandleTokenExpiry[2m > [22m[2mlogs out the user
[22m[39m[TokenRotation] Stopping token rotation

Not implemented: navigation to another Document
[90mstdout[2m | src/utils/tokenRotation.test.ts[2m > [22m[2mtokenRotation[2m > [22m[2mhandleTokenExpiry[2m > [22m[2mlogs out the user
[22m[39m[TokenRotation] Stopping token rotation
[TokenRotation] Stopping token rotation

[90mstderr[2m | src/utils/tokenRotation.test.ts[2m > [22m[2mtokenRotation[2m > [22m[2mhandleTokenExpiry[2m > 
[22m[2mlogs out the user
[22m[39m[TokenRotation] Token expired — logging out

[90mstdout[2m | src/utils/tokenRotation.test.ts[2m > [22m[2mtokenRotation[2m > [22m[2mhandleTokenExpiry[2m > [22m[2mlogs out the user
[22m[39m[TokenRotation] Stopping token rotation

[90mstdout[2m | src/utils/tokenRotation.test.ts[2m > [22m[2mtokenRotation[2m > [22m[2mstartRotation / stopRotation[2m > [22m[2mstarts and stops without error
[22m[39m[TokenRotation] Stopping token rotation

[90mstdout[2m | src/utils/tokenRotation.test.ts[2m > [22m[2mtokenRotation[2m > [22m[2mstartRotation / stopRotation[2m > [22m[2mstarts and stops without error
[22m[39m[TokenRotation] Starting token rotation
[TokenRotation] Scheduled refresh in 1499s
[TokenRotation] 401 interceptor installed
[TokenRotation] Stopping token rotation
[TokenRotation] 401 interceptor removed

[90mstdout[2m | src/utils/tokenRotation.test.ts[2m > [22m[2mtokenRotation[2m > [22m[2mstartRotation / stopRotation[2m > [22m[2mstarts and stops without error
[22m[39m[TokenRotation] Stopping token rotation

[90mstdout[2m | src/utils/tokenRotation.test.ts[2m > [22m[2mtokenRotation[2m > [22m[2mstartRotation / stopRotation[2m > [22m[2mstopRotation is idempotent
[22m[39m[TokenRotation] Stopping token rotation

[90mstdout[2m | src/utils/tokenRotation.test.ts[2m > [22m[2mtokenRotation[2m > [22m[2mstartRotation / stopRotation[2m > [22m[2mstopRotation is idempotent
[22m[39m[TokenRotation] Stopping token rotation
[TokenRotation] Stopping token rotation

[90mstdout[2m | src/utils/tokenRotation.test.ts[2m > [22m[2mtokenRotation[2m > [22m[2mstartRotation / stopRotation[2m > [22m[2mstopRotation is idempotent
[22m[39m[TokenRotation] Stopping token rotation

[90mstdout[2m | src/utils/tokenRotation.test.ts[2m > [22m[2mtokenRotation[2m > [22m[2minstallFetchInterceptor[2m > [22m[2minstalls and uninstalls without error
[22m[39m[TokenRotation] Stopping token rotation

[90mstdout[2m | src/utils/tokenRotation.test.ts[2m > [22m[2mtokenRotation[2m > [22m[2minstallFetchInterceptor[2m > [22m[2minstalls and uninstalls without error
[22m[39m[TokenRotation] 401 interceptor installed
[TokenRotation] 401 interceptor removed

[90mstdout[2m | src/utils/tokenRotation.test.ts[2m > [22m[2mtokenRotation[2m > [22m[2minstallFetchInterceptor[2m > [22m[2minstalls and uninstalls without error
[22m[39m[TokenRotation] Stopping token rotation

[90mstdout[2m | src/utils/tokenRotation.test.ts[2m > [22m[2mtokenRotation[2m > [22m[2minstallFetchInterceptor[2m > [22m[2mis idempotent
[22m[39m[TokenRotation] Stopping token rotation

[90mstdout[2m | src/utils/tokenRotation.test.ts[2m > [22m[2mtokenRotation[2m > [22m[2minstallFetchInterceptor[2m > [22m[2mis idempotent
[22m[39m[TokenRotation] 401 interceptor installed
[TokenRotation] 401 interceptor removed

[90mstdout[2m | src/utils/tokenRotation.test.ts[2m > [22m[2mtokenRotation[2m > [22m[2minstallFetchInterceptor[2m > [22m[2mis idempotent
[22m[39m[TokenRotation] Stopping token rotation

 [32m✓[39m src/utils/tokenRotation.test.ts [2m([22m[2m9 tests[22m[2m)[22m[32m 46[2mms[22m[39m
 [32m✓[39m src/components/charts/__tests__/SparklineChart.test.tsx [2m([22m[2m1 test[22m[2m)[22m[32m 76[2mms[22m[39m
(node:3656) ExperimentalWarning: localStorage is not available because --localstorage-file was not provided.
(Use `node --trace-warnings ...` to show where the warning was created)
 [32m✓[39m src/utils/localeFormatting.test.ts [2m([22m[2m46 tests[22m[2m)[22m[32m 147[2mms[22m[39m
(node:6720) ExperimentalWarning: localStorage is not available because --localstorage-file was not provided.
(Use `node --trace-warnings ...` to show where the warning was created)
(node:31088) ExperimentalWarning: localStorage is not available because --localstorage-file was not provided.
(Use `node --trace-warnings ...` to show where the warning was created)
 [32m✓[39m src/services/ThreatModel.test.ts [2m([22m[2m75 tests[22m[2m)[22m[32m 76[2mms[22m[39m
(node:6236) ExperimentalWarning: localStorage is not available because --localstorage-file was not provided.
(Use `node --trace-warnings ...` to show where the warning was created)
 [32m✓[39m src/pages/reports/BudgetVsActualPage.test.tsx [2m([22m[2m2 tests[22m[2m)[22m[32m 111[2mms[22m[39m
 [32m✓[39m src/components/reports/__tests__/ReportGrid.test.tsx [2m([22m[2m1 test[22m[2m)[22m[32m 93[2mms[22m[39m
(node:26908) ExperimentalWarning: localStorage is not available because --localstorage-file was not provided.
(Use `node --trace-warnings ...` to show where the warning was created)
(node:24916) ExperimentalWarning: localStorage is not available because --localstorage-file was not provided.
(Use `node --trace-warnings ...` to show where the warning was created)
 [32m✓[39m src/pages/cash/DebtSchedulePage.test.tsx [2m([22m[2m2 tests[22m[2m)[22m[32m 96[2mms[22m[39m
(node:32564) ExperimentalWarning: localStorage is not available because --localstorage-file was not provided.
(Use `node --trace-warnings ...` to show where the warning was created)
 [32m✓[39m src/hooks/useURLState.test.ts [2m([22m[2m14 tests[22m[2m)[22m[32m 142[2mms[22m[39m
 [32m✓[39m src/utils/encryption.test.ts [2m([22m[2m10 tests[22m[2m)[22m[32m 61[2mms[22m[39m
(node:16232) ExperimentalWarning: localStorage is not available because --localstorage-file was not provided.
(Use `node --trace-warnings ...` to show where the warning was created)
(node:26336) ExperimentalWarning: localStorage is not available because --localstorage-file was not provided.
(Use `node --trace-warnings ...` to show where the warning was created)
(node:25008) ExperimentalWarning: localStorage is not available because --localstorage-file was not provided.
(Use `node --trace-warnings ...` to show where the warning was created)
 [32m✓[39m src/engines/SOXComplianceEngine.test.ts [2m([22m[2m72 tests[22m[2m)[22m[32m 61[2mms[22m[39m
 [32m✓[39m src/components/sectors/SectorKPIs.test.tsx [2m([22m[2m1 test[22m[2m)[22m[32m 42[2mms[22m[39m
 [32m✓[39m src/hooks/useExport.test.ts [2m([22m[2m8 tests[22m[2m)[22m[32m 121[2mms[22m[39m
(node:20528) ExperimentalWarning: localStorage is not available because --localstorage-file was not provided.
(Use `node --trace-warnings ...` to show where the warning was created)
 [32m✓[39m src/components/dashboard/WidgetLibrary.test.tsx [2m([22m[2m1 test[22m[2m)[22m[32m 98[2mms[22m[39m
(node:11216) ExperimentalWarning: localStorage is not available because --localstorage-file was not provided.
(Use `node --trace-warnings ...` to show where the warning was created)
 [32m✓[39m src/components/plugins/PluginDetail.test.tsx [2m([22m[2m1 test[22m[2m)[22m[32m 120[2mms[22m[39m
(node:27968) ExperimentalWarning: localStorage is not available because --localstorage-file was not provided.
(Use `node --trace-warnings ...` to show where the warning was created)
(node:14088) ExperimentalWarning: localStorage is not available because --localstorage-file was not provided.
(Use `node --trace-warnings ...` to show where the warning was created)
(node:18140) ExperimentalWarning: localStorage is not available because --localstorage-file was not provided.
(Use `node --trace-warnings ...` to show where the warning was created)
 [32m✓[39m src/store/glStore.test.ts [2m([22m[2m36 tests[22m[2m)[22m[32m 128[2mms[22m[39m
 [32m✓[39m src/components/dashboard/ComboChart.test.tsx [2m([22m[2m1 test[22m[2m)[22m[32m 91[2mms[22m[39m
 [32m✓[39m src/hooks/useAnnounce.test.ts [2m([22m[2m4 tests[22m[2m)[22m[32m 121[2mms[22m[39m
(node:32916) ExperimentalWarning: localStorage is not available because --localstorage-file was not provided.
(Use `node --trace-warnings ...` to show where the warning was created)
(node:28504) ExperimentalWarning: localStorage is not available because --localstorage-file was not provided.
(Use `node --trace-warnings ...` to show where the warning was created)
 [32m✓[39m src/hooks/usePresence.test.ts [2m([22m[2m12 tests[22m[2m)[22m[32m 97[2mms[22m[39m
 [32m✓[39m src/hooks/useUndoableAction.test.ts [2m([22m[2m8 tests[22m[2m)[22m[32m 120[2mms[22m[39m
(node:18612) ExperimentalWarning: localStorage is not available because --localstorage-file was not provided.
(Use `node --trace-warnings ...` to show where the warning was created)
(node:27836) ExperimentalWarning: localStorage is not available because --localstorage-file was not provided.
(Use `node --trace-warnings ...` to show where the warning was created)
 [32m✓[39m src/components/ui/PageErrorBoundary.test.tsx [2m([22m[2m1 test[22m[2m)[22m[32m 62[2mms[22m[39m
(node:2044) ExperimentalWarning: localStorage is not available because --localstorage-file was not provided.
(Use `node --trace-warnings ...` to show where the warning was created)
 [32m✓[39m src/components/charts/ChartExportButton.test.tsx [2m([22m[2m1 test[22m[2m)[22m[32m 57[2mms[22m[39m
 [32m✓[39m src/components/workforce/HeadcountHeatmap.test.tsx [2m([22m[2m3 tests[22m[2m)[22m[32m 117[2mms[22m[39m
(node:14464) ExperimentalWarning: localStorage is not available because --localstorage-file was not provided.
(Use `node --trace-warnings ...` to show where the warning was created)
 [32m✓[39m src/components/reports/ReportGenerator.test.tsx [2m([22m[2m1 test[22m[2m)[22m[32m 137[2mms[22m[39m
(node:28872) ExperimentalWarning: localStorage is not available because --localstorage-file was not provided.
(Use `node --trace-warnings ...` to show where the warning was created)
 [32m✓[39m src/components/reports/designer/PeriodPromptBar.test.tsx [2m([22m[2m1 test[22m[2m)[22m[33m 352[2mms[22m[39m
     [33m[2m✓[22m[39m renders without crashing [33m 350[2mms[22m[39m
(node:16244) ExperimentalWarning: localStorage is not available because --localstorage-file was not provided.
(Use `node --trace-warnings ...` to show where the warning was created)
 [32m✓[39m src/store/glStore.cube.test.ts [2m([22m[2m18 tests[22m[2m)[22m[32m 55[2mms[22m[39m
(node:27612) ExperimentalWarning: localStorage is not available because --localstorage-file was not provided.
(Use `node --trace-warnings ...` to show where the warning was created)
 [32m✓[39m src/services/TauriSecureStorage.test.ts [2m([22m[2m37 tests[22m[2m)[22m[32m 80[2mms[22m[39m
(node:22564) ExperimentalWarning: localStorage is not available because --localstorage-file was not provided.
(Use `node --trace-warnings ...` to show where the warning was created)
(node:17460) ExperimentalWarning: localStorage is not available because --localstorage-file was not provided.
(Use `node --trace-warnings ...` to show where the warning was created)
 [32m✓[39m src/components/spreadsheet/CommentIndicator.test.tsx [2m([22m[2m1 test[22m[2m)[22m[32m 57[2mms[22m[39m
(node:26916) ExperimentalWarning: localStorage is not available because --localstorage-file was not provided.
(Use `node --trace-warnings ...` to show where the warning was created)
 [32m✓[39m src/hooks/useFirstRun.test.ts [2m([22m[2m4 tests[22m[2m)[22m[32m 51[2mms[22m[39m
 [32m✓[39m src/workers/batch-calc.worker.test.ts [2m([22m[2m9 tests[22m[2m)[22m[32m 53[2mms[22m[39m
(node:5636) ExperimentalWarning: localStorage is not available because --localstorage-file was not provided.
(Use `node --trace-warnings ...` to show where the warning was created)
(node:14720) ExperimentalWarning: localStorage is not available because --localstorage-file was not provided.
(Use `node --trace-warnings ...` to show where the warning was created)
 [32m✓[39m src/hooks/useColumnVisibility.test.ts [2m([22m[2m8 tests[22m[2m)[22m[32m 123[2mms[22m[39m
(node:31104) ExperimentalWarning: localStorage is not available because --localstorage-file was not provided.
(Use `node --trace-warnings ...` to show where the warning was created)
 [32m✓[39m src/components/ui/KeyboardShortcutProvider.test.tsx [2m([22m[2m1 test[22m[2m)[22m[32m 100[2mms[22m[39m
 [32m✓[39m src/services/SecretRotation-AuditLogger.test.ts [2m([22m[2m63 tests[22m[2m)[22m[32m 140[2mms[22m[39m
(node:8068) ExperimentalWarning: localStorage is not available because --localstorage-file was not provided.
(Use `node --trace-warnings ...` to show where the warning was created)
 [32m✓[39m src/components/spreadsheet/DrillThroughChain.test.tsx [2m([22m[2m1 test[22m[2m)[22m[32m 103[2mms[22m[39m
(node:24056) ExperimentalWarning: localStorage is not available because --localstorage-file was not provided.
(Use `node --trace-warnings ...` to show where the warning was created)
 [32m✓[39m src/components/currency/FXRateManager.test.tsx [2m([22m[2m1 test[22m[2m)[22m[32m 142[2mms[22m[39m
(node:31436) ExperimentalWarning: localStorage is not available because --localstorage-file was not provided.
(Use `node --trace-warnings ...` to show where the warning was created)
 [32m✓[39m src/components/ai/CopilotChatTab.test.tsx [2m([22m[2m1 test[22m[2m)[22m[32m 54[2mms[22m[39m
(node:31652) ExperimentalWarning: localStorage is not available because --localstorage-file was not provided.
(Use `node --trace-warnings ...` to show where the warning was created)
 [32m✓[39m src/hooks/usePeriods.test.ts [2m([22m[2m5 tests[22m[2m)[22m[32m 56[2mms[22m[39m
(node:32416) ExperimentalWarning: localStorage is not available because --localstorage-file was not provided.
(Use `node --trace-warnings ...` to show where the warning was created)
 [32m✓[39m src/components/charts/TreemapChart.test.tsx [2m([22m[2m1 test[22m[2m)[22m[32m 65[2mms[22m[39m
(node:21204) ExperimentalWarning: localStorage is not available because --localstorage-file was not provided.
(Use `node --trace-warnings ...` to show where the warning was created)
(node:31164) ExperimentalWarning: localStorage is not available because --localstorage-file was not provided.
(Use `node --trace-warnings ...` to show where the warning was created)
 [32m✓[39m src/engines/temporal/TemporalDate.test.ts [2m([22m[2m43 tests[22m[2m)[22m[32m 68[2mms[22m[39m
(node:21188) ExperimentalWarning: localStorage is not available because --localstorage-file was not provided.
(Use `node --trace-warnings ...` to show where the warning was created)
 [32m✓[39m src/hooks/useAnimation.test.ts [2m([22m[2m5 tests[22m[2m)[22m[32m 48[2mms[22m[39m
(node:5652) ExperimentalWarning: localStorage is not available because --localstorage-file was not provided.
(Use `node --trace-warnings ...` to show where the warning was created)
 [32m✓[39m src/components/ui/RuleRow.test.tsx [2m([22m[2m1 test[22m[2m)[22m[32m 130[2mms[22m[39m
(node:25540) ExperimentalWarning: localStorage is not available because --localstorage-file was not provided.
(Use `node --trace-warnings ...` to show where the warning was created)
 [32m✓[39m src/utils/__tests__/localeFormatting.test.ts [2m([22m[2m12 tests[22m[2m)[22m[32m 93[2mms[22m[39m
 [32m✓[39m src/components/charts/__tests__/VarianceChart.test.tsx [2m([22m[2m1 test[22m[2m)[22m[32m 58[2mms[22m[39m
(node:15648) ExperimentalWarning: localStorage is not available because --localstorage-file was not provided.
(Use `node --trace-warnings ...` to show where the warning was created)
 [32m✓[39m src/hooks/useFocusRestore.test.ts [2m([22m[2m2 tests[22m[2m)[22m[32m 82[2mms[22m[39m
(node:28700) ExperimentalWarning: localStorage is not available because --localstorage-file was not provided.
(Use `node --trace-warnings ...` to show where the warning was created)
 [32m✓[39m src/hooks/useAIAnalytics.test.ts [2m([22m[2m6 tests[22m[2m)[22m[32m 86[2mms[22m[39m
(node:21384) ExperimentalWarning: localStorage is not available because --localstorage-file was not provided.
(Use `node --trace-warnings ...` to show where the warning was created)
 [32m✓[39m src/utils/financialFormatting.test.ts [2m([22m[2m53 tests[22m[2m)[22m[32m 52[2mms[22m[39m
(node:14912) ExperimentalWarning: localStorage is not available because --localstorage-file was not provided.
(Use `node --trace-warnings ...` to show where the warning was created)
(node:23932) ExperimentalWarning: localStorage is not available because --localstorage-file was not provided.
(Use `node --trace-warnings ...` to show where the warning was created)
 [32m✓[39m src/components/charts/VarianceChart.test.tsx [2m([22m[2m1 test[22m[2m)[22m[32m 107[2mms[22m[39m
 [32m✓[39m src/hooks/useDebounce.test.ts [2m([22m[2m4 tests[22m[2m)[22m[32m 56[2mms[22m[39m
(node:27360) ExperimentalWarning: localStorage is not available because --localstorage-file was not provided.
(Use `node --trace-warnings ...` to show where the warning was created)
(node:21428) ExperimentalWarning: localStorage is not available because --localstorage-file was not provided.
(Use `node --trace-warnings ...` to show where the warning was created)
(node:1212) ExperimentalWarning: localStorage is not available because --localstorage-file was not provided.
(Use `node --trace-warnings ...` to show where the warning was created)
 [32m✓[39m src/hooks/useSelectionStats.test.ts [2m([22m[2m8 tests[22m[2m)[22m[32m 66[2mms[22m[39m
 [32m✓[39m src/engines/NLQEngine.test.ts [2m([22m[2m31 tests[22m[2m)[22m[32m 69[2mms[22m[39m
 [32m✓[39m src/components/charts/__tests__/TreemapChart.test.tsx [2m([22m[2m1 test[22m[2m)[22m[32m 63[2mms[22m[39m
(node:31472) ExperimentalWarning: localStorage is not available because --localstorage-file was not provided.
(Use `node --trace-warnings ...` to show where the warning was created)
(node:27964) ExperimentalWarning: localStorage is not available because --localstorage-file was not provided.
(Use `node --trace-warnings ...` to show where the warning was created)
 [32m✓[39m src/workers/storage.worker.test.ts [2m([22m[2m10 tests[22m[2m)[22m[32m 35[2mms[22m[39m
 [32m✓[39m src/components/ai/CopilotInsightsTab.test.tsx [2m([22m[2m1 test[22m[2m)[22m[32m 120[2mms[22m[39m
(node:14920) ExperimentalWarning: localStorage is not available because --localstorage-file was not provided.
(Use `node --trace-warnings ...` to show where the warning was created)
 [32m✓[39m src/hooks/useFreezePanes.test.ts [2m([22m[2m7 tests[22m[2m)[22m[32m 50[2mms[22m[39m
(node:18468) ExperimentalWarning: localStorage is not available because --localstorage-file was not provided.
(Use `node --trace-warnings ...` to show where the warning was created)
 [32m✓[39m src/hooks/useIntersectionObserver.test.ts [2m([22m[2m6 tests[22m[2m)[22m[32m 70[2mms[22m[39m
(node:32396) ExperimentalWarning: localStorage is not available because --localstorage-file was not provided.
(Use `node --trace-warnings ...` to show where the warning was created)
 [32m✓[39m src/engines/ConnectorEngine.test.ts [2m([22m[2m18 tests[22m[2m)[22m[32m 103[2mms[22m[39m
(node:12140) ExperimentalWarning: localStorage is not available because --localstorage-file was not provided.
(Use `node --trace-warnings ...` to show where the warning was created)
 [32m✓[39m src/components/ui/FindReplaceBar.test.tsx [2m([22m[2m1 test[22m[2m)[22m[32m 49[2mms[22m[39m
(node:32888) ExperimentalWarning: localStorage is not available because --localstorage-file was not provided.
(Use `node --trace-warnings ...` to show where the warning was created)
 [32m✓[39m src/engines/WorkflowSchedulerEngine.test.ts [2m([22m[2m24 tests[22m[2m)[22m[32m 49[2mms[22m[39m
(node:32636) ExperimentalWarning: localStorage is not available because --localstorage-file was not provided.
(Use `node --trace-warnings ...` to show where the warning was created)
(node:20468) ExperimentalWarning: localStorage is not available because --localstorage-file was not provided.
(Use `node --trace-warnings ...` to show where the warning was created)
 [32m✓[39m src/engines/temporal/relativeTime.test.ts [2m([22m[2m33 tests[22m[2m)[22m[32m 104[2mms[22m[39m
 [32m✓[39m src/hooks/useReducedMotion.test.ts [2m([22m[2m6 tests[22m[2m)[22m[32m 44[2mms[22m[39m
(node:3736) ExperimentalWarning: localStorage is not available because --localstorage-file was not provided.
(Use `node --trace-warnings ...` to show where the warning was created)
 [32m✓[39m src/components/reports/designer/FilterPanel.test.tsx [2m([22m[2m1 test[22m[2m)[22m[32m 86[2mms[22m[39m
(node:29276) ExperimentalWarning: localStorage is not available because --localstorage-file was not provided.
(Use `node --trace-warnings ...` to show where the warning was created)
 [32m✓[39m src/components/ui/ContextMenu.test.tsx [2m([22m[2m2 tests[22m[2m)[22m[32m 33[2mms[22m[39m
(node:31364) ExperimentalWarning: localStorage is not available because --localstorage-file was not provided.
(Use `node --trace-warnings ...` to show where the warning was created)
 [32m✓[39m src/components/charts/GaugeChart.test.tsx [2m([22m[2m1 test[22m[2m)[22m[32m 43[2mms[22m[39m
(node:24076) ExperimentalWarning: localStorage is not available because --localstorage-file was not provided.
(Use `node --trace-warnings ...` to show where the warning was created)
 [32m✓[39m src/plugins/PluginRegistry.test.ts [2m([22m[2m30 tests[22m[2m)[22m[32m 29[2mms[22m[39m
(node:24156) ExperimentalWarning: localStorage is not available because --localstorage-file was not provided.
(Use `node --trace-warnings ...` to show where the warning was created)
 [32m✓[39m src/hooks/useKeyboardShortcuts.test.ts [2m([22m[2m3 tests[22m[2m)[22m[32m 42[2mms[22m[39m
(node:29640) ExperimentalWarning: localStorage is not available because --localstorage-file was not provided.
(Use `node --trace-warnings ...` to show where the warning was created)
 [32m✓[39m src/components/reports/ReportProgress.test.tsx [2m([22m[2m1 test[22m[2m)[22m[32m 41[2mms[22m[39m
(node:31260) ExperimentalWarning: localStorage is not available because --localstorage-file was not provided.
(Use `node --trace-warnings ...` to show where the warning was created)
 [32m✓[39m src/hooks/useAuth.test.ts [2m([22m[2m5 tests[22m[2m)[22m[32m 58[2mms[22m[39m
(node:5980) ExperimentalWarning: localStorage is not available because --localstorage-file was not provided.
(Use `node --trace-warnings ...` to show where the warning was created)
 [32m✓[39m src/utils/financial.test.ts [2m([22m[2m26 tests[22m[2m)[22m[32m 51[2mms[22m[39m
(node:21352) ExperimentalWarning: localStorage is not available because --localstorage-file was not provided.
(Use `node --trace-warnings ...` to show where the warning was created)
(node:16356) ExperimentalWarning: localStorage is not available because --localstorage-file was not provided.
(Use `node --trace-warnings ...` to show where the warning was created)
 [32m✓[39m src/utils/__tests__/financialFormatting.test.ts [2m([22m[2m26 tests[22m[2m)[22m[32m 48[2mms[22m[39m
 [32m✓[39m src/components/consolidation/EntityHierarchy.test.tsx [2m([22m[2m1 test[22m[2m)[22m[32m 70[2mms[22m[39m
(node:23284) ExperimentalWarning: localStorage is not available because --localstorage-file was not provided.
(Use `node --trace-warnings ...` to show where the warning was created)
 [32m✓[39m src/engines/AnomalyDetectionEngine.test.ts [2m([22m[2m68 tests[22m[2m)[22m[32m 42[2mms[22m[39m
(node:27096) ExperimentalWarning: localStorage is not available because --localstorage-file was not provided.
(Use `node --trace-warnings ...` to show where the warning was created)
(node:30420) ExperimentalWarning: localStorage is not available because --localstorage-file was not provided.
(Use `node --trace-warnings ...` to show where the warning was created)
 [32m✓[39m src/components/scenarios/ScenarioComparison.test.tsx [2m([22m[2m1 test[22m[2m)[22m[32m 47[2mms[22m[39m
 [32m✓[39m src/store/migration/cubeMigration.test.ts [2m([22m[2m51 tests[22m[2m | [22m[33m12 skipped[39m[2m)[22m[32m 38[2mms[22m[39m
(node:31464) ExperimentalWarning: localStorage is not available because --localstorage-file was not provided.
(Use `node --trace-warnings ...` to show where the warning was created)
 [32m✓[39m src/hooks/useThrottle.test.ts [2m([22m[2m3 tests[22m[2m)[22m[32m 39[2mms[22m[39m
(node:14788) ExperimentalWarning: localStorage is not available because --localstorage-file was not provided.
(Use `node --trace-warnings ...` to show where the warning was created)
 [32m✓[39m src/engines/FormulaEngine.test.ts [2m([22m[2m121 tests[22m[2m)[22m[32m 72[2mms[22m[39m
(node:3872) ExperimentalWarning: localStorage is not available because --localstorage-file was not provided.
(Use `node --trace-warnings ...` to show where the warning was created)
 [32m✓[39m src/utils/security.test.ts [2m([22m[2m102 tests[22m[2m)[22m[32m 42[2mms[22m[39m
(node:30244) ExperimentalWarning: localStorage is not available because --localstorage-file was not provided.
(Use `node --trace-warnings ...` to show where the warning was created)
 [32m✓[39m src/services/ChangeBroadcaster.test.ts [2m([22m[2m11 tests[22m[2m)[22m[32m 46[2mms[22m[39m
(node:32472) ExperimentalWarning: localStorage is not available because --localstorage-file was not provided.
(Use `node --trace-warnings ...` to show where the warning was created)
 [32m✓[39m src/store/cubeStore.test.ts [2m([22m[2m39 tests[22m[2m)[22m[32m 46[2mms[22m[39m
(node:20244) ExperimentalWarning: localStorage is not available because --localstorage-file was not provided.
(Use `node --trace-warnings ...` to show where the warning was created)
(node:5272) ExperimentalWarning: localStorage is not available because --localstorage-file was not provided.
(Use `node --trace-warnings ...` to show where the warning was created)
 [32m✓[39m src/store/glTrialBalanceStore.test.ts [2m([22m[2m16 tests[22m[2m)[22m[32m 41[2mms[22m[39m
 [32m✓[39m src/utils/validation.test.ts [2m([22m[2m102 tests[22m[2m)[22m[32m 40[2mms[22m[39m
(node:812) ExperimentalWarning: localStorage is not available because --localstorage-file was not provided.
(Use `node --trace-warnings ...` to show where the warning was created)
 [32m✓[39m src/engines/ValidationEngine.test.ts [2m([22m[2m57 tests[22m[2m)[22m[32m 60[2mms[22m[39m
(node:26500) ExperimentalWarning: localStorage is not available because --localstorage-file was not provided.
(Use `node --trace-warnings ...` to show where the warning was created)
 [32m✓[39m src/hooks/useIndexedDB.test.ts [2m([22m[2m2 tests[22m[2m)[22m[32m 96[2mms[22m[39m
(node:27764) ExperimentalWarning: localStorage is not available because --localstorage-file was not provided.
(Use `node --trace-warnings ...` to show where the warning was created)
 [32m✓[39m src/engines/AllocationEngine.test.ts [2m([22m[2m63 tests[22m[2m)[22m[32m 46[2mms[22m[39m
(node:25884) ExperimentalWarning: localStorage is not available because --localstorage-file was not provided.
(Use `node --trace-warnings ...` to show where the warning was created)
(node:22280) ExperimentalWarning: localStorage is not available because --localstorage-file was not provided.
(Use `node --trace-warnings ...` to show where the warning was created)
 [32m✓[39m src/components/ai/CopilotFormulaDisplay.test.tsx [2m([22m[2m1 test[22m[2m)[22m[32m 64[2mms[22m[39m
 [31m❯[39m src/engines/CPGEngine.test.ts [2m([22m[2m28 tests[22m[2m | [22m[31m7 failed[39m[2m)[22m[32m 40[2mms[22m[39m
       [32m✓[39m should sum gross revenue from 4xxx accounts (excluding 41-44xx)[32m 3[2mms[22m[39m
       [32m✓[39m should sum trade spend (absolute value) from 41xx accounts[32m 1[2mms[22m[39m
       [32m✓[39m should sum returns (absolute value) from 42xx accounts[32m 0[2mms[22m[39m
       [32m✓[39m should sum co-op advertising (absolute value) from 43xx accounts[32m 0[2mms[22m[39m
       [32m✓[39m should sum slotting fees (absolute value) from 44xx accounts[32m 0[2mms[22m[39m
       [32m✓[39m should calculate net revenue as gross minus all deductions[32m 0[2mms[22m[39m
       [32m✓[39m should calculate GTN rate as 1 - net/gross[32m 0[2mms[22m[39m
       [32m✓[39m should return 0 GTN rate when gross revenue is zero[32m 0[2mms[22m[39m
       [32m✓[39m should handle empty entries[32m 0[2mms[22m[39m
[31m       [31m×[31m should build brand P&L from entityId groupings[39m[32m 11[2mms[22m[39m
       [32m✓[39m should sort brands by net revenue descending[32m 1[2mms[22m[39m
       [32m✓[39m should filter out brands with zero revenue[32m 1[2mms[22m[39m
       [32m✓[39m should handle empty entries[32m 0[2mms[22m[39m
[31m       [31m×[31m should calculate TPR as incremental revenue divided by trade spend[39m[32m 1[2mms[22m[39m
       [32m✓[39m should return 0 ROI when trade spend is zero[32m 0[2mms[22m[39m
[31m       [31m×[31m should handle negative lift (promo underperformed)[39m[32m 7[2mms[22m[39m
[31m       [31m×[31m should aggregate DSD metrics per route[39m[32m 3[2mms[22m[39m
       [32m✓[39m should return 0 completion rate when stops planned is 0[32m 1[2mms[22m[39m
       [32m✓[39m should sort routes by revenue delivered descending[32m 0[2mms[22m[39m
       [32m✓[39m should calculate sell-through % from inventory and sales[32m 1[2mms[22m[39m
[31m       [31m×[31m should return 0 sell-through when total available is zero[39m[32m 1[2mms[22m[39m
       [32m✓[39m should aggregate revenue by accountName and compute share %[32m 1[2mms[22m[39m
       [32m✓[39m should filter categories with zero revenue[32m 0[2mms[22m[39m
[31m       [31m×[31m should calculate lift % and cost per incremental unit[39m[32m 1[2mms[22m[39m
       [32m✓[39m should return infinity-safe values when baseline is zero[32m 0[2mms[22m[39m
[31m       [31m×[31m should aggregate dashboard stats across brands[39m[32m 1[2mms[22m[39m
       [32m✓[39m should return zeros for empty entries[32m 0[2mms[22m[39m
       [32m✓[39m should incorporate sell-through when inventory/sales provided[32m 0[2mms[22m[39m
(node:23248) ExperimentalWarning: localStorage is not available because --localstorage-file was not provided.
(Use `node --trace-warnings ...` to show where the warning was created)
 [32m✓[39m src/components/data/ColumnMapper.test.tsx [2m([22m[2m1 test[22m[2m)[22m[32m 48[2mms[22m[39m
(node:31976) ExperimentalWarning: localStorage is not available because --localstorage-file was not provided.
(Use `node --trace-warnings ...` to show where the warning was created)
(node:3900) ExperimentalWarning: localStorage is not available because --localstorage-file was not provided.
(Use `node --trace-warnings ...` to show where the warning was created)
 [32m✓[39m src/components/sectors/SectorSelector.test.tsx [2m([22m[2m1 test[22m[2m)[22m[32m 53[2mms[22m[39m
 [32m✓[39m src/components/scenarios/ScenarioMerge.test.tsx [2m([22m[2m1 test[22m[2m)[22m[32m 44[2mms[22m[39m
(node:18908) ExperimentalWarning: localStorage is not available because --localstorage-file was not provided.
(Use `node --trace-warnings ...` to show where the warning was created)
 [32m✓[39m src/__tests__/a11y/q5-2-focus-restore.test.tsx [2m([22m[2m2 tests[22m[2m | [22m[33m1 skipped[39m[2m)[22m[32m 39[2mms[22m[39m
(node:6196) ExperimentalWarning: localStorage is not available because --localstorage-file was not provided.
(Use `node --trace-warnings ...` to show where the warning was created)
 [32m✓[39m src/components/reports/BookBurstSubs.test.tsx [2m([22m[2m1 test[22m[2m)[22m[32m 35[2mms[22m[39m
(node:23472) ExperimentalWarning: localStorage is not available because --localstorage-file was not provided.
(Use `node --trace-warnings ...` to show where the warning was created)
(node:15984) ExperimentalWarning: localStorage is not available because --localstorage-file was not provided.
(Use `node --trace-warnings ...` to show where the warning was created)
 [32m✓[39m src/components/scenarios/ImpactAnalysis.test.tsx [2m([22m[2m1 test[22m[2m)[22m[32m 40[2mms[22m[39m
 [32m✓[39m src/engines/PivotTableEngine.test.ts [2m([22m[2m4 tests[22m[2m)[22m[32m 36[2mms[22m[39m
(node:17572) ExperimentalWarning: localStorage is not available because --localstorage-file was not provided.
(Use `node --trace-warnings ...` to show where the warning was created)
 [32m✓[39m src/components/consolidation/ConsolidationWorksheet.test.tsx [2m([22m[2m1 test[22m[2m)[22m[32m 47[2mms[22m[39m
(node:27488) ExperimentalWarning: localStorage is not available because --localstorage-file was not provided.
(Use `node --trace-warnings ...` to show where the warning was created)
(node:5864) ExperimentalWarning: localStorage is not available because --localstorage-file was not provided.
(Use `node --trace-warnings ...` to show where the warning was created)
 [32m✓[39m src/engines/ReportLayoutEngine.test.ts [2m([22m[2m8 tests[22m[2m)[22m[32m 39[2mms[22m[39m
 [32m✓[39m src/hooks/useConfirmation.test.ts [2m([22m[2m4 tests[22m[2m)[22m[32m 66[2mms[22m[39m
(node:30484) ExperimentalWarning: localStorage is not available because --localstorage-file was not provided.
(Use `node --trace-warnings ...` to show where the warning was created)
 [32m✓[39m src/hooks/useErrorHandler.test.ts [2m([22m[2m4 tests[22m[2m)[22m[32m 139[2mms[22m[39m
(node:18652) ExperimentalWarning: localStorage is not available because --localstorage-file was not provided.
(Use `node --trace-warnings ...` to show where the warning was created)
 [32m✓[39m src/engines/AuditEngine.test.ts [2m([22m[2m16 tests[22m[2m)[22m[32m 34[2mms[22m[39m
(node:29176) ExperimentalWarning: localStorage is not available because --localstorage-file was not provided.
(Use `node --trace-warnings ...` to show where the warning was created)
 [32m✓[39m src/engines/ComplianceEngine.test.ts [2m([22m[2m17 tests[22m[2m)[22m[32m 62[2mms[22m[39m
(node:33192) ExperimentalWarning: localStorage is not available because --localstorage-file was not provided.
(Use `node --trace-warnings ...` to show where the warning was created)
 [32m✓[39m src/store/realEstateStore.test.ts [2m([22m[2m7 tests[22m[2m)[22m[32m 20[2mms[22m[39m
(node:29828) ExperimentalWarning: localStorage is not available because --localstorage-file was not provided.
(Use `node --trace-warnings ...` to show where the warning was created)
 [32m✓[39m src/components/charts/HeatmapChart.test.tsx [2m([22m[2m1 test[22m[2m)[22m[32m 35[2mms[22m[39m
(node:17784) ExperimentalWarning: localStorage is not available because --localstorage-file was not provided.
(Use `node --trace-warnings ...` to show where the warning was created)
 [32m✓[39m src/services/nim-prompts.test.ts [2m([22m[2m9 tests[22m[2m)[22m[32m 38[2mms[22m[39m
(node:17548) ExperimentalWarning: localStorage is not available because --localstorage-file was not provided.
(Use `node --trace-warnings ...` to show where the warning was created)
(node:24244) ExperimentalWarning: localStorage is not available because --localstorage-file was not provided.
(Use `node --trace-warnings ...` to show where the warning was created)
 [32m✓[39m src/engines/AutoCommentaryEngine.test.ts [2m([22m[2m6 tests[22m[2m)[22m[32m 42[2mms[22m[39m
 [32m✓[39m src/engines/AdvancedPDFEngine.test.ts [2m([22m[2m7 tests[22m[2m)[22m[32m 65[2mms[22m[39m
(node:17652) ExperimentalWarning: localStorage is not available because --localstorage-file was not provided.
(Use `node --trace-warnings ...` to show where the warning was created)
(node:28808) ExperimentalWarning: localStorage is not available because --localstorage-file was not provided.
(Use `node --trace-warnings ...` to show where the warning was created)
 [32m✓[39m src/engines/ConsolidationEngine.test.ts [2m([22m[2m63 tests[22m[2m)[22m[32m 44[2mms[22m[39m
 [32m✓[39m src/services/IncidentResponse.test.ts [2m([22m[2m48 tests[22m[2m)[22m[32m 49[2mms[22m[39m
(node:29136) ExperimentalWarning: localStorage is not available because --localstorage-file was not provided.
(Use `node --trace-warnings ...` to show where the warning was created)
 [32m✓[39m src/store/migration/storeMigrators.test.ts [2m([22m[2m58 tests[22m[2m)[22m[32m 81[2mms[22m[39m
(node:22296) ExperimentalWarning: localStorage is not available because --localstorage-file was not provided.
(Use `node --trace-warnings ...` to show where the warning was created)
 [32m✓[39m src/engines/SensitivityTableEngine.test.ts [2m([22m[2m5 tests[22m[2m)[22m[32m 40[2mms[22m[39m
(node:33372) ExperimentalWarning: localStorage is not available because --localstorage-file was not provided.
(Use `node --trace-warnings ...` to show where the warning was created)
 [32m✓[39m src/engines/FormulaFunctionRegistry.test.ts [2m([22m[2m84 tests[22m[2m)[22m[32m 54[2mms[22m[39m
(node:13524) ExperimentalWarning: localStorage is not available because --localstorage-file was not provided.
(Use `node --trace-warnings ...` to show where the warning was created)
 [32m✓[39m src/engines/FXEngine.test.ts [2m([22m[2m27 tests[22m[2m)[22m[32m 34[2mms[22m[39m
(node:32956) ExperimentalWarning: localStorage is not available because --localstorage-file was not provided.
(Use `node --trace-warnings ...` to show where the warning was created)
 [32m✓[39m src/plugins/PluginAPI.test.ts [2m([22m[2m33 tests[22m[2m)[22m[32m 44[2mms[22m[39m
(node:6624) ExperimentalWarning: localStorage is not available because --localstorage-file was not provided.
(Use `node --trace-warnings ...` to show where the warning was created)
 [32m✓[39m src/engines/ThreeStatementEngine.test.ts [2m([22m[2m32 tests[22m[2m)[22m[32m 35[2mms[22m[39m
(node:27684) ExperimentalWarning: localStorage is not available because --localstorage-file was not provided.
(Use `node --trace-warnings ...` to show where the warning was created)
 [32m✓[39m src/services/PresenceService.test.ts [2m([22m[2m15 tests[22m[2m)[22m[32m 37[2mms[22m[39m
(node:22696) ExperimentalWarning: localStorage is not available because --localstorage-file was not provided.
(Use `node --trace-warnings ...` to show where the warning was created)
 [32m✓[39m src/plugins/PluginManager.test.ts [2m([22m[2m26 tests[22m[2m)[22m[32m 26[2mms[22m[39m
(node:24852) ExperimentalWarning: localStorage is not available because --localstorage-file was not provided.
(Use `node --trace-warnings ...` to show where the warning was created)
 [32m✓[39m src/engines/FormulaEngine.integration.test.ts [2m([22m[2m63 tests[22m[2m)[22m[32m 33[2mms[22m[39m
(node:18960) ExperimentalWarning: localStorage is not available because --localstorage-file was not provided.
(Use `node --trace-warnings ...` to show where the warning was created)
 [32m✓[39m src/components/CommentaryPanel.test.tsx [2m([22m[2m1 test[22m[2m)[22m[32m 28[2mms[22m[39m
(node:13180) ExperimentalWarning: localStorage is not available because --localstorage-file was not provided.
(Use `node --trace-warnings ...` to show where the warning was created)
 [32m✓[39m src/engines/CubeEngine.test.ts [2m([22m[2m42 tests[22m[2m)[22m[32m 29[2mms[22m[39m
(node:28976) ExperimentalWarning: localStorage is not available because --localstorage-file was not provided.
(Use `node --trace-warnings ...` to show where the warning was created)
 [32m✓[39m src/pages/_docs.test.ts [2m([22m[2m7 tests[22m[2m)[22m[32m 38[2mms[22m[39m
(node:32120) ExperimentalWarning: localStorage is not available because --localstorage-file was not provided.
(Use `node --trace-warnings ...` to show where the warning was created)
 [32m✓[39m src/engines/AuditLogEngine.test.ts [2m([22m[2m13 tests[22m[2m)[22m[32m 43[2mms[22m[39m
(node:19864) ExperimentalWarning: localStorage is not available because --localstorage-file was not provided.
(Use `node --trace-warnings ...` to show where the warning was created)
 [32m✓[39m src/engines/ConsolidationEngine.integration.test.ts [2m([22m[2m19 tests[22m[2m)[22m[32m 26[2mms[22m[39m
(node:4880) ExperimentalWarning: localStorage is not available because --localstorage-file was not provided.
(Use `node --trace-warnings ...` to show where the warning was created)
 [32m✓[39m src/engines/DriverCascadeEngine.test.ts [2m([22m[2m29 tests[22m[2m)[22m[32m 29[2mms[22m[39m
(node:7752) ExperimentalWarning: localStorage is not available because --localstorage-file was not provided.
(Use `node --trace-warnings ...` to show where the warning was created)
 [32m✓[39m src/engines/CubeSecurityEngine.test.ts [2m([22m[2m33 tests[22m[2m)[22m[32m 23[2mms[22m[39m
(node:23224) ExperimentalWarning: localStorage is not available because --localstorage-file was not provided.
(Use `node --trace-warnings ...` to show where the warning was created)
 [32m✓[39m src/services/RateLimiter-CircuitBreaker.test.ts [2m([22m[2m52 tests[22m[2m)[22m[32m 33[2mms[22m[39m
(node:6452) ExperimentalWarning: localStorage is not available because --localstorage-file was not provided.
(Use `node --trace-warnings ...` to show where the warning was created)
 [32m✓[39m src/engines/MasterDataEngine.test.ts [2m([22m[2m47 tests[22m[2m)[22m[32m 40[2mms[22m[39m
(node:24708) ExperimentalWarning: localStorage is not available because --localstorage-file was not provided.
(Use `node --trace-warnings ...` to show where the warning was created)
 [32m✓[39m src/engines/WhatIfSandboxEngine.test.ts [2m([22m[2m33 tests[22m[2m)[22m[32m 20[2mms[22m[39m
(node:29244) ExperimentalWarning: localStorage is not available because --localstorage-file was not provided.
(Use `node --trace-warnings ...` to show where the warning was created)
 [32m✓[39m src/engines/SessionEngine.test.ts [2m([22m[2m16 tests[22m[2m)[22m[32m 29[2mms[22m[39m
(node:18468) ExperimentalWarning: localStorage is not available because --localstorage-file was not provided.
(Use `node --trace-warnings ...` to show where the warning was created)
 [32m✓[39m src/engines/ImportEngine.test.ts [2m([22m[2m23 tests[22m[2m)[22m[32m 27[2mms[22m[39m
(node:15176) ExperimentalWarning: localStorage is not available because --localstorage-file was not provided.
(Use `node --trace-warnings ...` to show where the warning was created)
 [32m✓[39m src/engines/ETLPipelineEngine.test.ts [2m([22m[2m11 tests[22m[2m)[22m[32m 14[2mms[22m[39m
(node:24772) ExperimentalWarning: localStorage is not available because --localstorage-file was not provided.
(Use `node --trace-warnings ...` to show where the warning was created)
(node:32068) ExperimentalWarning: localStorage is not available because --localstorage-file was not provided.
(Use `node --trace-warnings ...` to show where the warning was created)
 [32m✓[39m src/engines/ScenarioEngine.test.ts [2m([22m[2m32 tests[22m[2m)[22m[32m 22[2mms[22m[39m
 [32m✓[39m src/engines/DataClassificationEngine.test.ts [2m([22m[2m40 tests[22m[2m)[22m[32m 28[2mms[22m[39m
(node:5292) ExperimentalWarning: localStorage is not available because --localstorage-file was not provided.
(Use `node --trace-warnings ...` to show where the warning was created)
 [32m✓[39m src/hooks/useOffline.test.ts [2m([22m[2m2 tests[22m[2m)[22m[32m 38[2mms[22m[39m
(node:30536) ExperimentalWarning: localStorage is not available because --localstorage-file was not provided.
(Use `node --trace-warnings ...` to show where the warning was created)
(node:19856) ExperimentalWarning: localStorage is not available because --localstorage-file was not provided.
(Use `node --trace-warnings ...` to show where the warning was created)
 [32m✓[39m src/engines/AICopilotEngine.test.ts [2m([22m[2m39 tests[22m[2m)[22m[32m 28[2mms[22m[39m
(node:23000) ExperimentalWarning: localStorage is not available because --localstorage-file was not provided.
(Use `node --trace-warnings ...` to show where the warning was created)
 [32m✓[39m src/hooks/useSector.test.ts [2m([22m[2m4 tests[22m[2m)[22m[32m 45[2mms[22m[39m
 [32m✓[39m src/hooks/useDensity.test.ts [2m([22m[2m5 tests[22m[2m)[22m[32m 38[2mms[22m[39m
(node:18036) ExperimentalWarning: localStorage is not available because --localstorage-file was not provided.
(Use `node --trace-warnings ...` to show where the warning was created)
 [32m✓[39m src/engines/MDXEngine.test.ts [2m([22m[2m26 tests[22m[2m)[22m[32m 22[2mms[22m[39m
(node:6692) ExperimentalWarning: localStorage is not available because --localstorage-file was not provided.
(Use `node --trace-warnings ...` to show where the warning was created)
 [32m✓[39m src/engines/webWorker/WebWorkerPoolEngine.test.ts [2m([22m[2m16 tests[22m[2m)[22m[32m 37[2mms[22m[39m
(node:420) ExperimentalWarning: localStorage is not available because --localstorage-file was not provided.
(Use `node --trace-warnings ...` to show where the warning was created)
 [31m❯[39m src/engines/realtimeCollab/CollaborativeSessionEngine.test.ts [2m([22m[2m6 tests[22m[2m | [22m[31m1 failed[39m[2m)[22m[32m 27[2mms[22m[39m
     [32m✓[39m CRDTRegister: last-writer-wins by clock, with site-id tiebreak for concurrent[32m 4[2mms[22m[39m
     [32m✓[39m CollaborativeSession: handles 5 sites writing to overlapping keys[32m 1[2mms[22m[39m
     [32m✓[39m ConcurrentSessionEngine: simulates 5-user session with conflicts logged[32m 4[2mms[22m[39m
     [32m✓[39m ConcurrentSessionEngine.detectConflicts: identifies diverged writes[32m 2[2mms[22m[39m
     [32m✓[39m validates CRDT convergence between two replicas receiving same ops[32m 1[2mms[22m[39m
[31m     [31m×[31m vector clock utilities: inc, merge, compare[39m[32m 12[2mms[22m[39m
(node:4508) ExperimentalWarning: localStorage is not available because --localstorage-file was not provided.
(Use `node --trace-warnings ...` to show where the warning was created)
 [32m✓[39m src/engines/PluginEngine.test.ts [2m([22m[2m25 tests[22m[2m)[22m[32m 24[2mms[22m[39m
(node:7776) ExperimentalWarning: localStorage is not available because --localstorage-file was not provided.
(Use `node --trace-warnings ...` to show where the warning was created)
 [32m✓[39m src/engines/precision/PrecisionEngine.test.ts [2m([22m[2m20 tests[22m[2m)[22m[32m 45[2mms[22m[39m
(node:5456) ExperimentalWarning: localStorage is not available because --localstorage-file was not provided.
(Use `node --trace-warnings ...` to show where the warning was created)
(node:29776) ExperimentalWarning: localStorage is not available because --localstorage-file was not provided.
(Use `node --trace-warnings ...` to show where the warning was created)
 [32m✓[39m src/services/SecretsVault.test.ts [2m([22m[2m29 tests[22m[2m)[22m[32m 17[2mms[22m[39m
 [32m✓[39m src/components/allocations/StepDownConfigPanel.test.tsx [2m([22m[2m1 test[22m[2m)[22m[32m 32[2mms[22m[39m
(node:3568) ExperimentalWarning: localStorage is not available because --localstorage-file was not provided.
(Use `node --trace-warnings ...` to show where the warning was created)
 [32m✓[39m src/components/allocations/ReciprocalConfigPanel.test.tsx [2m([22m[2m1 test[22m[2m)[22m[32m 34[2mms[22m[39m
(node:16236) ExperimentalWarning: localStorage is not available because --localstorage-file was not provided.
(Use `node --trace-warnings ...` to show where the warning was created)
(node:22580) ExperimentalWarning: localStorage is not available because --localstorage-file was not provided.
(Use `node --trace-warnings ...` to show where the warning was created)
(node:26632) ExperimentalWarning: localStorage is not available because --localstorage-file was not provided.
(Use `node --trace-warnings ...` to show where the warning was created)
[90mstdout[2m | src/utils/__tests__/logger.test.ts[2m > [22m[2mlogger[2m > [22m[2mlogs debug messages
[22m[39m[DEBUG] test debug

[90mstdout[2m | src/utils/__tests__/logger.test.ts[2m > [22m[2mlogger[2m > [22m[2mlogs info messages
[22m[39m[INFO] test info

[90mstderr[2m | src/utils/__tests__/logger.test.ts[2m > [22m[2mlogger[2m > [22m[2mlogs warn messages
[22m[39m[WARN] test warn { key: [32m'value'[39m }

[90mstderr[2m | src/utils/__tests__/logger.test.ts[2m > [22m[2mlogger[2m > [22m[2mlogs error messages
[22m[39m[ERROR] test error

[90mstdout[2m | src/utils/__tests__/logger.test.ts[2m > [22m[2mlogger[2m > [22m[2mclearBuffer empties buffer
[22m[39m[INFO] msg

[90mstdout[2m | src/utils/__tests__/logger.test.ts[2m > [22m[2mlogger[2m > [22m[2mgetRecent returns last N entries
[22m[39m[INFO] msg1
[INFO] msg2
[INFO] msg3

[90mstdout[2m | src/utils/__tests__/logger.test.ts[2m > [22m[2mlogger[2m > [22m[2mcreateLogger adds source
[22m[39m[INFO] [TestModule] module message

[90mstderr[2m | src/components/spreadsheet/SpreadsheetToolbar.test.tsx[2m > [22m[2mSpreadsheetToolbar[2m > 
[22m[2mrenders without crashing
[22m[39m<defaultCellStyle /> is using incorrect casing. Use PascalCase for React components, or lowercase for HTML 
elements.
The tag <defaultCellStyle> is unrecognized in this browser. If you meant to render a React component, start its name 
with an uppercase letter.

[90mstdout[2m | src/utils/__tests__/logger.test.ts[2m > [22m[2mlogger[2m > [22m[2mbuffers up to max and shifts
[22m[39m[INFO] msg-0
[INFO] msg-1
[INFO] msg-2
[INFO] msg-3
[INFO] msg-4
[INFO] msg-5
[INFO] msg-6
[INFO] msg-7
[INFO] msg-8
[INFO] msg-9
[INFO] msg-10
[INFO] msg-11
[INFO] msg-12
[INFO] msg-13
[INFO] msg-14
[INFO] msg-15
[INFO] msg-16
[INFO] msg-17
[INFO] msg-18
[INFO] msg-19
[INFO] msg-20
[INFO] msg-21
[INFO] msg-22
[INFO] msg-23
[INFO] msg-24
[INFO] msg-25
[INFO] msg-26
[INFO] msg-27
[INFO] msg-28
[INFO] msg-29
[INFO] msg-30
[INFO] msg-31
[INFO] msg-32
[INFO] msg-33
[INFO] msg-34
[INFO] msg-35
[INFO] msg-36
[INFO] msg-37
[INFO] msg-38
[INFO] msg-39
[INFO] msg-40
[INFO] msg-41
[INFO] msg-42
[INFO] msg-43
[INFO] msg-44
[INFO] msg-45
[INFO] msg-46
[INFO] msg-47
[INFO] msg-48
[INFO] msg-49
[INFO] msg-50
[INFO] msg-51
[INFO] msg-52
[INFO] msg-53
[INFO] msg-54
[INFO] msg-55
[INFO] msg-56
[INFO] msg-57
[INFO] msg-58
[INFO] msg-59
[INFO] msg-60
[INFO] msg-61
[INFO] msg-62
[INFO] msg-63
[INFO] msg-64
[INFO] msg-65
[INFO] msg-66
[INFO] msg-67
[INFO] msg-68
[INFO] msg-69
[INFO] msg-70
[INFO] msg-71
[INFO] msg-72
[INFO] msg-73
[INFO] msg-74
[INFO] msg-75
[INFO] msg-76
[INFO] msg-77
[INFO] msg-78
[INFO] msg-79
[INFO] msg-80
[INFO] msg-81
[INFO] msg-82
[INFO] msg-83
[INFO] msg-84
[INFO] msg-85
[INFO] msg-86
[INFO] msg-87
[INFO] msg-88
[INFO] msg-89
[INFO] msg-90
[INFO] msg-91
[INFO] msg-92
[INFO] msg-93
[INFO] msg-94
[INFO] msg-95
[INFO] msg-96
[INFO] msg-97
[INFO] msg-98
[INFO] msg-99
[INFO] msg-100
[INFO] msg-101
[INFO] msg-102
[INFO] msg-103
[INFO] msg-104
[INFO] msg-105
[INFO] msg-106
[INFO] msg-107
[INFO] msg-108
[INFO] msg-109
[INFO] msg-110
[INFO] msg-111
[INFO] msg-112
[INFO] msg-113
[INFO] msg-114
[INFO] msg-115
[INFO] msg-116
[INFO] msg-117
[INFO] msg-118
[INFO] msg-119
[INFO] msg-120
[INFO] msg-121
[INFO] msg-122
[INFO] msg-123
[INFO] msg-124
[INFO] msg-125
[INFO] msg-126
[INFO] msg-127
[INFO] msg-128
[INFO] msg-129
[INFO] msg-130
[INFO] msg-131
[INFO] msg-132
[INFO] msg-133
[INFO] msg-134
[INFO] msg-135
[INFO] msg-136
[INFO] msg-137
[INFO] msg-138
[INFO] msg-139
[INFO] msg-140
[INFO] msg-141
[INFO] msg-142
[INFO] msg-143
[INFO] msg-144
[INFO] msg-145
[INFO] msg-146
[INFO] msg-147
[INFO] msg-148
[INFO] msg-149
[INFO] msg-150
[INFO] msg-151
[INFO] msg-152
[INFO] msg-153
[INFO] msg-154
[INFO] msg-155
[INFO] msg-156
[INFO] msg-157
[INFO] msg-158
[INFO] msg-159
[INFO] msg-160
[INFO] msg-161
[INFO] msg-162
[INFO] msg-163
[INFO] msg-164
[INFO] msg-165
[INFO] msg-166
[INFO] msg-167
[INFO] msg-168
[INFO] msg-169
[INFO] msg-170
[INFO] msg-171
[INFO] msg-172
[INFO] msg-173
[INFO] msg-174
[INFO] msg-175
[INFO] msg-176
[INFO] msg-177
[INFO] msg-178
[INFO] msg-179
[INFO] msg-180
[INFO] msg-181
[INFO] msg-182
[INFO] msg-183
[INFO] msg-184
[INFO] msg-185
[INFO] msg-186
[INFO] msg-187
[INFO] msg-188
[INFO] msg-189
[INFO] msg-190
[INFO] msg-191
[INFO] msg-192
[INFO] msg-193
[INFO] msg-194
[INFO] msg-195
[INFO] msg-196
[INFO] msg-197
[INFO] msg-198
[INFO] msg-199
[INFO] msg-200
[INFO] msg-201
[INFO] msg-202
[INFO] msg-203
[INFO] msg-204
[INFO] msg-205
[INFO] msg-206
[INFO] msg-207
[INFO] msg-208
[INFO] msg-209
[INFO] msg-210
[INFO] msg-211
[INFO] msg-212
[INFO] msg-213
[INFO] msg-214
[INFO] msg-215
[INFO] msg-216
[INFO] msg-217
[INFO] msg-218
[INFO] msg-219
[INFO] msg-220
[INFO] msg-221
[INFO] msg-222
[INFO] msg-223
[INFO] msg-224
[INFO] msg-225
[INFO] msg-226
[INFO] msg-227
[INFO] msg-228
[INFO] msg-229
[INFO] msg-230
[INFO] msg-231
[INFO] msg-232
[INFO] msg-233
[INFO] msg-234
[INFO] msg-235
[INFO] msg-236
[INFO] msg-237
[INFO] msg-238
[INFO] msg-239
[INFO] msg-240
[INFO] msg-241
[INFO] msg-242
[INFO] msg-243
[INFO] msg-244
[INFO] msg-245
[INFO] msg-246
[INFO] msg-247
[INFO] msg-248
[INFO] msg-249
[INFO] msg-250
[INFO] msg-251
[INFO] msg-252
[INFO] msg-253
[INFO] msg-254
[INFO] msg-255
[INFO] msg-256
[INFO] msg-257
[INFO] msg-258
[INFO] msg-259
[INFO] msg-260
[INFO] msg-261
[INFO] msg-262
[INFO] msg-263
[INFO] msg-264
[INFO] msg-265
[INFO] msg-266
[INFO] msg-267
[INFO] msg-268
[INFO] msg-269
[INFO] msg-270
[INFO] msg-271
[INFO] msg-272
[INFO] msg-273
[INFO] msg-274
[INFO] msg-275
[INFO] msg-276
[INFO] msg-277
[INFO] msg-278
[INFO] msg-279
[INFO] msg-280
[INFO] msg-281
[INFO] msg-282
[INFO] msg-283
[INFO] msg-284
[INFO] msg-285
[INFO] msg-286
[INFO] msg-287
[INFO] msg-288
[INFO] msg-289
[INFO] msg-290
[INFO] msg-291
[INFO] msg-292
[INFO] msg-293
[INFO] msg-294
[INFO] msg-295
[INFO] msg-296
[INFO] msg-297
[INFO] msg-298
[INFO] msg-299
[INFO] msg-300
[INFO] msg-301
[INFO] msg-302
[INFO] msg-303
[INFO] msg-304
[INFO] msg-305
[INFO] msg-306
[INFO] msg-307
[INFO] msg-308
[INFO] msg-309
[INFO] msg-310
[INFO] msg-311
[INFO] msg-312
[INFO] msg-313
[INFO] msg-314
[INFO] msg-315
[INFO] msg-316
[INFO] msg-317
[INFO] msg-318
[INFO] msg-319
[INFO] msg-320
[INFO] msg-321
[INFO] msg-322
[INFO] msg-323
[INFO] msg-324
[INFO] msg-325
[INFO] msg-326
[INFO] msg-327
[INFO] msg-328
[INFO] msg-329
[INFO] msg-330
[INFO] msg-331
[INFO] msg-332
[INFO] msg-333
[INFO] msg-334
[INFO] msg-335
[INFO] msg-336
[INFO] msg-337
[INFO] msg-338
[INFO] msg-339
[INFO] msg-340
[INFO] msg-341
[INFO] msg-342
[INFO] msg-343
[INFO] msg-344
[INFO] msg-345
[INFO] msg-346
[INFO] msg-347
[INFO] msg-348
[INFO] msg-349
[INFO] msg-350
[INFO] msg-351
[INFO] msg-352
[INFO] msg-353
[INFO] msg-354
[INFO] msg-355
[INFO] msg-356
[INFO] msg-357
[INFO] msg-358
[INFO] msg-359
[INFO] msg-360
[INFO] msg-361
[INFO] msg-362
[INFO] msg-363
[INFO] msg-364
[INFO] msg-365
[INFO] msg-366
[INFO] msg-367
[INFO] msg-368
[INFO] msg-369
[INFO] msg-370
[INFO] msg-371
[INFO] msg-372
[INFO] msg-373
[INFO] msg-374
[INFO] msg-375
[INFO] msg-376
[INFO] msg-377
[INFO] msg-378
[INFO] msg-379
[INFO] msg-380
[INFO] msg-381
[INFO] msg-382
[INFO] msg-383
[INFO] msg-384
[INFO] msg-385
[INFO] msg-386
[INFO] msg-387
[INFO] msg-388
[INFO] msg-389
[INFO] msg-390
[INFO] msg-391
[INFO] msg-392
[INFO] msg-393
[INFO] msg-394
[INFO] msg-395
[INFO] msg-396
[INFO] msg-397
[INFO] msg-398
[INFO] msg-399
[INFO] msg-400
[INFO] msg-401
[INFO] msg-402
[INFO] msg-403
[INFO] msg-404
[INFO] msg-405
[INFO] msg-406
[INFO] msg-407
[INFO] msg-408
[INFO] msg-409
[INFO] msg-410
[INFO] msg-411
[INFO] msg-412
[INFO] msg-413
[INFO] msg-414
[INFO] msg-415
[INFO] msg-416
[INFO] msg-417
[INFO] msg-418
[INFO] msg-419
[INFO] msg-420
[INFO] msg-421
[INFO] msg-422
[INFO] msg-423
[INFO] msg-424
[INFO] msg-425
[INFO] msg-426
[INFO] msg-427
[INFO] msg-428
[INFO] msg-429
[INFO] msg-430
[INFO] msg-431
[INFO] msg-432
[INFO] msg-433
[INFO] msg-434
[INFO] msg-435
[INFO] msg-436
[INFO] msg-437
[INFO] msg-438
[INFO] msg-439
[INFO] msg-440
[INFO] msg-441
[INFO] msg-442
[INFO] msg-443
[INFO] msg-444
[INFO] msg-445
[INFO] msg-446
[INFO] msg-447
[INFO] msg-448
[INFO] msg-449
[INFO] msg-450
[INFO] msg-451
[INFO] msg-452
[INFO] msg-453
[INFO] msg-454
[INFO] msg-455
[INFO] msg-456
[INFO] msg-457
[INFO] msg-458
[INFO] msg-459
[INFO] msg-460
[INFO] msg-461
[INFO] msg-462
[INFO] msg-463
[INFO] msg-464
[INFO] msg-465
[INFO] msg-466
[INFO] msg-467
[INFO] msg-468
[INFO] msg-469
[INFO] msg-470
[INFO] msg-471
[INFO] msg-472
[INFO] msg-473
[INFO] msg-474
[INFO] msg-475
[INFO] msg-476
[INFO] msg-477
[INFO] msg-478
[INFO] msg-479
[INFO] msg-480
[INFO] msg-481
[INFO] msg-482
[INFO] msg-483
[INFO] msg-484
[INFO] msg-485
[INFO] msg-486
[INFO] msg-487
[INFO] msg-488
[INFO] msg-489
[INFO] msg-490
[INFO] msg-491
[INFO] msg-492
[INFO] msg-493
[INFO] msg-494
[INFO] msg-495
[INFO] msg-496
[INFO] msg-497
[INFO] msg-498
[INFO] msg-499
[INFO] msg-500
[INFO] msg-501
[INFO] msg-502
[INFO] msg-503
[INFO] msg-504
[INFO] msg-505
[INFO] msg-506
[INFO] msg-507
[INFO] msg-508
[INFO] msg-509
[INFO] msg-510
[INFO] msg-511
[INFO] msg-512
[INFO] msg-513
[INFO] msg-514
[INFO] msg-515
[INFO] msg-516
[INFO] msg-517
[INFO] msg-518
[INFO] msg-519
[INFO] msg-520
[INFO] msg-521
[INFO] msg-522
[INFO] msg-523
[INFO] msg-524
[INFO] msg-525
[INFO] msg-526
[INFO] msg-527
[INFO] msg-528
[INFO] msg-529
[INFO] msg-530
[INFO] msg-531
[INFO] msg-532
[INFO] msg-533
[INFO] msg-534
[INFO] msg-535
[INFO] msg-536
[INFO] msg-537
[INFO] msg-538
[INFO] msg-539
[INFO] msg-540
[INFO] msg-541
[INFO] msg-542
[INFO] msg-543
[INFO] msg-544
[INFO] msg-545
[INFO] msg-546
[INFO] msg-547
[INFO] msg-548
[INFO] msg-549
[INFO] msg-550
[INFO] msg-551
[INFO] msg-552
[INFO] msg-553
[INFO] msg-554
[INFO] msg-555
[INFO] msg-556
[INFO] msg-557
[INFO] msg-558
[INFO] msg-559
[INFO] msg-560
[INFO] msg-561
[INFO] msg-562
[INFO] msg-563
[INFO] msg-564
[INFO] msg-565
[INFO] msg-566
[INFO] msg-567
[INFO] msg-568
[INFO] msg-569
[INFO] msg-570
[INFO] msg-571
[INFO] msg-572
[INFO] msg-573
[INFO] msg-574
[INFO] msg-575
[INFO] msg-576
[INFO] msg-577
[INFO] msg-578
[INFO] msg-579
[INFO] msg-580
[INFO] msg-581
[INFO] msg-582
[INFO] msg-583
[INFO] msg-584
[INFO] msg-585
[INFO] msg-586
[INFO] msg-587
[INFO] msg-588
[INFO] msg-589
[INFO] msg-590
[INFO] msg-591
[INFO] msg-592
[INFO] msg-593
[INFO] msg-594
[INFO] msg-595
[INFO] msg-596
[INFO] msg-597
[INFO] msg-598
[INFO] msg-599
[INFO] msg-600
[INFO] msg-601
[INFO] msg-602
[INFO] msg-603
[INFO] msg-604
[INFO] msg-605
[INFO] msg-606
[INFO] msg-607
[INFO] msg-608
[INFO] msg-609
[INFO] msg-610
[INFO] msg-611
[INFO] msg-612
[INFO] msg-613
[INFO] msg-614
[INFO] msg-615
[INFO] msg-616
[INFO] msg-617
[INFO] msg-618
[INFO] msg-619
[INFO] msg-620
[INFO] msg-621
[INFO] msg-622
[INFO] msg-623
[INFO] msg-624
[INFO] msg-625
[INFO] msg-626
[INFO] msg-627
[INFO] msg-628
[INFO] msg-629
[INFO] msg-630
[INFO] msg-631
[INFO] msg-632
[INFO] msg-633
[INFO] msg-634
[INFO] msg-635
[INFO] msg-636
[INFO] msg-637
[INFO] msg-638
[INFO] msg-639
[INFO] msg-640
[INFO] msg-641
[INFO] msg-642
[INFO] msg-643
[INFO] msg-644
[INFO] msg-645
[INFO] msg-646
[INFO] msg-647
[INFO] msg-648
[INFO] msg-649
[INFO] msg-650
[INFO] msg-651
[INFO] msg-652
[INFO] msg-653
[INFO] msg-654
[INFO] msg-655
[INFO] msg-656
[INFO] msg-657
[INFO] msg-658
[INFO] msg-659
[INFO] msg-660
[INFO] msg-661
[INFO] msg-662
[INFO] msg-663
[INFO] msg-664
[INFO] msg-665
[INFO] msg-666
[INFO] msg-667
[INFO] msg-668
[INFO] msg-669
[INFO] msg-670
[INFO] msg-671
[INFO] msg-672
[INFO] msg-673
[INFO] msg-674
[INFO] msg-675
[INFO] msg-676
[INFO] msg-677
[INFO] msg-678
[INFO] msg-679
[INFO] msg-680
[INFO] msg-681
[INFO] msg-682
[INFO] msg-683
[INFO] msg-684
[INFO] msg-685
[INFO] msg-686
[INFO] msg-687
[INFO] msg-688
[INFO] msg-689
[INFO] msg-690
[INFO] msg-691
[INFO] msg-692
[INFO] msg-693
[INFO] msg-694
[INFO] msg-695
[INFO] msg-696
[INFO] msg-697
[INFO] msg-698
[INFO] msg-699
[INFO] msg-700
[INFO] msg-701
[INFO] msg-702
[INFO] msg-703
[INFO] msg-704
[INFO] msg-705
[INFO] msg-706
[INFO] msg-707
[INFO] msg-708
[INFO] msg-709
[INFO] msg-710
[INFO] msg-711
[INFO] msg-712
[INFO] msg-713
[INFO] msg-714
[INFO] msg-715
[INFO] msg-716
[INFO] msg-717
[INFO] msg-718
[INFO] msg-719
[INFO] msg-720
[INFO] msg-721
[INFO] msg-722
[INFO] msg-723
[INFO] msg-724
[INFO] msg-725
[INFO] msg-726
[INFO] msg-727
[INFO] msg-728
[INFO] msg-729
[INFO] msg-730
[INFO] msg-731
[INFO] msg-732
[INFO] msg-733
[INFO] msg-734
[INFO] msg-735
[INFO] msg-736
[INFO] msg-737
[INFO] msg-738
[INFO] msg-739
[INFO] msg-740
[INFO] msg-741
[INFO] msg-742
[INFO] msg-743
[INFO] msg-744
[INFO] msg-745
[INFO] msg-746
[INFO] msg-747
[INFO] msg-748
[INFO] msg-749
[INFO] msg-750
[INFO] msg-751
[INFO] msg-752
[INFO] msg-753
[INFO] msg-754
[INFO] msg-755
[INFO] msg-756
[INFO] msg-757
[INFO] msg-758
[INFO] msg-759
[INFO] msg-760
[INFO] msg-761
[INFO] msg-762
[INFO] msg-763
[INFO] msg-764
[INFO] msg-765
[INFO] msg-766
[INFO] msg-767
[INFO] msg-768
[INFO] msg-769
[INFO] msg-770
[INFO] msg-771
[INFO] msg-772
[INFO] msg-773
[INFO] msg-774
[INFO] msg-775
[INFO] msg-776
[INFO] msg-777
[INFO] msg-778
[INFO] msg-779
[INFO] msg-780
[INFO] msg-781
[INFO] msg-782
[INFO] msg-783
[INFO] msg-784
[INFO] msg-785
[INFO] msg-786
[INFO] msg-787
[INFO] msg-788
[INFO] msg-789
[INFO] msg-790
[INFO] msg-791
[INFO] msg-792
[INFO] msg-793
[INFO] msg-794
[INFO] msg-795
[INFO] msg-796
[INFO] msg-797
[INFO] msg-798
[INFO] msg-799
[INFO] msg-800
[INFO] msg-801
[INFO] msg-802
[INFO] msg-803
[INFO] msg-804
[INFO] msg-805
[INFO] msg-806
[INFO] msg-807
[INFO] msg-808
[INFO] msg-809
[INFO] msg-810
[INFO] msg-811
[INFO] msg-812
[INFO] msg-813
[INFO] msg-814
[INFO] msg-815
[INFO] msg-816
[INFO] msg-817
[INFO] msg-818
[INFO] msg-819
[INFO] msg-820
[INFO] msg-821
[INFO] msg-822
[INFO] msg-823
[INFO] msg-824
[INFO] msg-825
[INFO] msg-826
[INFO] msg-827
[INFO] msg-828
[INFO] msg-829
[INFO] msg-830
[INFO] msg-831
[INFO] msg-832
[INFO] msg-833
[INFO] msg-834
[INFO] msg-835
[INFO] msg-836
[INFO] msg-837
[INFO] msg-838
[INFO] msg-839
[INFO] msg-840
[INFO] msg-841
[INFO] msg-842
[INFO] msg-843
[INFO] msg-844
[INFO] msg-845
[INFO] msg-846
[INFO] msg-847
[INFO] msg-848
[INFO] msg-849
[INFO] msg-850
[INFO] msg-851
[INFO] msg-852
[INFO] msg-853
[INFO] msg-854
[INFO] msg-855
[INFO] msg-856
[INFO] msg-857
[INFO] msg-858
[INFO] msg-859
[INFO] msg-860
[INFO] msg-861
[INFO] msg-862
[INFO] msg-863
[INFO] msg-864
[INFO] msg-865
[INFO] msg-866
[INFO] msg-867
[INFO] msg-868
[INFO] msg-869
[INFO] msg-870
[INFO] msg-871
[INFO] msg-872
[INFO] msg-873
[INFO] msg-874
[INFO] msg-875
[INFO] msg-876
[INFO] msg-877
[INFO] msg-878
[INFO] msg-879
[INFO] msg-880
[INFO] msg-881
[INFO] msg-882
[INFO] msg-883
[INFO] msg-884
[INFO] msg-885
[INFO] msg-886
[INFO] msg-887
[INFO] msg-888
[INFO] msg-889
[INFO] msg-890
[INFO] msg-891
[INFO] msg-892
[INFO] msg-893
[INFO] msg-894
[INFO] msg-895
[INFO] msg-896
[INFO] msg-897
[INFO] msg-898
[INFO] msg-899
[INFO] msg-900
[INFO] msg-901
[INFO] msg-902
[INFO] msg-903
[INFO] msg-904
[INFO] msg-905
[INFO] msg-906
[INFO] msg-907
[INFO] msg-908
[INFO] msg-909
[INFO] msg-910
[INFO] msg-911
[INFO] msg-912
[INFO] msg-913
[INFO] msg-914
[INFO] msg-915
[INFO] msg-916
[INFO] msg-917
[INFO] msg-918
[INFO] msg-919
[INFO] msg-920
[INFO] msg-921
[INFO] msg-922
[INFO] msg-923
[INFO] msg-924
[INFO] msg-925
[INFO] msg-926
[INFO] msg-927
[INFO] msg-928
[INFO] msg-929
[INFO] msg-930
[INFO] msg-931
[INFO] msg-932
[INFO] msg-933
[INFO] msg-934
[INFO] msg-935
[INFO] msg-936
[INFO] msg-937
[INFO] msg-938
[INFO] msg-939
[INFO] msg-940
[INFO] msg-941
[INFO] msg-942
[INFO] msg-943
[INFO] msg-944
[INFO] msg-945
[INFO] msg-946
[INFO] msg-947
[INFO] msg-948
[INFO] msg-949
[INFO] msg-950
[INFO] msg-951
[INFO] msg-952
[INFO] msg-953
[INFO] msg-954
[INFO] msg-955
[INFO] msg-956
[INFO] msg-957
[INFO] msg-958
[INFO] msg-959
[INFO] msg-960
[INFO] msg-961
[INFO] msg-962
[INFO] msg-963
[INFO] msg-964
[INFO] msg-965
[INFO] msg-966
[INFO] msg-967
[INFO] msg-968
[INFO] msg-969
[INFO] msg-970
[INFO] msg-971
[INFO] msg-972
[INFO] msg-973
[INFO] msg-974
[INFO] msg-975
[INFO] msg-976
[INFO] msg-977
[INFO] msg-978
[INFO] msg-979
[INFO] msg-980
[INFO] msg-981
[INFO] msg-982
[INFO] msg-983
[INFO] msg-984
[INFO] msg-985
[INFO] msg-986
[INFO] msg-987
[INFO] msg-988
[INFO] msg-989
[INFO] msg-990
[INFO] msg-991
[INFO] msg-992
[INFO] msg-993
[INFO] msg-994
[INFO] msg-995
[INFO] msg-996
[INFO] msg-997
[INFO] msg-998
[INFO] msg-999
[INFO] msg-1000
[INFO] msg-1001
[INFO] msg-1002
[INFO] msg-1003
[INFO] msg-1004
[INFO] msg-1005
[INFO] msg-1006
[INFO] msg-1007
[INFO] msg-1008
[INFO] msg-1009
[INFO] msg-1010
[INFO] msg-1011
[INFO] msg-1012
[INFO] msg-1013
[INFO] msg-1014
[INFO] msg-1015
[INFO] msg-1016
[INFO] msg-1017
[INFO] msg-1018
[INFO] msg-1019
[INFO] msg-1020
[INFO] msg-1021
[INFO] msg-1022
[INFO] msg-1023
[INFO] msg-1024
[INFO] msg-1025
[INFO] msg-1026
[INFO] msg-1027
[INFO] msg-1028
[INFO] msg-1029
[INFO] msg-1030
[INFO] msg-1031
[INFO] msg-1032
[INFO] msg-1033
[INFO] msg-1034
[INFO] msg-1035
[INFO] msg-1036
[INFO] msg-1037
[INFO] msg-1038
[INFO] msg-1039
[INFO] msg-1040
[INFO] msg-1041
[INFO] msg-1042
[INFO] msg-1043
[INFO] msg-1044
[INFO] msg-1045
[INFO] msg-1046
[INFO] msg-1047
[INFO] msg-1048
[INFO] msg-1049
[INFO] msg-1050
[INFO] msg-1051
[INFO] msg-1052
[INFO] msg-1053
[INFO] msg-1054
[INFO] msg-1055
[INFO] msg-1056
[INFO] msg-1057
[INFO] msg-1058
[INFO] msg-1059
[INFO] msg-1060
[INFO] msg-1061
[INFO] msg-1062
[INFO] msg-1063
[INFO] msg-1064
[INFO] msg-1065
[INFO] msg-1066
[INFO] msg-1067
[INFO] msg-1068
[INFO] msg-1069
[INFO] msg-1070
[INFO] msg-1071
[INFO] msg-1072
[INFO] msg-1073
[INFO] msg-1074
[INFO] msg-1075
[INFO] msg-1076
[INFO] msg-1077
[INFO] msg-1078
[INFO] msg-1079
[INFO] msg-1080
[INFO] msg-1081
[INFO] msg-1082
[INFO] msg-1083
[INFO] msg-1084
[INFO] msg-1085
[INFO] msg-1086
[INFO] msg-1087
[INFO] msg-1088
[INFO] msg-1089
[INFO] msg-1090
[INFO] msg-1091
[INFO] msg-1092
[INFO] msg-1093
[INFO] msg-1094
[INFO] msg-1095
[INFO] msg-1096
[INFO] msg-1097
[INFO] msg-1098
[INFO] msg-1099

 [32m✓[39m src/components/spreadsheet/SpreadsheetToolbar.test.tsx [2m([22m[2m1 test[22m[2m)[22m[32m 29[2mms[22m[39m
 [32m✓[39m src/utils/__tests__/logger.test.ts [2m([22m[2m9 tests[22m[2m)[22m[32m 32[2mms[22m[39m
(node:22044) ExperimentalWarning: localStorage is not available because --localstorage-file was not provided.
(Use `node --trace-warnings ...` to show where the warning was created)
[90mstderr[2m | src/components/spreadsheet/DrillTables.test.tsx[2m > [22m[2mDrillTables[2m > [22m[2mrenders 
without crashing
[22m[39m<formatCurrency /> is using incorrect casing. Use PascalCase for React components, or lowercase for HTML 
elements.
The tag <formatCurrency> is unrecognized in this browser. If you meant to render a React component, start its name 
with an uppercase letter.

 [32m✓[39m src/components/spreadsheet/DrillTables.test.tsx [2m([22m[2m1 test[22m[2m)[22m[32m 37[2mms[22m[39m
 [32m✓[39m src/components/generative/GenerativeDashboard.test.tsx [2m([22m[2m1 test[22m[2m)[22m[32m 30[2mms[22m[39m
(node:11452) ExperimentalWarning: localStorage is not available because --localstorage-file was not provided.
(Use `node --trace-warnings ...` to show where the warning was created)
(node:29476) ExperimentalWarning: localStorage is not available because --localstorage-file was not provided.
(Use `node --trace-warnings ...` to show where the warning was created)
 [32m✓[39m src/components/spreadsheet/CellEditor.test.tsx [2m([22m[2m1 test[22m[2m)[22m[32m 29[2mms[22m[39m
 [32m✓[39m src/components/data/FindReplaceDialog.test.tsx [2m([22m[2m1 test[22m[2m)[22m[32m 27[2mms[22m[39m
(node:32948) ExperimentalWarning: localStorage is not available because --localstorage-file was not provided.
(Use `node --trace-warnings ...` to show where the warning was created)
(node:18128) ExperimentalWarning: localStorage is not available because --localstorage-file was not provided.
(Use `node --trace-warnings ...` to show where the warning was created)
 [32m✓[39m src/hooks/useTour.test.ts [2m([22m[2m3 tests[22m[2m)[22m[32m 33[2mms[22m[39m
 [32m✓[39m src/__tests__/a11y/q5-5-motion-audit.test.tsx [2m([22m[2m3 tests[22m[2m)[22m[32m 112[2mms[22m[39m
(node:31496) ExperimentalWarning: localStorage is not available because --localstorage-file was not provided.
(Use `node --trace-warnings ...` to show where the warning was created)
 [32m✓[39m src/components/errors/PluginErrorBoundary.test.tsx [2m([22m[2m1 test[22m[2m)[22m[32m 24[2mms[22m[39m
(node:25632) ExperimentalWarning: localStorage is not available because --localstorage-file was not provided.
(Use `node --trace-warnings ...` to show where the warning was created)
[90mstderr[2m | src/components/reports/ReportGenHelpers.test.tsx[2m > [22m[2mReportGenHelpers[2m > 
[22m[2mrenders without crashing
[22m[39m<reportToCsv /> is using incorrect casing. Use PascalCase for React components, or lowercase for HTML 
elements.
The tag <reportToCsv> is unrecognized in this browser. If you meant to render a React component, start its name with 
an uppercase letter.

 [32m✓[39m src/components/reports/ReportGenHelpers.test.tsx [2m([22m[2m1 test[22m[2m)[22m[32m 55[2mms[22m[39m
(node:20436) ExperimentalWarning: localStorage is not available because --localstorage-file was not provided.
(Use `node --trace-warnings ...` to show where the warning was created)
 [32m✓[39m src/store/fxRateStore.test.ts [2m([22m[2m11 tests[22m[2m)[22m[32m 17[2mms[22m[39m
(node:2540) ExperimentalWarning: localStorage is not available because --localstorage-file was not provided.
(Use `node --trace-warnings ...` to show where the warning was created)
 [32m✓[39m src/components/spreadsheet/DrillBreadcrumb.test.tsx [2m([22m[2m1 test[22m[2m)[22m[32m 26[2mms[22m[39m
(node:14596) ExperimentalWarning: localStorage is not available because --localstorage-file was not provided.
(Use `node --trace-warnings ...` to show where the warning was created)
 [32m✓[39m src/store/dataStore.test.ts [2m([22m[2m24 tests[22m[2m)[22m[32m 29[2mms[22m[39m
(node:6408) ExperimentalWarning: localStorage is not available because --localstorage-file was not provided.
(Use `node --trace-warnings ...` to show where the warning was created)
 [32m✓[39m src/store/dashboardStore.test.ts [2m([22m[2m14 tests[22m[2m)[22m[32m 24[2mms[22m[39m
(node:17612) ExperimentalWarning: localStorage is not available because --localstorage-file was not provided.
(Use `node --trace-warnings ...` to show where the warning was created)
 [32m✓[39m src/utils/__tests__/tokenRotation.test.ts [2m([22m[2m11 tests[22m[2m)[22m[32m 25[2mms[22m[39m
(node:16404) ExperimentalWarning: localStorage is not available because --localstorage-file was not provided.
(Use `node --trace-warnings ...` to show where the warning was created)
[90mstderr[2m | src/utils/tauriSqlStorage.test.ts[2m > [22m[2mtauriSqlStorage[2m > [22m[2mremoveItem[2m > 
[22m[2mshould delete row from stores table
[22m[39mTauri SQL removeItem error: Error: Write failed
    at C:/Users/Tahir/Desktop/frontend that i want/fpa/src/utils/tauriSqlStorage.test.ts:111:37
    at [90mfile:///C:/Users/Tahir/Desktop/frontend%20that%20i%20want/fpa/[39mnode_modules/[4m@vitest/runner[24m/dis
t/chunk-artifact.js:302:11
    at [90mfile:///C:/Users/Tahir/Desktop/frontend%20that%20i%20want/fpa/[39mnode_modules/[4m@vitest/runner[24m/dis
t/chunk-artifact.js:1903:26
    at [90mfile:///C:/Users/Tahir/Desktop/frontend%20that%20i%20want/fpa/[39mnode_modules/[4m@vitest/runner[24m/dis
t/chunk-artifact.js:2326:20
    at new Promise (<anonymous>)
    at runWithCancel [90m(file:///C:/Users/Tahir/Desktop/frontend%20that%20i%20want/fpa/[39mnode_modules/[4m@vitest/
runner[24m/dist/chunk-artifact.js:2323:10[90m)[39m
    at [90mfile:///C:/Users/Tahir/Desktop/frontend%20that%20i%20want/fpa/[39mnode_modules/[4m@vitest/runner[24m/dis
t/chunk-artifact.js:2305:20
    at new Promise (<anonymous>)
    at runWithTimeout [90m(file:///C:/Users/Tahir/Desktop/frontend%20that%20i%20want/fpa/[39mnode_modules/[4m@vitest
/runner[24m/dist/chunk-artifact.js:2272:10[90m)[39m
    at [90mfile:///C:/Users/Tahir/Desktop/frontend%20that%20i%20want/fpa/[39mnode_modules/[4m@vitest/runner[24m/dis
t/chunk-artifact.js:2955:64

 [32m✓[39m src/utils/tauriSqlStorage.test.ts [2m([22m[2m14 tests[22m[2m)[22m[32m 30[2mms[22m[39m
(node:20052) ExperimentalWarning: localStorage is not available because --localstorage-file was not provided.
(Use `node --trace-warnings ...` to show where the warning was created)
 [32m✓[39m src/utils/__tests__/security.test.ts [2m([22m[2m50 tests[22m[2m)[22m[32m 26[2mms[22m[39m
(node:14660) ExperimentalWarning: localStorage is not available because --localstorage-file was not provided.
(Use `node --trace-warnings ...` to show where the warning was created)
 [32m✓[39m src/services/api-integration/BaseConnector.test.ts [2m([22m[2m27 tests[22m[2m)[22m[32m 28[2mms[22m[39m
(node:32944) ExperimentalWarning: localStorage is not available because --localstorage-file was not provided.
(Use `node --trace-warnings ...` to show where the warning was created)
 [32m✓[39m src/services/ImportPipeline.test.ts [2m([22m[2m5 tests[22m[2m)[22m[32m 26[2mms[22m[39m
(node:23572) ExperimentalWarning: localStorage is not available because --localstorage-file was not provided.
(Use `node --trace-warnings ...` to show where the warning was created)
 [32m✓[39m src/services/api-integration/NetSuiteConnector.test.ts [2m([22m[2m21 tests[22m[2m)[22m[32m 56[2mms[22m[39m
(node:13956) ExperimentalWarning: localStorage is not available because --localstorage-file was not provided.
(Use `node --trace-warnings ...` to show where the warning was created)
 [32m✓[39m src/components/errors/EngineErrorBoundary.test.tsx [2m([22m[2m1 test[22m[2m)[22m[32m 29[2mms[22m[39m
(node:16944) ExperimentalWarning: localStorage is not available because --localstorage-file was not provided.
(Use `node --trace-warnings ...` to show where the warning was created)
 [32m✓[39m src/services/api-integration/GhostShaValidator.test.ts [2m([22m[2m54 tests[22m[2m)[22m[32m 34[2mms[22m[39m
(node:15688) ExperimentalWarning: localStorage is not available because --localstorage-file was not provided.
(Use `node --trace-warnings ...` to show where the warning was created)
 [32m✓[39m src/utils/constants.test.ts [2m([22m[2m36 tests[22m[2m)[22m[32m 21[2mms[22m[39m
(node:20176) ExperimentalWarning: localStorage is not available because --localstorage-file was not provided.
(Use `node --trace-warnings ...` to show where the warning was created)
 [32m✓[39m src/store/workforceStore.test.ts [2m([22m[2m17 tests[22m[2m)[22m[32m 22[2mms[22m[39m
(node:27924) ExperimentalWarning: localStorage is not available because --localstorage-file was not provided.
(Use `node --trace-warnings ...` to show where the warning was created)
(node:27768) ExperimentalWarning: localStorage is not available because --localstorage-file was not provided.
(Use `node --trace-warnings ...` to show where the warning was created)
 [32m✓[39m src/store/healthcareStore.test.ts [2m([22m[2m6 tests[22m[2m)[22m[32m 22[2mms[22m[39m
 [32m✓[39m src/utils/__tests__/validation.test.ts [2m([22m[2m47 tests[22m[2m)[22m[32m 22[2mms[22m[39m
(node:21420) ExperimentalWarning: localStorage is not available because --localstorage-file was not provided.
(Use `node --trace-warnings ...` to show where the warning was created)
 [32m✓[39m src/store/constructionStore.test.ts [2m([22m[2m6 tests[22m[2m)[22m[32m 18[2mms[22m[39m
(node:27428) ExperimentalWarning: localStorage is not available because --localstorage-file was not provided.
(Use `node --trace-warnings ...` to show where the warning was created)
(node:28120) ExperimentalWarning: localStorage is not available because --localstorage-file was not provided.
(Use `node --trace-warnings ...` to show where the warning was created)
 [32m✓[39m src/store/esgStore.test.ts [2m([22m[2m14 tests[22m[2m)[22m[32m 19[2mms[22m[39m
(node:17804) ExperimentalWarning: localStorage is not available because --localstorage-file was not provided.
(Use `node --trace-warnings ...` to show where the warning was created)
 [32m✓[39m src/components/reports/designer/TemplateModal.test.tsx [2m([22m[2m1 test[22m[2m)[22m[32m 27[2mms[22m[39m
 [32m✓[39m src/store/governmentStore.test.ts [2m([22m[2m15 tests[22m[2m)[22m[32m 31[2mms[22m[39m
(node:33472) ExperimentalWarning: localStorage is not available because --localstorage-file was not provided.
(Use `node --trace-warnings ...` to show where the warning was created)
 [32m✓[39m src/plugins/PluginLoader.test.ts [2m([22m[2m21 tests[22m[2m)[22m[32m 24[2mms[22m[39m
(node:27116) ExperimentalWarning: localStorage is not available because --localstorage-file was not provided.
(Use `node --trace-warnings ...` to show where the warning was created)
 [32m✓[39m src/services/mockData/mockData.test.ts [2m([22m[2m8 tests[22m[2m)[22m[32m 25[2mms[22m[39m
(node:24520) ExperimentalWarning: localStorage is not available because --localstorage-file was not provided.
(Use `node --trace-warnings ...` to show where the warning was created)
 [32m✓[39m src/components/errors/GridErrorBoundary.test.tsx [2m([22m[2m1 test[22m[2m)[22m[32m 29[2mms[22m[39m
(node:14584) ExperimentalWarning: localStorage is not available because --localstorage-file was not provided.
(Use `node --trace-warnings ...` to show where the warning was created)
(node:28540) ExperimentalWarning: localStorage is not available because --localstorage-file was not provided.
(Use `node --trace-warnings ...` to show where the warning was created)
 [32m✓[39m src/services/BenchmarkService.test.ts [2m([22m[2m9 tests[22m[2m)[22m[32m 19[2mms[22m[39m
(node:20260) ExperimentalWarning: localStorage is not available because --localstorage-file was not provided.
(Use `node --trace-warnings ...` to show where the warning was created)
 [32m✓[39m src/store/logisticsStore.test.ts [2m([22m[2m16 tests[22m[2m)[22m[32m 21[2mms[22m[39m
 [32m✓[39m src/store/retailStore.test.ts [2m([22m[2m16 tests[22m[2m)[22m[32m 22[2mms[22m[39m
(node:32672) ExperimentalWarning: localStorage is not available because --localstorage-file was not provided.
(Use `node --trace-warnings ...` to show where the warning was created)
 [32m✓[39m src/engines/CellCommentEngine.test.ts [2m([22m[2m13 tests[22m[2m)[22m[32m 15[2mms[22m[39m
(node:24200) ExperimentalWarning: localStorage is not available because --localstorage-file was not provided.
(Use `node --trace-warnings ...` to show where the warning was created)
 [32m✓[39m src/utils/cn.test.ts [2m([22m[2m7 tests[22m[2m)[22m[32m 26[2mms[22m[39m
(node:23860) ExperimentalWarning: localStorage is not available because --localstorage-file was not provided.
(Use `node --trace-warnings ...` to show where the warning was created)
 [32m✓[39m src/store/settingsStore.test.ts [2m([22m[2m9 tests[22m[2m)[22m[32m 16[2mms[22m[39m
(node:23576) ExperimentalWarning: localStorage is not available because --localstorage-file was not provided.
(Use `node --trace-warnings ...` to show where the warning was created)
 [32m✓[39m src/engines/temporal/multiJurisdictionFiscal.test.ts [2m([22m[2m27 tests[22m[2m)[22m[32m 20[2mms[22m[39m
(node:26100) ExperimentalWarning: localStorage is not available because --localstorage-file was not provided.
(Use `node --trace-warnings ...` to show where the warning was created)
(node:8068) ExperimentalWarning: localStorage is not available because --localstorage-file was not provided.
(Use `node --trace-warnings ...` to show where the warning was created)
 [32m✓[39m src/engines/WorkflowActionEngine.test.ts [2m([22m[2m25 tests[22m[2m)[22m[32m 18[2mms[22m[39m
 [32m✓[39m src/engines/AggregationDesigner.test.ts [2m([22m[2m30 tests[22m[2m)[22m[32m 23[2mms[22m[39m
(node:32404) ExperimentalWarning: localStorage is not available because --localstorage-file was not provided.
(Use `node --trace-warnings ...` to show where the warning was created)
 [32m✓[39m src/engines/GroupOutlineEngine.test.ts [2m([22m[2m9 tests[22m[2m)[22m[32m 14[2mms[22m[39m
(node:22368) ExperimentalWarning: localStorage is not available because --localstorage-file was not provided.
(Use `node --trace-warnings ...` to show where the warning was created)
 [32m✓[39m src/utils/__tests__/cn.test.ts [2m([22m[2m4 tests[22m[2m)[22m[32m 18[2mms[22m[39m
(node:13736) ExperimentalWarning: localStorage is not available because --localstorage-file was not provided.
(Use `node --trace-warnings ...` to show where the warning was created)
(node:18240) ExperimentalWarning: localStorage is not available because --localstorage-file was not provided.
(Use `node --trace-warnings ...` to show where the warning was created)
 [32m✓[39m src/store/uiStore.test.ts [2m([22m[2m7 tests[22m[2m)[22m[32m 22[2mms[22m[39m
 [32m✓[39m src/store/glUploadStore.test.ts [2m([22m[2m12 tests[22m[2m)[22m[32m 21[2mms[22m[39m
(node:10720) ExperimentalWarning: localStorage is not available because --localstorage-file was not provided.
(Use `node --trace-warnings ...` to show where the warning was created)
[90mstderr[2m | src/utils/sqlJsStorage.test.ts[2m > [22m[2msqlJsStorage[2m > [22m[2mshould handle string values
[22m[39msql.js getItem error: SyntaxError: Unexpected token 'h', "hello" is not valid JSON
    at JSON.parse (<anonymous>)
    at Object.getItem (C:/Users/Tahir/Desktop/frontend that i want/fpa/src/utils/sqlJsStorage.ts:53:21)
[90m    at processTicksAndRejections (node:internal/process/task_queues:104:5)[39m
    at C:/Users/Tahir/Desktop/frontend that i want/fpa/src/utils/sqlJsStorage.test.ts:56:20
    at [90mfile:///C:/Users/Tahir/Desktop/frontend%20that%20i%20want/fpa/[39mnode_modules/[4m@vitest/runner[24m/dis
t/chunk-artifact.js:1903:20

 [32m✓[39m src/utils/sqlJsStorage.test.ts [2m([22m[2m9 tests[22m[2m)[22m[32m 18[2mms[22m[39m
(node:15756) ExperimentalWarning: localStorage is not available because --localstorage-file was not provided.
(Use `node --trace-warnings ...` to show where the warning was created)
 [32m✓[39m src/engines/report-builder-formulas.test.ts [2m([22m[2m19 tests[22m[2m)[22m[32m 17[2mms[22m[39m
(node:15712) ExperimentalWarning: localStorage is not available because --localstorage-file was not provided.
(Use `node --trace-warnings ...` to show where the warning was created)
 [32m✓[39m src/engines/formula-functions/lookup.test.ts [2m([22m[2m14 tests[22m[2m)[22m[32m 13[2mms[22m[39m
(node:6268) ExperimentalWarning: localStorage is not available because --localstorage-file was not provided.
(Use `node --trace-warnings ...` to show where the warning was created)
 [32m✓[39m src/store/scenarioStore.test.ts [2m([22m[2m8 tests[22m[2m)[22m[32m 25[2mms[22m[39m
(node:8964) ExperimentalWarning: localStorage is not available because --localstorage-file was not provided.
(Use `node --trace-warnings ...` to show where the warning was created)
 [32m✓[39m src/store/analyticsStore.test.ts [2m([22m[2m13 tests[22m[2m)[22m[32m 19[2mms[22m[39m
(node:25992) ExperimentalWarning: localStorage is not available because --localstorage-file was not provided.
(Use `node --trace-warnings ...` to show where the warning was created)
 [32m✓[39m src/store/capexStore.test.ts [2m([22m[2m16 tests[22m[2m)[22m[32m 21[2mms[22m[39m
(node:13500) ExperimentalWarning: localStorage is not available because --localstorage-file was not provided.
(Use `node --trace-warnings ...` to show where the warning was created)
 [32m✓[39m src/store/telecomStore.test.ts [2m([22m[2m16 tests[22m[2m)[22m[32m 25[2mms[22m[39m
(node:24668) ExperimentalWarning: localStorage is not available because --localstorage-file was not provided.
(Use `node --trace-warnings ...` to show where the warning was created)
 [32m✓[39m src/utils/__tests__/encryption.test.ts [2m([22m[2m9 tests[22m[2m)[22m[32m 17[2mms[22m[39m
(node:18332) ExperimentalWarning: localStorage is not available because --localstorage-file was not provided.
(Use `node --trace-warnings ...` to show where the warning was created)
 [32m✓[39m src/engines/LeaseEngine.test.ts [2m([22m[2m39 tests[22m[2m)[22m[32m 22[2mms[22m[39m
(node:20304) ExperimentalWarning: localStorage is not available because --localstorage-file was not provided.
(Use `node --trace-warnings ...` to show where the warning was created)
 [31m❯[39m src/store/collaborationStore.test.ts [2m([22m[2m0 test[22m[2m)[22m
(node:31592) ExperimentalWarning: localStorage is not available because --localstorage-file was not provided.
(Use `node --trace-warnings ...` to show where the warning was created)
 [32m✓[39m src/engines/exportExcel.test.ts [2m([22m[2m10 tests[22m[2m)[22m[32m 19[2mms[22m[39m
(node:28012) ExperimentalWarning: localStorage is not available because --localstorage-file was not provided.
(Use `node --trace-warnings ...` to show where the warning was created)
(node:21436) ExperimentalWarning: localStorage is not available because --localstorage-file was not provided.
(Use `node --trace-warnings ...` to show where the warning was created)
 [32m✓[39m src/engines/RollingForecastEngine.test.ts [2m([22m[2m19 tests[22m[2m)[22m[32m 33[2mms[22m[39m
 [32m✓[39m src/engines/RealEstateEngine.test.ts [2m([22m[2m24 tests[22m[2m)[22m[32m 13[2mms[22m[39m
(node:20384) ExperimentalWarning: localStorage is not available because --localstorage-file was not provided.
(Use `node --trace-warnings ...` to show where the warning was created)
 [32m✓[39m src/engines/FormulaAutoCompleteEngine.test.ts [2m([22m[2m15 tests[22m[2m)[22m[32m 15[2mms[22m[39m
(node:15676) ExperimentalWarning: localStorage is not available because --localstorage-file was not provided.
(Use `node --trace-warnings ...` to show where the warning was created)
 [32m✓[39m src/services/api-integration/QuickBooksConnector.test.ts [2m([22m[2m9 tests[22m[2m)[22m[32m 20[2mms[22m[39m
(node:17996) ExperimentalWarning: localStorage is not available because --localstorage-file was not provided.
(Use `node --trace-warnings ...` to show where the warning was created)
 [32m✓[39m src/services/api-integration/XeroConnector.test.ts [2m([22m[2m12 tests[22m[2m)[22m[32m 23[2mms[22m[39m
(node:20948) ExperimentalWarning: localStorage is not available because --localstorage-file was not provided.
(Use `node --trace-warnings ...` to show where the warning was created)
 [32m✓[39m src/engines/CubeMigrationEngine.test.ts [2m([22m[2m26 tests[22m[2m)[22m[32m 20[2mms[22m[39m
(node:28400) ExperimentalWarning: localStorage is not available because --localstorage-file was not provided.
(Use `node --trace-warnings ...` to show where the warning was created)
 [32m✓[39m src/engines/WorkflowTemplateEngine.test.ts [2m([22m[2m22 tests[22m[2m)[22m[32m 21[2mms[22m[39m
(node:18436) ExperimentalWarning: localStorage is not available because --localstorage-file was not provided.
(Use `node --trace-warnings ...` to show where the warning was created)
(node:24180) ExperimentalWarning: localStorage is not available because --localstorage-file was not provided.
(Use `node --trace-warnings ...` to show where the warning was created)
 [32m✓[39m src/engines/BankingEngine.test.ts [2m([22m[2m32 tests[22m[2m)[22m[32m 20[2mms[22m[39m
(node:15552) ExperimentalWarning: localStorage is not available because --localstorage-file was not provided.
(Use `node --trace-warnings ...` to show where the warning was created)
 [32m✓[39m src/utils/masterStorage.test.ts [2m([22m[2m6 tests[22m[2m)[22m[32m 15[2mms[22m[39m
(node:33384) ExperimentalWarning: localStorage is not available because --localstorage-file was not provided.
(Use `node --trace-warnings ...` to show where the warning was created)
 [32m✓[39m src/store/reportStore.test.ts [2m([22m[2m8 tests[22m[2m)[22m[32m 15[2mms[22m[39m
(node:7572) ExperimentalWarning: localStorage is not available because --localstorage-file was not provided.
(Use `node --trace-warnings ...` to show where the warning was created)
(node:8312) ExperimentalWarning: localStorage is not available because --localstorage-file was not provided.
(Use `node --trace-warnings ...` to show where the warning was created)
 [32m✓[39m src/services/api-integration/ConnectorRegistry.test.ts [2m([22m[2m13 tests[22m[2m)[22m[32m 20[2mms[22m[39m
 [32m✓[39m src/store/notificationStore.test.ts [2m([22m[2m6 tests[22m[2m)[22m[32m 16[2mms[22m[39m
 [32m✓[39m src/engines/ExcelImportEngine.test.ts [2m([22m[2m17 tests[22m[2m)[22m[32m 16[2mms[22m[39m
(node:23200) ExperimentalWarning: localStorage is not available because --localstorage-file was not provided.
(Use `node --trace-warnings ...` to show where the warning was created)
 [32m✓[39m src/engines/CalculationGraph.test.ts [2m([22m[2m9 tests[22m[2m)[22m[32m 14[2mms[22m[39m
(node:7508) ExperimentalWarning: localStorage is not available because --localstorage-file was not provided.
(Use `node --trace-warnings ...` to show where the warning was created)
 [32m✓[39m src/engines/FinanceCopilotEngine.test.ts [2m([22m[2m28 tests[22m[2m)[22m[32m 32[2mms[22m[39m
(node:28704) ExperimentalWarning: localStorage is not available because --localstorage-file was not provided.
(Use `node --trace-warnings ...` to show where the warning was created)
 [32m✓[39m src/engines/integration/IntegrationEngine.test.ts [2m([22m[2m24 tests[22m[2m)[22m[32m 18[2mms[22m[39m
(node:3772) ExperimentalWarning: localStorage is not available because --localstorage-file was not provided.
(Use `node --trace-warnings ...` to show where the warning was created)
 [32m✓[39m src/store/educationStore.test.ts [2m([22m[2m15 tests[22m[2m)[22m[32m 22[2mms[22m[39m
(node:24612) ExperimentalWarning: localStorage is not available because --localstorage-file was not provided.
(Use `node --trace-warnings ...` to show where the warning was created)
 [32m✓[39m src/engines/AutoSaveEngine.test.ts [2m([22m[2m13 tests[22m[2m)[22m[32m 19[2mms[22m[39m
(node:11088) ExperimentalWarning: localStorage is not available because --localstorage-file was not provided.
(Use `node --trace-warnings ...` to show where the warning was created)
 [32m✓[39m src/engines/WorkflowBuilderEngine.test.ts [2m([22m[2m12 tests[22m[2m)[22m[32m 16[2mms[22m[39m
(node:19548) ExperimentalWarning: localStorage is not available because --localstorage-file was not provided.
(Use `node --trace-warnings ...` to show where the warning was created)
 [32m✓[39m src/engines/PeriodLockEngine.test.ts [2m([22m[2m17 tests[22m[2m)[22m[32m 15[2mms[22m[39m
(node:25680) ExperimentalWarning: localStorage is not available because --localstorage-file was not provided.
(Use `node --trace-warnings ...` to show where the warning was created)
 [32m✓[39m src/engines/PeriodCloseEngine.test.ts [2m([22m[2m11 tests[22m[2m)[22m[32m 13[2mms[22m[39m
(node:28604) ExperimentalWarning: localStorage is not available because --localstorage-file was not provided.
(Use `node --trace-warnings ...` to show where the warning was created)
 [32m✓[39m src/engines/DriverLibrary.test.ts [2m([22m[2m14 tests[22m[2m)[22m[32m 16[2mms[22m[39m
(node:23708) ExperimentalWarning: localStorage is not available because --localstorage-file was not provided.
(Use `node --trace-warnings ...` to show where the warning was created)
 [32m✓[39m src/utils/zipBuilder.test.ts [2m([22m[2m13 tests[22m[2m)[22m[32m 26[2mms[22m[39m
(node:27456) ExperimentalWarning: localStorage is not available because --localstorage-file was not provided.
(Use `node --trace-warnings ...` to show where the warning was created)
 [32m✓[39m src/engines/AuditTrailEngine.test.ts [2m([22m[2m15 tests[22m[2m)[22m[32m 23[2mms[22m[39m
(node:7500) ExperimentalWarning: localStorage is not available because --localstorage-file was not provided.
(Use `node --trace-warnings ...` to show where the warning was created)
 [32m✓[39m src/engines/ReportBookEngine.test.ts [2m([22m[2m9 tests[22m[2m)[22m[32m 15[2mms[22m[39m
(node:22512) ExperimentalWarning: localStorage is not available because --localstorage-file was not provided.
(Use `node --trace-warnings ...` to show where the warning was created)
 [32m✓[39m src/store/varianceStore.test.ts [2m([22m[2m10 tests[22m[2m)[22m[32m 18[2mms[22m[39m
(node:11776) ExperimentalWarning: localStorage is not available because --localstorage-file was not provided.
(Use `node --trace-warnings ...` to show where the warning was created)
 [32m✓[39m src/engines/StreamImportEngine.test.ts [2m([22m[2m6 tests[22m[2m)[22m[32m 14[2mms[22m[39m
(node:25988) ExperimentalWarning: localStorage is not available because --localstorage-file was not provided.
(Use `node --trace-warnings ...` to show where the warning was created)
 [32m✓[39m src/engines/SaaSMetricsEngine.test.ts [2m([22m[2m23 tests[22m[2m)[22m[32m 21[2mms[22m[39m
(node:25492) ExperimentalWarning: localStorage is not available because --localstorage-file was not provided.
(Use `node --trace-warnings ...` to show where the warning was created)
(node:28912) ExperimentalWarning: localStorage is not available because --localstorage-file was not provided.
(Use `node --trace-warnings ...` to show where the warning was created)
 [32m✓[39m src/engines/VarianceAttributionEngine.test.ts [2m([22m[2m22 tests[22m[2m)[22m[32m 16[2mms[22m[39m
 [32m✓[39m src/store/forecastStore.test.ts [2m([22m[2m10 tests[22m[2m)[22m[32m 23[2mms[22m[39m
(node:28856) ExperimentalWarning: localStorage is not available because --localstorage-file was not provided.
(Use `node --trace-warnings ...` to show where the warning was created)
 [32m✓[39m src/engines/IncrementalCalcEngine.test.ts [2m([22m[2m10 tests[22m[2m)[22m[32m 12[2mms[22m[39m
(node:26492) ExperimentalWarning: localStorage is not available because --localstorage-file was not provided.
(Use `node --trace-warnings ...` to show where the warning was created)
(node:7576) ExperimentalWarning: localStorage is not available because --localstorage-file was not provided.
(Use `node --trace-warnings ...` to show where the warning was created)
 [32m✓[39m src/engines/RecentFilesEngine.test.ts [2m([22m[2m17 tests[22m[2m)[22m[32m 16[2mms[22m[39m
 [32m✓[39m src/services/api-integration/PlaidConnector.test.ts [2m([22m[2m20 tests[22m[2m)[22m[32m 32[2mms[22m[39m
(node:4788) ExperimentalWarning: localStorage is not available because --localstorage-file was not provided.
(Use `node --trace-warnings ...` to show where the warning was created)
 [32m✓[39m src/engines/SpreadEngine.test.ts [2m([22m[2m15 tests[22m[2m)[22m[32m 14[2mms[22m[39m
(node:24480) ExperimentalWarning: localStorage is not available because --localstorage-file was not provided.
(Use `node --trace-warnings ...` to show where the warning was created)
 [32m✓[39m src/engines/RetailEngine.test.ts [2m([22m[2m24 tests[22m[2m)[22m[32m 14[2mms[22m[39m
(node:26180) ExperimentalWarning: localStorage is not available because --localstorage-file was not provided.
(Use `node --trace-warnings ...` to show where the warning was created)
 [32m✓[39m src/engines/DashboardBuilderEngine.test.ts [2m([22m[2m11 tests[22m[2m)[22m[32m 16[2mms[22m[39m
(node:27356) ExperimentalWarning: localStorage is not available because --localstorage-file was not provided.
(Use `node --trace-warnings ...` to show where the warning was created)
 [32m✓[39m src/engines/FinancialInstrumentsEngine.test.ts [2m([22m[2m25 tests[22m[2m)[22m[32m 17[2mms[22m[39m
(node:1676) ExperimentalWarning: localStorage is not available because --localstorage-file was not provided.
(Use `node --trace-warnings ...` to show where the warning was created)
 [32m✓[39m src/engines/DataQualityEngine.test.ts [2m([22m[2m15 tests[22m[2m)[22m[32m 17[2mms[22m[39m
(node:21712) ExperimentalWarning: localStorage is not available because --localstorage-file was not provided.
(Use `node --trace-warnings ...` to show where the warning was created)
 [32m✓[39m src/engines/ForecastMethodEngine.test.ts [2m([22m[2m11 tests[22m[2m)[22m[32m 15[2mms[22m[39m
(node:17808) ExperimentalWarning: localStorage is not available because --localstorage-file was not provided.
(Use `node --trace-warnings ...` to show where the warning was created)
 [32m✓[39m src/engines/DataGovernanceEngine.test.ts [2m([22m[2m11 tests[22m[2m)[22m[32m 14[2mms[22m[39m
(node:15436) ExperimentalWarning: localStorage is not available because --localstorage-file was not provided.
(Use `node --trace-warnings ...` to show where the warning was created)
 [32m✓[39m src/engines/AnomalyDetectionEngine.lovelace.test.ts [2m([22m[2m17 tests[22m[2m)[22m[32m 24[2mms[22m[39m
(node:29788) ExperimentalWarning: localStorage is not available because --localstorage-file was not provided.
(Use `node --trace-warnings ...` to show where the warning was created)
 [32m✓[39m src/engines/CrashRecoveryEngine.test.ts [2m([22m[2m10 tests[22m[2m)[22m[32m 12[2mms[22m[39m
(node:28576) ExperimentalWarning: localStorage is not available because --localstorage-file was not provided.
(Use `node --trace-warnings ...` to show where the warning was created)
 [32m✓[39m src/engines/DataLineageEngine.test.ts [2m([22m[2m7 tests[22m[2m)[22m[32m 12[2mms[22m[39m
(node:30012) ExperimentalWarning: localStorage is not available because --localstorage-file was not provided.
(Use `node --trace-warnings ...` to show where the warning was created)
 [32m✓[39m src/store/tourStore.test.ts [2m([22m[2m9 tests[22m[2m)[22m[32m 19[2mms[22m[39m
(node:28636) ExperimentalWarning: localStorage is not available because --localstorage-file was not provided.
(Use `node --trace-warnings ...` to show where the warning was created)
 [32m✓[39m src/utils/storageConstants.test.ts [2m([22m[2m25 tests[22m[2m)[22m[32m 13[2mms[22m[39m
(node:22792) ExperimentalWarning: localStorage is not available because --localstorage-file was not provided.
(Use `node --trace-warnings ...` to show where the warning was created)
 [32m✓[39m src/engines/WindowStateManager.test.ts [2m([22m[2m22 tests[22m[2m)[22m[32m 13[2mms[22m[39m
(node:27096) ExperimentalWarning: localStorage is not available because --localstorage-file was not provided.
(Use `node --trace-warnings ...` to show where the warning was created)
 [32m✓[39m src/engines/DimensionalModelingEngine.test.ts [2m([22m[2m15 tests[22m[2m)[22m[32m 15[2mms[22m[39m
(node:31000) ExperimentalWarning: localStorage is not available because --localstorage-file was not provided.
(Use `node --trace-warnings ...` to show where the warning was created)
 [32m✓[39m src/engines/VisualWorkflowEngine.test.ts [2m([22m[2m12 tests[22m[2m)[22m[32m 16[2mms[22m[39m
(node:26136) ExperimentalWarning: localStorage is not available because --localstorage-file was not provided.
(Use `node --trace-warnings ...` to show where the warning was created)
 [32m✓[39m src/engines/temporal/temporalEdgeCasesV2.test.ts [2m([22m[2m20 tests[22m[2m)[22m[32m 15[2mms[22m[39m
(node:7960) ExperimentalWarning: localStorage is not available because --localstorage-file was not provided.
(Use `node --trace-warnings ...` to show where the warning was created)
(node:18228) ExperimentalWarning: localStorage is not available because --localstorage-file was not provided.
(Use `node --trace-warnings ...` to show where the warning was created)
 [32m✓[39m src/store/energyStore.test.ts [2m([22m[2m6 tests[22m[2m)[22m[32m 14[2mms[22m[39m
 [32m✓[39m src/engines/StateMachine.test.ts [2m([22m[2m14 tests[22m[2m)[22m[32m 14[2mms[22m[39m
(node:33352) ExperimentalWarning: localStorage is not available because --localstorage-file was not provided.
(Use `node --trace-warnings ...` to show where the warning was created)
 [32m✓[39m src/utils/__tests__/constants.test.ts [2m([22m[2m15 tests[22m[2m)[22m[32m 12[2mms[22m[39m
(node:5756) ExperimentalWarning: localStorage is not available because --localstorage-file was not provided.
(Use `node --trace-warnings ...` to show where the warning was created)
 [32m✓[39m src/utils/chunkedStorage.test.ts [2m([22m[2m8 tests[22m[2m)[22m[32m 18[2mms[22m[39m
(node:27148) ExperimentalWarning: localStorage is not available because --localstorage-file was not provided.
(Use `node --trace-warnings ...` to show where the warning was created)
 [32m✓[39m src/engines/WorkflowTriggerEngine.test.ts [2m([22m[2m17 tests[22m[2m)[22m[32m 13[2mms[22m[39m
(node:3856) ExperimentalWarning: localStorage is not available because --localstorage-file was not provided.
(Use `node --trace-warnings ...` to show where the warning was created)
 [32m✓[39m src/engines/CascadeCalculationEngine.test.ts [2m([22m[2m15 tests[22m[2m)[22m[32m 16[2mms[22m[39m
(node:33364) ExperimentalWarning: localStorage is not available because --localstorage-file was not provided.
(Use `node --trace-warnings ...` to show where the warning was created)
 [32m✓[39m src/engines/FinancialCloseEngine.test.ts [2m([22m[2m15 tests[22m[2m)[22m[32m 16[2mms[22m[39m
(node:21064) ExperimentalWarning: localStorage is not available because --localstorage-file was not provided.
(Use `node --trace-warnings ...` to show where the warning was created)
 [32m✓[39m src/engines/CellProtectionEngine.test.ts [2m([22m[2m14 tests[22m[2m)[22m[32m 14[2mms[22m[39m
(node:27304) ExperimentalWarning: localStorage is not available because --localstorage-file was not provided.
(Use `node --trace-warnings ...` to show where the warning was created)
 [32m✓[39m src/utils/__tests__/offlineCache.test.ts [2m([22m[2m13 tests[22m[2m)[22m[32m 15[2mms[22m[39m
(node:22944) ExperimentalWarning: localStorage is not available because --localstorage-file was not provided.
(Use `node --trace-warnings ...` to show where the warning was created)
 [32m✓[39m src/engines/report-builder-templates.test.ts [2m([22m[2m13 tests[22m[2m)[22m[32m 17[2mms[22m[39m
(node:21008) ExperimentalWarning: localStorage is not available because --localstorage-file was not provided.
(Use `node --trace-warnings ...` to show where the warning was created)
 [32m✓[39m src/engines/ReportSchedulingEngine.test.ts [2m([22m[2m10 tests[22m[2m)[22m[32m 12[2mms[22m[39m
(node:25220) ExperimentalWarning: localStorage is not available because --localstorage-file was not provided.
(Use `node --trace-warnings ...` to show where the warning was created)
 [32m✓[39m src/engines/RBACEngine.test.ts [2m([22m[2m15 tests[22m[2m)[22m[32m 17[2mms[22m[39m
(node:27788) ExperimentalWarning: localStorage is not available because --localstorage-file was not provided.
(Use `node --trace-warnings ...` to show where the warning was created)
(node:30472) ExperimentalWarning: localStorage is not available because --localstorage-file was not provided.
(Use `node --trace-warnings ...` to show where the warning was created)
 [32m✓[39m src/engines/ICMatchingEngine.test.ts [2m([22m[2m11 tests[22m[2m)[22m[32m 10[2mms[22m[39m
 [32m✓[39m src/engines/FiscalCalendar.test.ts [2m([22m[2m12 tests[22m[2m)[22m[32m 15[2mms[22m[39m
(node:29560) ExperimentalWarning: localStorage is not available because --localstorage-file was not provided.
(Use `node --trace-warnings ...` to show where the warning was created)
 [32m✓[39m src/engines/FinPlanFileEngine.test.ts [2m([22m[2m11 tests[22m[2m)[22m[32m 14[2mms[22m[39m
(node:28200) ExperimentalWarning: localStorage is not available because --localstorage-file was not provided.
(Use `node --trace-warnings ...` to show where the warning was created)
 [32m✓[39m src/engines/GlobalSearchEngine.test.ts [2m([22m[2m8 tests[22m[2m)[22m[32m 16[2mms[22m[39m
(node:6080) ExperimentalWarning: localStorage is not available because --localstorage-file was not provided.
(Use `node --trace-warnings ...` to show where the warning was created)
 [32m✓[39m src/engines/BudgetCollectionEngine.test.ts [2m([22m[2m7 tests[22m[2m)[22m[32m 13[2mms[22m[39m
(node:23728) ExperimentalWarning: localStorage is not available because --localstorage-file was not provided.
(Use `node --trace-warnings ...` to show where the warning was created)
 [32m✓[39m src/engines/ReportCacheEngine.test.ts [2m([22m[2m8 tests[22m[2m)[22m[32m 13[2mms[22m[39m
(node:33584) ExperimentalWarning: localStorage is not available because --localstorage-file was not provided.
(Use `node --trace-warnings ...` to show where the warning was created)
 [32m✓[39m src/utils/decimalUtils.test.ts [2m([22m[2m26 tests[22m[2m)[22m[32m 19[2mms[22m[39m
(node:14456) ExperimentalWarning: localStorage is not available because --localstorage-file was not provided.
(Use `node --trace-warnings ...` to show where the warning was created)
 [32m✓[39m src/engines/WorkflowEngine.test.ts [2m([22m[2m10 tests[22m[2m)[22m[32m 15[2mms[22m[39m
(node:14980) ExperimentalWarning: localStorage is not available because --localstorage-file was not provided.
(Use `node --trace-warnings ...` to show where the warning was created)
 [32m✓[39m src/store/insuranceStore.test.ts [2m([22m[2m6 tests[22m[2m)[22m[32m 15[2mms[22m[39m
(node:28584) ExperimentalWarning: localStorage is not available because --localstorage-file was not provided.
(Use `node --trace-warnings ...` to show where the warning was created)
 [32m✓[39m src/engines/RevRecEngine.test.ts [2m([22m[2m18 tests[22m[2m)[22m[32m 15[2mms[22m[39m
(node:17092) ExperimentalWarning: localStorage is not available because --localstorage-file was not provided.
(Use `node --trace-warnings ...` to show where the warning was created)
[90mstdout[2m | src/utils/logger.test.ts[2m > [22m[2mLogger[2m > [22m[2mgets log buffer
[22m[39m[INFO] buffered message

[90mstdout[2m | src/utils/logger.test.ts[2m > [22m[2mLogger[2m > [22m[2mclears log buffer
[22m[39m[INFO] to be cleared

 [32m✓[39m src/utils/logger.test.ts [2m([22m[2m9 tests[22m[2m)[22m[32m 13[2mms[22m[39m
(node:27452) ExperimentalWarning: localStorage is not available because --localstorage-file was not provided.
(Use `node --trace-warnings ...` to show where the warning was created)
 [32m✓[39m src/engines/GridOfflineEngine.test.ts [2m([22m[2m8 tests[22m[2m)[22m[32m 13[2mms[22m[39m
(node:31608) ExperimentalWarning: localStorage is not available because --localstorage-file was not provided.
(Use `node --trace-warnings ...` to show where the warning was created)
 [32m✓[39m src/engines/HealthcareEngine.test.ts [2m([22m[2m16 tests[22m[2m)[22m[32m 14[2mms[22m[39m
(node:27832) ExperimentalWarning: localStorage is not available because --localstorage-file was not provided.
(Use `node --trace-warnings ...` to show where the warning was created)
 [32m✓[39m src/engines/CustomFieldEngine.test.ts [2m([22m[2m10 tests[22m[2m)[22m[32m 12[2mms[22m[39m
(node:32932) ExperimentalWarning: localStorage is not available because --localstorage-file was not provided.
(Use `node --trace-warnings ...` to show where the warning was created)
 [32m✓[39m src/engines/SegmentReportingEngine.test.ts [2m([22m[2m8 tests[22m[2m)[22m[32m 14[2mms[22m[39m
(node:1608) ExperimentalWarning: localStorage is not available because --localstorage-file was not provided.
(Use `node --trace-warnings ...` to show where the warning was created)
 [32m✓[39m src/workers/worker-compute.test.ts [2m([22m[2m16 tests[22m[2m)[22m[32m 13[2mms[22m[39m
(node:20860) ExperimentalWarning: localStorage is not available because --localstorage-file was not provided.
(Use `node --trace-warnings ...` to show where the warning was created)
 [32m✓[39m src/engines/QueryCache.test.ts [2m([22m[2m12 tests[22m[2m)[22m[32m 13[2mms[22m[39m
(node:29736) ExperimentalWarning: localStorage is not available because --localstorage-file was not provided.
(Use `node --trace-warnings ...` to show where the warning was created)
 [32m✓[39m src/engines/realtimeCollab/RealtimeCollabEngine.test.ts [2m([22m[2m16 tests[22m[2m)[22m[32m 15[2mms[22m[39m
(node:9048) ExperimentalWarning: localStorage is not available because --localstorage-file was not provided.
(Use `node --trace-warnings ...` to show where the warning was created)
(node:5168) ExperimentalWarning: localStorage is not available because --localstorage-file was not provided.
(Use `node --trace-warnings ...` to show where the warning was created)
 [32m✓[39m src/hooks/useCopilotSidebar.test.ts [2m([22m[2m6 tests[22m[2m)[22m[32m 12[2mms[22m[39m
 [32m✓[39m src/utils/storeCache.test.ts [2m([22m[2m13 tests[22m[2m)[22m[32m 14[2mms[22m[39m
(node:32748) ExperimentalWarning: localStorage is not available because --localstorage-file was not provided.
(Use `node --trace-warnings ...` to show where the warning was created)
 [32m✓[39m src/engines/ExcelKeyboardShortcuts.test.ts [2m([22m[2m11 tests[22m[2m)[22m[32m 19[2mms[22m[39m
(node:15432) ExperimentalWarning: localStorage is not available because --localstorage-file was not provided.
(Use `node --trace-warnings ...` to show where the warning was created)
(node:9840) ExperimentalWarning: localStorage is not available because --localstorage-file was not provided.
(Use `node --trace-warnings ...` to show where the warning was created)
 [32m✓[39m src/engines/CapExEngine.test.ts [2m([22m[2m13 tests[22m[2m)[22m[32m 13[2mms[22m[39m
 [32m✓[39m src/engines/ForecastReconciliationEngine.test.ts [2m([22m[2m8 tests[22m[2m)[22m[32m 12[2mms[22m[39m
(node:5740) ExperimentalWarning: localStorage is not available because --localstorage-file was not provided.
(Use `node --trace-warnings ...` to show where the warning was created)
 [32m✓[39m src/engines/cashFlow/SectoralCashFlowForecastEngine.test.ts [2m([22m[2m8 tests[22m[2m)[22m[32m 31[2mms[22m[39m
(node:16136) ExperimentalWarning: localStorage is not available because --localstorage-file was not provided.
(Use `node --trace-warnings ...` to show where the warning was created)
 [32m✓[39m src/engines/RegulatoryReportingEngine.test.ts [2m([22m[2m12 tests[22m[2m)[22m[32m 13[2mms[22m[39m
(node:27032) ExperimentalWarning: localStorage is not available because --localstorage-file was not provided.
(Use `node --trace-warnings ...` to show where the warning was created)
 [32m✓[39m src/engines/CalculationQueue.test.ts [2m([22m[2m7 tests[22m[2m)[22m[32m 10[2mms[22m[39m
(node:33668) ExperimentalWarning: localStorage is not available because --localstorage-file was not provided.
(Use `node --trace-warnings ...` to show where the warning was created)
 [32m✓[39m src/engines/ConsolidationAdjustmentsEngine.test.ts [2m([22m[2m13 tests[22m[2m)[22m[32m 15[2mms[22m[39m
(node:26484) ExperimentalWarning: localStorage is not available because --localstorage-file was not provided.
(Use `node --trace-warnings ...` to show where the warning was created)
 [32m✓[39m src/engines/AdvancedOLAPEngine.test.ts [2m([22m[2m11 tests[22m[2m)[22m[32m 13[2mms[22m[39m
(node:3768) ExperimentalWarning: localStorage is not available because --localstorage-file was not provided.
(Use `node --trace-warnings ...` to show where the warning was created)
 [32m✓[39m src/engines/TemplateEngine.test.ts [2m([22m[2m9 tests[22m[2m)[22m[32m 12[2mms[22m[39m
(node:17420) ExperimentalWarning: localStorage is not available because --localstorage-file was not provided.
(Use `node --trace-warnings ...` to show where the warning was created)
 [32m✓[39m src/engines/AssumptionEngine.test.ts [2m([22m[2m9 tests[22m[2m)[22m[32m 15[2mms[22m[39m
(node:31272) ExperimentalWarning: localStorage is not available because --localstorage-file was not provided.
(Use `node --trace-warnings ...` to show where the warning was created)
 [32m✓[39m src/engines/aiForecast/AIForecastEngine.test.ts [2m([22m[2m8 tests[22m[2m)[22m[32m 14[2mms[22m[39m
(node:24596) ExperimentalWarning: localStorage is not available because --localstorage-file was not provided.
(Use `node --trace-warnings ...` to show where the warning was created)
 [32m✓[39m src/engines/CellAuditTrailEngine.test.ts [2m([22m[2m10 tests[22m[2m)[22m[32m 14[2mms[22m[39m
(node:27676) ExperimentalWarning: localStorage is not available because --localstorage-file was not provided.
(Use `node --trace-warnings ...` to show where the warning was created)
 [32m✓[39m src/engines/TaxEngine.test.ts [2m([22m[2m27 tests[22m[2m)[22m[32m 15[2mms[22m[39m
(node:2436) ExperimentalWarning: localStorage is not available because --localstorage-file was not provided.
(Use `node --trace-warnings ...` to show where the warning was created)
 [32m✓[39m src/engines/ExcelKeyboardEngine.test.ts [2m([22m[2m19 tests[22m[2m)[22m[32m 12[2mms[22m[39m
(node:19592) ExperimentalWarning: localStorage is not available because --localstorage-file was not provided.
(Use `node --trace-warnings ...` to show where the warning was created)
[90mstderr[2m | src/utils/performance.test.ts[2m > [22m[2mperformance[2m > [22m[2mshould handle 
PerformanceObserver observe errors
[22m[39m[vitest] The vi.fn() mock did not use 'function' or 'class' in its implementation, see 
https://vitest.dev/api/vi#vi-spyon for examples.

 [32m✓[39m src/utils/performance.test.ts [2m([22m[2m6 tests[22m[2m)[22m[32m 13[2mms[22m[39m
(node:4756) ExperimentalWarning: localStorage is not available because --localstorage-file was not provided.
(Use `node --trace-warnings ...` to show where the warning was created)
 [32m✓[39m src/engines/DrillThroughEngine.test.ts [2m([22m[2m9 tests[22m[2m)[22m[32m 10[2mms[22m[39m
(node:33592) ExperimentalWarning: localStorage is not available because --localstorage-file was not provided.
(Use `node --trace-warnings ...` to show where the warning was created)
 [32m✓[39m src/engines/AggregateTableEngine.test.ts [2m([22m[2m10 tests[22m[2m)[22m[32m 12[2mms[22m[39m
(node:30840) ExperimentalWarning: localStorage is not available because --localstorage-file was not provided.
(Use `node --trace-warnings ...` to show where the warning was created)
 [32m✓[39m src/engines/formula-functions/logical.test.ts [2m([22m[2m18 tests[22m[2m)[22m[32m 10[2mms[22m[39m
(node:15012) ExperimentalWarning: localStorage is not available because --localstorage-file was not provided.
(Use `node --trace-warnings ...` to show where the warning was created)
(node:26012) ExperimentalWarning: localStorage is not available because --localstorage-file was not provided.
(Use `node --trace-warnings ...` to show where the warning was created)
 [32m✓[39m src/engines/ExportEngine.test.ts [2m([22m[2m3 tests[22m[2m)[22m[32m 11[2mms[22m[39m
 [32m✓[39m src/engines/ConditionalFormattingEngine.test.ts [2m([22m[2m12 tests[22m[2m)[22m[32m 10[2mms[22m[39m
(node:29588) ExperimentalWarning: localStorage is not available because --localstorage-file was not provided.
(Use `node --trace-warnings ...` to show where the warning was created)
 [32m✓[39m src/engines/ConsolidationEngine.recursive.test.ts [2m([22m[2m4 tests[22m[2m)[22m[32m 12[2mms[22m[39m
(node:33532) ExperimentalWarning: localStorage is not available because --localstorage-file was not provided.
(Use `node --trace-warnings ...` to show where the warning was created)
 [32m✓[39m src/engines/ReportVersionEngine.test.ts [2m([22m[2m9 tests[22m[2m)[22m[32m 14[2mms[22m[39m
(node:512) ExperimentalWarning: localStorage is not available because --localstorage-file was not provided.
(Use `node --trace-warnings ...` to show where the warning was created)
 [32m✓[39m src/engines/DocumentEngine.test.ts [2m([22m[2m9 tests[22m[2m)[22m[32m 14[2mms[22m[39m
(node:21744) ExperimentalWarning: localStorage is not available because --localstorage-file was not provided.
(Use `node --trace-warnings ...` to show where the warning was created)
 [32m✓[39m src/engines/ImpairmentEngine.test.ts [2m([22m[2m9 tests[22m[2m)[22m[32m 11[2mms[22m[39m
(node:19720) ExperimentalWarning: localStorage is not available because --localstorage-file was not provided.
(Use `node --trace-warnings ...` to show where the warning was created)
 [32m✓[39m src/engines/DebtScheduleEngine.test.ts [2m([22m[2m5 tests[22m[2m)[22m[32m 9[2mms[22m[39m
(node:29448) ExperimentalWarning: localStorage is not available because --localstorage-file was not provided.
(Use `node --trace-warnings ...` to show where the warning was created)
 [32m✓[39m src/engines/WorkforceEngine.test.ts [2m([22m[2m11 tests[22m[2m)[22m[32m 12[2mms[22m[39m
(node:28984) ExperimentalWarning: localStorage is not available because --localstorage-file was not provided.
(Use `node --trace-warnings ...` to show where the warning was created)
(node:30016) ExperimentalWarning: localStorage is not available because --localstorage-file was not provided.
(Use `node --trace-warnings ...` to show where the warning was created)
 [32m✓[39m src/engines/NamedRangeEngine.test.ts [2m([22m[2m8 tests[22m[2m)[22m[32m 10[2mms[22m[39m
 [32m✓[39m src/engines/templates/manufacturing.test.ts [2m([22m[2m5 tests[22m[2m)[22m[32m 8[2mms[22m[39m
(node:32684) ExperimentalWarning: localStorage is not available because --localstorage-file was not provided.
(Use `node --trace-warnings ...` to show where the warning was created)
(node:16200) ExperimentalWarning: localStorage is not available because --localstorage-file was not provided.
(Use `node --trace-warnings ...` to show where the warning was created)
 [32m✓[39m src/engines/report-builder-export.test.ts [2m([22m[2m4 tests[22m[2m)[22m[32m 11[2mms[22m[39m
 [32m✓[39m src/utils/formatters.test.ts [2m([22m[2m7 tests[22m[2m)[22m[32m 26[2mms[22m[39m
(node:32840) ExperimentalWarning: localStorage is not available because --localstorage-file was not provided.
(Use `node --trace-warnings ...` to show where the warning was created)
 [32m✓[39m src/engines/LoanAmortizationEngine.test.ts [2m([22m[2m9 tests[22m[2m)[22m[32m 14[2mms[22m[39m
(node:32668) ExperimentalWarning: localStorage is not available because --localstorage-file was not provided.
(Use `node --trace-warnings ...` to show where the warning was created)
 [32m✓[39m src/engines/RatioAnalysisEngine.test.ts [2m([22m[2m15 tests[22m[2m)[22m[32m 13[2mms[22m[39m
(node:24820) ExperimentalWarning: localStorage is not available because --localstorage-file was not provided.
(Use `node --trace-warnings ...` to show where the warning was created)
 [32m✓[39m src/engines/templates/saas.test.ts [2m([22m[2m7 tests[22m[2m)[22m[32m 9[2mms[22m[39m
(node:29308) ExperimentalWarning: localStorage is not available because --localstorage-file was not provided.
(Use `node --trace-warnings ...` to show where the warning was created)
 [32m✓[39m src/utils/backupRestore.test.ts [2m([22m[2m3 tests[22m[2m)[22m[32m 14[2mms[22m[39m
(node:4860) ExperimentalWarning: localStorage is not available because --localstorage-file was not provided.
(Use `node --trace-warnings ...` to show where the warning was created)
(node:9340) ExperimentalWarning: localStorage is not available because --localstorage-file was not provided.
(Use `node --trace-warnings ...` to show where the warning was created)
 [32m✓[39m src/engines/formula-functions/math.test.ts [2m([22m[2m12 tests[22m[2m)[22m[32m 12[2mms[22m[39m
 [32m✓[39m src/engines/SmartImportMapping.test.ts [2m([22m[2m8 tests[22m[2m)[22m[32m 15[2mms[22m[39m
(node:20444) ExperimentalWarning: localStorage is not available because --localstorage-file was not provided.
(Use `node --trace-warnings ...` to show where the warning was created)
 [32m✓[39m src/engines/ExportTemplateEngine.test.ts [2m([22m[2m8 tests[22m[2m)[22m[32m 12[2mms[22m[39m
(node:5952) ExperimentalWarning: localStorage is not available because --localstorage-file was not provided.
(Use `node --trace-warnings ...` to show where the warning was created)
 [32m✓[39m src/engines/CreditRiskEngine.test.ts [2m([22m[2m11 tests[22m[2m)[22m[32m 10[2mms[22m[39m
(node:33384) ExperimentalWarning: localStorage is not available because --localstorage-file was not provided.
(Use `node --trace-warnings ...` to show where the warning was created)
 [32m✓[39m src/engines/IterativeCalculationEngine.test.ts [2m([22m[2m7 tests[22m[2m)[22m[32m 10[2mms[22m[39m
(node:20640) ExperimentalWarning: localStorage is not available because --localstorage-file was not provided.
(Use `node --trace-warnings ...` to show where the warning was created)
 [32m✓[39m src/engines/ChartAnnotationEngine.test.ts [2m([22m[2m7 tests[22m[2m)[22m[32m 13[2mms[22m[39m
(node:31516) ExperimentalWarning: localStorage is not available because --localstorage-file was not provided.
(Use `node --trace-warnings ...` to show where the warning was created)
 [32m✓[39m src/engines/CellValidationEngine.test.ts [2m([22m[2m8 tests[22m[2m)[22m[32m 10[2mms[22m[39m
(node:13308) ExperimentalWarning: localStorage is not available because --localstorage-file was not provided.
(Use `node --trace-warnings ...` to show where the warning was created)
 [32m✓[39m src/engines/COGSVarianceEngine.test.ts [2m([22m[2m12 tests[22m[2m)[22m[32m 10[2mms[22m[39m
(node:28824) ExperimentalWarning: localStorage is not available because --localstorage-file was not provided.
(Use `node --trace-warnings ...` to show where the warning was created)
 [32m✓[39m src/utils/__tests__/performance.test.ts [2m([22m[2m3 tests[22m[2m)[22m[32m 9[2mms[22m[39m
(node:8408) ExperimentalWarning: localStorage is not available because --localstorage-file was not provided.
(Use `node --trace-warnings ...` to show where the warning was created)
 [32m✓[39m src/engines/SignConventionEngine.test.ts [2m([22m[2m17 tests[22m[2m)[22m[32m 11[2mms[22m[39m
(node:3460) ExperimentalWarning: localStorage is not available because --localstorage-file was not provided.
(Use `node --trace-warnings ...` to show where the warning was created)
 [32m✓[39m src/utils/__tests__/formatters.test.ts [2m([22m[2m7 tests[22m[2m)[22m[32m 10[2mms[22m[39m
(node:15828) ExperimentalWarning: localStorage is not available because --localstorage-file was not provided.
(Use `node --trace-warnings ...` to show where the warning was created)
 [32m✓[39m src/engines/XBRLEngine.test.ts [2m([22m[2m5 tests[22m[2m)[22m[32m 9[2mms[22m[39m
(node:22576) ExperimentalWarning: localStorage is not available because --localstorage-file was not provided.
(Use `node --trace-warnings ...` to show where the warning was created)
 [32m✓[39m src/engines/formula-functions/financial.test.ts [2m([22m[2m11 tests[22m[2m)[22m[32m 9[2mms[22m[39m
(node:20236) ExperimentalWarning: localStorage is not available because --localstorage-file was not provided.
(Use `node --trace-warnings ...` to show where the warning was created)
 [32m✓[39m src/services/api-integration/types.test.ts [2m([22m[2m4 tests[22m[2m)[22m[32m 13[2mms[22m[39m
(node:30896) ExperimentalWarning: localStorage is not available because --localstorage-file was not provided.
(Use `node --trace-warnings ...` to show where the warning was created)
 [32m✓[39m src/engines/formula-functions/statistical.test.ts [2m([22m[2m15 tests[22m[2m)[22m[32m 12[2mms[22m[39m
(node:17564) ExperimentalWarning: localStorage is not available because --localstorage-file was not provided.
(Use `node --trace-warnings ...` to show where the warning was created)
 [32m✓[39m src/engines/MultiCurrencyEngine.test.ts [2m([22m[2m20 tests[22m[2m)[22m[32m 11[2mms[22m[39m
(node:32068) ExperimentalWarning: localStorage is not available because --localstorage-file was not provided.
(Use `node --trace-warnings ...` to show where the warning was created)
(node:31156) ExperimentalWarning: localStorage is not available because --localstorage-file was not provided.
(Use `node --trace-warnings ...` to show where the warning was created)
 [32m✓[39m src/hooks/useUndoRedo.test.ts [2m([22m[2m8 tests[22m[2m)[22m[32m 11[2mms[22m[39m
(node:3848) ExperimentalWarning: localStorage is not available because --localstorage-file was not provided.
(Use `node --trace-warnings ...` to show where the warning was created)
 [32m✓[39m src/engines/templates/insurance.test.ts [2m([22m[2m5 tests[22m[2m)[22m[32m 9[2mms[22m[39m
 [32m✓[39m src/engines/WorkingCapitalEngine.test.ts [2m([22m[2m10 tests[22m[2m)[22m[32m 10[2mms[22m[39m
(node:6432) ExperimentalWarning: localStorage is not available because --localstorage-file was not provided.
(Use `node --trace-warnings ...` to show where the warning was created)
 [32m✓[39m src/engines/SyncEngine.test.ts [2m([22m[2m5 tests[22m[2m)[22m[32m 9[2mms[22m[39m
(node:21772) ExperimentalWarning: localStorage is not available because --localstorage-file was not provided.
(Use `node --trace-warnings ...` to show where the warning was created)
 [32m✓[39m src/engines/templates/banking.test.ts [2m([22m[2m7 tests[22m[2m)[22m[32m 10[2mms[22m[39m
(node:28336) ExperimentalWarning: localStorage is not available because --localstorage-file was not provided.
(Use `node --trace-warnings ...` to show where the warning was created)
 [32m✓[39m src/engines/CashEngine.test.ts [2m([22m[2m12 tests[22m[2m)[22m[32m 12[2mms[22m[39m
(node:32900) ExperimentalWarning: localStorage is not available because --localstorage-file was not provided.
(Use `node --trace-warnings ...` to show where the warning was created)
 [32m✓[39m src/engines/templates/healthcare.test.ts [2m([22m[2m5 tests[22m[2m)[22m[32m 12[2mms[22m[39m
(node:29220) ExperimentalWarning: localStorage is not available because --localstorage-file was not provided.
(Use `node --trace-warnings ...` to show where the warning was created)
 [32m✓[39m src/engines/ReconciliationEngine.test.ts [2m([22m[2m7 tests[22m[2m)[22m[32m 9[2mms[22m[39m
(node:13712) ExperimentalWarning: localStorage is not available because --localstorage-file was not provided.
(Use `node --trace-warnings ...` to show where the warning was created)
 [32m✓[39m src/engines/AdvancedExcelEngine.test.ts [2m([22m[2m5 tests[22m[2m)[22m[32m 10[2mms[22m[39m
(node:25244) ExperimentalWarning: localStorage is not available because --localstorage-file was not provided.
(Use `node --trace-warnings ...` to show where the warning was created)
(node:32504) ExperimentalWarning: localStorage is not available because --localstorage-file was not provided.
(Use `node --trace-warnings ...` to show where the warning was created)
 [32m✓[39m src/engines/ESGEngine.test.ts [2m([22m[2m8 tests[22m[2m)[22m[32m 10[2mms[22m[39m
 [32m✓[39m src/engines/FairValueEngine.test.ts [2m([22m[2m7 tests[22m[2m)[22m[32m 11[2mms[22m[39m
(node:25420) ExperimentalWarning: localStorage is not available because --localstorage-file was not provided.
(Use `node --trace-warnings ...` to show where the warning was created)
 [32m✓[39m src/engines/templates/real-estate.test.ts [2m([22m[2m5 tests[22m[2m)[22m[32m 8[2mms[22m[39m
(node:15124) ExperimentalWarning: localStorage is not available because --localstorage-file was not provided.
(Use `node --trace-warnings ...` to show where the warning was created)
 [32m✓[39m src/engines/BatchOperationEngine.test.ts [2m([22m[2m8 tests[22m[2m)[22m[32m 12[2mms[22m[39m
(node:8856) ExperimentalWarning: localStorage is not available because --localstorage-file was not provided.
(Use `node --trace-warnings ...` to show where the warning was created)
 [32m✓[39m src/utils/__tests__/storeCache.test.ts [2m([22m[2m6 tests[22m[2m)[22m[32m 11[2mms[22m[39m
(node:26200) ExperimentalWarning: localStorage is not available because --localstorage-file was not provided.
(Use `node --trace-warnings ...` to show where the warning was created)
 [32m✓[39m src/config/perfBudgets.test.ts [2m([22m[2m6 tests[22m[2m)[22m[32m 11[2mms[22m[39m
(node:27248) ExperimentalWarning: localStorage is not available because --localstorage-file was not provided.
(Use `node --trace-warnings ...` to show where the warning was created)
 [32m✓[39m src/engines/WaterfallBridgeEngine.test.ts [2m([22m[2m5 tests[22m[2m)[22m[32m 9[2mms[22m[39m
(node:7800) ExperimentalWarning: localStorage is not available because --localstorage-file was not provided.
(Use `node --trace-warnings ...` to show where the warning was created)
 [32m✓[39m src/engines/VarianceDecompositionEngine.test.ts [2m([22m[2m6 tests[22m[2m)[22m[32m 12[2mms[22m[39m
(node:14904) ExperimentalWarning: localStorage is not available because --localstorage-file was not provided.
(Use `node --trace-warnings ...` to show where the warning was created)
 [32m✓[39m src/engines/GoalSeekEngine.test.ts [2m([22m[2m10 tests[22m[2m)[22m[32m 13[2mms[22m[39m
(node:29788) ExperimentalWarning: localStorage is not available because --localstorage-file was not provided.
(Use `node --trace-warnings ...` to show where the warning was created)
 [32m✓[39m src/engines/SensitivityEngine.test.ts [2m([22m[2m4 tests[22m[2m)[22m[32m 8[2mms[22m[39m
(node:15876) ExperimentalWarning: localStorage is not available because --localstorage-file was not provided.
(Use `node --trace-warnings ...` to show where the warning was created)
 [32m✓[39m src/engines/formula-functions/text.test.ts [2m([22m[2m8 tests[22m[2m)[22m[32m 9[2mms[22m[39m
(node:4396) ExperimentalWarning: localStorage is not available because --localstorage-file was not provided.
(Use `node --trace-warnings ...` to show where the warning was created)
(node:29020) ExperimentalWarning: localStorage is not available because --localstorage-file was not provided.
(Use `node --trace-warnings ...` to show where the warning was created)
 [32m✓[39m src/engines/SmartImportMapper.test.ts [2m([22m[2m6 tests[22m[2m)[22m[32m 10[2mms[22m[39m
 [32m✓[39m src/engines/AnomalyExplainer.test.ts [2m([22m[2m7 tests[22m[2m)[22m[32m 10[2mms[22m[39m
(node:29476) ExperimentalWarning: localStorage is not available because --localstorage-file was not provided.
(Use `node --trace-warnings ...` to show where the warning was created)
(node:33728) ExperimentalWarning: localStorage is not available because --localstorage-file was not provided.
(Use `node --trace-warnings ...` to show where the warning was created)
 [32m✓[39m src/engines/OptionPricingEngine.test.ts [2m([22m[2m9 tests[22m[2m)[22m[32m 9[2mms[22m[39m
 [32m✓[39m src/engines/DataRetentionEngine.test.ts [2m([22m[2m2 tests[22m[2m)[22m[32m 10[2mms[22m[39m
(node:16372) ExperimentalWarning: localStorage is not available because --localstorage-file was not provided.
(Use `node --trace-warnings ...` to show where the warning was created)
 [32m✓[39m src/engines/CubePartitioner.test.ts [2m([22m[2m3 tests[22m[2m)[22m[32m 10[2mms[22m[39m
(node:28528) ExperimentalWarning: localStorage is not available because --localstorage-file was not provided.
(Use `node --trace-warnings ...` to show where the warning was created)
 [32m✓[39m src/engines/DepreciationEngine.test.ts [2m([22m[2m10 tests[22m[2m)[22m[32m 10[2mms[22m[39m
(node:16592) ExperimentalWarning: localStorage is not available because --localstorage-file was not provided.
(Use `node --trace-warnings ...` to show where the warning was created)
 [32m✓[39m src/engines/DataMaskingEngine.test.ts [2m([22m[2m6 tests[22m[2m)[22m[32m 7[2mms[22m[39m
(node:18228) ExperimentalWarning: localStorage is not available because --localstorage-file was not provided.
(Use `node --trace-warnings ...` to show where the warning was created)
 [32m✓[39m src/engines/YieldCurveEngine.test.ts [2m([22m[2m8 tests[22m[2m)[22m[32m 10[2mms[22m[39m
(node:19680) ExperimentalWarning: localStorage is not available because --localstorage-file was not provided.
(Use `node --trace-warnings ...` to show where the warning was created)
 [32m✓[39m src/engines/templates/energy.test.ts [2m([22m[2m5 tests[22m[2m)[22m[32m 9[2mms[22m[39m
(node:18264) ExperimentalWarning: localStorage is not available because --localstorage-file was not provided.
(Use `node --trace-warnings ...` to show where the warning was created)
 [32m✓[39m src/engines/InventoryEngine.test.ts [2m([22m[2m10 tests[22m[2m)[22m[32m 11[2mms[22m[39m
(node:21256) ExperimentalWarning: localStorage is not available because --localstorage-file was not provided.
(Use `node --trace-warnings ...` to show where the warning was created)
 [32m✓[39m src/engines/SolverEngine.test.ts [2m([22m[2m6 tests[22m[2m)[22m[32m 14[2mms[22m[39m
(node:22256) ExperimentalWarning: localStorage is not available because --localstorage-file was not provided.
(Use `node --trace-warnings ...` to show where the warning was created)
 [32m✓[39m src/engines/AllocationRuleEngine.test.ts [2m([22m[2m4 tests[22m[2m)[22m[32m 8[2mms[22m[39m
(node:20632) ExperimentalWarning: localStorage is not available because --localstorage-file was not provided.
(Use `node --trace-warnings ...` to show where the warning was created)
 [32m✓[39m src/engines/ArrayFormulaEngine.test.ts [2m([22m[2m4 tests[22m[2m)[22m[32m 7[2mms[22m[39m
(node:21080) ExperimentalWarning: localStorage is not available because --localstorage-file was not provided.
(Use `node --trace-warnings ...` to show where the warning was created)
 [32m✓[39m src/engines/EnergyEngine.test.ts [2m([22m[2m4 tests[22m[2m)[22m[32m 9[2mms[22m[39m
(node:14400) ExperimentalWarning: localStorage is not available because --localstorage-file was not provided.
(Use `node --trace-warnings ...` to show where the warning was created)
 [32m✓[39m src/engines/report-builder-types.test.ts [2m([22m[2m4 tests[22m[2m)[22m[32m 8[2mms[22m[39m
(node:30672) ExperimentalWarning: localStorage is not available because --localstorage-file was not provided.
(Use `node --trace-warnings ...` to show where the warning was created)
 [32m✓[39m src/utils/indexedDBStorage.test.ts [2m([22m[2m3 tests[22m[2m | [22m[33m1 skipped[39m[2m)[22m[32m 7[2mms[22m[39m
(node:31788) ExperimentalWarning: localStorage is not available because --localstorage-file was not provided.
(Use `node --trace-warnings ...` to show where the warning was created)
 [32m✓[39m src/engines/BreakEvenEngine.test.ts [2m([22m[2m4 tests[22m[2m)[22m[32m 7[2mms[22m[39m
(node:3844) ExperimentalWarning: localStorage is not available because --localstorage-file was not provided.
(Use `node --trace-warnings ...` to show where the warning was created)
 [32m✓[39m src/engines/CashFlowWaterfallEngine.test.ts [2m([22m[2m5 tests[22m[2m)[22m[32m 8[2mms[22m[39m
(node:23596) ExperimentalWarning: localStorage is not available because --localstorage-file was not provided.
(Use `node --trace-warnings ...` to show where the warning was created)
 [32m✓[39m src/engines/ManufacturingEngine.test.ts [2m([22m[2m4 tests[22m[2m)[22m[32m 8[2mms[22m[39m
(node:33452) ExperimentalWarning: localStorage is not available because --localstorage-file was not provided.
(Use `node --trace-warnings ...` to show where the warning was created)
(node:19296) ExperimentalWarning: localStorage is not available because --localstorage-file was not provided.
(Use `node --trace-warnings ...` to show where the warning was created)
(node:33388) ExperimentalWarning: localStorage is not available because --localstorage-file was not provided.
(Use `node --trace-warnings ...` to show where the warning was created)
 [32m✓[39m src/engines/BondPricingEngine.test.ts [2m([22m[2m12 tests[22m[2m)[22m[32m 9[2mms[22m[39m
 [32m✓[39m src/utils/__tests__/storageConstants.test.ts [2m([22m[2m5 tests[22m[2m)[22m[32m 11[2mms[22m[39m
(node:32532) ExperimentalWarning: localStorage is not available because --localstorage-file was not provided.
(Use `node --trace-warnings ...` to show where the warning was created)
 [32m✓[39m src/engines/cashFlow/CashFlowEngine.test.ts [2m([22m[2m8 tests[22m[2m)[22m[32m 13[2mms[22m[39m
(node:7592) ExperimentalWarning: localStorage is not available because --localstorage-file was not provided.
(Use `node --trace-warnings ...` to show where the warning was created)
 [32m✓[39m src/engines/templates/retail.test.ts [2m([22m[2m5 tests[22m[2m)[22m[32m 9[2mms[22m[39m
 [32m✓[39m src/engines/IntercompanyMatchingEngine.test.ts [2m([22m[2m4 tests[22m[2m)[22m[32m 9[2mms[22m[39m
(node:29848) ExperimentalWarning: localStorage is not available because --localstorage-file was not provided.
(Use `node --trace-warnings ...` to show where the warning was created)
 [32m✓[39m src/engines/DataCatalogEngine.test.ts [2m([22m[2m3 tests[22m[2m)[22m[32m 8[2mms[22m[39m
(node:15496) ExperimentalWarning: localStorage is not available because --localstorage-file was not provided.
(Use `node --trace-warnings ...` to show where the warning was created)
 [32m✓[39m src/components/help/MergedHelpResolver.test.ts [2m([22m[2m17 tests[22m[2m)[22m[32m 13[2mms[22m[39m
(node:25316) ExperimentalWarning: localStorage is not available because --localstorage-file was not provided.
(Use `node --trace-warnings ...` to show where the warning was created)
(node:32492) ExperimentalWarning: localStorage is not available because --localstorage-file was not provided.
(Use `node --trace-warnings ...` to show where the warning was created)
 [32m✓[39m src/engines/ConstructionEngine.test.ts [2m([22m[2m4 tests[22m[2m)[22m[32m 8[2mms[22m[39m
 [32m✓[39m src/services/RealtimeCollaborationManager.test.ts [2m([22m[2m7 tests[22m[2m)[22m[32m 16[2mms[22m[39m
(node:13776) ExperimentalWarning: localStorage is not available because --localstorage-file was not provided.
(Use `node --trace-warnings ...` to show where the warning was created)
 [32m✓[39m src/utils/__tests__/tauriSqlStorage.test.ts [2m([22m[2m6 tests[22m[2m)[22m[32m 10[2mms[22m[39m
(node:17672) ExperimentalWarning: localStorage is not available because --localstorage-file was not provided.
(Use `node --trace-warnings ...` to show where the warning was created)
 [32m✓[39m src/engines/ReportSchedulerEngine.test.ts [2m([22m[2m3 tests[22m[2m)[22m[32m 9[2mms[22m[39m
(node:27452) ExperimentalWarning: localStorage is not available because --localstorage-file was not provided.
(Use `node --trace-warnings ...` to show where the warning was created)
 [32m✓[39m src/engines/InsuranceEngine.test.ts [2m([22m[2m3 tests[22m[2m)[22m[32m 7[2mms[22m[39m
(node:14372) ExperimentalWarning: localStorage is not available because --localstorage-file was not provided.
(Use `node --trace-warnings ...` to show where the warning was created)
 [32m✓[39m src/engines/ReportBuilderTypes.test.ts [2m([22m[2m3 tests[22m[2m)[22m[32m 5[2mms[22m[39m
(node:23940) ExperimentalWarning: localStorage is not available because --localstorage-file was not provided.
(Use `node --trace-warnings ...` to show where the warning was created)
(node:33524) ExperimentalWarning: localStorage is not available because --localstorage-file was not provided.
(Use `node --trace-warnings ...` to show where the warning was created)
 [32m✓[39m src/utils/__tests__/backupRestore.test.ts [2m([22m[2m2 tests[22m[2m)[22m[32m 7[2mms[22m[39m
 [32m✓[39m src/store/driverStore.test.ts [2m([22m[2m6 tests[22m[2m)[22m[32m 9[2mms[22m[39m
(node:5512) ExperimentalWarning: localStorage is not available because --localstorage-file was not provided.
(Use `node --trace-warnings ...` to show where the warning was created)
 [32m✓[39m src/utils/__tests__/indexedDBStorage.test.ts [2m([22m[2m2 tests[22m[2m)[22m[32m 6[2mms[22m[39m
(node:432) ExperimentalWarning: localStorage is not available because --localstorage-file was not provided.
(Use `node --trace-warnings ...` to show where the warning was created)
 [32m✓[39m src/engines/ReportDistributionEngine.test.ts [2m([22m[2m3 tests[22m[2m)[22m[32m 8[2mms[22m[39m
(node:14468) ExperimentalWarning: localStorage is not available because --localstorage-file was not provided.
(Use `node --trace-warnings ...` to show where the warning was created)
 [32m✓[39m src/engines/UndoRedoEngine.test.ts [2m([22m[2m4 tests[22m[2m)[22m[32m 7[2mms[22m[39m
(node:25952) ExperimentalWarning: localStorage is not available because --localstorage-file was not provided.
(Use `node --trace-warnings ...` to show where the warning was created)
 [32m✓[39m src/utils/__tests__/masterStorage.test.ts [2m([22m[2m2 tests[22m[2m)[22m[32m 7[2mms[22m[39m
(node:7024) ExperimentalWarning: localStorage is not available because --localstorage-file was not provided.
(Use `node --trace-warnings ...` to show where the warning was created)
 [32m✓[39m src/engines/EngineRegistry.test.ts [2m([22m[2m2 tests[22m[2m)[22m[32m 7[2mms[22m[39m
(node:22368) ExperimentalWarning: localStorage is not available because --localstorage-file was not provided.
(Use `node --trace-warnings ...` to show where the warning was created)
 [2m[90m↓[39m[22m src/utils/masterStorage.stress.test.ts [2m([22m[2m5 tests[22m[2m | [22m[33m5 skipped[39m[2m)[22m
