src/components/analytics/ChartWrapper.tsx(48,58): error TS2322: Type 'number' is not assignable to type 'string'.
src/components/budgets/BudgetGrid.test.tsx(35,61): error TS2352: Conversion of type '{ id: string; accountCode: string; accountName: string; jan: number; feb: number; mar: number; }[]' to type 'BudgetLineItem[]' may be a mistake because neither type sufficiently overlaps with the other. If this was intentional, convert the expression to 'unknown' first.
  Object literal may only specify known properties, and 'jan' does not exist in type 'BudgetLineItem'.
src/components/budgets/BudgetGrid.tsx(45,19): error TS2322: Type '{ data: BudgetLineItem[]; onCellChange: (id: any, value: any) => void; }' is not assignable to type 'IntrinsicAttributes & DataGridProps'.
  Property 'data' does not exist on type 'IntrinsicAttributes & DataGridProps'.
src/components/budgets/BudgetGrid.tsx(45,51): error TS7006: Parameter 'id' implicitly has an 'any' type.
src/components/budgets/BudgetGrid.tsx(45,55): error TS7006: Parameter 'value' implicitly has an 'any' type.
src/components/charts/ChartShowcasePage.tsx(60,73): error TS2322: Type '{ name: string; value: number; }[]' is not assignable to type 'TreemapDataPoint[]'.
  Property 'size' is missing in type '{ name: string; value: number; }' but required in type 'TreemapDataPoint'.
src/components/charts/ChartShowcasePage.tsx(61,92): error TS2322: Type '{ data: { x: string; y: string; value: number; }[]; height: number; }' is not assignable to type 'IntrinsicAttributes & HeatmapChartProps'.
  Property 'height' does not exist on type 'IntrinsicAttributes & HeatmapChartProps'.
src/components/charts/ChartShowcasePage.tsx(78,34): error TS2322: Type 'RefObject<HTMLDivElement | null>' is not assignable to type 'RefObject<HTMLDivElement>'.
  Type 'HTMLDivElement | null' is not assignable to type 'HTMLDivElement'.
    Type 'null' is not assignable to type 'HTMLDivElement'.
src/components/charts/TreemapChart.tsx(81,11): error TS2322: Type 'TreemapDataPoint[]' is not assignable to type 'readonly TreemapDataType[]'.
  Type 'TreemapDataPoint' is not assignable to type 'TreemapDataType'.
    Index signature for type 'string' is missing in type 'TreemapDataPoint'.
src/components/charts/TreemapChart.tsx(87,13): error TS2322: Type '(value: number, name: string) => [string, string]' is not assignable to type 'Formatter<ValueType, NameType> & ((value: ValueType, name: NameType, item: TooltipPayloadEntry, index: number, payload: TooltipPayload) => ReactNode | [...])'.
  Type '(value: number, name: string) => [string, string]' is not assignable to type 'Formatter<ValueType, NameType>'.
    Types of parameters 'value' and 'value' are incompatible.
      Type 'ValueType | undefined' is not assignable to type 'number'.
        Type 'undefined' is not assignable to type 'number'.
src/components/charts/VarianceChart.tsx(49,13): error TS2322: Type '(value: number, name: string) => [string, string]' is not assignable to type 'Formatter<ValueType, NameType> & ((value: ValueType, name: NameType, item: TooltipPayloadEntry, index: number, payload: TooltipPayload) => ReactNode | [...])'.
  Type '(value: number, name: string) => [string, string]' is not assignable to type 'Formatter<ValueType, NameType>'.
    Types of parameters 'value' and 'value' are incompatible.
      Type 'ValueType | undefined' is not assignable to type 'number'.
        Type 'undefined' is not assignable to type 'number'.
src/components/charts/WaterfallChart.tsx(65,13): error TS2322: Type '(value: number, _name: string, props: { payload: ProcessedPoint; }) => [string, string]' is not assignable to type 'Formatter<ValueType, NameType> & ((value: ValueType, name: NameType, item: TooltipPayloadEntry, index: number, payload: TooltipPayload) => ReactNode | [...])'.
  Type '(value: number, _name: string, props: { payload: ProcessedPoint; }) => [string, string]' is not assignable to type 'Formatter<ValueType, NameType>'.
    Types of parameters 'value' and 'value' are incompatible.
      Type 'ValueType | undefined' is not assignable to type 'number'.
        Type 'undefined' is not assignable to type 'number'.
src/components/charts/WaterfallChart.tsx(65,25): error TS6133: 'value' is declared but its value is never read.
src/components/collaboration/PresenceIndicator.tsx(139,35): error TS6198: All destructured elements are unused.
src/components/collaboration/PresenceIndicator.tsx(146,9): error TS6133: 'getUsersOnCell' is declared but its value is never read.
src/components/dashboard/DashboardTemplate.tsx(1,10): error TS2300: Duplicate identifier 'useState'.
src/components/dashboard/DashboardTemplate.tsx(1,20): error TS2300: Duplicate identifier 'useMemo'.
src/components/dashboard/DashboardTemplate.tsx(1,20): error TS6133: 'useMemo' is declared but its value is never read.
src/components/dashboard/DashboardTemplate.tsx(1,29): error TS2300: Duplicate identifier 'useCallback'.
src/components/dashboard/DashboardTemplate.tsx(1,29): error TS6133: 'useCallback' is declared but its value is never read.
src/components/dashboard/DashboardTemplate.tsx(2,10): error TS2300: Duplicate identifier 'useState'.
src/components/dashboard/DashboardTemplate.tsx(2,20): error TS2300: Duplicate identifier 'useMemo'.
src/components/dashboard/DashboardTemplate.tsx(2,29): error TS2300: Duplicate identifier 'useCallback'.
src/components/dashboard/DashboardTemplate.tsx(297,25): error TS2322: Type '{ activities: { id: string; user: string; action: string; timestamp: string; }[]; }' is not assignable to type 'IntrinsicAttributes & ActivityFeedProps'.
  Property 'activities' does not exist on type 'IntrinsicAttributes & ActivityFeedProps'.
src/components/data/FileUploader.test.tsx(65,7): error TS2322: Type 'unknown' is not assignable to type 'ReactI18NextChildren | Iterable<ReactI18NextChildren>'.
src/components/data/FindReplaceDialog.tsx(82,43): error TS2552: Cannot find name 'searchStr'. Did you mean 'Search'?
src/components/data/FindReplaceDialog.tsx(85,41): error TS2552: Cannot find name 'searchStr'. Did you mean 'Search'?
src/components/data/FindReplaceDialog.tsx(187,43): error TS2552: Cannot find name 'searchStr'. Did you mean 'Search'?
src/components/data/FindReplaceDialog.tsx(190,41): error TS2552: Cannot find name 'searchStr'. Did you mean 'Search'?
src/components/data/GLDataPreview.test.tsx(13,7): error TS2322: Type 'unknown' is not assignable to type 'ReactI18NextChildren | Iterable<ReactI18NextChildren>'.
src/components/data/GLDropZone.tsx(8,9): error TS2322: Type '{ accept: string; onFilesDropped: () => void; }' is not assignable to type 'IntrinsicAttributes & FileDropZoneProps'.
  Property 'onFilesDropped' does not exist on type 'IntrinsicAttributes & FileDropZoneProps'.
src/components/data/GLTrialBalanceGrid.tsx(6,17): error TS2322: Type '{ data: never[]; readOnly: true; }' is not assignable to type 'IntrinsicAttributes & DataGridProps'.
  Property 'data' does not exist on type 'IntrinsicAttributes & DataGridProps'.
src/components/esg/ESGDashboard.tsx(9,10): error TS2739: Type '{ value: number; }' is missing the following properties from type 'GaugeChartProps': min, max, label
src/components/finance/DepreciationProjection.tsx(8,9): error TS2322: Type '{ data: never[]; xKey: string; yKeys: { key: string; color: string; name: string; }[]; }' is not assignable to type 'IntrinsicAttributes & ComboChartProps'.
  Property 'xKey' does not exist on type 'IntrinsicAttributes & ComboChartProps'. Did you mean 'key'?
src/components/finance/DriverPanel.test.tsx(107,7): error TS2322: Type '{ id: string; name: string; unit: string; baseValue: number; currentValue: number; minValue: number; maxValue: number; step: number; category: string; tags: never[]; createdAt: string; updatedAt: string; }' is not assignable to type 'never'.
src/components/finance/DriverPanel.test.tsx(129,7): error TS2322: Type '{ id: string; name: string; unit: string; baseValue: number; currentValue: number; minValue: number; maxValue: number; step: number; category: string; tags: never[]; createdAt: string; updatedAt: string; }' is not assignable to type 'never'.
src/components/finance/LeaseSchedule.tsx(8,9): error TS2322: Type '{ data: never[]; xKey: string; yKeys: { key: string; color: string; name: string; }[]; }' is not assignable to type 'IntrinsicAttributes & ComboChartProps'.
  Property 'xKey' does not exist on type 'IntrinsicAttributes & ComboChartProps'. Did you mean 'key'?
src/components/finance/RevRecSchedule.tsx(8,9): error TS2322: Type '{ data: never[]; xKey: string; yKeys: { key: string; color: string; name: string; }[]; }' is not assignable to type 'IntrinsicAttributes & ComboChartProps'.
  Property 'xKey' does not exist on type 'IntrinsicAttributes & ComboChartProps'. Did you mean 'key'?
src/components/generative/GenerativeDashboard.tsx(1,47): error TS2307: Cannot find module '@json-render/core' or its corresponding type declarations.
src/components/generative/GenerativeDashboard.tsx(2,26): error TS2307: Cannot find module '@json-render/react' or its corresponding type declarations.
src/components/generative/GenerativeDashboard.tsx(51,12): error TS7031: Binding element 'title' implicitly has an 'any' type.
src/components/generative/GenerativeDashboard.tsx(51,19): error TS7031: Binding element 'children' implicitly has an 'any' type.
src/components/generative/GenerativeDashboard.tsx(59,14): error TS7031: Binding element 'label' implicitly has an 'any' type.
src/components/generative/GenerativeDashboard.tsx(59,21): error TS7031: Binding element 'value' implicitly has an 'any' type.
src/components/generative/GenerativeDashboard.tsx(59,47): error TS7031: Binding element 'change' implicitly has an 'any' type.
src/components/generative/GenerativeDashboard.tsx(74,13): error TS7031: Binding element 'type' implicitly has an 'any' type.
src/components/generative/GenerativeDashboard.tsx(74,19): error TS7031: Binding element 'data' implicitly has an 'any' type.
src/components/generative/GenerativeDashboard.tsx(74,25): error TS7031: Binding element 'title' implicitly has an 'any' type.
src/components/generative/GenerativeDashboard.tsx(81,49): error TS2322: Type '{ data: any; title: any; }' is not assignable to type 'IntrinsicAttributes & WaterfallChartProps'.
  Property 'title' does not exist on type 'IntrinsicAttributes & WaterfallChartProps'.
src/components/generative/GenerativeDashboard.tsx(83,48): error TS2322: Type '{ data: any; title: any; }' is not assignable to type 'IntrinsicAttributes & VarianceChartProps'.
  Property 'title' does not exist on type 'IntrinsicAttributes & VarianceChartProps'.
src/components/generative/GenerativeDashboard.tsx(96,25): error TS7031: Binding element 'children' implicitly has an 'any' type.
src/components/insurance/UnderwritingDashboard.tsx(9,10): error TS2739: Type '{ value: number; }' is missing the following properties from type 'GaugeChartProps': min, max, label
src/components/layout/AppLayout.tsx(2,10): error TS2300: Duplicate identifier 'useUIStore'.
src/components/layout/AppLayout.tsx(7,10): error TS2300: Duplicate identifier 'useUIStore'.
src/components/layout/Navbar.test.tsx(142,6): error TS2352: Conversion of type 'UseBoundStore<WithPersist<Write<StoreApi<NotificationState>, StoreSubscribeWithSelector<NotificationState>>, any>>' to type 'Mock<Procedure | Constructable>' may be a mistake because neither type sufficiently overlaps with the other. If this was intentional, convert the expression to 'unknown' first.
  Type 'UseBoundStore<WithPersist<Write<StoreApi<NotificationState>, StoreSubscribeWithSelector<NotificationState>>, any>>' is not comparable to type 'MockInstance<Procedure | Constructable> & { (...args: any[]): any; new (...args: any[]): any; } & {}'.
    Type 'UseBoundStore<WithPersist<Write<StoreApi<NotificationState>, StoreSubscribeWithSelector<NotificationState>>, any>>' is not comparable to type 'MockInstance<Procedure | Constructable>'.
src/components/layout/Sidebar.tsx(55,44): error TS6133: 'mobileSidebarOpen' is declared but its value is never read.
src/components/manufacturing/ProductionDashboard.test.tsx(6,7): error TS2739: Type '{ oee: number; availability: number; performance: number; quality: number; capacity: number; }' is missing the following properties from type 'ProductionMetrics': utilization, throughput, yield, scrapRate, cycleTime
src/components/manufacturing/ProductionDashboard.test.tsx(46,11): error TS2739: Type '{ oee: number; availability: number; performance: number; quality: number; capacity: number; }' is missing the following properties from type 'ProductionMetrics': utilization, throughput, yield, scrapRate, cycleTime
src/components/manufacturing/ProductionDashboard.test.tsx(58,11): error TS2739: Type '{ oee: number; availability: number; performance: number; quality: number; capacity: number; }' is missing the following properties from type 'ProductionMetrics': utilization, throughput, yield, scrapRate, cycleTime
src/components/manufacturing/ProductionDashboard.tsx(14,10): error TS2739: Type '{ value: number; }' is missing the following properties from type 'GaugeChartProps': min, max, label
src/components/manufacturing/ProductionDashboard.tsx(21,17): error TS2352: Conversion of type 'ProductionMetrics' to type 'Record<string, number>' may be a mistake because neither type sufficiently overlaps with the other. If this was intentional, convert the expression to 'unknown' first.
  Index signature for type 'string' is missing in type 'ProductionMetrics'.
src/components/migration/MigrationWizard.tsx(6,26): error TS6133: 'Column' is declared but its value is never read.
src/components/migration/MigrationWizard.tsx(130,9): error TS2322: Type '{ label: string; completed: boolean; }[]' is not assignable to type 'Step[]'.
  Property 'status' is missing in type '{ label: string; completed: boolean; }' but required in type 'Step'.
src/components/migration/MigrationWizard.tsx(179,15): error TS2322: Type '{ 'application/vnd.openxmlformats-officedocument.spreadsheetml.sheet': string[]; 'application/vnd.ms-excel': string[]; 'text/csv': string[]; }' is not assignable to type 'string'.
src/components/migration/MigrationWizard.tsx(213,17): error TS2322: Type '{ label: string; value: string; icon: Element; }' is not assignable to type 'IntrinsicAttributes & KPIValueProps'.
  Property 'icon' does not exist on type 'IntrinsicAttributes & KPIValueProps'.
src/components/migration/MigrationWizard.tsx(217,17): error TS2322: Type 'number' is not assignable to type 'string'.
src/components/migration/MigrationWizard.tsx(223,17): error TS2322: Type '{ label: string; value: string; icon: Element; }' is not assignable to type 'IntrinsicAttributes & KPIValueProps'.
  Property 'icon' does not exist on type 'IntrinsicAttributes & KPIValueProps'.
src/components/reports/BoardPackTemplate.tsx(26,7): error TS2322: Type 'unknown' is not assignable to type 'string | number | bigint | boolean | ReactElement<unknown, string | JSXElementConstructor<any>> | Iterable<ReactNode> | ReactPortal | Promise<...> | null | undefined'.
src/components/reports/ConditionalFormatPanel.tsx(9,8): error TS6133: 'CellStyle' is declared but its value is never read.
src/components/reports/ExportDialog.tsx(8,8): error TS6133: 'PDFExportMetadata' is declared but its value is never read.
src/components/reports/ExportDialog.tsx(9,8): error TS6133: 'ExcelExportResult' is declared but its value is never read.
src/components/reports/ExportDialog.tsx(10,8): error TS6133: 'CSVExportResult' is declared but its value is never read.
src/components/reports/FinancialStatementTemplates.tsx(2,1): error TS6133: 'ExportContext' is declared but its value is never read.
src/components/reports/ReportBookBuilder.tsx(288,13): error TS6133: 'results' is declared but its value is never read.
src/components/reports/ReportGrid.test.tsx(27,3): error TS2353: Object literal may only specify known properties, and 'filters' does not exist in type 'ReportLayout'.
src/components/reports/ReportGrid.test.tsx(27,23): error TS2339: Property 'filters' does not exist on type 'Partial<ReportLayout>'.
src/components/reports/ReportGrid.test.tsx(68,92): error TS2740: Type '{}' is missing the following properties from type 'CellStyle': bold, italic, underline, fontSize, and 10 more.
src/components/reports/ReportGrid.test.tsx(86,98): error TS2740: Type '{}' is missing the following properties from type 'CellStyle': bold, italic, underline, fontSize, and 10 more.
src/components/reports/ReportGrid.test.tsx(104,89): error TS2740: Type '{}' is missing the following properties from type 'CellStyle': bold, italic, underline, fontSize, and 10 more.
src/components/reports/ReportGrid.test.tsx(156,86): error TS2740: Type '{}' is missing the following properties from type 'CellStyle': bold, italic, underline, fontSize, and 10 more.
src/components/reports/ReportGrid.test.tsx(162,19): error TS2353: Object literal may only specify known properties, and 'accountCode' does not exist in type 'MetricCellContent | FormulaCellContent | TextCellContent | ChartElementContent | TableElementContent'.
src/components/reports/ReportGrid.test.tsx(168,15): error TS2740: Type '{}' is missing the following properties from type 'CellStyle': bold, italic, underline, fontSize, and 10 more.
src/components/reports/ReportTemplateLibrary.test.tsx(47,38): error TS2353: Object literal may only specify known properties, and 'filters' does not exist in type 'ReportLayout'.
src/components/reports/ReportTemplateLibrary.test.tsx(60,38): error TS2353: Object literal may only specify known properties, and 'filters' does not exist in type 'ReportLayout'.
src/components/saas/MRRBreakdown.tsx(8,9): error TS2322: Type '{ data: never[]; xKey: string; yKeys: { key: string; color: string; name: string; }[]; }' is not assignable to type 'IntrinsicAttributes & ComboChartProps'.
  Property 'xKey' does not exist on type 'IntrinsicAttributes & ComboChartProps'. Did you mean 'key'?
src/components/scenarios/DriverTreeView.tsx(37,16): error TS2741: Property 'step' is missing in type '{ key: string; label: string; value: number; min: number; max: number; unit: string; onChange: (v: number) => void; disabled: boolean | undefined; }' but required in type 'DriverSliderProps'.
src/components/settings/TemplateMarketplace.tsx(35,20): error TS2322: Type '"info"' is not assignable to type '"default" | "destructive" | "secondary" | "outline" | undefined'.
src/components/ui/AccountTree.test.tsx(13,3): error TS2820: Type '"asset"' is not assignable to type 'AccountType'. Did you mean '"Asset"'?
src/components/ui/AllocationRuleBuilder.test.tsx(4,32): error TS6133: 'vi' is declared but its value is never read.
src/components/ui/ApprovalDashboard.test.tsx(114,50): error TS2322: Type '{ id: string; workflowId: string; title: string; description: string; requester: string; status: "pending"; currentStepIndex: number; createdAt: string; updatedAt: string; history: never[]; data: {}; }[]' is not assignable to type 'ApprovalRequest[]'.
  Type '{ id: string; workflowId: string; title: string; description: string; requester: string; status: "pending"; currentStepIndex: number; createdAt: string; updatedAt: string; history: never[]; data: {}; }' is missing the following properties from type 'ApprovalRequest': state, changeRequests
src/components/ui/ApprovalDashboard.test.tsx(136,50): error TS2322: Type '{ id: string; workflowId: string; title: string; description: string; requester: string; status: "pending"; currentStepIndex: number; createdAt: string; updatedAt: string; history: never[]; data: {}; }[]' is not assignable to type 'ApprovalRequest[]'.
  Type '{ id: string; workflowId: string; title: string; description: string; requester: string; status: "pending"; currentStepIndex: number; createdAt: string; updatedAt: string; history: never[]; data: {}; }' is missing the following properties from type 'ApprovalRequest': state, changeRequests
src/components/ui/Avatar.test.tsx(1,32): error TS6133: 'vi' is declared but its value is never read.
src/components/ui/CellFormatter.tsx(149,13): error TS2322: Type '{ options: { value: string; label: string; }[]; value: NumberFormat; onValueChange: (v: any) => void; }' is not assignable to type 'IntrinsicAttributes & SelectProps'.
  Property 'onValueChange' does not exist on type 'IntrinsicAttributes & SelectProps'.
src/components/ui/CellFormatter.tsx(149,29): error TS7006: Parameter 'v' implicitly has an 'any' type.
src/components/ui/CellFormatter.tsx(192,15): error TS2322: Type '{ options: { value: string; label: string; }[]; value: string; onValueChange: (v: any) => void; }' is not assignable to type 'IntrinsicAttributes & SelectProps'.
  Property 'onValueChange' does not exist on type 'IntrinsicAttributes & SelectProps'.
src/components/ui/CellFormatter.tsx(192,31): error TS7006: Parameter 'v' implicitly has an 'any' type.
src/components/ui/CellFormatter.tsx(206,15): error TS2322: Type '{ options: { value: string; label: string; }[]; value: string; onValueChange: (v: any) => void; }' is not assignable to type 'IntrinsicAttributes & SelectProps'.
  Property 'onValueChange' does not exist on type 'IntrinsicAttributes & SelectProps'.
src/components/ui/CellFormatter.tsx(206,31): error TS7006: Parameter 'v' implicitly has an 'any' type.
src/components/ui/CellFormatter.tsx(220,15): error TS2322: Type '{ options: { value: string; label: string; }[]; value: "red" | "minus" | "parentheses"; onValueChange: (v: any) => void; }' is not assignable to type 'IntrinsicAttributes & SelectProps'.
  Property 'onValueChange' does not exist on type 'IntrinsicAttributes & SelectProps'.
src/components/ui/CellFormatter.tsx(220,31): error TS7006: Parameter 'v' implicitly has an 'any' type.
src/components/ui/ChatChart.tsx(67,57): error TS18048: 'percent' is possibly 'undefined'.
src/components/ui/ChatChart.tsx(74,22): error TS2322: Type '(v: number) => string' is not assignable to type 'Formatter<ValueType, NameType> & ((value: ValueType, name: NameType, item: TooltipPayloadEntry, index: number, payload: TooltipPayload) => ReactNode | [...])'.
  Type '(v: number) => string' is not assignable to type 'Formatter<ValueType, NameType>'.
    Types of parameters 'v' and 'value' are incompatible.
      Type 'ValueType | undefined' is not assignable to type 'number'.
        Type 'undefined' is not assignable to type 'number'.
src/components/ui/ChatChart.tsx(83,22): error TS2322: Type '(v: number) => string' is not assignable to type 'Formatter<ValueType, NameType> & ((value: ValueType, name: NameType, item: TooltipPayloadEntry, index: number, payload: TooltipPayload) => ReactNode | [...])'.
  Type '(v: number) => string' is not assignable to type 'Formatter<ValueType, NameType>'.
    Types of parameters 'v' and 'value' are incompatible.
      Type 'ValueType | undefined' is not assignable to type 'number'.
        Type 'undefined' is not assignable to type 'number'.
src/components/ui/ChatChart.tsx(100,22): error TS2322: Type '(v: number) => string' is not assignable to type 'Formatter<ValueType, NameType> & ((value: ValueType, name: NameType, item: TooltipPayloadEntry, index: number, payload: TooltipPayload) => ReactNode | [...])'.
  Type '(v: number) => string' is not assignable to type 'Formatter<ValueType, NameType>'.
    Types of parameters 'v' and 'value' are incompatible.
      Type 'ValueType | undefined' is not assignable to type 'number'.
        Type 'undefined' is not assignable to type 'number'.
src/components/ui/ChatChart.tsx(116,22): error TS2322: Type '(v: number) => string' is not assignable to type 'Formatter<ValueType, NameType> & ((value: ValueType, name: NameType, item: TooltipPayloadEntry, index: number, payload: TooltipPayload) => ReactNode | [...])'.
  Type '(v: number) => string' is not assignable to type 'Formatter<ValueType, NameType>'.
    Types of parameters 'v' and 'value' are incompatible.
      Type 'ValueType | undefined' is not assignable to type 'number'.
        Type 'undefined' is not assignable to type 'number'.
src/components/ui/ChatChart.tsx(129,13): error TS2322: Type '{ payload: { value: string; type: "square"; color: string; }[]; }' is not assignable to type 'IntrinsicAttributes & Omit<Props, "ref" | "payload" | "verticalAlign"> & { content?: ContentType | undefined; wrapperStyle?: CSSProperties | undefined; ... 6 more ...; verticalAlign?: VerticalAlignmentType | undefined; }'.
  Property 'payload' does not exist on type 'IntrinsicAttributes & Omit<Props, "ref" | "payload" | "verticalAlign"> & { content?: ContentType | undefined; wrapperStyle?: CSSProperties | undefined; ... 6 more ...; verticalAlign?: VerticalAlignmentType | undefined; }'.
src/components/ui/ComboChart.tsx(84,55): error TS2345: Argument of type '{}' is not assignable to parameter of type 'Record<string, unknown>'.
  Index signature for type 'string' is missing in type '{}'.
src/components/ui/CommandPalette.tsx(134,61): error TS2345: Argument of type 'CommandItem' is not assignable to parameter of type '{ id: string; label: string; description: string; category: string; onSelect: () => void; } & CommandItem'.
  Type 'CommandItem' is not assignable to type '{ id: string; label: string; description: string; category: string; onSelect: () => void; }'.
    Types of property 'description' are incompatible.
      Type 'string | undefined' is not assignable to type 'string'.
        Type 'undefined' is not assignable to type 'string'.
src/components/ui/CommentaryTemplate.tsx(74,7): error TS6133: 'CUSTOM_TEMPLATE' is declared but its value is never read.
src/components/ui/ConditionalFormattingRenderers.test.tsx(54,40): error TS2741: Property 'reverse' is missing in type '{ type: "3-arrows"; showIconOnly: true; }' but required in type 'IconSetConfig'.
src/components/ui/ConditionalFormattingRenderers.test.tsx(60,45): error TS2741: Property 'reverse' is missing in type '{ type: "3-arrows"; showIconOnly: true; }' but required in type 'IconSetConfig'.
src/components/ui/ConditionalFormattingRenderers.test.tsx(70,11): error TS2741: Property 'type' is missing in type '{ minColor: string; maxColor: string; }' but required in type 'ColorScaleConfig'.
src/components/ui/ConditionalFormattingRenderers.test.tsx(80,11): error TS2741: Property 'type' is missing in type '{ minColor: string; maxColor: string; }' but required in type 'ColorScaleConfig'.
src/components/ui/ConditionalFormattingRenderers.test.tsx(117,52): error TS2741: Property 'ruleId' is missing in type '{ matched: false; }' but required in type 'EvaluatedFormat'.
src/components/ui/ContextMenu.test.tsx(5,1): error TS6192: All imports in import declaration are unused.
src/components/ui/ContextMenu.test.tsx(6,1): error TS6192: All imports in import declaration are unused.
src/components/ui/ContextMenu.test.tsx(14,9): error TS6133: 'PatchedContextMenu' is declared but its value is never read.
src/components/ui/ContextMenu.test.tsx(29,9): error TS6133: 'defaultProps' is declared but its value is never read.
src/components/ui/ContextMenu.tsx(6,3): error TS6133: 'Trash2' is declared but its value is never read.
src/components/ui/ContextMenu.tsx(7,3): error TS6133: 'ArrowUpDown' is declared but its value is never read.
src/components/ui/ContextMenu.tsx(114,5): error TS2349: This expression is not callable.
  Type 'Element' has no call signatures.
src/components/ui/DataGrid.test.tsx(248,40): error TS2322: Type '({ field: string; headerName: string; width: number; type?: undefined; } | { field: string; headerName: string; type: string; width?: undefined; })[]' is not assignable to type 'DataGridColumn[]'.
  Type '{ field: string; headerName: string; width: number; type?: undefined; } | { field: string; headerName: string; type: string; width?: undefined; }' is not assignable to type 'DataGridColumn'.
    Type '{ field: string; headerName: string; type: string; width?: undefined; }' is not assignable to type 'DataGridColumn'.
      Types of property 'type' are incompatible.
        Type 'string' is not assignable to type '"number" | "text" | "percent" | "currency" | undefined'.
src/components/ui/DataGrid.test.tsx(253,40): error TS2322: Type '({ field: string; headerName: string; width: number; type?: undefined; } | { field: string; headerName: string; type: string; width?: undefined; })[]' is not assignable to type 'DataGridColumn[]'.
  Type '{ field: string; headerName: string; width: number; type?: undefined; } | { field: string; headerName: string; type: string; width?: undefined; }' is not assignable to type 'DataGridColumn'.
    Type '{ field: string; headerName: string; type: string; width?: undefined; }' is not assignable to type 'DataGridColumn'.
      Types of property 'type' are incompatible.
        Type 'string' is not assignable to type '"number" | "text" | "percent" | "currency" | undefined'.
src/components/ui/DataGrid.test.tsx(258,34): error TS2322: Type '({ field: string; headerName: string; width: number; type?: undefined; } | { field: string; headerName: string; type: string; width?: undefined; })[]' is not assignable to type 'DataGridColumn[]'.
  Type '{ field: string; headerName: string; width: number; type?: undefined; } | { field: string; headerName: string; type: string; width?: undefined; }' is not assignable to type 'DataGridColumn'.
    Type '{ field: string; headerName: string; type: string; width?: undefined; }' is not assignable to type 'DataGridColumn'.
      Types of property 'type' are incompatible.
        Type 'string' is not assignable to type '"number" | "text" | "percent" | "currency" | undefined'.
src/components/ui/DataGrid.test.tsx(263,40): error TS2322: Type '({ field: string; headerName: string; width: number; type?: undefined; } | { field: string; headerName: string; type: string; width?: undefined; })[]' is not assignable to type 'DataGridColumn[]'.
  Type '{ field: string; headerName: string; width: number; type?: undefined; } | { field: string; headerName: string; type: string; width?: undefined; }' is not assignable to type 'DataGridColumn'.
    Type '{ field: string; headerName: string; type: string; width?: undefined; }' is not assignable to type 'DataGridColumn'.
      Types of property 'type' are incompatible.
        Type 'string' is not assignable to type '"number" | "text" | "percent" | "currency" | undefined'.
src/components/ui/DataGrid.test.tsx(268,40): error TS2322: Type '({ field: string; headerName: string; width: number; type?: undefined; } | { field: string; headerName: string; type: string; width?: undefined; })[]' is not assignable to type 'DataGridColumn[]'.
  Type '{ field: string; headerName: string; width: number; type?: undefined; } | { field: string; headerName: string; type: string; width?: undefined; }' is not assignable to type 'DataGridColumn'.
    Type '{ field: string; headerName: string; type: string; width?: undefined; }' is not assignable to type 'DataGridColumn'.
      Types of property 'type' are incompatible.
        Type 'string' is not assignable to type '"number" | "text" | "percent" | "currency" | undefined'.
src/components/ui/DataGrid.test.tsx(274,40): error TS2322: Type '({ field: string; headerName: string; width: number; type?: undefined; } | { field: string; headerName: string; type: string; width?: undefined; })[]' is not assignable to type 'DataGridColumn[]'.
  Type '{ field: string; headerName: string; width: number; type?: undefined; } | { field: string; headerName: string; type: string; width?: undefined; }' is not assignable to type 'DataGridColumn'.
    Type '{ field: string; headerName: string; type: string; width?: undefined; }' is not assignable to type 'DataGridColumn'.
      Types of property 'type' are incompatible.
        Type 'string' is not assignable to type '"number" | "text" | "percent" | "currency" | undefined'.
src/components/ui/DataGrid.test.tsx(281,40): error TS2322: Type '({ field: string; headerName: string; width: number; type?: undefined; } | { field: string; headerName: string; type: string; width?: undefined; })[]' is not assignable to type 'DataGridColumn[]'.
  Type '{ field: string; headerName: string; width: number; type?: undefined; } | { field: string; headerName: string; type: string; width?: undefined; }' is not assignable to type 'DataGridColumn'.
    Type '{ field: string; headerName: string; type: string; width?: undefined; }' is not assignable to type 'DataGridColumn'.
      Types of property 'type' are incompatible.
        Type 'string' is not assignable to type '"number" | "text" | "percent" | "currency" | undefined'.
src/components/ui/DataGrid.test.tsx(286,40): error TS2322: Type '({ field: string; headerName: string; width: number; type?: undefined; } | { field: string; headerName: string; type: string; width?: undefined; })[]' is not assignable to type 'DataGridColumn[]'.
  Type '{ field: string; headerName: string; width: number; type?: undefined; } | { field: string; headerName: string; type: string; width?: undefined; }' is not assignable to type 'DataGridColumn'.
    Type '{ field: string; headerName: string; type: string; width?: undefined; }' is not assignable to type 'DataGridColumn'.
      Types of property 'type' are incompatible.
        Type 'string' is not assignable to type '"number" | "text" | "percent" | "currency" | undefined'.
src/components/ui/DataGrid.test.tsx(291,40): error TS2322: Type '({ field: string; headerName: string; width: number; type?: undefined; } | { field: string; headerName: string; type: string; width?: undefined; })[]' is not assignable to type 'DataGridColumn[]'.
  Type '{ field: string; headerName: string; width: number; type?: undefined; } | { field: string; headerName: string; type: string; width?: undefined; }' is not assignable to type 'DataGridColumn'.
    Type '{ field: string; headerName: string; type: string; width?: undefined; }' is not assignable to type 'DataGridColumn'.
      Types of property 'type' are incompatible.
        Type 'string' is not assignable to type '"number" | "text" | "percent" | "currency" | undefined'.
src/components/ui/DataGrid.test.tsx(296,40): error TS2322: Type '({ field: string; headerName: string; width: number; type?: undefined; } | { field: string; headerName: string; type: string; width?: undefined; })[]' is not assignable to type 'DataGridColumn[]'.
  Type '{ field: string; headerName: string; width: number; type?: undefined; } | { field: string; headerName: string; type: string; width?: undefined; }' is not assignable to type 'DataGridColumn'.
    Type '{ field: string; headerName: string; type: string; width?: undefined; }' is not assignable to type 'DataGridColumn'.
      Types of property 'type' are incompatible.
        Type 'string' is not assignable to type '"number" | "text" | "percent" | "currency" | undefined'.
src/components/ui/DataGrid.test.tsx(301,40): error TS2322: Type '({ field: string; headerName: string; width: number; type?: undefined; } | { field: string; headerName: string; type: string; width?: undefined; })[]' is not assignable to type 'DataGridColumn[]'.
  Type '{ field: string; headerName: string; width: number; type?: undefined; } | { field: string; headerName: string; type: string; width?: undefined; }' is not assignable to type 'DataGridColumn'.
    Type '{ field: string; headerName: string; type: string; width?: undefined; }' is not assignable to type 'DataGridColumn'.
      Types of property 'type' are incompatible.
        Type 'string' is not assignable to type '"number" | "text" | "percent" | "currency" | undefined'.
src/components/ui/DataGrid.test.tsx(306,40): error TS2322: Type '({ field: string; headerName: string; width: number; type?: undefined; } | { field: string; headerName: string; type: string; width?: undefined; })[]' is not assignable to type 'DataGridColumn[]'.
  Type '{ field: string; headerName: string; width: number; type?: undefined; } | { field: string; headerName: string; type: string; width?: undefined; }' is not assignable to type 'DataGridColumn'.
    Type '{ field: string; headerName: string; type: string; width?: undefined; }' is not assignable to type 'DataGridColumn'.
      Types of property 'type' are incompatible.
        Type 'string' is not assignable to type '"number" | "text" | "percent" | "currency" | undefined'.
src/components/ui/DataGrid.test.tsx(311,40): error TS2322: Type '({ field: string; headerName: string; width: number; type?: undefined; } | { field: string; headerName: string; type: string; width?: undefined; })[]' is not assignable to type 'DataGridColumn[]'.
  Type '{ field: string; headerName: string; width: number; type?: undefined; } | { field: string; headerName: string; type: string; width?: undefined; }' is not assignable to type 'DataGridColumn'.
    Type '{ field: string; headerName: string; type: string; width?: undefined; }' is not assignable to type 'DataGridColumn'.
      Types of property 'type' are incompatible.
        Type 'string' is not assignable to type '"number" | "text" | "percent" | "currency" | undefined'.
src/components/ui/DataGrid.test.tsx(318,40): error TS2322: Type '({ field: string; headerName: string; width: number; type?: undefined; } | { field: string; headerName: string; type: string; width?: undefined; })[]' is not assignable to type 'DataGridColumn[]'.
  Type '{ field: string; headerName: string; width: number; type?: undefined; } | { field: string; headerName: string; type: string; width?: undefined; }' is not assignable to type 'DataGridColumn'.
    Type '{ field: string; headerName: string; type: string; width?: undefined; }' is not assignable to type 'DataGridColumn'.
      Types of property 'type' are incompatible.
        Type 'string' is not assignable to type '"number" | "text" | "percent" | "currency" | undefined'.
src/components/ui/DataGrid.test.tsx(324,40): error TS2322: Type '({ field: string; headerName: string; width: number; type?: undefined; } | { field: string; headerName: string; type: string; width?: undefined; })[]' is not assignable to type 'DataGridColumn[]'.
  Type '{ field: string; headerName: string; width: number; type?: undefined; } | { field: string; headerName: string; type: string; width?: undefined; }' is not assignable to type 'DataGridColumn'.
    Type '{ field: string; headerName: string; type: string; width?: undefined; }' is not assignable to type 'DataGridColumn'.
      Types of property 'type' are incompatible.
        Type 'string' is not assignable to type '"number" | "text" | "percent" | "currency" | undefined'.
src/components/ui/DataGrid.test.tsx(331,40): error TS2322: Type '({ field: string; headerName: string; width: number; type?: undefined; } | { field: string; headerName: string; type: string; width?: undefined; })[]' is not assignable to type 'DataGridColumn[]'.
  Type '{ field: string; headerName: string; width: number; type?: undefined; } | { field: string; headerName: string; type: string; width?: undefined; }' is not assignable to type 'DataGridColumn'.
    Type '{ field: string; headerName: string; type: string; width?: undefined; }' is not assignable to type 'DataGridColumn'.
      Types of property 'type' are incompatible.
        Type 'string' is not assignable to type '"number" | "text" | "percent" | "currency" | undefined'.
src/components/ui/DataGrid.test.tsx(338,40): error TS2322: Type '({ field: string; headerName: string; width: number; type?: undefined; } | { field: string; headerName: string; type: string; width?: undefined; })[]' is not assignable to type 'DataGridColumn[]'.
  Type '{ field: string; headerName: string; width: number; type?: undefined; } | { field: string; headerName: string; type: string; width?: undefined; }' is not assignable to type 'DataGridColumn'.
    Type '{ field: string; headerName: string; type: string; width?: undefined; }' is not assignable to type 'DataGridColumn'.
      Types of property 'type' are incompatible.
        Type 'string' is not assignable to type '"number" | "text" | "percent" | "currency" | undefined'.
src/components/ui/DataGrid.test.tsx(349,40): error TS2322: Type '({ field: string; headerName: string; width: number; type?: undefined; } | { field: string; headerName: string; type: string; width?: undefined; })[]' is not assignable to type 'DataGridColumn[]'.
  Type '{ field: string; headerName: string; width: number; type?: undefined; } | { field: string; headerName: string; type: string; width?: undefined; }' is not assignable to type 'DataGridColumn'.
    Type '{ field: string; headerName: string; type: string; width?: undefined; }' is not assignable to type 'DataGridColumn'.
      Types of property 'type' are incompatible.
        Type 'string' is not assignable to type '"number" | "text" | "percent" | "currency" | undefined'.
src/components/ui/DataGrid.test.tsx(354,40): error TS2322: Type '({ field: string; headerName: string; width: number; type?: undefined; } | { field: string; headerName: string; type: string; width?: undefined; })[]' is not assignable to type 'DataGridColumn[]'.
  Type '{ field: string; headerName: string; width: number; type?: undefined; } | { field: string; headerName: string; type: string; width?: undefined; }' is not assignable to type 'DataGridColumn'.
    Type '{ field: string; headerName: string; type: string; width?: undefined; }' is not assignable to type 'DataGridColumn'.
      Types of property 'type' are incompatible.
        Type 'string' is not assignable to type '"number" | "text" | "percent" | "currency" | undefined'.
src/components/ui/DataGrid.test.tsx(359,40): error TS2322: Type '({ field: string; headerName: string; width: number; type?: undefined; } | { field: string; headerName: string; type: string; width?: undefined; })[]' is not assignable to type 'DataGridColumn[]'.
  Type '{ field: string; headerName: string; width: number; type?: undefined; } | { field: string; headerName: string; type: string; width?: undefined; }' is not assignable to type 'DataGridColumn'.
    Type '{ field: string; headerName: string; type: string; width?: undefined; }' is not assignable to type 'DataGridColumn'.
      Types of property 'type' are incompatible.
        Type 'string' is not assignable to type '"number" | "text" | "percent" | "currency" | undefined'.
src/components/ui/DataGrid.test.tsx(364,40): error TS2322: Type '({ field: string; headerName: string; width: number; type?: undefined; } | { field: string; headerName: string; type: string; width?: undefined; })[]' is not assignable to type 'DataGridColumn[]'.
  Type '{ field: string; headerName: string; width: number; type?: undefined; } | { field: string; headerName: string; type: string; width?: undefined; }' is not assignable to type 'DataGridColumn'.
    Type '{ field: string; headerName: string; type: string; width?: undefined; }' is not assignable to type 'DataGridColumn'.
      Types of property 'type' are incompatible.
        Type 'string' is not assignable to type '"number" | "text" | "percent" | "currency" | undefined'.
src/components/ui/DataGrid.test.tsx(369,40): error TS2322: Type '({ field: string; headerName: string; width: number; type?: undefined; } | { field: string; headerName: string; type: string; width?: undefined; })[]' is not assignable to type 'DataGridColumn[]'.
  Type '{ field: string; headerName: string; width: number; type?: undefined; } | { field: string; headerName: string; type: string; width?: undefined; }' is not assignable to type 'DataGridColumn'.
    Type '{ field: string; headerName: string; type: string; width?: undefined; }' is not assignable to type 'DataGridColumn'.
      Types of property 'type' are incompatible.
        Type 'string' is not assignable to type '"number" | "text" | "percent" | "currency" | undefined'.
src/components/ui/DataGrid.test.tsx(377,40): error TS2322: Type '({ field: string; headerName: string; width: number; type?: undefined; } | { field: string; headerName: string; type: string; width?: undefined; })[]' is not assignable to type 'DataGridColumn[]'.
  Type '{ field: string; headerName: string; width: number; type?: undefined; } | { field: string; headerName: string; type: string; width?: undefined; }' is not assignable to type 'DataGridColumn'.
    Type '{ field: string; headerName: string; type: string; width?: undefined; }' is not assignable to type 'DataGridColumn'.
      Types of property 'type' are incompatible.
        Type 'string' is not assignable to type '"number" | "text" | "percent" | "currency" | undefined'.
src/components/ui/DataGrid.test.tsx(383,40): error TS2322: Type '({ field: string; headerName: string; width: number; type?: undefined; } | { field: string; headerName: string; type: string; width?: undefined; })[]' is not assignable to type 'DataGridColumn[]'.
  Type '{ field: string; headerName: string; width: number; type?: undefined; } | { field: string; headerName: string; type: string; width?: undefined; }' is not assignable to type 'DataGridColumn'.
    Type '{ field: string; headerName: string; type: string; width?: undefined; }' is not assignable to type 'DataGridColumn'.
      Types of property 'type' are incompatible.
        Type 'string' is not assignable to type '"number" | "text" | "percent" | "currency" | undefined'.
src/components/ui/DataGrid.test.tsx(389,40): error TS2322: Type '({ field: string; headerName: string; width: number; type?: undefined; } | { field: string; headerName: string; type: string; width?: undefined; })[]' is not assignable to type 'DataGridColumn[]'.
  Type '{ field: string; headerName: string; width: number; type?: undefined; } | { field: string; headerName: string; type: string; width?: undefined; }' is not assignable to type 'DataGridColumn'.
    Type '{ field: string; headerName: string; type: string; width?: undefined; }' is not assignable to type 'DataGridColumn'.
      Types of property 'type' are incompatible.
        Type 'string' is not assignable to type '"number" | "text" | "percent" | "currency" | undefined'.
src/components/ui/DataGrid.test.tsx(395,40): error TS2322: Type '({ field: string; headerName: string; width: number; type?: undefined; } | { field: string; headerName: string; type: string; width?: undefined; })[]' is not assignable to type 'DataGridColumn[]'.
  Type '{ field: string; headerName: string; width: number; type?: undefined; } | { field: string; headerName: string; type: string; width?: undefined; }' is not assignable to type 'DataGridColumn'.
    Type '{ field: string; headerName: string; type: string; width?: undefined; }' is not assignable to type 'DataGridColumn'.
      Types of property 'type' are incompatible.
        Type 'string' is not assignable to type '"number" | "text" | "percent" | "currency" | undefined'.
src/components/ui/DataGrid.test.tsx(402,40): error TS2322: Type '({ field: string; headerName: string; width: number; type?: undefined; } | { field: string; headerName: string; type: string; width?: undefined; })[]' is not assignable to type 'DataGridColumn[]'.
  Type '{ field: string; headerName: string; width: number; type?: undefined; } | { field: string; headerName: string; type: string; width?: undefined; }' is not assignable to type 'DataGridColumn'.
    Type '{ field: string; headerName: string; type: string; width?: undefined; }' is not assignable to type 'DataGridColumn'.
      Types of property 'type' are incompatible.
        Type 'string' is not assignable to type '"number" | "text" | "percent" | "currency" | undefined'.
src/components/ui/DataGrid.test.tsx(408,40): error TS2322: Type '({ field: string; headerName: string; width: number; type?: undefined; } | { field: string; headerName: string; type: string; width?: undefined; })[]' is not assignable to type 'DataGridColumn[]'.
  Type '{ field: string; headerName: string; width: number; type?: undefined; } | { field: string; headerName: string; type: string; width?: undefined; }' is not assignable to type 'DataGridColumn'.
    Type '{ field: string; headerName: string; type: string; width?: undefined; }' is not assignable to type 'DataGridColumn'.
      Types of property 'type' are incompatible.
        Type 'string' is not assignable to type '"number" | "text" | "percent" | "currency" | undefined'.
src/components/ui/DataGrid.test.tsx(415,40): error TS2322: Type '({ field: string; headerName: string; width: number; type?: undefined; } | { field: string; headerName: string; type: string; width?: undefined; })[]' is not assignable to type 'DataGridColumn[]'.
  Type '{ field: string; headerName: string; width: number; type?: undefined; } | { field: string; headerName: string; type: string; width?: undefined; }' is not assignable to type 'DataGridColumn'.
    Type '{ field: string; headerName: string; type: string; width?: undefined; }' is not assignable to type 'DataGridColumn'.
      Types of property 'type' are incompatible.
        Type 'string' is not assignable to type '"number" | "text" | "percent" | "currency" | undefined'.
src/components/ui/DataGrid.test.tsx(423,40): error TS2322: Type '({ field: string; headerName: string; width: number; type?: undefined; } | { field: string; headerName: string; type: string; width?: undefined; })[]' is not assignable to type 'DataGridColumn[]'.
  Type '{ field: string; headerName: string; width: number; type?: undefined; } | { field: string; headerName: string; type: string; width?: undefined; }' is not assignable to type 'DataGridColumn'.
    Type '{ field: string; headerName: string; type: string; width?: undefined; }' is not assignable to type 'DataGridColumn'.
      Types of property 'type' are incompatible.
        Type 'string' is not assignable to type '"number" | "text" | "percent" | "currency" | undefined'.
src/components/ui/DataGrid.test.tsx(433,40): error TS2322: Type '({ field: string; headerName: string; width: number; type?: undefined; } | { field: string; headerName: string; type: string; width?: undefined; })[]' is not assignable to type 'DataGridColumn[]'.
  Type '{ field: string; headerName: string; width: number; type?: undefined; } | { field: string; headerName: string; type: string; width?: undefined; }' is not assignable to type 'DataGridColumn'.
    Type '{ field: string; headerName: string; type: string; width?: undefined; }' is not assignable to type 'DataGridColumn'.
      Types of property 'type' are incompatible.
        Type 'string' is not assignable to type '"number" | "text" | "percent" | "currency" | undefined'.
src/components/ui/DataGrid.test.tsx(439,40): error TS2322: Type '({ field: string; headerName: string; width: number; type?: undefined; } | { field: string; headerName: string; type: string; width?: undefined; })[]' is not assignable to type 'DataGridColumn[]'.
  Type '{ field: string; headerName: string; width: number; type?: undefined; } | { field: string; headerName: string; type: string; width?: undefined; }' is not assignable to type 'DataGridColumn'.
    Type '{ field: string; headerName: string; type: string; width?: undefined; }' is not assignable to type 'DataGridColumn'.
      Types of property 'type' are incompatible.
        Type 'string' is not assignable to type '"number" | "text" | "percent" | "currency" | undefined'.
src/components/ui/DataGrid.test.tsx(447,40): error TS2322: Type '({ field: string; headerName: string; width: number; type?: undefined; } | { field: string; headerName: string; type: string; width?: undefined; })[]' is not assignable to type 'DataGridColumn[]'.
  Type '{ field: string; headerName: string; width: number; type?: undefined; } | { field: string; headerName: string; type: string; width?: undefined; }' is not assignable to type 'DataGridColumn'.
    Type '{ field: string; headerName: string; type: string; width?: undefined; }' is not assignable to type 'DataGridColumn'.
      Types of property 'type' are incompatible.
        Type 'string' is not assignable to type '"number" | "text" | "percent" | "currency" | undefined'.
src/components/ui/DataGrid.test.tsx(458,40): error TS2322: Type '({ field: string; headerName: string; width: number; type?: undefined; } | { field: string; headerName: string; type: string; width?: undefined; })[]' is not assignable to type 'DataGridColumn[]'.
  Type '{ field: string; headerName: string; width: number; type?: undefined; } | { field: string; headerName: string; type: string; width?: undefined; }' is not assignable to type 'DataGridColumn'.
    Type '{ field: string; headerName: string; type: string; width?: undefined; }' is not assignable to type 'DataGridColumn'.
      Types of property 'type' are incompatible.
        Type 'string' is not assignable to type '"number" | "text" | "percent" | "currency" | undefined'.
src/components/ui/DataGrid.test.tsx(464,40): error TS2322: Type '({ field: string; headerName: string; width: number; type?: undefined; } | { field: string; headerName: string; type: string; width?: undefined; })[]' is not assignable to type 'DataGridColumn[]'.
  Type '{ field: string; headerName: string; width: number; type?: undefined; } | { field: string; headerName: string; type: string; width?: undefined; }' is not assignable to type 'DataGridColumn'.
    Type '{ field: string; headerName: string; type: string; width?: undefined; }' is not assignable to type 'DataGridColumn'.
      Types of property 'type' are incompatible.
        Type 'string' is not assignable to type '"number" | "text" | "percent" | "currency" | undefined'.
src/components/ui/DataGrid.test.tsx(475,35): error TS2322: Type '({ field: string; headerName: string; width: number; type?: undefined; } | { field: string; headerName: string; type: string; width?: undefined; })[]' is not assignable to type 'DataGridColumn[]'.
  Type '{ field: string; headerName: string; width: number; type?: undefined; } | { field: string; headerName: string; type: string; width?: undefined; }' is not assignable to type 'DataGridColumn'.
    Type '{ field: string; headerName: string; type: string; width?: undefined; }' is not assignable to type 'DataGridColumn'.
      Types of property 'type' are incompatible.
        Type 'string' is not assignable to type '"number" | "text" | "percent" | "currency" | undefined'.
src/components/ui/DataGrid.test.tsx(483,35): error TS2322: Type '({ field: string; headerName: string; width: number; type?: undefined; } | { field: string; headerName: string; type: string; width?: undefined; })[]' is not assignable to type 'DataGridColumn[]'.
  Type '{ field: string; headerName: string; width: number; type?: undefined; } | { field: string; headerName: string; type: string; width?: undefined; }' is not assignable to type 'DataGridColumn'.
    Type '{ field: string; headerName: string; type: string; width?: undefined; }' is not assignable to type 'DataGridColumn'.
      Types of property 'type' are incompatible.
        Type 'string' is not assignable to type '"number" | "text" | "percent" | "currency" | undefined'.
src/components/ui/DataGrid.test.tsx(490,40): error TS2322: Type '({ field: string; headerName: string; width: number; type?: undefined; } | { field: string; headerName: string; type: string; width?: undefined; })[]' is not assignable to type 'DataGridColumn[]'.
  Type '{ field: string; headerName: string; width: number; type?: undefined; } | { field: string; headerName: string; type: string; width?: undefined; }' is not assignable to type 'DataGridColumn'.
    Type '{ field: string; headerName: string; type: string; width?: undefined; }' is not assignable to type 'DataGridColumn'.
      Types of property 'type' are incompatible.
        Type 'string' is not assignable to type '"number" | "text" | "percent" | "currency" | undefined'.
src/components/ui/DataGrid.test.tsx(496,40): error TS2322: Type '({ field: string; headerName: string; width: number; type?: undefined; } | { field: string; headerName: string; type: string; width?: undefined; })[]' is not assignable to type 'DataGridColumn[]'.
  Type '{ field: string; headerName: string; width: number; type?: undefined; } | { field: string; headerName: string; type: string; width?: undefined; }' is not assignable to type 'DataGridColumn'.
    Type '{ field: string; headerName: string; type: string; width?: undefined; }' is not assignable to type 'DataGridColumn'.
      Types of property 'type' are incompatible.
        Type 'string' is not assignable to type '"number" | "text" | "percent" | "currency" | undefined'.
src/components/ui/DataGrid.test.tsx(508,40): error TS2322: Type '({ field: string; headerName: string; width: number; type?: undefined; } | { field: string; headerName: string; type: string; width?: undefined; })[]' is not assignable to type 'DataGridColumn[]'.
  Type '{ field: string; headerName: string; width: number; type?: undefined; } | { field: string; headerName: string; type: string; width?: undefined; }' is not assignable to type 'DataGridColumn'.
    Type '{ field: string; headerName: string; type: string; width?: undefined; }' is not assignable to type 'DataGridColumn'.
      Types of property 'type' are incompatible.
        Type 'string' is not assignable to type '"number" | "text" | "percent" | "currency" | undefined'.
src/components/ui/DataGrid.test.tsx(521,40): error TS2322: Type '({ field: string; headerName: string; width: number; type?: undefined; } | { field: string; headerName: string; type: string; width?: undefined; } | { field: string; headerName: string; valueFormatter: (params: { ...; }) => string; })[]' is not assignable to type 'DataGridColumn[]'.
  Type '{ field: string; headerName: string; width: number; type?: undefined; } | { field: string; headerName: string; type: string; width?: undefined; } | { field: string; headerName: string; valueFormatter: (params: { ...; }) => string; }' is not assignable to type 'DataGridColumn'.
    Type '{ field: string; headerName: string; type: string; width?: undefined; }' is not assignable to type 'DataGridColumn'.
      Types of property 'type' are incompatible.
        Type 'string' is not assignable to type '"number" | "text" | "percent" | "currency" | undefined'.
src/components/ui/DataGrid.test.tsx(530,40): error TS2322: Type '({ field: string; headerName: string; width: number; type?: undefined; } | { field: string; headerName: string; type: string; width?: undefined; } | { pinned: "left"; field: string; headerName: string; width: number; type?: undefined; } | { ...; })[]' is not assignable to type 'DataGridColumn[]'.
  Type '{ field: string; headerName: string; width: number; type?: undefined; } | { field: string; headerName: string; type: string; width?: undefined; } | { pinned: "left"; field: string; headerName: string; width: number; type?: undefined; } | { ...; }' is not assignable to type 'DataGridColumn'.
    Type '{ field: string; headerName: string; type: string; width?: undefined; }' is not assignable to type 'DataGridColumn'.
      Types of property 'type' are incompatible.
        Type 'string' is not assignable to type '"number" | "text" | "percent" | "currency" | undefined'.
src/components/ui/DataGrid.test.tsx(536,40): error TS2322: Type '({ field: string; headerName: string; width: number; type?: undefined; } | { field: string; headerName: string; type: string; width?: undefined; } | { flex: number; field: string; headerName: string; width: number; type?: undefined; } | { ...; })[]' is not assignable to type 'DataGridColumn[]'.
  Type '{ field: string; headerName: string; width: number; type?: undefined; } | { field: string; headerName: string; type: string; width?: undefined; } | { flex: number; field: string; headerName: string; width: number; type?: undefined; } | { ...; }' is not assignable to type 'DataGridColumn'.
    Type '{ field: string; headerName: string; type: string; width?: undefined; }' is not assignable to type 'DataGridColumn'.
      Types of property 'type' are incompatible.
        Type 'string' is not assignable to type '"number" | "text" | "percent" | "currency" | undefined'.
src/components/ui/DataGrid.test.tsx(544,11): error TS2322: Type '({ field: string; headerName: string; width: number; type?: undefined; } | { field: string; headerName: string; type: string; width?: undefined; })[]' is not assignable to type 'DataGridColumn[]'.
  Type '{ field: string; headerName: string; width: number; type?: undefined; } | { field: string; headerName: string; type: string; width?: undefined; }' is not assignable to type 'DataGridColumn'.
    Type '{ field: string; headerName: string; type: string; width?: undefined; }' is not assignable to type 'DataGridColumn'.
      Types of property 'type' are incompatible.
        Type 'string' is not assignable to type '"number" | "text" | "percent" | "currency" | undefined'.
src/components/ui/DataGrid.test.tsx(562,45): error TS2322: Type '({ field: string; headerName: string; width: number; type?: undefined; } | { field: string; headerName: string; type: string; width?: undefined; })[]' is not assignable to type 'DataGridColumn[]'.
  Type '{ field: string; headerName: string; width: number; type?: undefined; } | { field: string; headerName: string; type: string; width?: undefined; }' is not assignable to type 'DataGridColumn'.
    Type '{ field: string; headerName: string; type: string; width?: undefined; }' is not assignable to type 'DataGridColumn'.
      Types of property 'type' are incompatible.
        Type 'string' is not assignable to type '"number" | "text" | "percent" | "currency" | undefined'.
src/components/ui/DataGrid.tsx(143,26): error TS2448: Block-scoped variable 'updateSelectionStats' used before its declaration.
src/components/ui/DataGrid.tsx(143,26): error TS2454: Variable 'updateSelectionStats' is used before being assigned.
src/components/ui/DataTable.tsx(67,13): error TS18046: 'aValue' is of type 'unknown'.
src/components/ui/DataTable.tsx(67,22): error TS18046: 'bValue' is of type 'unknown'.
src/components/ui/DataTable.tsx(70,13): error TS18046: 'aValue' is of type 'unknown'.
src/components/ui/DataTable.tsx(70,22): error TS18046: 'bValue' is of type 'unknown'.
src/components/ui/DataTable.tsx(146,7): error TS2322: Type '{}' is not assignable to type 'Key | null | undefined'.
src/components/ui/DataTable.tsx(162,11): error TS2322: Type 'unknown' is not assignable to type 'ReactI18NextChildren | Iterable<ReactI18NextChildren>'.
src/components/ui/DataTable.tsx(185,15): error TS2322: Type '{}' is not assignable to type 'Key | null | undefined'.
src/components/ui/DataTable.tsx(202,19): error TS2322: Type 'unknown' is not assignable to type 'ReactI18NextChildren | Iterable<ReactI18NextChildren>'.
src/components/ui/DragFill.tsx(19,11): error TS6196: 'FillSuggestion' is declared but never used.
src/components/ui/DragFill.tsx(32,9): error TS7034: Variable 'diffs' implicitly has type 'any[]' in some locations where its type cannot be determined.
src/components/ui/DragFill.tsx(36,55): error TS7005: Variable 'diffs' implicitly has an 'any[]' type.
src/components/ui/DragFill.tsx(40,9): error TS7034: Variable 'ratios' implicitly has type 'any[]' in some locations where its type cannot be determined.
src/components/ui/DragFill.tsx(46,78): error TS7005: Variable 'ratios' implicitly has an 'any[]' type.
src/components/ui/DrillDownModal.tsx(49,60): error TS2322: Type '{ children: Element; isOpen: boolean; onClose: () => void; title: string; size: string; }' is not assignable to type 'IntrinsicAttributes & ModalProps & RefAttributes<HTMLDivElement>'.
  Property 'size' does not exist on type 'IntrinsicAttributes & ModalProps & RefAttributes<HTMLDivElement>'.
src/components/ui/DrillDownModal.tsx(57,13): error TS2322: Type 'GLEntry[]' is not assignable to type 'Record<string, unknown>[]'.
  Type 'GLEntry' is not assignable to type 'Record<string, unknown>'.
    Index signature for type 'string' is missing in type 'GLEntry'.
src/components/ui/DrillDownModal.tsx(58,13): error TS2322: Type '({ header: string; accessorKey: string; cell?: undefined; id?: undefined; } | { header: string; accessorKey: string; cell: (info: { getValue: () => number; }) => string; id?: undefined; } | { header: string; id: string; cell: (info: { ...; }) => string; accessorKey?: undefined; })[]' is not assignable to type 'Column[]'.
  Type '{ header: string; accessorKey: string; cell?: undefined; id?: undefined; } | { header: string; accessorKey: string; cell: (info: { getValue: () => number; }) => string; id?: undefined; } | { header: string; id: string; cell: (info: { ...; }) => string; accessorKey?: undefined; }' is not assignable to type 'Column'.
    Property 'key' is missing in type '{ header: string; accessorKey: string; cell?: undefined; id?: undefined; }' but required in type 'Column'.
src/components/ui/EntityTree.tsx(128,24): error TS18048: 'entities' is possibly 'undefined'.
src/components/ui/EntityTree.tsx(151,13): error TS2322: Type '((entityId: string) => void) | undefined' is not assignable to type '(id: string) => void'.
  Type 'undefined' is not assignable to type '(id: string) => void'.
src/components/ui/ErrorBoundary.tsx(3,1): error TS6133: 'cn' is declared but its value is never read.
src/components/ui/ExportMenu.test.tsx(7,25): error TS6133: 'asChild' is declared but its value is never read.
src/components/ui/FileDropZone.tsx(24,3): error TS6133: 'maxSize' is declared but its value is never read.
src/components/ui/FinancialTable.test.tsx(46,28): error TS2322: Type '{ key: string; header: string; type: string; }[]' is not assignable to type 'FinancialTableColumn[]'.
  Type '{ key: string; header: string; type: string; }' is not assignable to type 'FinancialTableColumn'.
    Types of property 'type' are incompatible.
      Type 'string' is not assignable to type '"string" | "number" | "percent" | "currency" | "badge"'.
src/components/ui/FinancialTable.tsx(107,22): error TS2322: Type 'string' is not assignable to type '"default" | "destructive" | "secondary" | "outline" | undefined'.
src/components/ui/FinancialTable.tsx(107,62): error TS2322: Type 'unknown' is not assignable to type 'ReactI18NextChildren | Iterable<ReactI18NextChildren>'.
src/components/ui/FormulaBar.tsx(2,34): error TS6133: 'ChevronDown' is declared but its value is never read.
src/components/ui/FormulaBar.tsx(158,7): error TS2722: Cannot invoke an object which is possibly 'undefined'.
src/components/ui/FormulaBar.tsx(186,9): error TS2722: Cannot invoke an object which is possibly 'undefined'.
src/components/ui/FormulaBar.tsx(188,9): error TS2722: Cannot invoke an object which is possibly 'undefined'.
src/components/ui/FormulaBar.tsx(232,30): error TS2722: Cannot invoke an object which is possibly 'undefined'.
src/components/ui/FormulaBar.tsx(252,28): error TS2722: Cannot invoke an object which is possibly 'undefined'.
src/components/ui/FormulaBar.tsx(259,28): error TS2722: Cannot invoke an object which is possibly 'undefined'.
src/components/ui/GenerativeDashboard.tsx(150,45): error TS6133: 'child' is declared but its value is never read.
src/components/ui/ICMatchingDashboard.tsx(7,1): error TS6133: 'DataTable' is declared but its value is never read.
src/components/ui/ICMatchingDashboard.tsx(130,11): error TS6133: 'eliminations' is declared but its value is never read.
src/components/ui/ICReconciliationReport.test.tsx(72,58): error TS2741: Property 'totalDifferences' is missing in type '{ period: string; generatedAt: string; entityPairs: { entityA: string; entityB: string; accountCode: string; accountName: string; balanceA: number; balanceB: number; difference: number; percentageDifference: number; withinTolerance: boolean; matchStatus: string; }[]; withinToleranceCount: number; outsideToleranceCou...' but required in type 'ReconciliationReport'.
src/components/ui/ICReconciliationReport.test.tsx(77,36): error TS2741: Property 'totalDifferences' is missing in type '{ period: string; generatedAt: string; entityPairs: { entityA: string; entityB: string; accountCode: string; accountName: string; balanceA: number; balanceB: number; difference: number; percentageDifference: number; withinTolerance: boolean; matchStatus: string; }[]; withinToleranceCount: number; outsideToleranceCou...' but required in type 'ReconciliationReport'.
src/components/ui/ICReconciliationReport.test.tsx(82,36): error TS2741: Property 'totalDifferences' is missing in type '{ period: string; generatedAt: string; entityPairs: { entityA: string; entityB: string; accountCode: string; accountName: string; balanceA: number; balanceB: number; difference: number; percentageDifference: number; withinTolerance: boolean; matchStatus: string; }[]; withinToleranceCount: number; outsideToleranceCou...' but required in type 'ReconciliationReport'.
src/components/ui/ICReconciliationReport.test.tsx(87,36): error TS2741: Property 'totalDifferences' is missing in type '{ period: string; generatedAt: string; entityPairs: { entityA: string; entityB: string; accountCode: string; accountName: string; balanceA: number; balanceB: number; difference: number; percentageDifference: number; withinTolerance: boolean; matchStatus: string; }[]; withinToleranceCount: number; outsideToleranceCou...' but required in type 'ReconciliationReport'.
src/components/ui/ICReconciliationReport.test.tsx(94,36): error TS2741: Property 'totalDifferences' is missing in type '{ period: string; generatedAt: string; entityPairs: { entityA: string; entityB: string; accountCode: string; accountName: string; balanceA: number; balanceB: number; difference: number; percentageDifference: number; withinTolerance: boolean; matchStatus: string; }[]; withinToleranceCount: number; outsideToleranceCou...' but required in type 'ReconciliationReport'.
src/components/ui/ICReconciliationReport.tsx(7,3): error TS6133: 'ICMatchingEngine' is declared but its value is never read.
src/components/ui/ICReconciliationReport.tsx(10,8): error TS6133: 'MatchPair' is declared but its value is never read.
src/components/ui/ICReconciliationReport.tsx(13,1): error TS6133: 'EliminationEntry' is declared but its value is never read.
src/components/ui/KeyboardShortcutProvider.tsx(1,26): error TS6133: 'useCallback' is declared but its value is never read.
src/components/ui/KeyboardShortcutProvider.tsx(36,23): error TS2322: Type '{ open: boolean; onClose: () => void; }' is not assignable to type 'IntrinsicAttributes & CommandPaletteProps'.
  Property 'open' does not exist on type 'IntrinsicAttributes & CommandPaletteProps'.
src/components/ui/LazyChart.tsx(1,17): error TS6133: 'Suspense' is declared but its value is never read.
src/components/ui/LazyChart.tsx(1,27): error TS6133: 'lazy' is declared but its value is never read.
src/components/ui/LazyChart.tsx(1,33): error TS6133: 'useState' is declared but its value is never read.
src/components/ui/LazyChart.tsx(1,43): error TS6133: 'useEffect' is declared but its value is never read.
src/components/ui/LazyChart.tsx(1,54): error TS6133: 'useMemo' is declared but its value is never read.
src/components/ui/Modal.tsx(3,1): error TS6133: 'useFocusRestore' is declared but its value is never read.
src/components/ui/OnboardingWizard.tsx(66,28): error TS2322: Type 'string[]' is not assignable to type 'Step[]'.
  Type 'string' is not assignable to type 'Step'.
src/components/ui/OnboardingWizard.tsx(90,21): error TS2322: Type '{ label: string; placeholder: string; value: string; onChange: (e: ChangeEvent<HTMLInputElement>) => void; }' is not assignable to type 'IntrinsicAttributes & InputProps & RefAttributes<HTMLInputElement>'.
  Property 'label' does not exist on type 'IntrinsicAttributes & InputProps & RefAttributes<HTMLInputElement>'.
src/components/ui/OnboardingWizard.tsx(136,21): error TS2322: Type '{ accept: string; onFilesDropped: (files: any) => void; }' is not assignable to type 'IntrinsicAttributes & FileDropZoneProps'.
  Property 'onFilesDropped' does not exist on type 'IntrinsicAttributes & FileDropZoneProps'.
src/components/ui/OnboardingWizard.tsx(136,38): error TS6133: 'files' is declared but its value is never read.
src/components/ui/OnboardingWizard.tsx(136,38): error TS7006: Parameter 'files' implicitly has an 'any' type.
src/components/ui/OnboardingWizard.tsx(165,40): error TS2353: Object literal may only specify known properties, and 'label' does not exist in type 'Column'.
src/components/ui/OnboardingWizard.tsx(166,43): error TS2353: Object literal may only specify known properties, and 'label' does not exist in type 'Column'.
src/components/ui/OnboardingWizard.tsx(167,42): error TS2353: Object literal may only specify known properties, and 'label' does not exist in type 'Column'.
src/components/ui/ProgressStepper.tsx(2,17): error TS6133: 'Circle' is declared but its value is never read.
src/components/ui/ProgressStepper.tsx(2,25): error TS6133: 'Dot' is declared but its value is never read.
src/components/ui/ProgressStepper.tsx(30,15): error TS6133: 'isPending' is declared but its value is never read.
src/components/ui/SandboxMode.tsx(2,24): error TS6133: 'AlertCircle' is declared but its value is never read.
src/components/ui/SandboxMode.tsx(3,1): error TS6133: 'cn' is declared but its value is never read.
src/components/ui/SankeyChart.tsx(51,41): error TS6133: 'sourceNodes' is declared but its value is never read.
src/components/ui/SankeyChart.tsx(51,54): error TS6133: 'targetNodes' is declared but its value is never read.
src/components/ui/SaveStatusIndicator.tsx(11,11): error TS2339: Property 'status' does not exist on type '{ forceSave: () => void; }'.
src/components/ui/SaveStatusIndicator.tsx(11,19): error TS2339: Property 'lastSavedAt' does not exist on type '{ forceSave: () => void; }'.
src/components/ui/SaveStatusIndicator.tsx(21,37): error TS7053: Element implicitly has an 'any' type because expression of type 'any' can't be used to index type '{ idle: { icon: null; text: string; className: string; }; pending: { icon: null; text: string; className: string; }; saving: { icon: Element; text: string; className: string; }; saved: { icon: Element; text: string; className: string; }; error: { ...; }; }'.
src/components/ui/ScatterPlot.tsx(100,13): error TS2322: Type '(value: number) => [string, string]' is not assignable to type 'Formatter<ValueType, NameType> & ((value: ValueType, name: NameType, item: TooltipPayloadEntry, index: number, payload: TooltipPayload) => ReactNode | [...])'.
  Type '(value: number) => [string, string]' is not assignable to type 'Formatter<ValueType, NameType>'.
    Types of parameters 'value' and 'value' are incompatible.
      Type 'ValueType | undefined' is not assignable to type 'number'.
        Type 'undefined' is not assignable to type 'number'.
src/components/ui/SpreadsheetGrid.tsx(7,8): error TS6133: 'GridOptions' is declared but its value is never read.
src/components/ui/SpreadsheetGrid.tsx(10,8): error TS6133: 'CellKeyDownEvent' is declared but its value is never read.
src/components/ui/SpreadsheetGrid.tsx(11,8): error TS6133: 'SelectionChangedEvent' is declared but its value is never read.
src/components/ui/SpreadsheetGrid.tsx(70,3): error TS6133: 'onSelectionChanged' is declared but its value is never read.
src/components/ui/SpreadsheetGrid.tsx(73,3): error TS6133: 'freezeRows' is declared but its value is never read.
src/components/ui/SpreadsheetGrid.tsx(81,10): error TS6133: 'isEditing' is declared but its value is never read.
src/components/ui/Tabs.tsx(1,8): error TS6133: 'React' is declared but its value is never read.
src/components/ui/Toast.tsx(3,1): error TS6133: 'useAnnounce' is declared but its value is never read.
src/components/ui/Tooltip.tsx(1,59): error TS6133: 'HTMLAttributes' is declared but its value is never read.
src/components/ui/Tooltip.tsx(1,75): error TS6133: 'forwardRef' is declared but its value is never read.
src/components/ui/TreeMap.tsx(24,11): error TS6133: 'root' is declared but its value is never read.
src/components/ui/TreeMap.tsx(24,62): error TS6133: 'index' is declared but its value is never read.
src/components/ui/TreeMap.tsx(24,82): error TS6133: 'colors' is declared but its value is never read.
src/components/ui/TreeMap.tsx(24,90): error TS6133: 'rank' is declared but its value is never read.
src/components/ui/TreeMap.tsx(82,3): error TS6133: 'width' is declared but its value is never read.
src/components/ui/TreeMap.tsx(88,3): error TS6133: 'onClick' is declared but its value is never read.
src/components/ui/TreeMap.tsx(142,13): error TS2322: Type 'TreeMapItem[]' is not assignable to type 'readonly TreemapDataType[]'.
  Type 'TreeMapItem' is not assignable to type 'TreemapDataType'.
    Index signature for type 'string' is missing in type 'TreeMapItem'.
src/components/ui/VisuallyHidden.tsx(5,14): error TS2503: Cannot find namespace 'JSX'.
src/components/ui/VisuallyHidden.tsx(10,6): error TS2604: JSX element type 'Tag' does not have any construct or call signatures.
src/components/ui/VisuallyHidden.tsx(10,6): error TS2786: 'Tag' cannot be used as a JSX component.
  Its type 'string | number | symbol' is not a valid JSX element type.
    Type 'number' is not assignable to type 'ElementType'.
src/components/ui/WaterfallChart.tsx(172,63): error TS2345: Argument of type 'Record<string, unknown>' is not assignable to parameter of type '{ color?: string | undefined; isTotal?: boolean | undefined; raw: number; }'.
  Property 'raw' is missing in type 'Record<string, unknown>' but required in type '{ color?: string | undefined; isTotal?: boolean | undefined; raw: number; }'.
src/components/ui/WaterfallChart.tsx(177,17): error TS2322: Type '(val: number) => string' is not assignable to type 'LabelFormatter'.
  Types of parameters 'val' and 'label' are incompatible.
    Type 'RenderableText' is not assignable to type 'number'.
      Type 'undefined' is not assignable to type 'number'.
src/components/variance/VarianceTable.test.tsx(62,22): error TS2322: Type '{ accountId: string; accountName: string; budget: number; actual: number; variance: number; variancePercent: number; status: string; commentary: string; }[]' is not assignable to type 'VarianceAnalysis[]'.
  Type '{ accountId: string; accountName: string; budget: number; actual: number; variance: number; variancePercent: number; status: string; commentary: string; }' is missing the following properties from type 'VarianceAnalysis': id, accountCode, accountType, budgetAmount, and 10 more.
src/components/variance/VarianceTable.test.tsx(69,22): error TS2322: Type '{ accountId: string; accountName: string; budget: number; actual: number; variance: number; variancePercent: number; status: string; commentary: string; }[]' is not assignable to type 'VarianceAnalysis[]'.
  Type '{ accountId: string; accountName: string; budget: number; actual: number; variance: number; variancePercent: number; status: string; commentary: string; }' is missing the following properties from type 'VarianceAnalysis': id, accountCode, accountType, budgetAmount, and 10 more.
src/components/variance/VarianceTable.tsx(14,3): error TS6133: 'onSelect' is declared but its value is never read.
src/components/variance/VarianceTable.tsx(16,3): error TS6133: 'selectedAccountId' is declared but its value is never read.
src/components/variance/VarianceTable.tsx(28,7): error TS2322: Type 'VarianceAnalysis[]' is not assignable to type 'FinancialTableRow[]'.
  Type 'VarianceAnalysis' is not assignable to type 'FinancialTableRow'.
    Index signature for type 'string' is missing in type 'VarianceAnalysis'.
src/components/variance/VarianceTable.tsx(30,66): error TS2322: Type 'number' is not assignable to type 'string'.
src/components/variance/VarianceTable.tsx(37,28): error TS18046: 'val' is of type 'unknown'.
src/components/variance/VarianceTable.tsx(43,28): error TS18046: 'val' is of type 'unknown'.
src/components/variance/VarianceTable.tsx(50,20): error TS2322: Type '"success" | "warning" | "danger"' is not assignable to type '"default" | "destructive" | "secondary" | "outline" | undefined'.
  Type '"success"' is not assignable to type '"default" | "destructive" | "secondary" | "outline" | undefined'.
src/components/variance/VarianceTable.tsx(51,15): error TS2322: Type 'unknown' is not assignable to type 'ReactI18NextChildren | Iterable<ReactI18NextChildren>'.
src/components/variance/VarianceTable.tsx(62,47): error TS2345: Argument of type 'unknown' is not assignable to parameter of type 'string'.
src/engines/AdvancedExcelEngine.test.ts(18,55): error TS2345: Argument of type '{ name: string; data: (string | number)[][]; }[]' is not assignable to parameter of type 'ExcelSheet[]'.
  Property 'columns' is missing in type '{ name: string; data: (string | number)[][]; }' but required in type 'ExcelSheet'.
src/engines/AdvancedExcelEngine.test.ts(50,69): error TS2345: Argument of type '{ name: string; data: (string[] | number[])[]; }' is not assignable to parameter of type 'ExcelSheet'.
  Property 'columns' is missing in type '{ name: string; data: (string[] | number[])[]; }' but required in type 'ExcelSheet'.
src/engines/AdvancedExcelEngine.test.ts(67,54): error TS2345: Argument of type '{ name: string; data: (string[] | number[])[]; }' is not assignable to parameter of type 'ExcelSheet'.
  Property 'columns' is missing in type '{ name: string; data: (string[] | number[])[]; }' but required in type 'ExcelSheet'.
src/engines/AdvancedExcelEngine.ts(58,53): error TS6133: 'options' is declared but its value is never read.
src/engines/AdvancedOLAPEngine.test.ts(2,35): error TS6133: 'OLAPMember' is declared but its value is never read.
src/engines/AdvancedOLAPEngine.test.ts(2,52): error TS6133: 'OLAPHierarchy' is declared but its value is never read.
src/engines/AdvancedPDFEngine.ts(62,53): error TS6133: 'opacity' is declared but its value is never read.
src/engines/AIEngine.test.ts(95,21): error TS2339: Property 'label' does not exist on type '{ label: string; score: number; } | { word: string; score: number; start: number; end: number; }'.
  Property 'label' does not exist on type '{ word: string; score: number; start: number; end: number; }'.
src/engines/AIEngine.ts(50,26): error TS2531: Object is possibly 'null'.
src/engines/AIEngine.ts(50,26): error TS2721: Cannot invoke an object which is possibly 'null'.
src/engines/AIEngine.ts(69,62): error TS2339: Property 'label' does not exist on type '{ label: string; score: number; } | { word: string; score: number; start: number; end: number; }'.
  Property 'label' does not exist on type '{ word: string; score: number; start: number; end: number; }'.
src/engines/AllocationEngine.test.ts(14,8): error TS6133: 'CubeCell' is declared but its value is never read.
src/engines/AllocationEngine.test.ts(625,15): error TS6133: 'itTotal' is declared but its value is never read.
src/engines/AnomalyDetectionEngine.test.ts(5,8): error TS6133: 'AnomalyDetectionConfig' is declared but its value is never read.
src/engines/AnomalyDetectionEngine.ts(323,11): error TS6133: 'consistencyConstant' is declared but its value is never read.
src/engines/AnomalyDetectionEngine.ts(604,27): error TS6133: 'i' is declared but its value is never read.
src/engines/AnomalyDetectionEngine.ts(636,11): error TS6133: 'sumY2' is declared but its value is never read.
src/engines/ArrayFormulaEngine.ts(128,43): error TS6133: 'formula' is declared but its value is never read.
src/engines/ArrayFormulaEngine.ts(141,41): error TS6133: 'formula' is declared but its value is never read.
src/engines/AutoCommentaryEngine.ts(209,5): error TS6133: 'remainingPeriods' is declared but its value is never read.
src/engines/BankingEngine.test.ts(2,30): error TS2459: Module '"./BankingEngine"' declares 'GLEntry' locally, but it is not exported.
src/engines/BankingEngine.test.ts(244,21): error TS2551: Property 'interestInc' does not exist on type '{ netInterestMargin: number; interestIncome: number; interestExpense: number; earningAssets: number; }'. Did you mean 'interestIncome'?
src/engines/BankingEngine.test.ts(253,21): error TS2339: Property 'interestExp' does not exist on type '{ netInterestMargin: number; interestIncome: number; interestExpense: number; earningAssets: number; }'.
src/engines/BankingEngine.test.ts(262,21): error TS2551: Property 'netInterestInc' does not exist on type '{ netInterestMargin: number; interestIncome: number; interestExpense: number; earningAssets: number; }'. Did you mean 'netInterestMargin'?
src/engines/BankingEngine.test.ts(273,21): error TS2339: Property 'nim' does not exist on type '{ netInterestMargin: number; interestIncome: number; interestExpense: number; earningAssets: number; }'.
src/engines/BankingEngine.test.ts(283,21): error TS2339: Property 'yieldOnAssets' does not exist on type '{ netInterestMargin: number; interestIncome: number; interestExpense: number; earningAssets: number; }'.
src/engines/BankingEngine.test.ts(293,21): error TS2339: Property 'costOfFunds' does not exist on type '{ netInterestMargin: number; interestIncome: number; interestExpense: number; earningAssets: number; }'.
src/engines/BankingEngine.test.ts(302,21): error TS2339: Property 'nim' does not exist on type '{ netInterestMargin: number; interestIncome: number; interestExpense: number; earningAssets: number; }'.
src/engines/BankingEngine.test.ts(310,21): error TS2339: Property 'trend' does not exist on type '{ netInterestMargin: number; interestIncome: number; interestExpense: number; earningAssets: number; }'.
src/engines/BankingEngine.test.ts(315,21): error TS2551: Property 'interestInc' does not exist on type '{ netInterestMargin: number; interestIncome: number; interestExpense: number; earningAssets: number; }'. Did you mean 'interestIncome'?
src/engines/BankingEngine.test.ts(316,21): error TS2339: Property 'interestExp' does not exist on type '{ netInterestMargin: number; interestIncome: number; interestExpense: number; earningAssets: number; }'.
src/engines/BankingEngine.test.ts(317,21): error TS2551: Property 'netInterestInc' does not exist on type '{ netInterestMargin: number; interestIncome: number; interestExpense: number; earningAssets: number; }'. Did you mean 'netInterestMargin'?
src/engines/BankingEngine.test.ts(318,21): error TS2339: Property 'nim' does not exist on type '{ netInterestMargin: number; interestIncome: number; interestExpense: number; earningAssets: number; }'.
src/engines/BankingEngine.ts(187,7): error TS2561: Object literal may only specify known properties, but 'interestInc' does not exist in type '{ netInterestMargin: number; interestIncome: number; interestExpense: number; earningAssets: number; }'. Did you mean to write 'interestIncome'?
src/engines/BatchOperationEngine.test.ts(20,29): error TS2576: Property 'execute' does not exist on type 'BatchOperationEngine'. Did you mean to access the static member 'BatchOperationEngine.execute' instead?
src/engines/BatchOperationEngine.test.ts(26,29): error TS2576: Property 'execute' does not exist on type 'BatchOperationEngine'. Did you mean to access the static member 'BatchOperationEngine.execute' instead?
src/engines/BatchOperationEngine.test.ts(37,14): error TS2576: Property 'execute' does not exist on type 'BatchOperationEngine'. Did you mean to access the static member 'BatchOperationEngine.execute' instead?
src/engines/BatchOperationEngine.test.ts(38,33): error TS2576: Property 'undo' does not exist on type 'BatchOperationEngine'. Did you mean to access the static member 'BatchOperationEngine.undo' instead?
src/engines/BatchOperationEngine.test.ts(45,14): error TS2576: Property 'execute' does not exist on type 'BatchOperationEngine'. Did you mean to access the static member 'BatchOperationEngine.execute' instead?
src/engines/BatchOperationEngine.test.ts(46,30): error TS2576: Property 'getHistory' does not exist on type 'BatchOperationEngine'. Did you mean to access the static member 'BatchOperationEngine.getHistory' instead?
src/engines/BatchOperationEngine.ts(151,34): error TS6133: 'ref' is declared but its value is never read.
src/engines/BatchOperationEngine.ts(157,31): error TS6133: 'ref' is declared but its value is never read.
src/engines/BatchOperationEngine.ts(157,44): error TS6133: 'value' is declared but its value is never read.
src/engines/BatchOperationEngine.ts(161,30): error TS6133: 'ref' is declared but its value is never read.
src/engines/BatchOperationEngine.ts(161,43): error TS6133: 'payload' is declared but its value is never read.
src/engines/BatchOperationEngine.ts(165,30): error TS6133: 'ref' is declared but its value is never read.
src/engines/BatchOperationEngine.ts(169,30): error TS6133: 'ref' is declared but its value is never read.
src/engines/BatchOperationEngine.ts(169,43): error TS6133: 'payload' is declared but its value is never read.
src/engines/BatchOperationEngine.ts(173,30): error TS6133: 'ref' is declared but its value is never read.
src/engines/BatchOperationEngine.ts(173,43): error TS6133: 'payload' is declared but its value is never read.
src/engines/BatchOperationEngine.ts(177,34): error TS6133: 'ref' is declared but its value is never read.
src/engines/BatchOperationEngine.ts(177,47): error TS6133: 'protect' is declared but its value is never read.
src/engines/BondPricingEngine.ts(26,11): error TS6133: 'c' is declared but its value is never read.
src/engines/BreakEvenEngine.test.ts(32,21): error TS2339: Property 'unitsNeeded' does not exist on type 'ProfitTargetResult'.
src/engines/BreakEvenEngine.test.ts(33,21): error TS2339: Property 'revenueNeeded' does not exist on type 'ProfitTargetResult'.
src/engines/CalculationQueue.test.ts(48,23): error TS2353: Object literal may only specify known properties, and 'id' does not exist in type 'Omit<CalcTask<number>, "id" | "reject" | "resolve">'.
src/engines/CalculationQueue.test.ts(49,23): error TS2353: Object literal may only specify known properties, and 'id' does not exist in type 'Omit<CalcTask<number>, "id" | "reject" | "resolve">'.
src/engines/CalculationQueue.ts(21,11): error TS6196: 'CacheEntry' is declared but never used.
src/engines/CellAuditTrailEngine.ts(360,82): error TS2345: Argument of type '{} | undefined' is not assignable to parameter of type 'string | number | boolean | Date'.
  Type 'undefined' is not assignable to type 'string | number | boolean | Date'.
src/engines/CellCommentEngine.test.ts(2,34): error TS6133: 'CellComment' is declared but its value is never read.
src/engines/ChartAnnotationEngine.ts(18,11): error TS6196: 'AnnotationConfig' is declared but never used.
src/engines/ChartAnnotationEngine.ts(49,17): error TS6133: 'chartId' is declared but its value is never read.
src/engines/COGSVarianceEngine.ts(63,40): error TS2552: Cannot find name 'GLEntry'. Did you mean 'Entry'?
src/engines/COGSVarianceEngine.ts(76,7): error TS2353: Object literal may only specify known properties, and 'totalVariance' does not exist in type '{ actualCOGS: number; standardCOGS: number; variance: number; variancePercent: number; }'.
src/engines/ConditionalFormattingEngine.test.ts(1,32): error TS6133: 'beforeEach' is declared but its value is never read.
src/engines/ConditionalFormattingEngine.test.ts(8,3): error TS6133: 'createGrowthRateRule' is declared but its value is never read.
src/engines/ConditionalFormattingEngine.test.ts(9,3): error TS6133: 'createBudgetVsActualRule' is declared but its value is never read.
src/engines/ConnectorEngine.test.ts(17,9): error TS2322: Type '"generic"' is not assignable to type '"custom" | "quickbooks" | "netsuite" | "salesforce"'.
src/engines/ConnectorEngine.test.ts(28,56): error TS2322: Type '"generic"' is not assignable to type '"custom" | "quickbooks" | "netsuite" | "salesforce"'.
src/engines/ConnectorEngine.test.ts(37,60): error TS2322: Type '"generic"' is not assignable to type '"custom" | "quickbooks" | "netsuite" | "salesforce"'.
src/engines/ConsolidationEngine.integration.test.ts(2,104): error TS6133: 'VIENotification' is declared but its value is never read.
src/engines/ConsolidationEngine.integration.test.ts(266,14): error TS18047: 'actualTotal' is possibly 'null'.
src/engines/ConsolidationEngine.integration.test.ts(266,28): error TS18047: 'budgetTotal' is possibly 'null'.
src/engines/ConsolidationEngine.integration.test.ts(587,13): error TS6133: 'validation' is declared but its value is never read.
src/engines/ConsolidationEngine.test.ts(8,8): error TS6133: 'ConsolidationAdjustment' is declared but its value is never read.
src/engines/ConsolidationEngine.ts(339,5): error TS6133: 'ownerships' is declared but its value is never read.
src/engines/ConsolidationEngine.ts(416,5): error TS6133: 'subsidiaries' is declared but its value is never read.
src/engines/ConsolidationEngine.ts(498,13): error TS6133: 'impliedValue' is declared but its value is never read.
src/engines/ConsolidationEngine.ts(529,5): error TS6133: 'ownerships' is declared but its value is never read.
src/engines/ConsolidationEngine.ts(732,13): error TS6133: 'expectedBalance' is declared but its value is never read.
src/engines/ConsolidationEngine.ts(790,5): error TS6133: 'entityMap' is declared but its value is never read.
src/engines/ConstructionEngine.ts(128,26): error TS6133: 'entries' is declared but its value is never read.
src/engines/CubeEngine.ts(18,3): error TS6196: 'CellDataType' is declared but never used.
src/engines/CubeEnginePersistence.test.ts(1,44): error TS6133: 'vi' is declared but its value is never read.
src/engines/CubeEnginePersistence.test.ts(44,51): error TS6133: 'mode' is declared but its value is never read.
src/engines/CubeEnginePersistence.test.ts(73,13): error TS6133: 'indexName' is declared but its value is never read.
src/engines/CubeEnginePersistence.test.ts(110,10): error TS6133: 'mockTauriEnvironment' is declared but its value is never read.
src/engines/CubeEnginePersistence.test.ts(120,10): error TS6133: 'restoreWindow' is declared but its value is never read.
src/engines/CubeEnginePersistence.test.ts(890,34): error TS2769: No overload matches this call.
  Overload 1 of 4, '(iterable?: Iterable<readonly [string, string]> | null | undefined): Map<string, string>', gave the following error.
    Argument of type '([string, string] | [string, number] | [string, boolean])[]' is not assignable to parameter of type 'Iterable<readonly [string, string]>'.
      The types returned by '[Symbol.iterator]().next(...)' are incompatible between these types.
        Type 'IteratorResult<[string, string] | [string, number] | [string, boolean], undefined>' is not assignable to type 'IteratorResult<readonly [string, string], any>'.
          Type 'IteratorYieldResult<[string, string] | [string, number] | [string, boolean]>' is not assignable to type 'IteratorResult<readonly [string, string], any>'.
            Type 'IteratorYieldResult<[string, string] | [string, number] | [string, boolean]>' is not assignable to type 'IteratorYieldResult<readonly [string, string]>'.
              Type '[string, string] | [string, number] | [string, boolean]' is not assignable to type 'readonly [string, string]'.
                Type '[string, number]' is not assignable to type 'readonly [string, string]'.
                  Type at position 1 in source is not compatible with type at position 1 in target.
                    Type 'number' is not assignable to type 'string'.
src/engines/CubeEnginePersistence.ts(18,11): error TS6196: 'IndexedDBDatabase' is declared but never used.
src/engines/CubeEnginePersistence.ts(92,27): error TS2352: Conversion of type 'Window & typeof globalThis' to type 'Record<string, unknown>' may be a mistake because neither type sufficiently overlaps with the other. If this was intentional, convert the expression to 'unknown' first.
  Index signature for type 'string' is missing in type 'Window & typeof globalThis'.
src/engines/CubeEnginePersistence.ts(93,11): error TS2352: Conversion of type 'Window & typeof globalThis' to type 'Record<string, unknown>' may be a mistake because neither type sufficiently overlaps with the other. If this was intentional, convert the expression to 'unknown' first.
  Index signature for type 'string' is missing in type 'Window & typeof globalThis'.
src/engines/CubeEnginePersistence.ts(182,10): error TS6133: 'idbGetByIndex' is declared but its value is never read.
src/engines/CubeMigrationEngine.ts(229,42): error TS6133: 'config' is declared but its value is never read.
src/engines/CubeMigrationEngine.ts(229,67): error TS6133: 'errors' is declared but its value is never read.
src/engines/CubeMigrationEngine.ts(246,38): error TS6133: 'config' is declared but its value is never read.
src/engines/CubeMigrationEngine.ts(246,63): error TS6133: 'errors' is declared but its value is never read.
src/engines/CubeMigrationEngine.ts(262,39): error TS6133: 'config' is declared but its value is never read.
src/engines/CubeMigrationEngine.ts(262,64): error TS6133: 'errors' is declared but its value is never read.
src/engines/DataGovernanceEngine.test.ts(2,37): error TS6133: 'DataAsset' is declared but its value is never read.
src/engines/DataLineageEngine.test.ts(2,34): error TS2459: Module '"./DataLineageEngine"' declares 'DataSource' locally, but it is not exported.
src/engines/DebtScheduleEngine.ts(172,47): error TS6133: 'balloon' is declared but its value is never read.
src/engines/DimensionalModelingEngine.ts(78,90): error TS6133: 'toLevel' is declared but its value is never read.
src/engines/DriverCascadeEngine.test.ts(8,8): error TS6133: 'Driver' is declared but its value is never read.
src/engines/DriverCascadeEngine.test.ts(9,8): error TS6133: 'CascadeRule' is declared but its value is never read.
src/engines/DriverCascadeEngine.test.ts(10,8): error TS6133: 'CascadeResult' is declared but its value is never read.
src/engines/EncryptionEngine.ts(24,25): error TS2769: No overload matches this call.
  Overload 1 of 3, '(algorithm: AlgorithmIdentifier | EcdhKeyDeriveParams | HkdfParams | Pbkdf2Params, baseKey: CryptoKey, derivedKeyType: AlgorithmIdentifier | ... 3 more ... | AesDerivedKeyParams, extractable: boolean, keyUsages: KeyUsage[]): Promise<...>', gave the following error.
    Type 'Uint8Array<ArrayBufferLike>' is not assignable to type 'BufferSource'.
      Type 'Uint8Array<ArrayBufferLike>' is not assignable to type 'ArrayBufferView<ArrayBuffer>'.
        Types of property 'buffer' are incompatible.
          Type 'ArrayBufferLike' is not assignable to type 'ArrayBuffer'.
            Type 'SharedArrayBuffer' is missing the following properties from type 'ArrayBuffer': resizable, resize, detached, transfer, transferToFixedLength
  Overload 2 of 3, '(algorithm: AlgorithmIdentifier | EcdhKeyDeriveParams | HkdfParams | Pbkdf2Params, baseKey: CryptoKey, derivedKeyType: AlgorithmIdentifier | ... 3 more ... | AesDerivedKeyParams, extractable: boolean, keyUsages: Iterable<...>): Promise<...>', gave the following error.
    Type 'Uint8Array<ArrayBufferLike>' is not assignable to type 'BufferSource'.
      Type 'Uint8Array<ArrayBufferLike>' is not assignable to type 'ArrayBufferView<ArrayBuffer>'.
        Types of property 'buffer' are incompatible.
          Type 'ArrayBufferLike' is not assignable to type 'ArrayBuffer'.
            Type 'SharedArrayBuffer' is missing the following properties from type 'ArrayBuffer': resizable, resize, detached, transfer, transferToFixedLength
  Overload 3 of 3, '(algorithm: AlgorithmIdentifier | EcdhKeyDeriveParams | HkdfParams | Pbkdf2Params, baseKey: CryptoKey, derivedKeyType: AlgorithmIdentifier | ... 3 more ... | AesDerivedKeyParams, extractable: boolean, keyUsages: KeyUsage[]): Promise<...>', gave the following error.
    Type 'Uint8Array<ArrayBufferLike>' is not assignable to type 'BufferSource'.
      Type 'Uint8Array<ArrayBufferLike>' is not assignable to type 'ArrayBufferView<ArrayBuffer>'.
        Types of property 'buffer' are incompatible.
          Type 'ArrayBufferLike' is not assignable to type 'ArrayBuffer'.
            Type 'SharedArrayBuffer' is missing the following properties from type 'ArrayBuffer': resizable, resize, detached, transfer, transferToFixedLength
src/engines/EnergyEngine.ts(104,26): error TS6133: 'entries' is declared but its value is never read.
src/engines/ETLPipelineEngine.test.ts(2,34): error TS6133: 'FieldMapping' is declared but its value is never read.
src/engines/ETLPipelineEngine.ts(283,19): error TS18046: 'aVal' is of type 'unknown'.
src/engines/ETLPipelineEngine.ts(283,26): error TS18046: 'bVal' is of type 'unknown'.
src/engines/ETLPipelineEngine.ts(283,38): error TS18046: 'aVal' is of type 'unknown'.
src/engines/ETLPipelineEngine.ts(283,45): error TS18046: 'bVal' is of type 'unknown'.
src/engines/ExcelImportEngine.ts(107,7): error TS2358: The left-hand side of an 'instanceof' expression must be of type 'any', an object type or a type parameter.
src/engines/ExcelKeyboardEngine.test.ts(1,32): error TS6133: 'beforeEach' is declared but its value is never read.
src/engines/ExcelKeyboardEngine.test.ts(23,30): error TS2339: Property 'row' does not exist on type '{}'.
src/engines/ExcelKeyboardEngine.test.ts(33,30): error TS2339: Property 'row' does not exist on type '{}'.
src/engines/ExcelKeyboardEngine.test.ts(43,30): error TS2339: Property 'row' does not exist on type '{}'.
src/engines/ExcelKeyboardEngine.test.ts(53,30): error TS2339: Property 'col' does not exist on type '{}'.
src/engines/ExcelKeyboardEngine.test.ts(62,30): error TS2339: Property 'col' does not exist on type '{}'.
src/engines/ExcelKeyboardEngine.test.ts(125,30): error TS2339: Property 'col' does not exist on type '{}'.
src/engines/ExcelKeyboardEngine.test.ts(134,30): error TS2339: Property 'col' does not exist on type '{}'.
src/engines/ExcelKeyboardShortcuts.test.ts(2,34): error TS6133: 'SHORTCUT_CATEGORIES' is declared but its value is never read.
src/engines/ExportEngine.ts(58,11): error TS2339: Property 'setDrawColor' does not exist on type 'JsPDFInstance'.
src/engines/ExportEngine.ts(59,11): error TS2339: Property 'line' does not exist on type 'JsPDFInstance'.
src/engines/ExportEngine.ts(68,32): error TS2339: Property 'getCurrentPageInfo' does not exist on type '{ pageSize: { width: number; height: number; }; }'.
src/engines/ExportEngine.ts(112,16): error TS18046: 'XLSX.utils' is of type 'unknown'.
src/engines/ExportEngine.ts(114,16): error TS18046: 'XLSX.utils' is of type 'unknown'.
src/engines/ExportEngine.ts(129,25): error TS18046: 'XLSX.utils' is of type 'unknown'.
src/engines/ExportEngine.ts(136,5): error TS18046: 'XLSX.utils' is of type 'unknown'.
src/engines/ExportEngine.ts(137,5): error TS18046: 'XLSX.writeFile' is of type 'unknown'.
src/engines/ExportEngine.ts(163,11): error TS2339: Property 'setDrawColor' does not exist on type 'JsPDFInstance'.
src/engines/ExportEngine.ts(164,11): error TS2339: Property 'line' does not exist on type 'JsPDFInstance'.
src/engines/ExportEngine.ts(172,32): error TS2339: Property 'getCurrentPageInfo' does not exist on type '{ pageSize: { width: number; height: number; }; }'.
src/engines/ExportEngine.ts(179,24): error TS2339: Property 'addPage' does not exist on type 'JsPDFInstance'.
src/engines/ExportEngine.ts(182,27): error TS2339: Property 'outline' does not exist on type 'JsPDFInstance'.
src/engines/ExportEngine.ts(185,63): error TS2339: Property 'getCurrentPageInfo' does not exist on type '{ pageSize: { width: number; height: number; }; }'.
src/engines/ExportEngine.ts(196,13): error TS2554: Expected 3 arguments, but got 1.
src/engines/exportExcel.test.ts(109,11): error TS2741: Property 'title' is missing in type '{}' but required in type 'ExportConfig'.
src/engines/exportExcel.test.ts(122,40): error TS2322: Type 'undefined' is not assignable to type 'string | number | boolean | null'.
src/engines/exportExcel.test.ts(164,9): error TS6133: 'eachRowCallback' is declared but its value is never read.
src/engines/exportExcel.ts(2,24): error TS7016: Could not find a declaration file for module 'file-saver'. 'C:/Users/Tahir/Desktop/frontend that i want/node_modules/file-saver/dist/FileSaver.min.js' implicitly has an 'any' type.
  Try `npm i --save-dev @types/file-saver` if it exists or add a new declaration (.d.ts) file containing `declare module 'file-saver';`
src/engines/ExportTemplateEngine.test.ts(2,58): error TS6133: 'ExportContext' is declared but its value is never read.
src/engines/FairValueEngine.test.ts(7,38): error TS2551: Property 'classifyLevel' does not exist on type 'typeof FairValueEngine'. Did you mean 'classifyByLevel'?
src/engines/FairValueEngine.test.ts(12,38): error TS2551: Property 'classifyLevel' does not exist on type 'typeof FairValueEngine'. Did you mean 'classifyByLevel'?
src/engines/FairValueEngine.test.ts(17,38): error TS2551: Property 'classifyLevel' does not exist on type 'typeof FairValueEngine'. Did you mean 'classifyByLevel'?
src/engines/FairValueEngine.test.ts(24,38): error TS2339: Property 'calculateFairValue' does not exist on type 'typeof FairValueEngine'.
src/engines/FairValueEngine.test.ts(30,38): error TS2339: Property 'calculateFairValue' does not exist on type 'typeof FairValueEngine'.
src/engines/FairValueEngine.ts(37,26): error TS6133: 'inputs' is declared but its value is never read.
src/engines/FinanceCopilotEngine.ts(6,15): error TS2305: Module '"@/store/glStore"' has no exported member 'GLStoreState'.
src/engines/FinanceCopilotEngine.ts(7,15): error TS2305: Module '"@/store/budgetStore"' has no exported member 'BudgetStoreState'.
src/engines/FinanceCopilotEngine.ts(9,11): error TS6196: 'CopilotQuestion' is declared but never used.
src/engines/FinanceCopilotEngine.ts(58,32): error TS6133: 'q' is declared but its value is never read.
src/engines/FinanceCopilotEngine.ts(59,48): error TS7006: Parameter 'e' implicitly has an 'any' type.
src/engines/FinanceCopilotEngine.ts(60,35): error TS7006: Parameter 'sum' implicitly has an 'any' type.
src/engines/FinanceCopilotEngine.ts(60,40): error TS7006: Parameter 'e' implicitly has an 'any' type.
src/engines/FinanceCopilotEngine.ts(71,32): error TS6133: 'q' is declared but its value is never read.
src/engines/FinanceCopilotEngine.ts(72,48): error TS7006: Parameter 'e' implicitly has an 'any' type.
src/engines/FinanceCopilotEngine.ts(73,35): error TS7006: Parameter 'sum' implicitly has an 'any' type.
src/engines/FinanceCopilotEngine.ts(73,40): error TS7006: Parameter 'e' implicitly has an 'any' type.
src/engines/FinanceCopilotEngine.ts(84,33): error TS6133: 'q' is declared but its value is never read.
src/engines/FinanceCopilotEngine.ts(84,44): error TS6133: 'stores' is declared but its value is never read.
src/engines/FinanceCopilotEngine.ts(92,31): error TS6133: 'q' is declared but its value is never read.
src/engines/FinanceCopilotEngine.ts(95,72): error TS7006: Parameter 'b' implicitly has an 'any' type.
src/engines/FinancialInstrumentsEngine.ts(163,5): error TS6133: 'startDate' is declared but its value is never read.
src/engines/formula-functions/financial.test.ts(47,31): error TS2345: Argument of type 'number[]' is not assignable to parameter of type 'number'.
src/engines/formula-functions/financial.test.ts(52,31): error TS2345: Argument of type 'number[]' is not assignable to parameter of type 'number'.
src/engines/formula-functions/financial.test.ts(59,26): error TS2345: Argument of type 'number[]' is not assignable to parameter of type 'number'.
src/engines/formula-functions/financial.ts(852,7): error TS6133: 'purchase' is declared but its value is never read.
src/engines/formula-functions/financial.ts(853,7): error TS6133: 'firstPeriod' is declared but its value is never read.
src/engines/formula-functions/financial.ts(871,7): error TS6133: 'purchase' is declared but its value is never read.
src/engines/formula-functions/financial.ts(872,7): error TS6133: 'firstPeriod' is declared but its value is never read.
src/engines/formula-functions/financial.ts(874,7): error TS6133: 'period' is declared but its value is never read.
src/engines/formula-functions/lookup.test.ts(34,21): error TS2345: Argument of type 'number[]' is not assignable to parameter of type 'number'.
src/engines/formula-functions/math.test.ts(5,55): error TS2305: Module '"./math"' has no exported member 'ABS'.
src/engines/formula-functions/math.ts(113,11): error TS7053: Element implicitly has an 'any' type because expression of type 'number' can't be used to index type 'number | number[]'.
  No index signature with a parameter of type 'number' was found on type 'number | number[]'.
src/engines/formula-functions/math.ts(129,11): error TS7053: Element implicitly has an 'any' type because expression of type 'number' can't be used to index type 'number | number[]'.
  No index signature with a parameter of type 'number' was found on type 'number | number[]'.
src/engines/formula-functions/math.ts(146,11): error TS7053: Element implicitly has an 'any' type because expression of type 'number' can't be used to index type 'number | number[]'.
  No index signature with a parameter of type 'number' was found on type 'number | number[]'.
src/engines/formula-functions/text.test.ts(30,28): error TS2345: Argument of type 'string' is not assignable to parameter of type 'number'.
src/engines/FormulaEngine.test.ts(197,15): error TS6133: 'result' is declared but its value is never read.
src/engines/FormulaFunctionRegistry.test.ts(156,46): error TS2345: Argument of type 'number[]' is not assignable to parameter of type 'number'.
src/engines/FormulaFunctionRegistry.test.ts(157,46): error TS2345: Argument of type 'number[]' is not assignable to parameter of type 'number'.
src/engines/FormulaFunctionRegistry.test.ts(161,46): error TS2345: Argument of type 'number[]' is not assignable to parameter of type 'number'.
src/engines/FormulaFunctionRegistry.test.ts(226,61): error TS2345: Argument of type 'number[]' is not assignable to parameter of type 'number'.
src/engines/FormulaFunctionRegistry.test.ts(251,53): error TS2345: Argument of type 'number[]' is not assignable to parameter of type 'number'.
src/engines/FormulaFunctionRegistry.test.ts(257,53): error TS2345: Argument of type 'number[]' is not assignable to parameter of type 'number'.
src/engines/FormulaFunctionRegistry.test.ts(269,63): error TS2345: Argument of type 'number[]' is not assignable to parameter of type 'number'.
src/engines/FormulaFunctionRegistry.test.ts(275,58): error TS2345: Argument of type 'number[]' is not assignable to parameter of type 'number'.
src/engines/FXEngine.ts(124,78): error TS2339: Property 'date' does not exist on type 'ExchangeRate'.
src/engines/HealthcareEngine.test.ts(2,33): error TS2459: Module '"./HealthcareEngine"' declares 'GLEntry' locally, but it is not exported.
src/engines/ICMatchingEngine.test.ts(2,53): error TS6133: 'ToleranceSettings' is declared but its value is never read.
src/engines/ICMatchingEngine.ts(2,15): error TS6196: 'ICPair' is declared but never used.
src/engines/ICMatchingEngine.ts(130,46): error TS2339: Property 'netChange' does not exist on type 'GLEntry'.
src/engines/ICMatchingEngine.ts(131,51): error TS2339: Property 'netChange' does not exist on type 'GLEntry'.
src/engines/ICMatchingEngine.ts(146,30): error TS2339: Property 'reference' does not exist on type 'GLEntry'.
src/engines/ICMatchingEngine.ts(353,38): error TS2339: Property 'netChange' does not exist on type 'GLEntry'.
src/engines/ICMatchingEngine.ts(357,38): error TS2339: Property 'netChange' does not exist on type 'GLEntry'.
src/engines/ICMatchingEngine.ts(444,5): error TS6133: 'entities' is declared but its value is never read.
src/engines/InsuranceEngine.ts(128,32): error TS6133: 'entries' is declared but its value is never read.
src/engines/IntercompanyMatchingEngine.test.ts(10,49): error TS2551: Property 'matchTransactions' does not exist on type 'typeof IntercompanyMatchingEngine'. Did you mean 'matchICTransactions'?
src/engines/IntercompanyMatchingEngine.test.ts(19,49): error TS2551: Property 'matchTransactions' does not exist on type 'typeof IntercompanyMatchingEngine'. Did you mean 'matchICTransactions'?
src/engines/IntercompanyMatchingEngine.test.ts(29,49): error TS2551: Property 'calculateEliminations' does not exist on type 'typeof IntercompanyMatchingEngine'. Did you mean 'createEliminations'?
src/engines/IntercompanyMatchingEngine.test.ts(40,50): error TS2339: Property 'getMatchingSummary' does not exist on type 'typeof IntercompanyMatchingEngine'.
src/engines/IntercompanyMatchingEngine.ts(299,5): error TS6133: 'parentEntity' is declared but its value is never read.
src/engines/IntercompanyMatchingEngine.ts(300,5): error TS6133: 'subsidiaryEntity' is declared but its value is never read.
src/engines/IterativeCalculationEngine.test.ts(1,32): error TS6133: 'beforeEach' is declared but its value is never read.
src/engines/LeaseEngine.ts(140,26): error TS6133: 'lease' is declared but its value is never read.
src/engines/LoanAmortizationEngine.ts(25,74): error TS6133: 'startDate' is declared but its value is never read.
src/engines/ManufacturingEngine.ts(152,25): error TS6133: 'entries' is declared but its value is never read.
src/engines/MasterDataEngine.ts(74,25): error TS2352: Conversion of type 'MasterDataRecord' to type 'Record<string, unknown>' may be a mistake because neither type sufficiently overlaps with the other. If this was intentional, convert the expression to 'unknown' first.
  Index signature for type 'string' is missing in type 'MasterDataRecord'.
src/engines/MasterDataEngine.ts(86,10): error TS2352: Conversion of type 'MasterDataRecord' to type 'Record<string, unknown>' may be a mistake because neither type sufficiently overlaps with the other. If this was intentional, convert the expression to 'unknown' first.
  Index signature for type 'string' is missing in type 'MasterDataRecord'.
src/engines/MDXEngine.ts(182,50): error TS2352: Conversion of type 'Map<string, unknown>' to type 'string | number | null' may be a mistake because neither type sufficiently overlaps with the other. If this was intentional, convert the expression to 'unknown' first.
src/engines/MigrationEngine.test.ts(244,15): error TS6133: 'source' is declared but its value is never read.
src/engines/MonteCarloEngine.ts(8,1): error TS6133: 'ScenarioEngine' is declared but its value is never read.
src/engines/MonteCarloEngine.ts(9,1): error TS6192: All imports in import declaration are unused.
src/engines/MonteCarloEngine.ts(478,12): error TS2352: Conversion of type 'ScenarioMetrics' to type 'Record<string, number>' may be a mistake because neither type sufficiently overlaps with the other. If this was intentional, convert the expression to 'unknown' first.
  Index signature for type 'string' is missing in type 'ScenarioMetrics'.
src/engines/MonteCarloEngine.ts(480,12): error TS2352: Conversion of type 'ScenarioMetrics' to type 'Record<string, number>' may be a mistake because neither type sufficiently overlaps with the other. If this was intentional, convert the expression to 'unknown' first.
  Index signature for type 'string' is missing in type 'ScenarioMetrics'.
src/engines/MonteCarloEngine.ts(485,15): error TS2540: Cannot assign to 'netIncome' because it is a read-only property.
src/engines/MonteCarloEngine.ts(486,15): error TS2540: Cannot assign to 'ebitdaMargin' because it is a read-only property.
src/engines/MonteCarloEngine.ts(497,13): error TS6133: 'sorted' is declared but its value is never read.
src/engines/MonteCarloEngine.ts(509,11): error TS6133: 'niStdDev' is declared but its value is never read.
src/engines/MultiBookEngine.test.ts(14,36): error TS2554: Expected 4 arguments, but got 1.
src/engines/MultiBookEngine.test.ts(25,40): error TS2554: Expected 4 arguments, but got 1.
src/engines/MultiBookEngine.test.ts(26,40): error TS2554: Expected 4 arguments, but got 1.
src/engines/MultiBookEngine.test.ts(34,23): error TS2554: Expected 4 arguments, but got 1.
src/engines/MultiBookEngine.test.ts(35,23): error TS2554: Expected 4 arguments, but got 1.
src/engines/MultiBookEngine.test.ts(43,36): error TS2554: Expected 4 arguments, but got 1.
src/engines/MultiBookEngine.test.ts(45,9): error TS2353: Object literal may only specify known properties, and 'date' does not exist in type 'Omit<BookEntry, "id" | "date" | "bookId" | "adjusted">'.
src/engines/MultiBookEngine.ts(161,53): error TS6133: 'userId' is declared but its value is never read.
src/engines/NLQEngine.ts(249,13): error TS6133: 'idx' is declared but its value is never read.
src/engines/NLQEngine.ts(414,5): error TS6133: 'accounts' is declared but its value is never read.
src/engines/NLQEngine.ts(528,47): error TS6133: 'data' is declared but its value is never read.
src/engines/PivotTableEngine.test.ts(19,53): error TS2345: Argument of type '{ rows: string[]; columns: string[]; values: { field: string; aggregation: "sum"; }[]; filters: {}; showTotals: true; }' is not assignable to parameter of type 'PivotConfig'.
  Property 'showSubtotals' is missing in type '{ rows: string[]; columns: string[]; values: { field: string; aggregation: "sum"; }[]; filters: {}; showTotals: true; }' but required in type 'PivotConfig'.
src/engines/PivotTableEngine.test.ts(32,53): error TS2345: Argument of type '{ rows: string[]; columns: string[]; values: { field: string; aggregation: "sum"; }[]; filters: {}; showTotals: true; }' is not assignable to parameter of type 'PivotConfig'.
  Property 'showSubtotals' is missing in type '{ rows: string[]; columns: string[]; values: { field: string; aggregation: "sum"; }[]; filters: {}; showTotals: true; }' but required in type 'PivotConfig'.
src/engines/PivotTableEngine.test.ts(44,45): error TS2345: Argument of type '{ rows: string[]; columns: string[]; values: { field: string; aggregation: "sum"; }[]; filters: {}; showTotals: false; }' is not assignable to parameter of type 'PivotConfig'.
  Property 'showSubtotals' is missing in type '{ rows: string[]; columns: string[]; values: { field: string; aggregation: "sum"; }[]; filters: {}; showTotals: false; }' but required in type 'PivotConfig'.
src/engines/PivotTableEngine.test.ts(56,53): error TS2345: Argument of type '{ rows: string[]; columns: string[]; values: { field: string; aggregation: "sum"; }[]; filters: { region: string[]; }; showTotals: false; }' is not assignable to parameter of type 'PivotConfig'.
  Property 'showSubtotals' is missing in type '{ rows: string[]; columns: string[]; values: { field: string; aggregation: "sum"; }[]; filters: { region: string[]; }; showTotals: false; }' but required in type 'PivotConfig'.
src/engines/PluginEngine.test.ts(4,44): error TS6133: 'vi' is declared but its value is never read.
src/engines/PluginEngine.test.ts(15,5): error TS2322: Type '"engine"' is not assignable to type 'PluginType'.
src/engines/PluginEngine.test.ts(26,7): error TS2420: Class 'TestPlugin' incorrectly implements interface 'Plugin'.
  Type 'TestPlugin' is missing the following properties from type 'Plugin': id, name, version
src/engines/PluginEngine.test.ts(58,57): error TS2322: Type 'typeof TestPlugin' is not assignable to type 'new () => Plugin'.
  Type 'TestPlugin' is missing the following properties from type 'Plugin': id, name, version
src/engines/PluginEngine.test.ts(65,57): error TS2322: Type 'typeof TestPlugin' is not assignable to type 'new () => Plugin'.
  Type 'TestPlugin' is missing the following properties from type 'Plugin': id, name, version
src/engines/PluginEngine.test.ts(66,15): error TS2352: Conversion of type 'Plugin' to type 'TestPlugin' may be a mistake because neither type sufficiently overlaps with the other. If this was intentional, convert the expression to 'unknown' first.
  Type 'Plugin' is missing the following properties from type 'TestPlugin': api, initCalls, destroyCalls
src/engines/PluginEngine.test.ts(71,47): error TS2322: Type 'typeof TestPlugin' is not assignable to type 'new () => Plugin'.
  Type 'TestPlugin' is missing the following properties from type 'Plugin': id, name, version
src/engines/PluginEngine.test.ts(76,47): error TS2322: Type 'typeof TestPlugin' is not assignable to type 'new () => Plugin'.
  Type 'TestPlugin' is missing the following properties from type 'Plugin': id, name, version
src/engines/PluginEngine.test.ts(81,47): error TS2322: Type 'typeof TestPlugin' is not assignable to type 'new () => Plugin'.
  Type 'TestPlugin' is missing the following properties from type 'Plugin': id, name, version
src/engines/PluginEngine.test.ts(86,47): error TS2322: Type 'typeof TestPlugin' is not assignable to type 'new () => Plugin'.
  Type 'TestPlugin' is missing the following properties from type 'Plugin': id, name, version
src/engines/PluginEngine.test.ts(91,35): error TS2322: Type 'typeof TestPlugin' is not assignable to type 'new () => Plugin'.
  Type 'TestPlugin' is missing the following properties from type 'Plugin': id, name, version
src/engines/PluginEngine.test.ts(93,47): error TS2322: Type 'typeof TestPlugin' is not assignable to type 'new () => Plugin'.
  Type 'TestPlugin' is missing the following properties from type 'Plugin': id, name, version
src/engines/PluginEngine.test.ts(98,47): error TS2322: Type 'typeof TestPlugin' is not assignable to type 'new () => Plugin'.
  Type 'TestPlugin' is missing the following properties from type 'Plugin': id, name, version
src/engines/PluginEngine.test.ts(103,47): error TS2322: Type 'typeof TestPlugin' is not assignable to type 'new () => Plugin'.
  Type 'TestPlugin' is missing the following properties from type 'Plugin': id, name, version
src/engines/PluginEngine.test.ts(110,40): error TS2322: Type 'typeof TestPlugin' is not assignable to type 'new () => Plugin'.
  Type 'TestPlugin' is missing the following properties from type 'Plugin': id, name, version
src/engines/PluginEngine.test.ts(117,57): error TS2322: Type 'typeof TestPlugin' is not assignable to type 'new () => Plugin'.
  Type 'TestPlugin' is missing the following properties from type 'Plugin': id, name, version
src/engines/PluginEngine.test.ts(119,15): error TS2352: Conversion of type 'Plugin' to type 'TestPlugin' may be a mistake because neither type sufficiently overlaps with the other. If this was intentional, convert the expression to 'unknown' first.
  Type 'Plugin' is missing the following properties from type 'TestPlugin': api, initCalls, destroyCalls
src/engines/PluginEngine.test.ts(129,46): error TS2322: Type 'typeof TestPlugin' is not assignable to type 'new () => Plugin'.
  Type 'TestPlugin' is missing the following properties from type 'Plugin': id, name, version
src/engines/PluginEngine.test.ts(135,46): error TS2322: Type 'typeof TestPlugin' is not assignable to type 'new () => Plugin'.
  Type 'TestPlugin' is missing the following properties from type 'Plugin': id, name, version
src/engines/PluginEngine.test.ts(149,46): error TS2322: Type 'typeof TestPlugin' is not assignable to type 'new () => Plugin'.
  Type 'TestPlugin' is missing the following properties from type 'Plugin': id, name, version
src/engines/PluginEngine.test.ts(154,58): error TS2322: Type 'typeof TestPlugin' is not assignable to type 'new () => Plugin'.
  Type 'TestPlugin' is missing the following properties from type 'Plugin': id, name, version
src/engines/PluginEngine.test.ts(155,58): error TS2322: Type 'typeof TestPlugin' is not assignable to type 'new () => Plugin'.
  Type 'TestPlugin' is missing the following properties from type 'Plugin': id, name, version
src/engines/PluginEngine.test.ts(160,54): error TS2322: Type '"engine"' is not assignable to type 'PluginType | undefined'.
src/engines/PluginEngine.test.ts(160,75): error TS2322: Type 'typeof TestPlugin' is not assignable to type 'new () => Plugin'.
  Type 'TestPlugin' is missing the following properties from type 'Plugin': id, name, version
src/engines/PluginEngine.test.ts(161,56): error TS2322: Type '"chart"' is not assignable to type 'PluginType | undefined'.
src/engines/PluginEngine.test.ts(161,76): error TS2322: Type 'typeof TestPlugin' is not assignable to type 'new () => Plugin'.
  Type 'TestPlugin' is missing the following properties from type 'Plugin': id, name, version
src/engines/PluginEngine.test.ts(162,38): error TS2345: Argument of type '"engine"' is not assignable to parameter of type 'PluginType'.
src/engines/PluginEngine.test.ts(169,57): error TS2322: Type 'typeof TestPlugin' is not assignable to type 'new () => Plugin'.
  Type 'TestPlugin' is missing the following properties from type 'Plugin': id, name, version
src/engines/PluginEngine.test.ts(170,22): error TS2352: Conversion of type 'Plugin' to type 'TestPlugin' may be a mistake because neither type sufficiently overlaps with the other. If this was intentional, convert the expression to 'unknown' first.
  Type 'Plugin' is missing the following properties from type 'TestPlugin': api, initCalls, destroyCalls
src/engines/PluginEngine.test.ts(172,9): error TS2353: Object literal may only specify known properties, and 'name' does not exist in type 'FormulaSpec'.
src/engines/PluginEngine.test.ts(184,57): error TS2322: Type 'typeof TestPlugin' is not assignable to type 'new () => Plugin'.
  Type 'TestPlugin' is missing the following properties from type 'Plugin': id, name, version
src/engines/PluginEngine.test.ts(185,22): error TS2352: Conversion of type 'Plugin' to type 'TestPlugin' may be a mistake because neither type sufficiently overlaps with the other. If this was intentional, convert the expression to 'unknown' first.
  Type 'Plugin' is missing the following properties from type 'TestPlugin': api, initCalls, destroyCalls
src/engines/PluginEngine.test.ts(187,9): error TS2353: Object literal may only specify known properties, and 'name' does not exist in type 'FormulaSpec'.
src/engines/PluginEngine.test.ts(197,57): error TS2322: Type 'typeof TestPlugin' is not assignable to type 'new () => Plugin'.
  Type 'TestPlugin' is missing the following properties from type 'Plugin': id, name, version
src/engines/PluginEngine.test.ts(198,22): error TS2352: Conversion of type 'Plugin' to type 'TestPlugin' may be a mistake because neither type sufficiently overlaps with the other. If this was intentional, convert the expression to 'unknown' first.
  Type 'Plugin' is missing the following properties from type 'TestPlugin': api, initCalls, destroyCalls
src/engines/PluginEngine.test.ts(206,57): error TS2322: Type 'typeof TestPlugin' is not assignable to type 'new () => Plugin'.
  Type 'TestPlugin' is missing the following properties from type 'Plugin': id, name, version
src/engines/PluginEngine.test.ts(207,22): error TS2352: Conversion of type 'Plugin' to type 'TestPlugin' may be a mistake because neither type sufficiently overlaps with the other. If this was intentional, convert the expression to 'unknown' first.
  Type 'Plugin' is missing the following properties from type 'TestPlugin': api, initCalls, destroyCalls
src/engines/PluginEngine.test.ts(216,57): error TS2322: Type 'typeof TestPlugin' is not assignable to type 'new () => Plugin'.
  Type 'TestPlugin' is missing the following properties from type 'Plugin': id, name, version
src/engines/PluginEngine.test.ts(217,22): error TS2352: Conversion of type 'Plugin' to type 'TestPlugin' may be a mistake because neither type sufficiently overlaps with the other. If this was intentional, convert the expression to 'unknown' first.
  Type 'Plugin' is missing the following properties from type 'TestPlugin': api, initCalls, destroyCalls
src/engines/PluginEngine.test.ts(226,57): error TS2322: Type 'typeof TestPlugin' is not assignable to type 'new () => Plugin'.
  Type 'TestPlugin' is missing the following properties from type 'Plugin': id, name, version
src/engines/PluginEngine.test.ts(227,22): error TS2352: Conversion of type 'Plugin' to type 'TestPlugin' may be a mistake because neither type sufficiently overlaps with the other. If this was intentional, convert the expression to 'unknown' first.
  Type 'Plugin' is missing the following properties from type 'TestPlugin': api, initCalls, destroyCalls
src/engines/PluginEngine.ts(11,3): error TS6196: 'PluginStatus' is declared but never used.
src/engines/PluginEngine.ts(98,22): error TS6133: 'pluginId' is declared but its value is never read.
src/engines/PluginEngine.ts(125,18): error TS6133: 'paths' is declared but its value is never read.
src/engines/ProfessionalExportEngine.ts(1109,8): error TS2352: Conversion of type 'ProfessionalExportEngine' to type '{ pageW: number; }' may be a mistake because neither type sufficiently overlaps with the other. If this was intentional, convert the expression to 'unknown' first.
  Property 'pageW' is private in type 'ProfessionalExportEngine' but not in type '{ pageW: number; }'.
src/engines/ProfessionalExportEngine.ts(1110,8): error TS2352: Conversion of type 'ProfessionalExportEngine' to type '{ pageH: number; }' may be a mistake because neither type sufficiently overlaps with the other. If this was intentional, convert the expression to 'unknown' first.
  Property 'pageH' is private in type 'ProfessionalExportEngine' but not in type '{ pageH: number; }'.
src/engines/ProfessionalExportEngine.ts(1111,8): error TS2352: Conversion of type 'ProfessionalExportEngine' to type '{ contentW: number; }' may be a mistake because neither type sufficiently overlaps with the other. If this was intentional, convert the expression to 'unknown' first.
  Property 'contentW' is private in type 'ProfessionalExportEngine' but not in type '{ contentW: number; }'.
src/engines/QueryCache.ts(49,11): error TS6133: 'hashKey' is declared but its value is never read.
src/engines/RBACEngine.test.ts(2,27): error TS6133: 'Role' is declared but its value is never read.
src/engines/RealEstateEngine.test.ts(2,33): error TS2459: Module '"./RealEstateEngine"' declares 'GLEntry' locally, but it is not exported.
src/engines/report-builder-formulas.test.ts(13,3): error TS6133: 'detectCircularReferences' is declared but its value is never read.
src/engines/report-builder-formulas.test.ts(14,3): error TS6133: 'calculateColumnSum' is declared but its value is never read.
src/engines/report-builder-formulas.test.ts(15,3): error TS6133: 'identifySectionRanges' is declared but its value is never read.
src/engines/report-builder-formulas.test.ts(107,37): error TS2561: Object literal may only specify known properties, but 'entity' does not exist in type 'CellBinding'. Did you mean to write 'entityId'?
src/engines/report-builder-formulas.ts(420,9): error TS6133: '_resolved' is declared but its value is never read.
src/engines/report-builder-formulas.ts(438,11): error TS6133: '_dataSection' is declared but its value is never read.
src/engines/report-builder-templates.ts(55,3): error TS2741: Property 'filters' is missing in type '{ rows: never[]; columns: never[]; columnWidths: {}; defaultRowHeight: number; frozenColumns: number; frozenRows: number; }' but required in type 'ReportLayout'.
src/engines/report-builder-templates.ts(230,3): error TS2741: Property 'filters' is missing in type '{ rows: ReportRow[]; columns: ReportColumn[]; columnWidths: { [x: string]: number; }; defaultRowHeight: number; frozenColumns: number; frozenRows: number; }' but required in type 'ReportLayout'.
src/engines/report-builder-templates.ts(343,3): error TS2741: Property 'filters' is missing in type '{ rows: ReportRow[]; columns: ReportColumn[]; columnWidths: { [x: string]: number; }; defaultRowHeight: number; frozenColumns: number; frozenRows: number; }' but required in type 'ReportLayout'.
src/engines/report-builder-templates.ts(442,3): error TS2741: Property 'filters' is missing in type '{ rows: ReportRow[]; columns: ReportColumn[]; columnWidths: { [x: string]: number; }; defaultRowHeight: number; frozenColumns: number; frozenRows: number; }' but required in type 'ReportLayout'.
src/engines/report-builder-templates.ts(536,3): error TS2741: Property 'filters' is missing in type '{ rows: ReportRow[]; columns: ReportColumn[]; columnWidths: { [x: string]: number; }; defaultRowHeight: number; frozenColumns: number; frozenRows: number; }' but required in type 'ReportLayout'.
src/engines/report-builder-templates.ts(639,3): error TS2741: Property 'filters' is missing in type '{ rows: ReportRow[]; columns: ReportColumn[]; columnWidths: { [x: string]: number; }; defaultRowHeight: number; frozenColumns: number; frozenRows: number; }' but required in type 'ReportLayout'.
src/engines/report-builder-templates.ts(719,3): error TS2741: Property 'filters' is missing in type '{ rows: ReportRow[]; columns: ReportColumn[]; columnWidths: { [x: string]: number; }; defaultRowHeight: number; frozenColumns: number; frozenRows: number; }' but required in type 'ReportLayout'.
src/engines/report-builder-templates.ts(788,3): error TS2741: Property 'filters' is missing in type '{ rows: ReportRow[]; columns: ReportColumn[]; columnWidths: { [x: string]: number; }; defaultRowHeight: number; frozenColumns: number; frozenRows: number; }' but required in type 'ReportLayout'.
src/engines/ReportBookEngine.test.ts(2,33): error TS6133: 'ReportBook' is declared but its value is never read.
src/engines/ReportBookEngine.test.ts(2,50): error TS6133: 'ReportBookEntry' is declared but its value is never read.
src/engines/ReportBookEngine.test.ts(2,72): error TS6133: 'Entity' is declared but its value is never read.
src/engines/ReportBookEngine.ts(417,7): error TS2322: Type 'unknown[][]' is not assignable to type '(string | number | boolean | null)[][]'.
  Type 'unknown[]' is not assignable to type '(string | number | boolean | null)[]'.
    Type 'unknown' is not assignable to type 'string | number | boolean | null'.
src/engines/ReportBookEngine.ts(430,7): error TS2322: Type 'unknown[][]' is not assignable to type '(string | number | boolean | null)[][]'.
  Type 'unknown[]' is not assignable to type '(string | number | boolean | null)[]'.
    Type 'unknown' is not assignable to type 'string | number | boolean | null'.
src/engines/ReportBuilderEngine.test.ts(17,8): error TS6133: 'RowType' is declared but its value is never read.
src/engines/ReportBuilderEngine.test.ts(25,8): error TS6133: 'FormulaDependency' is declared but its value is never read.
src/engines/ReportBuilderEngine.test.ts(26,8): error TS6133: 'ReportSection' is declared but its value is never read.
src/engines/ReportBuilderEngine.test.ts(1523,61): error TS2322: Type '"text"' is not assignable to type 'NumberFormat'.
src/engines/ReportBuilderEngine.ts(315,7): error TS6133: 'HEADER_STYLE' is declared but its value is never read.
src/engines/ReportBuilderEngine.ts(329,7): error TS6133: 'SUBTOTAL_STYLE' is declared but its value is never read.
src/engines/ReportBuilderEngine.ts(1654,15): error TS6133: 'sum' is declared but its value is never read.
src/engines/ReportBuilderEngine.ts(1951,11): error TS6133: 'visibleRows' is declared but its value is never read.
src/engines/ReportCacheEngine.test.ts(28,14): error TS2339: Property 'invalidate' does not exist on type 'ReportCacheEngine'.
src/engines/ReportDistributionEngine.test.ts(16,29): error TS2339: Property 'distribute' does not exist on type 'ReportDistributionEngine'.
src/engines/ReportDistributionEngine.test.ts(27,29): error TS2339: Property 'distribute' does not exist on type 'ReportDistributionEngine'.
src/engines/ReportDistributionEngine.test.ts(39,14): error TS2339: Property 'distribute' does not exist on type 'ReportDistributionEngine'.
src/engines/ReportDistributionEngine.test.ts(40,30): error TS2551: Property 'getDistributionHistory' does not exist on type 'ReportDistributionEngine'. Did you mean 'getDistributionList'?
src/engines/ReportSchedulerEngine.test.ts(23,29): error TS2339: Property 'addSchedule' does not exist on type 'ReportSchedulerEngine'.
src/engines/ReportSchedulerEngine.test.ts(38,37): error TS2339: Property 'addSchedule' does not exist on type 'ReportSchedulerEngine'.
src/engines/ReportSchedulerEngine.test.ts(39,29): error TS2551: Property 'removeSchedule' does not exist on type 'ReportSchedulerEngine'. Did you mean 'resumeSchedule'?
src/engines/ReportSchedulerEngine.test.ts(46,14): error TS2339: Property 'addSchedule' does not exist on type 'ReportSchedulerEngine'.
src/engines/ReportSchedulerEngine.test.ts(47,14): error TS2339: Property 'addSchedule' does not exist on type 'ReportSchedulerEngine'.
src/engines/RetailEngine.test.ts(2,29): error TS2459: Module '"./RetailEngine"' declares 'GLEntry' locally, but it is not exported.
src/engines/RetailEngine.test.ts(202,24): error TS2339: Property 'month' does not exist on type '{ period: string; revenue: number; cogs: number; grossMargin: number; opex: number; ebitda: number; }'.
src/engines/RetailEngine.test.ts(212,24): error TS2339: Property 'grossProfit' does not exist on type '{ period: string; revenue: number; cogs: number; grossMargin: number; opex: number; ebitda: number; }'.
src/engines/RetailEngine.test.ts(221,24): error TS2339: Property 'labor' does not exist on type '{ period: string; revenue: number; cogs: number; grossMargin: number; opex: number; ebitda: number; }'.
src/engines/RetailEngine.test.ts(230,24): error TS2339: Property 'month' does not exist on type '{ period: string; revenue: number; cogs: number; grossMargin: number; opex: number; ebitda: number; }'.
src/engines/RetailEngine.test.ts(245,24): error TS2339: Property 'month' does not exist on type '{ period: string; revenue: number; cogs: number; grossMargin: number; opex: number; ebitda: number; }'.
src/engines/RetailEngine.test.ts(246,24): error TS2339: Property 'month' does not exist on type '{ period: string; revenue: number; cogs: number; grossMargin: number; opex: number; ebitda: number; }'.
src/engines/RetailEngine.test.ts(247,24): error TS2339: Property 'month' does not exist on type '{ period: string; revenue: number; cogs: number; grossMargin: number; opex: number; ebitda: number; }'.
src/engines/RetailEngine.ts(88,5): error TS2322: Type '{ month: string; revenue: number; grossProfit: number; labor: number; }[]' is not assignable to type '{ period: string; revenue: number; cogs: number; grossMargin: number; opex: number; ebitda: number; }[]'.
  Type '{ month: string; revenue: number; grossProfit: number; labor: number; }' is missing the following properties from type '{ period: string; revenue: number; cogs: number; grossMargin: number; opex: number; ebitda: number; }': period, cogs, grossMargin, opex, ebitda
src/engines/RevRecEngine.test.ts(2,44): error TS6133: 'PerformanceObligation' is declared but its value is never read.
src/engines/RevRecEngine.ts(73,30): error TS6133: 'periodIndex' is declared but its value is never read.
src/engines/RollingForecastEngine.test.ts(6,59): error TS6133: 'RollingForecastConfig' is declared but its value is never read.
src/engines/RollingForecastEngine.ts(229,11): error TS6133: 'blendPeriods' is declared but its value is never read.
src/engines/RollingForecastEngine.ts(255,45): error TS2345: Argument of type 'Map<string, number>' is not assignable to parameter of type 'Map<string, string>'.
  Type 'number' is not assignable to type 'string'.
src/engines/RollingForecastEngine.ts(281,11): error TS2367: This comparison appears to be unintentional because the types 'string' and 'number' have no overlap.
src/engines/RollingForecastEngine.ts(282,25): error TS2362: The left-hand side of an arithmetic operation must be of type 'any', 'number', 'bigint' or an enum type.
src/engines/RollingForecastEngine.ts(282,32): error TS2363: The right-hand side of an arithmetic operation must be of type 'any', 'number', 'bigint' or an enum type.
src/engines/RollingForecastEngine.ts(282,49): error TS2345: Argument of type 'string' is not assignable to parameter of type 'number'.
src/engines/SafeMathParser.ts(490,15): error TS6133: 'mean' is declared but its value is never read.
src/engines/SafeMathParser.ts(539,20): error TS6133: 'ssX' is declared but its value is never read.
src/engines/SafeMathParser.ts(623,59): error TS6133: 'noSwitch' is declared but its value is never read.
src/engines/SafeMathParser.ts(758,19): error TS6133: 'firstInterest' is declared but its value is never read.
src/engines/SafeMathParser.ts(758,57): error TS6133: 'frequency' is declared but its value is never read.
src/engines/SafeMathParser.ts(1076,11): error TS6133: 'col' is declared but its value is never read.
src/engines/SafeMathParser.ts(1368,52): error TS6133: 'type' is declared but its value is never read.
src/engines/SafeMathParser.ts(1381,52): error TS6133: 'type' is declared but its value is never read.
src/engines/SafeMathParser.ts(1394,46): error TS6133: 'firstPeriod' is declared but its value is never read.
src/engines/SafeMathParser.ts(1402,46): error TS6133: 'lastPeriod' is declared but its value is never read.
src/engines/ScenarioEngine.ts(162,44): error TS18048: 'assumption.min' is possibly 'undefined'.
src/engines/ScenarioEngine.ts(162,62): error TS18048: 'assumption.max' is possibly 'undefined'.
src/engines/ScenarioEngine.ts(180,18): error TS18048: 'dist.mean' is possibly 'undefined'.
src/engines/ScenarioEngine.ts(191,11): error TS2322: Type 'number | undefined' is not assignable to type 'number'.
  Type 'undefined' is not assignable to type 'number'.
src/engines/SensitivityEngine.ts(48,11): error TS6133: 'baseOutput' is declared but its value is never read.
src/engines/SignConventionEngine.ts(58,11): error TS6133: 'naturalSign' is declared but its value is never read.
src/engines/SignConventionEngine.ts(138,51): error TS6133: 'accountType' is declared but its value is never read.
src/engines/SmartImportMapper.test.ts(37,57): error TS2345: Argument of type '{ source: string; target: string; confidence: number; }[]' is not assignable to parameter of type 'ColumnMapping[]'.
  Type '{ source: string; target: string; confidence: number; }' is missing the following properties from type 'ColumnMapping': sourceColumn, targetField
src/engines/SmartImportMapper.test.ts(46,57): error TS2345: Argument of type '{ source: string; target: string; confidence: number; }[]' is not assignable to parameter of type 'ColumnMapping[]'.
  Type '{ source: string; target: string; confidence: number; }' is missing the following properties from type 'ColumnMapping': sourceColumn, targetField
src/engines/SmartImportMapper.test.ts(62,56): error TS2345: Argument of type '{ source: string; target: string; confidence: number; }[]' is not assignable to parameter of type 'ColumnMapping[]'.
  Type '{ source: string; target: string; confidence: number; }' is missing the following properties from type 'ColumnMapping': sourceColumn, targetField
src/engines/SOXComplianceEngine.test.ts(286,18): error TS6133: 'rule' is declared but its value is never read.
src/engines/SOXComplianceEngine.ts(9,53): error TS6133: 'ApprovalState' is declared but its value is never read.
src/engines/SOXComplianceEngine.ts(10,38): error TS6133: 'UserRole' is declared but its value is never read.
src/engines/SOXComplianceEngine.ts(416,16): error TS2339: Property 'condition' does not exist on type '{ id: string; name: string; type: "sequential"; approvers: string[]; order: number; timeoutHours: number; }'.
src/engines/StateMachine.ts(129,30): error TS2339: Property 'length' does not exist on type '{}'.
src/engines/StateMachine.ts(180,11): error TS2365: Operator '>' cannot be applied to types '{}' and 'number'.
src/engines/StateMachine.ts(190,11): error TS2365: Operator '>' cannot be applied to types '{}' and 'number'.
src/engines/StateMachine.ts(218,36): error TS2339: Property 'length' does not exist on type '{}'.
src/engines/StreamImportEngine.test.ts(17,35): error TS2339: Property 'parseCSV' does not exist on type 'StreamImportEngine'.
src/engines/StreamImportEngine.test.ts(23,35): error TS2339: Property 'parseCSV' does not exist on type 'StreamImportEngine'.
src/engines/StreamImportEngine.test.ts(31,29): error TS2339: Property 'validate' does not exist on type 'StreamImportEngine'.
src/engines/StreamImportEngine.test.ts(38,29): error TS2339: Property 'validate' does not exist on type 'StreamImportEngine'.
src/engines/SyncEngine.ts(172,37): error TS6133: 'change' is declared but its value is never read.
src/engines/TemplateEngine.test.ts(29,51): error TS2739: Type '{ id: string; name: string; description: string; category: "report"; industry: "generic"; rows: { id: string; label: string; indent: number; }[]; columns: { id: string; label: string; type: "period"; }[]; kpis: { ...; }[]; }' is missing the following properties from type 'Template': charts, version, createdAt, updatedAt
src/engines/TemplateEngine.test.ts(35,51): error TS2739: Type '{ id: string; name: string; description: string; category: "report"; industry: "generic"; rows: { id: string; label: string; indent: number; }[]; columns: { id: string; label: string; type: "period"; }[]; kpis: { ...; }[]; }' is missing the following properties from type 'Template': charts, version, createdAt, updatedAt
src/engines/TemplateEngine.test.ts(42,52): error TS2739: Type '{ id: string; name: string; description: string; category: "report"; industry: "generic"; rows: { id: string; label: string; indent: number; }[]; columns: { id: string; label: string; type: "period"; }[]; kpis: { ...; }[]; }' is missing the following properties from type 'Template': charts, version, createdAt, updatedAt
src/engines/TemplateEngine.test.ts(47,52): error TS2739: Type '{ id: string; name: string; description: string; category: "report"; industry: "generic"; rows: { id: string; label: string; indent: number; }[]; columns: { id: string; label: string; type: "period"; }[]; kpis: { ...; }[]; }' is missing the following properties from type 'Template': charts, version, createdAt, updatedAt
src/engines/TemplateEngine.test.ts(52,52): error TS2739: Type '{ id: string; name: string; description: string; category: "report"; industry: "generic"; rows: { id: string; label: string; indent: number; }[]; columns: { id: string; label: string; type: "period"; }[]; kpis: { ...; }[]; }' is missing the following properties from type 'Template': charts, version, createdAt, updatedAt
src/engines/TemplateEngine.test.ts(59,53): error TS2739: Type '{ id: string; name: string; description: string; category: "report"; industry: "generic"; rows: { id: string; label: string; indent: number; }[]; columns: { id: string; label: string; type: "period"; }[]; kpis: { ...; }[]; }' is missing the following properties from type 'Template': charts, version, createdAt, updatedAt
src/engines/TemplateEngine.test.ts(65,53): error TS2739: Type '{ id: string; industry: "technology"; name: string; description: string; category: "report"; rows: { id: string; label: string; indent: number; }[]; columns: { id: string; label: string; type: "period"; }[]; kpis: { ...; }[]; }' is missing the following properties from type 'Template': charts, version, createdAt, updatedAt
src/engines/TemplateEngine.test.ts(72,59): error TS2345: Argument of type '{ id: string; name: string; description: string; category: "report"; industry: "generic"; rows: { id: string; label: string; indent: number; }[]; columns: { id: string; label: string; type: "period"; }[]; kpis: { ...; }[]; }' is not assignable to parameter of type 'Template'.
  Type '{ id: string; name: string; description: string; category: "report"; industry: "generic"; rows: { id: string; label: string; indent: number; }[]; columns: { id: string; label: string; type: "period"; }[]; kpis: { ...; }[]; }' is missing the following properties from type 'Template': charts, version, createdAt, updatedAt
src/engines/TemplateEngine.test.ts(79,59): error TS2345: Argument of type '{ id: string; name: string; description: string; category: "report"; industry: "generic"; rows: { id: string; label: string; indent: number; }[]; columns: { id: string; label: string; type: "period"; }[]; kpis: { ...; }[]; }' is not assignable to parameter of type 'Template'.
  Type '{ id: string; name: string; description: string; category: "report"; industry: "generic"; rows: { id: string; label: string; indent: number; }[]; columns: { id: string; label: string; type: "period"; }[]; kpis: { ...; }[]; }' is missing the following properties from type 'Template': charts, version, createdAt, updatedAt
src/engines/TemplateLibrary.test.ts(8,8): error TS6133: 'FPTemplate' is declared but its value is never read.
src/engines/TemplateLibrary.test.ts(9,8): error TS6133: 'TemplateInstance' is declared but its value is never read.
src/engines/TemplateLibrary.test.ts(12,8): error TS6133: 'DriverDefinition' is declared but its value is never read.
src/engines/TemplateLibrary.test.ts(13,8): error TS6133: 'AccountDefinition' is declared but its value is never read.
src/engines/TemplateLibrary.test.ts(14,8): error TS6133: 'CascadeRuleDefinition' is declared but its value is never read.
src/engines/UndoRedoEngine.test.ts(6,20): error TS2339: Property 'reset' does not exist on type 'typeof UndoRedoEngine'.
src/engines/UndoRedoEngine.test.ts(10,20): error TS2339: Property 'push' does not exist on type 'typeof UndoRedoEngine'.
src/engines/UndoRedoEngine.test.ts(11,20): error TS2339: Property 'push' does not exist on type 'typeof UndoRedoEngine'.
src/engines/UndoRedoEngine.test.ts(17,20): error TS2339: Property 'push' does not exist on type 'typeof UndoRedoEngine'.
src/engines/UndoRedoEngine.test.ts(24,20): error TS2339: Property 'push' does not exist on type 'typeof UndoRedoEngine'.
src/engines/UndoRedoEngine.test.ts(25,20): error TS2339: Property 'push' does not exist on type 'typeof UndoRedoEngine'.
src/engines/UndoRedoEngine.test.ts(31,20): error TS2339: Property 'push' does not exist on type 'typeof UndoRedoEngine'.
src/engines/UndoRedoEngine.test.ts(32,20): error TS2339: Property 'reset' does not exist on type 'typeof UndoRedoEngine'.
src/engines/VersionControlEngine.test.ts(5,8): error TS6133: 'MergeConflict' is declared but its value is never read.
src/engines/VersionControlEngine.test.ts(6,8): error TS6133: 'SerializedVersionControlState' is declared but its value is never read.
src/engines/VersionControlEngine.test.ts(744,13): error TS6133: 'feature' is declared but its value is never read.
src/engines/VisualWorkflowEngine.test.ts(88,29): error TS2339: Property 'execute' does not exist on type 'VisualWorkflowEngine'.
src/engines/WaterfallBridgeEngine.ts(75,5): error TS6133: 'priorRevenue' is declared but its value is never read.
src/engines/WhatIfSandboxEngine.test.ts(6,36): error TS6133: 'Sandbox' is declared but its value is never read.
src/engines/WhatIfSandboxEngine.test.ts(6,50): error TS6133: 'SandboxComparison' is declared but its value is never read.
src/engines/WhatIfSandboxEngine.ts(409,61): error TS6133: 'id' is declared but its value is never read.
src/engines/WorkflowActionEngine.test.ts(125,14): error TS18046: 'result.output.errors' is of type 'unknown'.
src/engines/WorkflowBuilderEngine.test.ts(2,57): error TS6133: 'WorkflowEdge' is declared but its value is never read.
src/engines/WorkflowEngine.test.ts(2,31): error TS6133: 'WorkflowDefinition' is declared but its value is never read.
src/engines/WorkflowEngine.test.ts(2,56): error TS6133: 'WorkflowStep' is declared but its value is never read.
src/engines/WorkflowEngine.test.ts(2,75): error TS6133: 'ApprovalRequest' is declared but its value is never read.
src/engines/WorkflowSchedulerEngine.ts(255,34): error TS2588: Cannot assign to 'next' because it is a constant.
src/engines/XBRLEngine.ts(46,18): error TS6133: 'facts' is declared but its value is never read.
src/hooks/useAutoSave.ts(11,22): error TS2554: Expected 1 arguments, but got 0.
src/hooks/useCurrency.ts(12,32): error TS2339: Property 'currency' does not exist on type 'UserPreferences'.
src/hooks/useCurrency.ts(13,30): error TS2339: Property 'locale' does not exist on type 'UserPreferences'.
src/hooks/useExport.test.ts(5,27): error TS6133: 'waitFor' is declared but its value is never read.
src/hooks/useExport.test.ts(17,12): error TS2353: Object literal may only specify known properties, and 'col1' does not exist in type '(string | number | boolean | null)[]'.
src/hooks/useExport.test.ts(64,42): error TS2353: Object literal may only specify known properties, and 'columns' does not exist in type 'ExportData'.
src/hooks/useFirstRun.ts(18,37): error TS2367: This comparison appears to be unintentional because the types 'StorageValue<any>' and 'string' have no overlap.
src/hooks/useFirstRun.ts(32,59): error TS2345: Argument of type 'string' is not assignable to parameter of type 'StorageValue<any>'.
src/hooks/useFirstRun.ts(38,59): error TS2345: Argument of type 'string' is not assignable to parameter of type 'StorageValue<any>'.
src/hooks/useFreezePanes.ts(26,17): error TS2551: Property 'setColumnPinned' does not exist on type 'GridApi<any>'. Did you mean 'setColumnsPinned'?
src/hooks/useFreezePanes.ts(28,17): error TS2551: Property 'setColumnPinned' does not exist on type 'GridApi<any>'. Did you mean 'setColumnsPinned'?
src/hooks/useFreezePanes.ts(34,35): error TS6133: 'rowCount' is declared but its value is never read.
src/hooks/useFreezePanes.ts(44,17): error TS2551: Property 'setColumnPinned' does not exist on type 'GridApi<any>'. Did you mean 'setColumnsPinned'?
src/hooks/useOffline.test.ts(4,32): error TS6133: 'vi' is declared but its value is never read.
src/hooks/usePeriods.ts(58,14): error TS6133: 'key' is declared but its value is never read.
src/hooks/usePersistence.test.ts(42,7): error TS2345: Argument of type 'string' is not assignable to parameter of type 'StorageValue<any>'.
src/hooks/usePersistence.test.ts(62,58): error TS2345: Argument of type '{ storage: "indexeddb"; version: number; key: string; }' is not assignable to parameter of type 'PersistenceOptions'.
  Types of property 'storage' are incompatible.
    Type '"indexeddb"' is not assignable to type '"master" | "localstorage" | undefined'.
src/hooks/usePersistence.test.ts(74,58): error TS2345: Argument of type '{ storage: "indexeddb"; version: number; key: string; }' is not assignable to parameter of type 'PersistenceOptions'.
  Types of property 'storage' are incompatible.
    Type '"indexeddb"' is not assignable to type '"master" | "localstorage" | undefined'.
src/hooks/usePersistence.ts(25,35): error TS2345: Argument of type 'StorageValue<any>' is not assignable to parameter of type 'string'.
src/hooks/usePersistence.ts(28,47): error TS2339: Property '_version' does not exist on type '{}'.
src/hooks/usePersistence.ts(30,51): error TS2339: Property '_version' does not exist on type '{}'.
src/hooks/usePersistence.ts(34,39): error TS2339: Property '_data' does not exist on type '{}'.
src/hooks/usePersistence.ts(52,50): error TS2345: Argument of type 'string' is not assignable to parameter of type 'StorageValue<any>'.
src/hooks/useSector.test.ts(30,39): error TS2345: Argument of type '{ id: string; name: string; }[]' is not assignable to parameter of type 'SectorConfig[]'.
  Type '{ id: string; name: string; }' is missing the following properties from type 'SectorConfig': description, defaultKPIs, enabledModules, sidebarOrder, defaultCurrency
src/hooks/useSector.test.ts(31,44): error TS2345: Argument of type '(id: string) => { id: string; name: string; benchmarks: {}; } | undefined' is not assignable to parameter of type '(id: string) => SectorConfig | null'.
  Type '{ id: string; name: string; benchmarks: {}; } | undefined' is not assignable to type 'SectorConfig | null'.
    Type 'undefined' is not assignable to type 'SectorConfig | null'.
src/hooks/useSector.test.ts(42,45): error TS2345: Argument of type 'undefined' is not assignable to parameter of type 'SectorConfig | null'.
src/hooks/useSector.test.ts(43,45): error TS2345: Argument of type '{ id: string; name: string; benchmarks: {}; }' is not assignable to parameter of type 'SectorConfig'.
  Type '{ id: string; name: string; benchmarks: {}; }' is missing the following properties from type 'SectorConfig': description, defaultKPIs, enabledModules, sidebarOrder, defaultCurrency
src/hooks/useSector.test.ts(60,18): error TS2345: Argument of type '{ preferences: { activeSector: string; }; updatePreferences: Mock<Procedure>; }' is not assignable to parameter of type 'SettingsState'.
  Type '{ preferences: { activeSector: string; }; updatePreferences: Mock<Procedure>; }' is missing the following properties from type 'SettingsState': organization, users, roles, isLoading, and 11 more.
src/hooks/useSector.test.ts(79,18): error TS2345: Argument of type '{ preferences: { activeSector: string; }; updatePreferences: Mock<Procedure>; }' is not assignable to parameter of type 'SettingsState'.
  Type '{ preferences: { activeSector: string; }; updatePreferences: Mock<Procedure>; }' is missing the following properties from type 'SettingsState': organization, users, roles, isLoading, and 11 more.
src/hooks/useSector.test.ts(101,18): error TS2345: Argument of type '{ preferences: { activeSector: string; }; updatePreferences: Mock<Procedure>; }' is not assignable to parameter of type 'SettingsState'.
  Type '{ preferences: { activeSector: string; }; updatePreferences: Mock<Procedure>; }' is missing the following properties from type 'SettingsState': organization, users, roles, isLoading, and 11 more.
src/hooks/useSector.ts(3,1): error TS6133: 'SectorConfig' is declared but its value is never read.
src/hooks/useTauriMenu.ts(124,11): error TS2307: Cannot find module '@tauri-apps/plugin-global-shortcut' or its corresponding type declarations.
src/hooks/useUndoRedo.ts(18,16): error TS2315: Type 'UndoRedoEngine' is not generic.
src/hooks/useUndoRedo.ts(34,37): error TS2558: Expected 0 type arguments, but got 1.
src/hooks/useUndoRedo.ts(41,14): error TS2339: Property 'push' does not exist on type 'UndoRedoEngine'.
src/hooks/useUndoRedo.ts(45,31): error TS2576: Property 'undo' does not exist on type 'UndoRedoEngine'. Did you mean to access the static member 'UndoRedoEngine.undo' instead?
src/hooks/useUndoRedo.ts(52,31): error TS2576: Property 'redo' does not exist on type 'UndoRedoEngine'. Did you mean to access the static member 'UndoRedoEngine.redo' instead?
src/hooks/useUndoRedo.ts(58,27): error TS2576: Property 'canUndo' does not exist on type 'UndoRedoEngine'. Did you mean to access the static member 'UndoRedoEngine.canUndo' instead?
src/hooks/useUndoRedo.ts(59,27): error TS2576: Property 'canRedo' does not exist on type 'UndoRedoEngine'. Did you mean to access the static member 'UndoRedoEngine.canRedo' instead?
src/hooks/useUndoRedo.ts(60,36): error TS2339: Property 'getHistoryLength' does not exist on type 'UndoRedoEngine'.
src/pages/accounting/DepreciationPage.tsx(59,42): error TS2322: Type 'number' is not assignable to type 'string'.
src/pages/accounting/DepreciationPage.tsx(62,54): error TS2322: Type 'number' is not assignable to type 'string'.
src/pages/accounting/DepreciationPage.tsx(65,44): error TS2322: Type 'number' is not assignable to type 'string'.
src/pages/accounting/DepreciationPage.tsx(68,47): error TS2322: Type 'number' is not assignable to type 'string'.
src/pages/accounting/DepreciationPage.tsx(90,26): error TS2322: Type '(v: number) => string' is not assignable to type 'Formatter<ValueType, NameType> & ((value: ValueType, name: NameType, item: TooltipPayloadEntry, index: number, payload: TooltipPayload) => ReactNode | [...])'.
  Type '(v: number) => string' is not assignable to type 'Formatter<ValueType, NameType>'.
    Types of parameters 'v' and 'value' are incompatible.
      Type 'ValueType | undefined' is not assignable to type 'number'.
        Type 'undefined' is not assignable to type 'number'.
src/pages/accounting/MultiBookPage.tsx(1,20): error TS6133: 'useMemo' is declared but its value is never read.
src/pages/accounting/MultiBookPage.tsx(55,41): error TS2322: Type 'number' is not assignable to type 'string'.
src/pages/accounting/MultiBookPage.tsx(58,43): error TS2322: Type 'number' is not assignable to type 'string'.
src/pages/accounting/MultiBookPage.tsx(61,40): error TS2322: Type 'number' is not assignable to type 'string'.
src/pages/accounting/MultiBookPage.tsx(64,40): error TS2322: Type 'number' is not assignable to type 'string'.
src/pages/ai/AIIntelligencePage.tsx(4,1): error TS6133: 'AICopilotEngine' is declared but its value is never read.
src/pages/ai/AIIntelligencePage.tsx(8,22): error TS6133: 'AlertTriangle' is declared but its value is never read.
src/pages/ai/AIIntelligencePage.tsx(37,16): error TS2345: Argument of type '{ description: string; sentiment: any; confidence: number; }[]' is not assignable to parameter of type 'SetStateAction<{ label: string; score: number; category: string; }[]>'.
  Type '{ description: string; sentiment: any; confidence: number; }[]' is not assignable to type '{ label: string; score: number; category: string; }[]'.
    Type '{ description: string; sentiment: any; confidence: number; }' is missing the following properties from type '{ label: string; score: number; category: string; }': label, score, category
src/pages/ai/AIIntelligencePage.tsx(101,73): error TS2339: Property 'description' does not exist on type '{ label: string; score: number; category: string; }'.
src/pages/ai/AIIntelligencePage.tsx(103,70): error TS2339: Property 'sentiment' does not exist on type '{ label: string; score: number; category: string; }'.
src/pages/ai/AIIntelligencePage.tsx(104,28): error TS2339: Property 'sentiment' does not exist on type '{ label: string; score: number; category: string; }'.
src/pages/ai/AIIntelligencePage.tsx(106,70): error TS2339: Property 'confidence' does not exist on type '{ label: string; score: number; category: string; }'.
src/pages/analytics/AnalyticsPage.tsx(2,1): error TS6133: 'useAnalyticsStore' is declared but its value is never read.
src/pages/analytics/AnalyticsPage.tsx(3,2): error TS6133: 'useLocation' is declared but its value is never read.
src/pages/analytics/AnalyticsPage.tsx(8,1): error TS6133: 'Skeleton' is declared but its value is never read.
src/pages/analytics/AnalyticsPage.tsx(9,21): error TS6133: 'TrendingUp' is declared but its value is never read.
src/pages/analytics/AnalyticsPage.tsx(9,33): error TS6133: 'Users' is declared but its value is never read.
src/pages/analytics/AnalyticsPage.tsx(9,40): error TS6133: 'DollarSign' is declared but its value is never read.
src/pages/analytics/AnalyticsPage.tsx(10,1): error TS6133: 'AdvancedOLAPEngine' is declared but its value is never read.
src/pages/analytics/AnalyticsPage.tsx(11,1): error TS6133: 'AggregationDesigner' is declared but its value is never read.
src/pages/analytics/AnalyticsPage.tsx(12,1): error TS6133: 'DimensionalModelingEngine' is declared but its value is never read.
src/pages/analytics/AnalyticsPage.tsx(13,1): error TS6133: 'AggregateTableEngine' is declared but its value is never read.
src/pages/analytics/AnalyticsPage.tsx(14,1): error TS6133: 'AnomalyExplainer' is declared but its value is never read.
src/pages/analytics/AnalyticsPage.tsx(26,10): error TS6133: 'helpOpen' is declared but its value is never read.
src/pages/analytics/BenchmarkingPage.tsx(1,10): error TS6133: 'useState' is declared but its value is never read.
src/pages/analytics/BenchmarkingPage.tsx(9,10): error TS6133: 'formatCurrency' is declared but its value is never read.
src/pages/analytics/BenchmarkingPage.tsx(140,29): error TS2322: Type 'number' is not assignable to type 'string'.
src/pages/analytics/DashboardBuilderPage.tsx(1,20): error TS6133: 'useMemo' is declared but its value is never read.
src/pages/analytics/DashboardBuilderPage.tsx(4,34): error TS6133: 'Download' is declared but its value is never read.
src/pages/analytics/DataLineagePage.tsx(3,1): error TS6133: 'Button' is declared but its value is never read.
src/pages/analytics/GoalSeekPage.tsx(7,1): error TS6133: 'Alert' is declared but its value is never read.
src/pages/analytics/GoalSeekPage.tsx(9,18): error TS6133: 'TrendingUp' is declared but its value is never read.
src/pages/analytics/GoalSeekPage.tsx(9,30): error TS6133: 'BarChart3' is declared but its value is never read.
src/pages/analytics/GoalSeekPage.tsx(192,57): error TS2322: Type 'number' is not assignable to type 'string'.
src/pages/audit/AuditTrailPage.tsx(24,69): error TS2339: Property 'getAllEntries' does not exist on type 'typeof CellAuditTrailEngine'.
src/pages/audit/AuditTrailPage.tsx(28,23): error TS2554: Expected 1 arguments, but got 0.
src/pages/audit/AuditTrailPage.tsx(33,39): error TS2339: Property 'getAllEntries' does not exist on type 'typeof CellAuditTrailEngine'.
src/pages/audit/AuditTrailPage.tsx(102,60): error TS2339: Property 'getAllEntries' does not exist on type 'typeof CellAuditTrailEngine'.
src/pages/audit/FairValuePage.tsx(1,20): error TS6133: 'useMemo' is declared but its value is never read.
src/pages/audit/FairValuePage.tsx(6,39): error TS6133: 'Filter' is declared but its value is never read.
src/pages/audit/FairValuePage.tsx(59,46): error TS2322: Type 'number' is not assignable to type 'string'.
src/pages/audit/FairValuePage.tsx(62,46): error TS2322: Type 'number' is not assignable to type 'string'.
src/pages/audit/FairValuePage.tsx(65,50): error TS2322: Type 'number' is not assignable to type 'string'.
src/pages/audit/FairValuePage.tsx(68,39): error TS2322: Type 'number' is not assignable to type 'string'.
src/pages/audit/FairValuePage.tsx(91,26): error TS2322: Type '(v: number) => string' is not assignable to type 'Formatter<ValueType, NameType> & ((value: ValueType, name: NameType, item: TooltipPayloadEntry, index: number, payload: TooltipPayload) => ReactNode | [...])'.
  Type '(v: number) => string' is not assignable to type 'Formatter<ValueType, NameType>'.
    Types of parameters 'v' and 'value' are incompatible.
      Type 'ValueType | undefined' is not assignable to type 'number'.
        Type 'undefined' is not assignable to type 'number'.
src/pages/audit/ImpairmentPage.tsx(1,1): error TS6192: All imports in import declaration are unused.
src/pages/audit/ImpairmentPage.tsx(46,51): error TS2322: Type 'number' is not assignable to type 'string'.
src/pages/audit/ImpairmentPage.tsx(49,47): error TS2322: Type 'number' is not assignable to type 'string'.
src/pages/audit/ImpairmentPage.tsx(52,51): error TS2322: Type 'number' is not assignable to type 'string'.
src/pages/audit/ImpairmentPage.tsx(55,45): error TS2322: Type 'number' is not assignable to type 'string'.
src/pages/audit/SOXCompliancePage.tsx(223,9): error TS6133: 'navigate' is declared but its value is never read.
src/pages/audit/SOXCompliancePage.tsx(316,70): error TS2551: Property 'debits' does not exist on type 'TrialBalanceRow'. Did you mean 'debit'?
src/pages/audit/SOXCompliancePage.tsx(316,83): error TS2551: Property 'credits' does not exist on type 'TrialBalanceRow'. Did you mean 'credit'?
src/pages/auth/OnboardingWizard.tsx(11,47): error TS6133: 'BarChart3' is declared but its value is never read.
src/pages/auth/OnboardingWizard.tsx(11,58): error TS6133: 'TrendingUp' is declared but its value is never read.
src/pages/auth/OnboardingWizard.tsx(21,7): error TS6133: 'INDUSTRY_OPTIONS' is declared but its value is never read.
src/pages/auth/OnboardingWizard.tsx(50,9): error TS6133: 'handleComplete' is declared but its value is never read.
src/pages/auth/OnboardingWizard.tsx(56,33): error TS1355: A 'const' assertions can only be applied to references to enum members, or string, number, boolean, array, or object literals.
src/pages/auth/OnboardingWizard.tsx(57,38): error TS1355: A 'const' assertions can only be applied to references to enum members, or string, number, boolean, array, or object literals.
src/pages/auth/OnboardingWizard.tsx(58,30): error TS1355: A 'const' assertions can only be applied to references to enum members, or string, number, boolean, array, or object literals.
src/pages/auth/OnboardingWizard.tsx(59,30): error TS1355: A 'const' assertions can only be applied to references to enum members, or string, number, boolean, array, or object literals.
src/pages/auth/OnboardingWizard.tsx(75,24): error TS2339: Property 'name' does not exist on type 'User'.
src/pages/auth/OnboardingWizard.tsx(75,42): error TS2339: Property 'name' does not exist on type 'User'.
src/pages/banking/BankingDashboard.tsx(20,3): error TS6133: 'BarChart' is declared but its value is never read.
src/pages/banking/BankingDashboard.tsx(21,3): error TS6133: 'Bar' is declared but its value is never read.
src/pages/banking/BankingDashboard.tsx(153,11): error TS2322: Type '{ label: string; value: string; icon: Element; }' is not assignable to type 'IntrinsicAttributes & KPIValueProps'.
  Property 'icon' does not exist on type 'IntrinsicAttributes & KPIValueProps'.
src/pages/banking/BankingDashboard.tsx(158,11): error TS2322: Type '{ label: string; value: string; icon: Element; }' is not assignable to type 'IntrinsicAttributes & KPIValueProps'.
  Property 'icon' does not exist on type 'IntrinsicAttributes & KPIValueProps'.
src/pages/banking/BankingDashboard.tsx(163,11): error TS2322: Type '{ label: string; value: string; icon: Element; }' is not assignable to type 'IntrinsicAttributes & KPIValueProps'.
  Property 'icon' does not exist on type 'IntrinsicAttributes & KPIValueProps'.
src/pages/banking/BankingDashboard.tsx(167,71): error TS2339: Property 'nim' does not exist on type '{ netInterestMargin: number; interestIncome: number; interestExpense: number; earningAssets: number; }'.
src/pages/banking/BankingDashboard.tsx(168,11): error TS2322: Type '{ label: string; value: string; icon: Element; }' is not assignable to type 'IntrinsicAttributes & KPIValueProps'.
  Property 'icon' does not exist on type 'IntrinsicAttributes & KPIValueProps'.
src/pages/banking/BankingDashboard.tsx(242,42): error TS2551: Property 'interestInc' does not exist on type '{ netInterestMargin: number; interestIncome: number; interestExpense: number; earningAssets: number; }'. Did you mean 'interestIncome'?
src/pages/banking/BankingDashboard.tsx(248,42): error TS2339: Property 'interestExp' does not exist on type '{ netInterestMargin: number; interestIncome: number; interestExpense: number; earningAssets: number; }'.
src/pages/banking/BankingDashboard.tsx(253,71): error TS2551: Property 'netInterestInc' does not exist on type '{ netInterestMargin: number; interestIncome: number; interestExpense: number; earningAssets: number; }'. Did you mean 'netInterestMargin'?
src/pages/banking/BankingDashboard.tsx(257,70): error TS2339: Property 'nim' does not exist on type '{ netInterestMargin: number; interestIncome: number; interestExpense: number; earningAssets: number; }'.
src/pages/banking/BankingDashboard.tsx(273,21): error TS2322: Type '(v: number) => string' is not assignable to type 'Formatter<ValueType, NameType> & ((value: ValueType, name: NameType, item: TooltipPayloadEntry, index: number, payload: TooltipPayload) => ReactNode | [...])'.
  Type '(v: number) => string' is not assignable to type 'Formatter<ValueType, NameType>'.
    Types of parameters 'v' and 'value' are incompatible.
      Type 'ValueType | undefined' is not assignable to type 'number'.
        Type 'undefined' is not assignable to type 'number'.
src/pages/banking/CapitalAdequacyPage.tsx(28,48): error TS2345: Argument of type 'import("C:/Users/Tahir/Desktop/frontend that i want/src/types/index").GLEntry[]' is not assignable to parameter of type 'import("C:/Users/Tahir/Desktop/frontend that i want/src/types/sector-types").GLEntry[]'.
  Property 'currency' is missing in type 'import("C:/Users/Tahir/Desktop/frontend that i want/src/types/index").GLEntry' but required in type 'import("C:/Users/Tahir/Desktop/frontend that i want/src/types/sector-types").GLEntry'.
src/pages/banking/CapitalAdequacyPage.tsx(43,35): error TS18048: 'e.amount' is possibly 'undefined'.
src/pages/banking/LoanLossPage.tsx(1,8): error TS6133: 'React' is declared but its value is never read.
src/pages/banking/LoanLossPage.tsx(1,17): error TS6133: 'useState' is declared but its value is never read.
src/pages/banking/LoanLossPage.tsx(10,19): error TS6133: 'Activity' is declared but its value is never read.
src/pages/banking/LoanLossPage.tsx(10,42): error TS6133: 'TrendingDown' is declared but its value is never read.
src/pages/banking/LoanLossPage.tsx(10,66): error TS6133: 'BarChart3' is declared but its value is never read.
src/pages/banking/LoanLossPage.tsx(53,49): error TS2345: Argument of type 'import("C:/Users/Tahir/Desktop/frontend that i want/src/types/index").GLEntry[]' is not assignable to parameter of type 'import("C:/Users/Tahir/Desktop/frontend that i want/src/types/sector-types").GLEntry[]'.
  Property 'currency' is missing in type 'import("C:/Users/Tahir/Desktop/frontend that i want/src/types/index").GLEntry' but required in type 'import("C:/Users/Tahir/Desktop/frontend that i want/src/types/sector-types").GLEntry'.
src/pages/banking/LoanLossPage.tsx(66,59): error TS18048: 'e.amount' is possibly 'undefined'.
src/pages/banking/LoanLossPage.tsx(69,35): error TS18048: 'e.amount' is possibly 'undefined'.
src/pages/banking/LoanLossPage.tsx(73,35): error TS18048: 'e.amount' is possibly 'undefined'.
src/pages/banking/LoanLossPage.tsx(125,37): error TS2322: Type '"xs"' is not assignable to type '"default" | "icon" | "sm" | "lg" | undefined'.
src/pages/banking/LoanLossPage.tsx(155,32): error TS2339: Property 'trend' does not exist on type 'BankingStats'.
src/pages/banking/LoanLossPage.tsx(173,13): error TS2322: Type '{ children: Element; title: string; subtitle: string; height: number; className: string; }' is not assignable to type 'IntrinsicAttributes & ChartWrapperProps'.
  Property 'className' does not exist on type 'IntrinsicAttributes & ChartWrapperProps'.
src/pages/banking/LoanLossPage.tsx(182,19): error TS2322: Type '(value: number) => string' is not assignable to type 'Formatter<ValueType, NameType> & ((value: ValueType, name: NameType, item: TooltipPayloadEntry, index: number, payload: TooltipPayload) => ReactNode | [...])'.
  Type '(value: number) => string' is not assignable to type 'Formatter<ValueType, NameType>'.
    Types of parameters 'value' and 'value' are incompatible.
      Type 'ValueType | undefined' is not assignable to type 'number'.
        Type 'undefined' is not assignable to type 'number'.
src/pages/banking/LoanLossPage.tsx(218,39): error TS2322: Type '"xs"' is not assignable to type '"default" | "icon" | "sm" | "lg" | undefined'.
src/pages/banking/NIMDashboardPage.tsx(9,20): error TS6133: 'TrendingUp' is declared but its value is never read.
src/pages/banking/NIMDashboardPage.tsx(17,44): error TS2345: Argument of type 'import("C:/Users/Tahir/Desktop/frontend that i want/src/types/index").GLEntry[]' is not assignable to parameter of type 'import("C:/Users/Tahir/Desktop/frontend that i want/src/types/sector-types").GLEntry[]'.
  Property 'currency' is missing in type 'import("C:/Users/Tahir/Desktop/frontend that i want/src/types/index").GLEntry' but required in type 'import("C:/Users/Tahir/Desktop/frontend that i want/src/types/sector-types").GLEntry'.
src/pages/banking/NIMDashboardPage.tsx(29,108): error TS18048: 'e.amount' is possibly 'undefined'.
src/pages/banking/NIMDashboardPage.tsx(30,120): error TS18048: 'e.amount' is possibly 'undefined'.
src/pages/banking/NIMDashboardPage.tsx(91,24): error TS2339: Property 'nim' does not exist on type '{ netInterestMargin: number; interestIncome: number; interestExpense: number; earningAssets: number; }'.
src/pages/banking/NIMDashboardPage.tsx(95,32): error TS2339: Property 'trend' does not exist on type '{ netInterestMargin: number; interestIncome: number; interestExpense: number; earningAssets: number; }'.
src/pages/banking/NIMDashboardPage.tsx(99,24): error TS2551: Property 'netInterestInc' does not exist on type '{ netInterestMargin: number; interestIncome: number; interestExpense: number; earningAssets: number; }'. Did you mean 'netInterestMargin'?
src/pages/banking/NIMDashboardPage.tsx(106,24): error TS2339: Property 'yieldOnAssets' does not exist on type '{ netInterestMargin: number; interestIncome: number; interestExpense: number; earningAssets: number; }'.
src/pages/banking/NIMDashboardPage.tsx(113,24): error TS2339: Property 'costOfFunds' does not exist on type '{ netInterestMargin: number; interestIncome: number; interestExpense: number; earningAssets: number; }'.
src/pages/bonds/BondPortfolioPage.tsx(4,3): error TS6133: 'DollarSign' is declared but its value is never read.
src/pages/bonds/BondPortfolioPage.tsx(5,3): error TS6133: 'TrendingUp' is declared but its value is never read.
src/pages/bonds/BondPortfolioPage.tsx(7,3): error TS6133: 'Clock' is declared but its value is never read.
src/pages/bonds/BondPortfolioPage.tsx(12,1): error TS6133: 'FinancialInstrumentsEngine' is declared but its value is never read.
src/pages/bonds/BondPortfolioPage.tsx(13,1): error TS6133: 'OptionPricingEngine' is declared but its value is never read.
src/pages/bonds/BondPortfolioPage.tsx(20,3): error TS6133: 'BarChart' is declared but its value is never read.
src/pages/bonds/BondPortfolioPage.tsx(21,3): error TS6133: 'Bar' is declared but its value is never read.
src/pages/bonds/BondPortfolioPage.tsx(26,3): error TS6133: 'Legend' is declared but its value is never read.
src/pages/bonds/BondPortfolioPage.tsx(32,10): error TS2305: Module '"@/engines"' has no exported member 'BondPricingEngine'.
src/pages/bonds/BondPortfolioPage.tsx(128,49): error TS2345: Argument of type 'import("C:/Users/Tahir/Desktop/frontend that i want/src/types/index").GLEntry[]' is not assignable to parameter of type 'import("C:/Users/Tahir/Desktop/frontend that i want/src/types/sector-types").GLEntry[]'.
  Property 'currency' is missing in type 'import("C:/Users/Tahir/Desktop/frontend that i want/src/types/index").GLEntry' but required in type 'import("C:/Users/Tahir/Desktop/frontend that i want/src/types/sector-types").GLEntry'.
src/pages/bonds/BondPortfolioPage.tsx(338,21): error TS2322: Type '(value: number, name: string) => string | number' is not assignable to type 'Formatter<ValueType, NameType> & ((value: ValueType, name: NameType, item: TooltipPayloadEntry, index: number, payload: TooltipPayload) => ReactNode | [...])'.
  Type '(value: number, name: string) => string | number' is not assignable to type 'Formatter<ValueType, NameType>'.
    Types of parameters 'value' and 'value' are incompatible.
      Type 'ValueType | undefined' is not assignable to type 'number'.
        Type 'undefined' is not assignable to type 'number'.
src/pages/bonds/YieldCurvePage.tsx(2,55): error TS6133: 'ArrowRight' is declared but its value is never read.
src/pages/bonds/YieldCurvePage.tsx(16,3): error TS6133: 'AreaChart' is declared but its value is never read.
src/pages/bonds/YieldCurvePage.tsx(17,3): error TS6133: 'Area' is declared but its value is never read.
src/pages/bonds/YieldCurvePage.tsx(20,10): error TS2305: Module '"@/engines"' has no exported member 'YieldCurveEngine'.
src/pages/bonds/YieldCurvePage.tsx(20,33): error TS2305: Module '"@/engines"' has no exported member 'CurvePoint'.
src/pages/bonds/YieldCurvePage.tsx(77,38): error TS2345: Argument of type 'import("C:/Users/Tahir/Desktop/frontend that i want/src/types/index").GLEntry[]' is not assignable to parameter of type 'import("C:/Users/Tahir/Desktop/frontend that i want/src/types/sector-types").GLEntry[]'.
  Property 'currency' is missing in type 'import("C:/Users/Tahir/Desktop/frontend that i want/src/types/index").GLEntry' but required in type 'import("C:/Users/Tahir/Desktop/frontend that i want/src/types/sector-types").GLEntry'.
src/pages/bonds/YieldCurvePage.tsx(239,26): error TS2322: Type '(v: number) => string' is not assignable to type 'Formatter<ValueType, NameType> & ((value: ValueType, name: NameType, item: TooltipPayloadEntry, index: number, payload: TooltipPayload) => ReactNode | [...])'.
  Type '(v: number) => string' is not assignable to type 'Formatter<ValueType, NameType>'.
    Types of parameters 'v' and 'value' are incompatible.
      Type 'ValueType | undefined' is not assignable to type 'number'.
        Type 'undefined' is not assignable to type 'number'.
src/pages/bonds/YieldCurvePage.tsx(385,31): error TS7006: Parameter 'point' implicitly has an 'any' type.
src/pages/budgets/BudgetCreatePage.tsx(2,1): error TS6133: 'useUndoRedo' is declared but its value is never read.
src/pages/budgets/BudgetCreatePage.tsx(3,2): error TS6133: 'useLocation' is declared but its value is never read.
src/pages/budgets/BudgetCreatePage.tsx(16,10): error TS6133: 'helpOpen' is declared but its value is never read.
src/pages/budgets/BudgetCreatePage.tsx(23,25): error TS6133: 'budgets' is declared but its value is never read.
src/pages/budgets/BudgetCreatePage.tsx(45,9): error TS6133: 'accountOptions' is declared but its value is never read.
src/pages/budgets/BudgetCreatePage.tsx(54,17): error TS1355: A 'const' assertions can only be applied to references to enum members, or string, number, boolean, array, or object literals.
src/pages/budgets/BudgetCreatePage.tsx(59,17): error TS1355: A 'const' assertions can only be applied to references to enum members, or string, number, boolean, array, or object literals.
src/pages/budgets/BudgetCreatePage.tsx(64,17): error TS1355: A 'const' assertions can only be applied to references to enum members, or string, number, boolean, array, or object literals.
src/pages/budgets/BudgetCreatePage.tsx(69,17): error TS1355: A 'const' assertions can only be applied to references to enum members, or string, number, boolean, array, or object literals.
src/pages/budgets/BudgetCreatePage.tsx(99,7): error TS2353: Object literal may only specify known properties, and 'selectedAccounts' does not exist in type 'Omit<Budget, "id" | "createdAt" | "updatedAt" | "createdBy">'.
src/pages/budgets/BudgetCreatePage.tsx(236,22): error TS2322: Type '{ type: string; title: string; message: string; }' is not assignable to type 'IntrinsicAttributes & AlertProps'.
  Property 'type' does not exist on type 'IntrinsicAttributes & AlertProps'.
src/pages/budgets/BudgetDetailPage.tsx(1,10): error TS6133: 'useLocation' is declared but its value is never read.
src/pages/budgets/BudgetDetailPage.tsx(9,1): error TS6133: 'Skeleton' is declared but its value is never read.
src/pages/budgets/BudgetDetailPage.tsx(15,3): error TS6133: 'Unlock' is declared but its value is never read.
src/pages/budgets/BudgetDetailPage.tsx(16,3): error TS6133: 'Save' is declared but its value is never read.
src/pages/budgets/BudgetDetailPage.tsx(33,10): error TS6133: 'helpOpen' is declared but its value is never read.
src/pages/budgets/BudgetDetailPage.tsx(48,5): error TS2339: Property 'updateCell' does not exist on type 'BudgetState'.
src/pages/budgets/BudgetDetailPage.tsx(56,5): error TS2339: Property 'updateBudget' does not exist on type 'BudgetState'.
src/pages/budgets/BudgetListPage.tsx(2,2): error TS6133: 'useLocation' is declared but its value is never read.
src/pages/budgets/BudgetListPage.tsx(7,1): error TS6133: 'Skeleton' is declared but its value is never read.
src/pages/budgets/BudgetListPage.tsx(10,1): error TS6133: 'BudgetCollectionEngine' is declared but its value is never read.
src/pages/budgets/BudgetListPage.tsx(34,10): error TS6133: 'helpOpen' is declared but its value is never read.
src/pages/budgets/BudgetVAReport.tsx(19,3): error TS6133: 'Cell' is declared but its value is never read.
src/pages/budgets/BudgetVAReport.tsx(67,28): error TS2339: Property 'lineItems' does not exist on type 'Budget'.
src/pages/budgets/BudgetVAReport.tsx(67,49): error TS7006: Parameter 'item' implicitly has an 'any' type.
src/pages/budgets/BudgetVAReport.tsx(87,24): error TS7006: Parameter 'd' implicitly has an 'any' type.
src/pages/budgets/BudgetVAReport.tsx(124,39): error TS7006: Parameter 'd' implicitly has an 'any' type.
src/pages/budgets/BudgetVAReport.tsx(132,39): error TS7006: Parameter 'd' implicitly has an 'any' type.
src/pages/budgets/BudgetVAReport.tsx(158,12): error TS2571: Object is of type 'unknown'.
src/pages/budgets/BudgetVAReport.tsx(159,28): error TS2571: Object is of type 'unknown'.
src/pages/budgets/BudgetVAReport.tsx(160,37): error TS2345: Argument of type 'unknown' is not assignable to parameter of type 'number'.
src/pages/budgets/BudgetVAReport.tsx(303,17): error TS2322: Type '({ header: string; accessorKey: string; cell?: undefined; } | { header: string; accessorKey: string; cell: (i: { getValue: () => unknown; }) => string; } | { header: string; accessorKey: string; cell: (i: { getValue: () => unknown; }) => Element; })[]' is not assignable to type 'Column[]'.
  Type '{ header: string; accessorKey: string; cell?: undefined; } | { header: string; accessorKey: string; cell: (i: { getValue: () => unknown; }) => string; } | { header: string; accessorKey: string; cell: (i: { getValue: () => unknown; }) => Element; }' is not assignable to type 'Column'.
    Property 'key' is missing in type '{ header: string; accessorKey: string; cell?: undefined; }' but required in type 'Column'.
src/pages/capex/CapExDashboard.tsx(1,30): error TS6133: 'useState' is declared but its value is never read.
src/pages/capex/CapExDashboard.tsx(8,55): error TS6133: 'CheckCircle' is declared but its value is never read.
src/pages/capex/CapExDashboard.tsx(8,75): error TS6133: 'AlertCircle' is declared but its value is never read.
src/pages/capex/CapExDashboard.tsx(62,7): error TS6133: 'COLORS' is declared but its value is never read.
src/pages/capex/CapExDashboard.tsx(72,9): error TS6133: 'glCapex' is declared but its value is never read.
src/pages/capex/CapExDashboard.tsx(75,65): error TS2339: Property 'accountType' does not exist on type 'GLEntry'.
src/pages/capex/CapExDashboard.tsx(88,25): error TS2315: Type 'Column' is not generic.
src/pages/capex/CapExDashboard.tsx(92,49): error TS7006: Parameter 'r' implicitly has an 'any' type.
src/pages/capex/CapExDashboard.tsx(93,49): error TS7006: Parameter 'r' implicitly has an 'any' type.
src/pages/capex/CapExDashboard.tsx(97,16): error TS7006: Parameter 'r' implicitly has an 'any' type.
src/pages/capex/CapExDashboard.tsx(106,16): error TS7006: Parameter 'r' implicitly has an 'any' type.
src/pages/capex/CapExDashboard.tsx(113,69): error TS7053: Element implicitly has an 'any' type because expression of type 'any' can't be used to index type '{ Approved: string; 'In Progress': string; Pending: string; Completed: string; }'.
src/pages/capex/CapExDashboard.tsx(116,61): error TS7006: Parameter 'r' implicitly has an 'any' type.
src/pages/capex/CapExDashboard.tsx(160,76): error TS2322: Type '{ label: string; value: string; icon: Element; }' is not assignable to type 'IntrinsicAttributes & KPIValueProps'.
  Property 'icon' does not exist on type 'IntrinsicAttributes & KPIValueProps'.
src/pages/capex/CapExDashboard.tsx(161,70): error TS2322: Type '{ label: string; value: string; icon: Element; }' is not assignable to type 'IntrinsicAttributes & KPIValueProps'.
  Property 'icon' does not exist on type 'IntrinsicAttributes & KPIValueProps'.
src/pages/capex/CapExDashboard.tsx(162,89): error TS2322: Type '{ label: string; value: string; icon: Element; }' is not assignable to type 'IntrinsicAttributes & KPIValueProps'.
  Property 'icon' does not exist on type 'IntrinsicAttributes & KPIValueProps'.
src/pages/capex/CapExDashboard.tsx(163,74): error TS2322: Type '{ label: string; value: string; icon: Element; status: string; }' is not assignable to type 'IntrinsicAttributes & KPIValueProps'.
  Property 'icon' does not exist on type 'IntrinsicAttributes & KPIValueProps'.
src/pages/capex/CapExDashboard.tsx(164,74): error TS2322: Type '{ label: string; value: string; icon: Element; }' is not assignable to type 'IntrinsicAttributes & KPIValueProps'.
  Property 'icon' does not exist on type 'IntrinsicAttributes & KPIValueProps'.
src/pages/capex/CapExDashboard.tsx(178,26): error TS2322: Type '(v: number) => string' is not assignable to type 'Formatter<ValueType, NameType> & ((value: ValueType, name: NameType, item: TooltipPayloadEntry, index: number, payload: TooltipPayload) => ReactNode | [...])'.
  Type '(v: number) => string' is not assignable to type 'Formatter<ValueType, NameType>'.
    Types of parameters 'v' and 'value' are incompatible.
      Type 'ValueType | undefined' is not assignable to type 'number'.
        Type 'undefined' is not assignable to type 'number'.
src/pages/capex/CapExDashboard.tsx(265,22): error TS2322: Type 'CapExProject[]' is not assignable to type 'Record<string, unknown>[]'.
  Type 'CapExProject' is not assignable to type 'Record<string, unknown>'.
    Index signature for type 'string' is missing in type 'CapExProject'.
src/pages/capex/DepreciationForecastPage.tsx(7,46): error TS6133: 'BarChart3' is declared but its value is never read.
src/pages/capex/DepreciationForecastPage.tsx(71,9): error TS6133: 'glTotal' is declared but its value is never read.
src/pages/capex/DepreciationForecastPage.tsx(102,85): error TS2322: Type '{ label: string; value: string; icon: Element; }' is not assignable to type 'IntrinsicAttributes & KPIValueProps'.
  Property 'icon' does not exist on type 'IntrinsicAttributes & KPIValueProps'.
src/pages/capex/DepreciationForecastPage.tsx(103,82): error TS2322: Type '{ label: string; value: string; icon: Element; }' is not assignable to type 'IntrinsicAttributes & KPIValueProps'.
  Property 'icon' does not exist on type 'IntrinsicAttributes & KPIValueProps'.
src/pages/capex/DepreciationForecastPage.tsx(104,93): error TS2322: Type '{ label: string; value: string; icon: Element; }' is not assignable to type 'IntrinsicAttributes & KPIValueProps'.
  Property 'icon' does not exist on type 'IntrinsicAttributes & KPIValueProps'.
src/pages/capex/DepreciationForecastPage.tsx(105,85): error TS2322: Type '{ label: string; value: string; icon: Element; }' is not assignable to type 'IntrinsicAttributes & KPIValueProps'.
  Property 'icon' does not exist on type 'IntrinsicAttributes & KPIValueProps'.
src/pages/capex/DepreciationForecastPage.tsx(168,113): error TS2322: Type '(v: number) => string' is not assignable to type 'Formatter<ValueType, NameType> & ((value: ValueType, name: NameType, item: TooltipPayloadEntry, index: number, payload: TooltipPayload) => ReactNode | [...])'.
  Type '(v: number) => string' is not assignable to type 'Formatter<ValueType, NameType>'.
    Types of parameters 'v' and 'value' are incompatible.
      Type 'ValueType | undefined' is not assignable to type 'number'.
        Type 'undefined' is not assignable to type 'number'.
src/pages/capex/DepreciationForecastPage.tsx(185,113): error TS2322: Type '(v: number) => string' is not assignable to type 'Formatter<ValueType, NameType> & ((value: ValueType, name: NameType, item: TooltipPayloadEntry, index: number, payload: TooltipPayload) => ReactNode | [...])'.
  Type '(v: number) => string' is not assignable to type 'Formatter<ValueType, NameType>'.
    Types of parameters 'v' and 'value' are incompatible.
      Type 'ValueType | undefined' is not assignable to type 'number'.
        Type 'undefined' is not assignable to type 'number'.
src/pages/cash/CashForecastPage.tsx(1,30): error TS6133: 'useState' is declared but its value is never read.
src/pages/cash/CashForecastPage.tsx(8,22): error TS6133: 'Download' is declared but its value is never read.
src/pages/cash/CashForecastPage.tsx(10,1): error TS6133: 'CashFlowWaterfallEngine' is declared but its value is never read.
src/pages/cash/CashForecastPage.tsx(11,31): error TS6133: 'BarChart' is declared but its value is never read.
src/pages/cash/CashForecastPage.tsx(11,92): error TS6133: 'LineChart' is declared but its value is never read.
src/pages/cash/CashForecastPage.tsx(11,124): error TS6133: 'Area' is declared but its value is never read.
src/pages/cash/CashForecastPage.tsx(66,21): error TS2315: Type 'Column' is not generic.
src/pages/cash/CashForecastPage.tsx(68,66): error TS7006: Parameter 'r' implicitly has an 'any' type.
src/pages/cash/CashForecastPage.tsx(69,68): error TS7006: Parameter 'r' implicitly has an 'any' type.
src/pages/cash/CashForecastPage.tsx(70,58): error TS7006: Parameter 'r' implicitly has an 'any' type.
src/pages/cash/CashForecastPage.tsx(87,75): error TS2322: Type '{ label: string; value: string; icon: Element; }' is not assignable to type 'IntrinsicAttributes & KPIValueProps'.
  Property 'icon' does not exist on type 'IntrinsicAttributes & KPIValueProps'.
src/pages/cash/CashForecastPage.tsx(88,78): error TS2322: Type '{ label: string; value: string; icon: Element; }' is not assignable to type 'IntrinsicAttributes & KPIValueProps'.
  Property 'icon' does not exist on type 'IntrinsicAttributes & KPIValueProps'.
src/pages/cash/CashForecastPage.tsx(89,80): error TS2322: Type '{ label: string; value: string; icon: Element; }' is not assignable to type 'IntrinsicAttributes & KPIValueProps'.
  Property 'icon' does not exist on type 'IntrinsicAttributes & KPIValueProps'.
src/pages/cash/CashForecastPage.tsx(90,79): error TS2322: Type '{ label: string; value: string; icon: Element; }' is not assignable to type 'IntrinsicAttributes & KPIValueProps'.
  Property 'icon' does not exist on type 'IntrinsicAttributes & KPIValueProps'.
src/pages/cash/CashForecastPage.tsx(115,24): error TS2322: Type '(v: number) => string' is not assignable to type 'Formatter<ValueType, NameType> & ((value: ValueType, name: NameType, item: TooltipPayloadEntry, index: number, payload: TooltipPayload) => ReactNode | [...])'.
  Type '(v: number) => string' is not assignable to type 'Formatter<ValueType, NameType>'.
    Types of parameters 'v' and 'value' are incompatible.
      Type 'ValueType | undefined' is not assignable to type 'number'.
        Type 'undefined' is not assignable to type 'number'.
src/pages/cash/CashForecastPage.tsx(124,39): error TS2322: Type 'CategoryRow[]' is not assignable to type 'Record<string, unknown>[]'.
  Type 'CategoryRow' is not assignable to type 'Record<string, unknown>'.
    Index signature for type 'string' is missing in type 'CategoryRow'.
src/pages/cash/DebtSchedulePage.tsx(1,30): error TS6133: 'useState' is declared but its value is never read.
src/pages/cash/DebtSchedulePage.tsx(8,20): error TS6133: 'Download' is declared but its value is never read.
src/pages/cash/DebtSchedulePage.tsx(10,1): error TS6133: 'DebtScheduleEngine' is declared but its value is never read.
src/pages/cash/DebtSchedulePage.tsx(11,1): error TS6133: 'LoanAmortizationEngine' is declared but its value is never read.
src/pages/cash/DebtSchedulePage.tsx(134,101): error TS2322: Type '(v: number) => string' is not assignable to type 'Formatter<ValueType, NameType> & ((value: ValueType, name: NameType, item: TooltipPayloadEntry, index: number, payload: TooltipPayload) => ReactNode | [...])'.
  Type '(v: number) => string' is not assignable to type 'Formatter<ValueType, NameType>'.
    Types of parameters 'v' and 'value' are incompatible.
      Type 'ValueType | undefined' is not assignable to type 'number'.
        Type 'undefined' is not assignable to type 'number'.
src/pages/cash/DebtSchedulePage.tsx(150,101): error TS2322: Type '(v: number) => string' is not assignable to type 'Formatter<ValueType, NameType> & ((value: ValueType, name: NameType, item: TooltipPayloadEntry, index: number, payload: TooltipPayload) => ReactNode | [...])'.
  Type '(v: number) => string' is not assignable to type 'Formatter<ValueType, NameType>'.
    Types of parameters 'v' and 'value' are incompatible.
      Type 'ValueType | undefined' is not assignable to type 'number'.
        Type 'undefined' is not assignable to type 'number'.
src/pages/cash/WorkingCapitalPage.tsx(1,30): error TS6133: 'useState' is declared but its value is never read.
src/pages/cash/WorkingCapitalPage.tsx(8,10): error TS6133: 'Download' is declared but its value is never read.
src/pages/cash/WorkingCapitalPage.tsx(10,1): error TS6133: 'WorkingCapitalEngine' is declared but its value is never read.
src/pages/cash/WorkingCapitalPage.tsx(72,18): error TS2315: Type 'Column' is not generic.
src/pages/cash/WorkingCapitalPage.tsx(74,64): error TS7006: Parameter 'r' implicitly has an 'any' type.
src/pages/cash/WorkingCapitalPage.tsx(76,60): error TS7006: Parameter 'r' implicitly has an 'any' type.
src/pages/cash/WorkingCapitalPage.tsx(93,75): error TS2322: Type '{ label: string; value: string; icon: Element; }' is not assignable to type 'IntrinsicAttributes & KPIValueProps'.
  Property 'icon' does not exist on type 'IntrinsicAttributes & KPIValueProps'.
src/pages/cash/WorkingCapitalPage.tsx(94,78): error TS2322: Type '{ label: string; value: string; icon: Element; }' is not assignable to type 'IntrinsicAttributes & KPIValueProps'.
  Property 'icon' does not exist on type 'IntrinsicAttributes & KPIValueProps'.
src/pages/cash/WorkingCapitalPage.tsx(95,74): error TS2322: Type '{ label: string; value: string; icon: Element; }' is not assignable to type 'IntrinsicAttributes & KPIValueProps'.
  Property 'icon' does not exist on type 'IntrinsicAttributes & KPIValueProps'.
src/pages/cash/WorkingCapitalPage.tsx(96,76): error TS2322: Type '{ label: string; value: string; icon: Element; }' is not assignable to type 'IntrinsicAttributes & KPIValueProps'.
  Property 'icon' does not exist on type 'IntrinsicAttributes & KPIValueProps'.
src/pages/cash/WorkingCapitalPage.tsx(112,24): error TS2322: Type '(v: number) => string' is not assignable to type 'Formatter<ValueType, NameType> & ((value: ValueType, name: NameType, item: TooltipPayloadEntry, index: number, payload: TooltipPayload) => ReactNode | [...])'.
  Type '(v: number) => string' is not assignable to type 'Formatter<ValueType, NameType>'.
    Types of parameters 'v' and 'value' are incompatible.
      Type 'ValueType | undefined' is not assignable to type 'number'.
        Type 'undefined' is not assignable to type 'number'.
src/pages/cash/WorkingCapitalPage.tsx(121,36): error TS2322: Type 'ComponentRow[]' is not assignable to type 'Record<string, unknown>[]'.
  Type 'ComponentRow' is not assignable to type 'Record<string, unknown>'.
    Index signature for type 'string' is missing in type 'ComponentRow'.
src/pages/charts/ChartShowcasePage.tsx(73,30): error TS2322: Type '{ category: string; budget: number; actual: number; }[]' is not assignable to type 'VarianceDataPoint[]'.
  Property 'name' is missing in type '{ category: string; budget: number; actual: number; }' but required in type 'VarianceDataPoint'.
src/pages/collaboration/ApprovalQueuePage.tsx(6,1): error TS6192: All imports in import declaration are unused.
src/pages/collaboration/ApprovalQueuePage.tsx(27,9): error TS6133: 'navigate' is declared but its value is never read.
src/pages/collaboration/ApprovalQueuePage.tsx(62,9): error TS6133: 'handleApprove' is declared but its value is never read.
src/pages/collaboration/ApprovalQueuePage.tsx(63,16): error TS2345: Argument of type '{ resourceType: string; resourceId: string; cellId: null; parentId: null; authorId: string; authorName: string; authorInitials: string; content: string; mentions: never[]; }' is not assignable to parameter of type 'Omit<Comment, "id" | "createdAt" | "replies">'.
  Type '{ resourceType: string; resourceId: string; cellId: null; parentId: null; authorId: string; authorName: string; authorInitials: string; content: string; mentions: never[]; }' is missing the following properties from type 'Omit<Comment, "id" | "createdAt" | "replies">': isResolved, resolvedAt
src/pages/collaboration/ApprovalQueuePage.tsx(84,18): error TS2315: Type 'Column' is not generic.
src/pages/collaboration/ApprovalQueuePage.tsx(88,64): error TS7006: Parameter 'r' implicitly has an 'any' type.
src/pages/collaboration/ApprovalQueuePage.tsx(90,48): error TS7006: Parameter 'r' implicitly has an 'any' type.
src/pages/collaboration/ApprovalQueuePage.tsx(107,70): error TS2322: Type '{ label: string; value: string; icon: Element; }' is not assignable to type 'IntrinsicAttributes & KPIValueProps'.
  Property 'icon' does not exist on type 'IntrinsicAttributes & KPIValueProps'.
src/pages/collaboration/ApprovalQueuePage.tsx(108,67): error TS2322: Type '{ label: string; value: string; icon: Element; }' is not assignable to type 'IntrinsicAttributes & KPIValueProps'.
  Property 'icon' does not exist on type 'IntrinsicAttributes & KPIValueProps'.
src/pages/collaboration/ApprovalQueuePage.tsx(109,69): error TS2322: Type '{ label: string; value: string; icon: Element; }' is not assignable to type 'IntrinsicAttributes & KPIValueProps'.
  Property 'icon' does not exist on type 'IntrinsicAttributes & KPIValueProps'.
src/pages/collaboration/ApprovalQueuePage.tsx(110,69): error TS2322: Type '{ label: string; value: string; icon: Element; }' is not assignable to type 'IntrinsicAttributes & KPIValueProps'.
  Property 'icon' does not exist on type 'IntrinsicAttributes & KPIValueProps'.
src/pages/collaboration/ApprovalQueuePage.tsx(117,36): error TS2322: Type 'ApprovalRow[]' is not assignable to type 'Record<string, unknown>[]'.
  Type 'ApprovalRow' is not assignable to type 'Record<string, unknown>'.
    Index signature for type 'string' is missing in type 'ApprovalRow'.
src/pages/collaboration/CollaborationPage.tsx(77,23): error TS2339: Property 'resourceName' does not exist on type 'Comment'.
src/pages/collaboration/CollaborationPage.tsx(84,9): error TS2322: Type '{ id: string; title: string; assignee: string; priority: TaskPriority; status: TaskStatus; dueDate: string; }[]' is not assignable to type 'TaskRow[]'.
  Type '{ id: string; title: string; assignee: string; priority: TaskPriority; status: TaskStatus; dueDate: string; }' is not assignable to type 'TaskRow'.
    Types of property 'status' are incompatible.
      Type 'TaskStatus' is not assignable to type '"InProgress" | "Pending" | "Completed" | "Cancelled"'.
        Type '"Todo"' is not assignable to type '"InProgress" | "Pending" | "Completed" | "Cancelled"'.
src/pages/collaboration/CollaborationPage.tsx(115,24): error TS2339: Property 'name' does not exist on type 'User'.
src/pages/collaboration/CollaborationPage.tsx(116,28): error TS2339: Property 'name' does not exist on type 'User'.
src/pages/collaboration/CollaborationPage.tsx(116,48): error TS7006: Parameter 'n' implicitly has an 'any' type.
src/pages/collaboration/CollaborationPage.tsx(124,22): error TS2339: Property 'name' does not exist on type 'User'.
src/pages/collaboration/CollaborationPage.tsx(141,26): error TS2339: Property 'name' does not exist on type 'User'.
src/pages/collaboration/CollaborationPage.tsx(144,7): error TS2322: Type '"Pending"' is not assignable to type 'TaskStatus'.
src/pages/collaboration/CollaborationPage.tsx(151,22): error TS2339: Property 'name' does not exist on type 'User'.
src/pages/collaboration/CollaborationPage.tsx(164,30): error TS2345: Argument of type '"InProgress" | "Pending" | "Completed" | "Cancelled"' is not assignable to parameter of type 'TaskStatus'.
  Type '"Pending"' is not assignable to type 'TaskStatus'.
src/pages/collaboration/CollaborationPage.tsx(168,24): error TS2339: Property 'name' does not exist on type 'User'.
src/pages/collaboration/CollaborationPage.tsx(179,25): error TS2315: Type 'Column' is not generic.
src/pages/collaboration/CollaborationPage.tsx(184,66): error TS7006: Parameter 'v' implicitly has an 'any' type.
src/pages/collaboration/CollaborationPage.tsx(188,22): error TS2315: Type 'Column' is not generic.
src/pages/collaboration/CollaborationPage.tsx(195,16): error TS7006: Parameter 'v' implicitly has an 'any' type.
src/pages/collaboration/CollaborationPage.tsx(205,16): error TS7006: Parameter 'v' implicitly has an 'any' type.
src/pages/collaboration/CollaborationPage.tsx(205,19): error TS7006: Parameter 'row' implicitly has an 'any' type.
src/pages/collaboration/CollaborationPage.tsx(218,63): error TS7006: Parameter 'v' implicitly has an 'any' type.
src/pages/collaboration/CollaborationPage.tsx(221,26): error TS2315: Type 'Column' is not generic.
src/pages/collaboration/CollaborationPage.tsx(225,66): error TS7006: Parameter 'v' implicitly has an 'any' type.
src/pages/collaboration/CollaborationPage.tsx(228,42): error TS2367: This comparison appears to be unintentional because the types 'TaskStatus' and '"Pending"' have no overlap.
src/pages/collaboration/CollaborationPage.tsx(248,40): error TS2322: Type 'number' is not assignable to type 'string'.
src/pages/collaboration/CollaborationPage.tsx(253,45): error TS2322: Type 'number' is not assignable to type 'string'.
src/pages/collaboration/CollaborationPage.tsx(258,43): error TS2322: Type 'number' is not assignable to type 'string'.
src/pages/collaboration/CollaborationPage.tsx(263,40): error TS2322: Type 'number' is not assignable to type 'string'.
src/pages/collaboration/CollaborationPage.tsx(304,24): error TS2322: Type 'CommentRow[]' is not assignable to type 'Record<string, unknown>[]'.
  Type 'CommentRow' is not assignable to type 'Record<string, unknown>'.
    Index signature for type 'string' is missing in type 'CommentRow'.
src/pages/collaboration/CollaborationPage.tsx(343,24): error TS2322: Type 'TaskRow[]' is not assignable to type 'Record<string, unknown>[]'.
  Type 'TaskRow' is not assignable to type 'Record<string, unknown>'.
    Index signature for type 'string' is missing in type 'TaskRow'.
src/pages/collaboration/CollaborationPage.tsx(358,24): error TS2322: Type 'ActivityRow[]' is not assignable to type 'Record<string, unknown>[]'.
  Type 'ActivityRow' is not assignable to type 'Record<string, unknown>'.
    Index signature for type 'string' is missing in type 'ActivityRow'.
src/pages/consolidation/ConsolidationDashboard.tsx(6,1): error TS6133: 'FinancialTable' is declared but its value is never read.
src/pages/consolidation/ConsolidationDashboard.tsx(9,1): error TS6133: 'AllocationRuleEngine' is declared but its value is never read.
src/pages/consolidation/ConsolidationDashboard.tsx(10,31): error TS6133: 'LayoutGrid' is declared but its value is never read.
src/pages/consolidation/ConsolidationDashboard.tsx(10,43): error TS6133: 'List' is declared but its value is never read.
src/pages/consolidation/ConsolidationDashboard.tsx(28,21): error TS6133: 'setIsLoading' is declared but its value is never read.
src/pages/consolidation/ConsolidationDashboard.tsx(130,9): error TS6133: 'consolidatedData' is declared but its value is never read.
src/pages/consolidation/ConsolidationDashboard.tsx(134,11): error TS2322: Type '{ entityId: string; entityName: string; currency: string; entries: { id: string; entityId: string; accountCode: string; accountName: string; amount: number; date: string; period: string; }[]; }[]' is not assignable to type 'EntityData[]'.
  Type '{ entityId: string; entityName: string; currency: string; entries: { id: string; entityId: string; accountCode: string; accountName: string; amount: number; date: string; period: string; }[]; }' is not assignable to type 'EntityData'.
    Types of property 'entries' are incompatible.
      Type '{ id: string; entityId: string; accountCode: string; accountName: string; amount: number; date: string; period: string; }[]' is not assignable to type 'GLEntry[]'.
        Property 'currency' is missing in type '{ id: string; entityId: string; accountCode: string; accountName: string; amount: number; date: string; period: string; }' but required in type 'GLEntry'.
src/pages/consolidation/ConsolidationDashboard.tsx(160,11): error TS2322: Type '{ parentId: string; childId: string; ownershipPct: number; }[]' is not assignable to type 'OwnershipStructure[]'.
  Property 'method' is missing in type '{ parentId: string; childId: string; ownershipPct: number; }' but required in type 'OwnershipStructure'.
src/pages/consolidation/ICEliminationPage.tsx(6,1): error TS6133: 'IntercompanyMatchingEngine' is declared but its value is never read.
src/pages/construction/ConstructionDashboardPage.test.tsx(56,20): error TS2345: Argument of type 'unknown' is not assignable to parameter of type 'object'.
src/pages/construction/ConstructionDashboardPage.tsx(2,1): error TS6133: 'useConstructionStore' is declared but its value is never read.
src/pages/construction/ConstructionDashboardPage.tsx(4,3): error TS6133: 'Construction' is declared but its value is never read.
src/pages/construction/ConstructionDashboardPage.tsx(5,3): error TS6133: 'HardHat' is declared but its value is never read.
src/pages/construction/ConstructionDashboardPage.tsx(7,3): error TS6133: 'DollarSign' is declared but its value is never read.
src/pages/construction/ConstructionDashboardPage.tsx(11,3): error TS6133: 'Filter' is declared but its value is never read.
src/pages/construction/ConstructionDashboardPage.tsx(12,3): error TS6133: 'ArrowUpRight' is declared but its value is never read.
src/pages/construction/ConstructionDashboardPage.tsx(13,3): error TS6133: 'BarChart3' is declared but its value is never read.
src/pages/construction/ConstructionDashboardPage.tsx(14,3): error TS6133: 'Calendar' is declared but its value is never read.
src/pages/construction/ConstructionDashboardPage.tsx(17,1): error TS6133: 'ConstructionEngine' is declared but its value is never read.
src/pages/construction/ConstructionDashboardPage.tsx(25,3): error TS6133: 'BarChart' is declared but its value is never read.
src/pages/construction/ConstructionDashboardPage.tsx(32,3): error TS6133: 'Cell' is declared but its value is never read.
src/pages/construction/ConstructionDashboardPage.tsx(35,3): error TS6133: 'Area' is declared but its value is never read.
src/pages/construction/ConstructionDashboardPage.tsx(129,9): error TS2322: Type 'unknown' is not assignable to type 'ReactI18NextChildren | Iterable<ReactI18NextChildren>'.
src/pages/construction/ConstructionDashboardPage.tsx(140,49): error TS2322: Type 'unknown' is not assignable to type 'ReactI18NextChildren | Iterable<ReactI18NextChildren>'.
src/pages/construction/ConstructionDashboardPage.tsx(142,56): error TS2322: Type 'unknown' is not assignable to type 'Width<string | number> | undefined'.
src/pages/construction/EquipmentManagementPage.tsx(3,3): error TS6133: 'Truck' is declared but its value is never read.
src/pages/construction/EquipmentManagementPage.tsx(4,3): error TS6133: 'Settings' is declared but its value is never read.
src/pages/construction/EquipmentManagementPage.tsx(5,3): error TS6133: 'TrendingUp' is declared but its value is never read.
src/pages/construction/EquipmentManagementPage.tsx(6,3): error TS6133: 'DollarSign' is declared but its value is never read.
src/pages/construction/EquipmentManagementPage.tsx(9,3): error TS6133: 'Calendar' is declared but its value is never read.
src/pages/construction/EquipmentManagementPage.tsx(11,3): error TS6133: 'Filter' is declared but its value is never read.
src/pages/construction/EquipmentManagementPage.tsx(12,3): error TS6133: 'BarChart3' is declared but its value is never read.
src/pages/construction/EquipmentManagementPage.tsx(30,3): error TS6133: 'BarChart' is declared but its value is never read.
src/pages/construction/EquipmentManagementPage.tsx(31,3): error TS6133: 'Bar' is declared but its value is never read.
src/pages/construction/EquipmentManagementPage.tsx(32,3): error TS6133: 'Cell' is declared but its value is never read.
src/pages/construction/EquipmentManagementPage.tsx(125,9): error TS2322: Type 'unknown' is not assignable to type 'ReactI18NextChildren | Iterable<ReactI18NextChildren>'.
src/pages/construction/EquipmentManagementPage.tsx(137,87): error TS2322: Type 'unknown' is not assignable to type 'ReactI18NextChildren | Iterable<ReactI18NextChildren>'.
src/pages/construction/ProjectCostingPage.tsx(4,3): error TS6133: 'DollarSign' is declared but its value is never read.
src/pages/construction/ProjectCostingPage.tsx(5,3): error TS6133: 'TrendingDown' is declared but its value is never read.
src/pages/construction/ProjectCostingPage.tsx(6,3): error TS6133: 'AlertTriangle' is declared but its value is never read.
src/pages/construction/ProjectCostingPage.tsx(7,3): error TS6133: 'FileText' is declared but its value is never read.
src/pages/construction/ProjectCostingPage.tsx(10,3): error TS6133: 'Filter' is declared but its value is never read.
src/pages/construction/ProjectCostingPage.tsx(13,15): error TS6133: 'PieChartIcon' is declared but its value is never read.
src/pages/construction/ProjectCostingPage.tsx(30,3): error TS6133: 'PieChart' is declared but its value is never read.
src/pages/construction/ProjectCostingPage.tsx(31,3): error TS6133: 'Pie' is declared but its value is never read.
src/pages/construction/ProjectCostingPage.tsx(144,24): error TS18046: 'v' is of type 'unknown'.
src/pages/construction/ProjectCostingPage.tsx(145,9): error TS2322: Type 'unknown' is not assignable to type 'ReactI18NextChildren | Iterable<ReactI18NextChildren>'.
src/pages/construction/ProjectCostingPage.tsx(158,9): error TS2322: Type 'unknown' is not assignable to type 'ReactI18NextChildren | Iterable<ReactI18NextChildren>'.
src/pages/construction/ProjectCostingPage.tsx(239,28): error TS2322: Type '(v: number) => string' is not assignable to type 'Formatter<ValueType, NameType> & ((value: ValueType, name: NameType, item: TooltipPayloadEntry, index: number, payload: TooltipPayload) => ReactNode | [...])'.
  Type '(v: number) => string' is not assignable to type 'Formatter<ValueType, NameType>'.
    Types of parameters 'v' and 'value' are incompatible.
      Type 'ValueType | undefined' is not assignable to type 'number'.
        Type 'undefined' is not assignable to type 'number'.
src/pages/credit/CreditRiskPage.tsx(4,3): error TS6133: 'DollarSign' is declared but its value is never read.
src/pages/credit/CreditRiskPage.tsx(5,3): error TS6133: 'TrendingDown' is declared but its value is never read.
src/pages/credit/CreditRiskPage.tsx(7,3): error TS6133: 'AlertTriangle' is declared but its value is never read.
src/pages/credit/CreditRiskPage.tsx(30,10): error TS2305: Module '"@/engines"' has no exported member 'CreditRiskEngine'.
src/pages/credit/CreditRiskPage.tsx(30,33): error TS2305: Module '"@/engines"' has no exported member 'Financials'.
src/pages/credit/CreditRiskPage.tsx(176,53): error TS2345: Argument of type 'import("C:/Users/Tahir/Desktop/frontend that i want/src/types/index").GLEntry[]' is not assignable to parameter of type 'import("C:/Users/Tahir/Desktop/frontend that i want/src/types/sector-types").GLEntry[]'.
  Property 'currency' is missing in type 'import("C:/Users/Tahir/Desktop/frontend that i want/src/types/index").GLEntry' but required in type 'import("C:/Users/Tahir/Desktop/frontend that i want/src/types/sector-types").GLEntry'.
src/pages/credit/CreditRiskPage.tsx(346,21): error TS2322: Type '(v: number) => [string, string]' is not assignable to type 'Formatter<ValueType, NameType> & ((value: ValueType, name: NameType, item: TooltipPayloadEntry, index: number, payload: TooltipPayload) => ReactNode | [...])'.
  Type '(v: number) => [string, string]' is not assignable to type 'Formatter<ValueType, NameType>'.
    Types of parameters 'v' and 'value' are incompatible.
      Type 'ValueType | undefined' is not assignable to type 'number'.
        Type 'undefined' is not assignable to type 'number'.
src/pages/currency/FXRatesPage.tsx(1,23): error TS6133: 'useMemo' is declared but its value is never read.
src/pages/currency/FXRatesPage.tsx(7,24): error TS6133: 'RefreshCw' is declared but its value is never read.
src/pages/currency/FXRatesPage.tsx(119,47): error TS2322: Type '"xs"' is not assignable to type '"default" | "icon" | "sm" | "lg" | undefined'.
src/pages/currency/HedgeManagementPage.tsx(198,47): error TS2322: Type '"xs"' is not assignable to type '"default" | "icon" | "sm" | "lg" | undefined'.
src/pages/currency/HedgeManagementPage.tsx(201,47): error TS2322: Type '"xs"' is not assignable to type '"default" | "icon" | "sm" | "lg" | undefined'.
src/pages/DashboardPage.tsx(16,1): error TS6133: 'RecentFilesEngine' is declared but its value is never read.
src/pages/DashboardPage.tsx(158,25): error TS2339: Property 'kpis' does not exist on type 'SectorConfig'.
src/pages/DashboardPage.tsx(158,35): error TS7006: Parameter 'kpi' implicitly has an 'any' type.
src/pages/DashboardPage.tsx(227,41): error TS2322: Type 'number' is not assignable to type 'string'.
src/pages/DashboardPage.tsx(235,9): error TS6133: 'copilotAnswer' is declared but its value is never read.
src/pages/DashboardPage.tsx(250,37): error TS2322: Type '"xs"' is not assignable to type '"default" | "icon" | "sm" | "lg" | undefined'.
src/pages/DashboardPage.tsx(412,19): error TS2322: Type '"xs"' is not assignable to type '"default" | "icon" | "sm" | "lg" | undefined'.
src/pages/DashboardPage.tsx(440,9): error TS2322: Type '{ children: Element; title: string; subtitle: string; height: number; empty: boolean; className: string; }' is not assignable to type 'IntrinsicAttributes & ChartWrapperProps'.
  Property 'className' does not exist on type 'IntrinsicAttributes & ChartWrapperProps'.
src/pages/DashboardPage.tsx(460,15): error TS2322: Type '(value: number) => string' is not assignable to type 'Formatter<ValueType, NameType> & ((value: ValueType, name: NameType, item: TooltipPayloadEntry, index: number, payload: TooltipPayload) => ReactNode | [...])'.
  Type '(value: number) => string' is not assignable to type 'Formatter<ValueType, NameType>'.
    Types of parameters 'value' and 'value' are incompatible.
      Type 'ValueType | undefined' is not assignable to type 'number'.
        Type 'undefined' is not assignable to type 'number'.
src/pages/DashboardPage.tsx(476,32): error TS7006: Parameter 'kpi' implicitly has an 'any' type.
src/pages/data/ChartOfAccountsPage.tsx(2,2): error TS6133: 'useLocation' is declared but its value is never read.
src/pages/data/ChartOfAccountsPage.tsx(11,1): error TS6133: 'Alert' is declared but its value is never read.
src/pages/data/ChartOfAccountsPage.tsx(13,1): error TS6133: 'DataCatalogEngine' is declared but its value is never read.
src/pages/data/ChartOfAccountsPage.tsx(17,3): error TS6133: 'Filter' is declared but its value is never read.
src/pages/data/ChartOfAccountsPage.tsx(25,1): error TS6133: 'MasterDataEngine' is declared but its value is never read.
src/pages/data/ChartOfAccountsPage.tsx(58,10): error TS6133: 'helpOpen' is declared but its value is never read.
src/pages/data/ChartOfAccountsPage.tsx(144,18): error TS2345: Argument of type '{ code: string; name: string; type: AccountType; category: string; subCategory: string; parentId: string | null; isActive: boolean; }' is not assignable to parameter of type 'Omit<GLAccount, "id" | "children">'.
  Type '{ code: string; name: string; type: AccountType; category: string; subCategory: string; parentId: string | null; isActive: boolean; }' is missing the following properties from type 'Omit<GLAccount, "id" | "children">': level, sortOrder, entityId, departmentId, and 2 more.
src/pages/data/ChartOfAccountsPage.tsx(181,18): error TS6133: 'current' is declared but its value is never read.
src/pages/data/DataImportPage.tsx(6,1): error TS6133: 'ETLPipelineEngine' is declared but its value is never read.
src/pages/data/DataImportPage.tsx(7,1): error TS6133: 'CubePartitioner' is declared but its value is never read.
src/pages/data/DataImportPage.tsx(8,1): error TS6133: 'DataQualityEngine' is declared but its value is never read.
src/pages/data/DataImportPage.tsx(9,1): error TS6133: 'StreamImportEngine' is declared but its value is never read.
src/pages/data/DataImportPage.tsx(49,10): error TS6133: 'helpOpen' is declared but its value is never read.
src/pages/data/DataImportPage.tsx(80,10): error TS6133: 'recLoading' is declared but its value is never read.
src/pages/data/DataImportPage.tsx(131,32): error TS2345: Argument of type '{ filename: string; fileType: string; rowCount: number; successCount: number; errorCount: number; startedBy: string; startedByName: string; }' is not assignable to parameter of type 'Omit<ImportJob, "id" | "status" | "startedAt">'.
  Property 'completedAt' is missing in type '{ filename: string; fileType: string; rowCount: number; successCount: number; errorCount: number; startedBy: string; startedByName: string; }' but required in type 'Omit<ImportJob, "id" | "status" | "startedAt">'.
src/pages/data/DataImportPage.tsx(337,24): error TS2322: Type '{ type: string; title: string; message: string; className: string; }' is not assignable to type 'IntrinsicAttributes & AlertProps'.
  Property 'type' does not exist on type 'IntrinsicAttributes & AlertProps'.
src/pages/data/DataImportPage.tsx(537,24): error TS2322: Type '{ type: string; title: string; message: string; }' is not assignable to type 'IntrinsicAttributes & AlertProps'.
  Property 'type' does not exist on type 'IntrinsicAttributes & AlertProps'.
src/pages/data/DataImportPage.tsx(629,20): error TS2322: Type '{ type: string; title: string; message: string; className: string; }' is not assignable to type 'IntrinsicAttributes & AlertProps'.
  Property 'type' does not exist on type 'IntrinsicAttributes & AlertProps'.
src/pages/data/GLAccountAnalysisPage.tsx(2,2): error TS6133: 'useLocation' is declared but its value is never read.
src/pages/data/GLAccountAnalysisPage.tsx(9,1): error TS6133: 'Badge' is declared but its value is never read.
src/pages/data/GLAccountAnalysisPage.tsx(10,21): error TS6133: 'TrendingUp' is declared but its value is never read.
src/pages/data/GLAccountAnalysisPage.tsx(10,33): error TS6133: 'TrendingDown' is declared but its value is never read.
src/pages/data/GLAccountAnalysisPage.tsx(10,47): error TS6133: 'Minus' is declared but its value is never read.
src/pages/data/GLAccountAnalysisPage.tsx(22,10): error TS6133: 'helpOpen' is declared but its value is never read.
src/pages/data/GLAccountAnalysisPage.tsx(28,30): error TS6133: 'accountAnalysis' is declared but its value is never read.
src/pages/data/GLAccountAnalysisPage.tsx(155,43): error TS2322: Type 'number' is not assignable to type 'string'.
src/pages/data/GLAccountAnalysisPage.tsx(156,43): error TS2322: Type 'number' is not assignable to type 'string'.
src/pages/data/GLExplorerPage.tsx(6,28): error TS6133: 'Filter' is declared but its value is never read.
src/pages/data/GLExplorerPage.tsx(17,20): error TS6133: 'accounts' is declared but its value is never read.
src/pages/data/GLJournalsPage.tsx(2,2): error TS6133: 'useLocation' is declared but its value is never read.
src/pages/data/GLJournalsPage.tsx(5,1): error TS6133: 'Skeleton' is declared but its value is never read.
src/pages/data/GLJournalsPage.tsx(7,1): error TS6133: 'Input' is declared but its value is never read.
src/pages/data/GLJournalsPage.tsx(38,10): error TS6133: 'helpOpen' is declared but its value is never read.
src/pages/data/GLReportingPage.tsx(2,2): error TS6133: 'useLocation' is declared but its value is never read.
src/pages/data/GLReportingPage.tsx(5,1): error TS6133: 'Skeleton' is declared but its value is never read.
src/pages/data/GLReportingPage.tsx(9,40): error TS6133: 'Filter' is declared but its value is never read.
src/pages/data/GLReportingPage.tsx(9,48): error TS6133: 'BarChart3' is declared but its value is never read.
src/pages/data/GLReportingPage.tsx(9,59): error TS6133: 'PieChart' is declared but its value is never read.
src/pages/data/GLReportingPage.tsx(21,10): error TS6133: 'helpOpen' is declared but its value is never read.
src/pages/data/GLReportingPage.tsx(29,10): error TS6133: 'dateRange' is declared but its value is never read.
src/pages/data/GLReportingPage.tsx(29,21): error TS6133: 'setDateRange' is declared but its value is never read.
src/pages/data/GLReportingPage.tsx(37,10): error TS6133: 'typeFilter' is declared but its value is never read.
src/pages/data/GLReportingPage.tsx(37,22): error TS6133: 'setTypeFilter' is declared but its value is never read.
src/pages/data/GLTrialBalancePage.tsx(2,1): error TS6133: 'useFreezePanes' is declared but its value is never read.
src/pages/data/GLTrialBalancePage.tsx(3,2): error TS6133: 'useLocation' is declared but its value is never read.
src/pages/data/GLTrialBalancePage.tsx(22,10): error TS6133: 'helpOpen' is declared but its value is never read.
src/pages/data/GLTrialBalancePage.tsx(51,41): error TS2322: Type 'number' is not assignable to type 'string'.
src/pages/data/GLTrialBalancePage.tsx(52,41): error TS2322: Type 'number' is not assignable to type 'string'.
src/pages/data/GLTrialBalancePage.tsx(53,41): error TS2322: Type 'number' is not assignable to type 'string'.
src/pages/data/GLUploadPage.tsx(2,2): error TS6133: 'useLocation' is declared but its value is never read.
src/pages/data/GLUploadPage.tsx(47,10): error TS6133: 'mappingsToArray' is declared but its value is never read.
src/pages/data/GLUploadPage.tsx(65,10): error TS6133: 'helpOpen' is declared but its value is never read.
src/pages/data/GLUploadPage.tsx(83,5): error TS6133: 'setEntries' is declared but its value is never read.
src/pages/data/GLUploadPage.tsx(122,23): error TS2345: Argument of type '"parsing"' is not assignable to parameter of type '"error" | "idle" | "processing" | "complete"'.
src/pages/data/GLUploadPage.tsx(220,23): error TS2345: Argument of type '"parsing"' is not assignable to parameter of type '"error" | "idle" | "processing" | "complete"'.
src/pages/data/GLUploadPage.tsx(284,21): error TS2345: Argument of type '"importing"' is not assignable to parameter of type '"error" | "idle" | "processing" | "complete"'.
src/pages/data/GLUploadPage.tsx(308,37): error TS6133: 'filteredNewEntries' is declared but its value is never read.
src/pages/data/GLUploadPage.tsx(415,7): error TS2367: This comparison appears to be unintentional because the types '"error" | "idle" | "processing" | "complete"' and '"parsing"' have no overlap.
src/pages/data/GLUploadPage.tsx(415,37): error TS2367: This comparison appears to be unintentional because the types '"error" | "idle" | "processing" | "complete"' and '"validating"' have no overlap.
src/pages/data/GLUploadPage.tsx(427,7): error TS2367: This comparison appears to be unintentional because the types '"error" | "idle" | "processing" | "complete"' and '"importing"' have no overlap.
src/pages/data/GLUploadPage.tsx(453,16): error TS2322: Type '{ type: string; title: string; message: string; }' is not assignable to type 'IntrinsicAttributes & AlertProps'.
  Property 'type' does not exist on type 'IntrinsicAttributes & AlertProps'.
src/pages/data/GLUploadPage.tsx(522,24): error TS2322: Type '{ label: string; status: string; description: string; }[]' is not assignable to type 'Step[]'.
  Type '{ label: string; status: string; description: string; }' is not assignable to type 'Step'.
    Types of property 'status' are incompatible.
      Type 'string' is not assignable to type '"current" | "pending" | "done"'.
src/pages/data/GLUploadPage.tsx(692,29): error TS2322: Type '"xs"' is not assignable to type '"default" | "icon" | "sm" | "lg" | undefined'.
src/pages/data/GLUploadPage.tsx(711,42): error TS2322: Type '{ type: string; title: string; message: string; }' is not assignable to type 'IntrinsicAttributes & AlertProps'.
  Property 'type' does not exist on type 'IntrinsicAttributes & AlertProps'.
src/pages/data/MigrationPage.tsx(4,1): error TS6192: All imports in import declaration are unused.
src/pages/data/MigrationPage.tsx(7,1): error TS6133: 'CubeMigrationEngine' is declared but its value is never read.
src/pages/data/VersionDiffPage.tsx(6,10): error TS6133: 'useCallback' is declared but its value is never read.
src/pages/data/VersionDiffPage.tsx(7,37): error TS6133: 'DiffEntry' is declared but its value is never read.
src/pages/data/VersionDiffPage.tsx(63,22): error TS2339: Property 'entityId' does not exist on type 'BudgetLineItem'.
src/pages/data/VersionDiffPage.tsx(65,39): error TS2551: Property 'period' does not exist on type 'BudgetLineItem'. Did you mean 'periodId'?
src/pages/data/VersionDiffPage.tsx(69,37): error TS2339: Property 'value' does not exist on type 'BudgetLineItem'.
src/pages/data/VersionDiffPage.tsx(95,10): error TS6133: 'diffMode' is declared but its value is never read.
src/pages/data/VersionDiffPage.tsx(95,20): error TS6133: 'setDiffMode' is declared but its value is never read.
src/pages/education/EducationPage.tsx(139,11): error TS2322: Type '{ label: string; value: string; icon: Element; }' is not assignable to type 'IntrinsicAttributes & KPIValueProps'.
  Property 'icon' does not exist on type 'IntrinsicAttributes & KPIValueProps'.
src/pages/education/EducationPage.tsx(144,11): error TS2322: Type '{ label: string; value: string; icon: Element; }' is not assignable to type 'IntrinsicAttributes & KPIValueProps'.
  Property 'icon' does not exist on type 'IntrinsicAttributes & KPIValueProps'.
src/pages/education/EducationPage.tsx(149,11): error TS2322: Type '{ label: string; value: string; icon: Element; }' is not assignable to type 'IntrinsicAttributes & KPIValueProps'.
  Property 'icon' does not exist on type 'IntrinsicAttributes & KPIValueProps'.
src/pages/education/EducationPage.tsx(154,11): error TS2322: Type '{ label: string; value: string; icon: Element; }' is not assignable to type 'IntrinsicAttributes & KPIValueProps'.
  Property 'icon' does not exist on type 'IntrinsicAttributes & KPIValueProps'.
src/pages/energy/EmissionsTradingPage.tsx(3,3): error TS6133: 'Leaf' is declared but its value is never read.
src/pages/energy/EmissionsTradingPage.tsx(4,3): error TS6133: 'Globe' is declared but its value is never read.
src/pages/energy/EmissionsTradingPage.tsx(5,3): error TS6133: 'BarChart3' is declared but its value is never read.
src/pages/energy/EmissionsTradingPage.tsx(6,3): error TS6133: 'TrendingUp' is declared but its value is never read.
src/pages/energy/EmissionsTradingPage.tsx(7,3): error TS6133: 'Scale' is declared but its value is never read.
src/pages/energy/EmissionsTradingPage.tsx(8,3): error TS6133: 'AlertCircle' is declared but its value is never read.
src/pages/energy/EmissionsTradingPage.tsx(21,3): error TS6133: 'BarChart' is declared but its value is never read.
src/pages/energy/EmissionsTradingPage.tsx(22,3): error TS6133: 'Bar' is declared but its value is never read.
src/pages/energy/EmissionsTradingPage.tsx(27,3): error TS6133: 'Legend' is declared but its value is never read.
src/pages/energy/EmissionsTradingPage.tsx(109,24): error TS18046: 'v' is of type 'unknown'.
src/pages/energy/EmissionsTradingPage.tsx(110,9): error TS2322: Type 'unknown' is not assignable to type 'ReactI18NextChildren | Iterable<ReactI18NextChildren>'.
src/pages/energy/EnergyDashboardPage.tsx(2,1): error TS6133: 'useEnergyStore' is declared but its value is never read.
src/pages/energy/EnergyDashboardPage.tsx(4,3): error TS6133: 'Zap' is declared but its value is never read.
src/pages/energy/EnergyDashboardPage.tsx(5,3): error TS6133: 'DollarSign' is declared but its value is never read.
src/pages/energy/EnergyDashboardPage.tsx(6,3): error TS6133: 'TrendingUp' is declared but its value is never read.
src/pages/energy/EnergyDashboardPage.tsx(7,3): error TS6133: 'Activity' is declared but its value is never read.
src/pages/energy/EnergyDashboardPage.tsx(9,3): error TS6133: 'CloudRain' is declared but its value is never read.
src/pages/energy/EnergyDashboardPage.tsx(10,3): error TS6133: 'Sun' is declared but its value is never read.
src/pages/energy/EnergyDashboardPage.tsx(11,3): error TS6133: 'Wind' is declared but its value is never read.
src/pages/energy/EnergyDashboardPage.tsx(14,3): error TS6133: 'MoreVertical' is declared but its value is never read.
src/pages/energy/EnergyDashboardPage.tsx(17,1): error TS6133: 'EnergyEngine' is declared but its value is never read.
src/pages/energy/EnergyDashboardPage.tsx(157,9): error TS2322: Type 'unknown' is not assignable to type 'ReactI18NextChildren | Iterable<ReactI18NextChildren>'.
src/pages/energy/EnergyDashboardPage.tsx(276,21): error TS2322: Type '(v: number) => [string, string]' is not assignable to type 'Formatter<ValueType, NameType> & ((value: ValueType, name: NameType, item: TooltipPayloadEntry, index: number, payload: TooltipPayload) => ReactNode | [...])'.
  Type '(v: number) => [string, string]' is not assignable to type 'Formatter<ValueType, NameType>'.
    Types of parameters 'v' and 'value' are incompatible.
      Type 'ValueType | undefined' is not assignable to type 'number'.
        Type 'undefined' is not assignable to type 'number'.
src/pages/energy/EnergyProductionDashboard.tsx(1,21): error TS6133: 'useMemo' is declared but its value is never read.
src/pages/energy/EnergyProductionDashboard.tsx(1,30): error TS6133: 'useState' is declared but its value is never read.
src/pages/energy/EnergyProductionDashboard.tsx(91,96): error TS2322: Type '{ label: string; value: string; icon: Element; }' is not assignable to type 'IntrinsicAttributes & KPIValueProps'.
  Property 'icon' does not exist on type 'IntrinsicAttributes & KPIValueProps'.
src/pages/energy/EnergyProductionDashboard.tsx(92,83): error TS2322: Type '{ label: string; value: string; icon: Element; }' is not assignable to type 'IntrinsicAttributes & KPIValueProps'.
  Property 'icon' does not exist on type 'IntrinsicAttributes & KPIValueProps'.
src/pages/energy/EnergyProductionDashboard.tsx(93,79): error TS2322: Type '{ label: string; value: string; icon: Element; }' is not assignable to type 'IntrinsicAttributes & KPIValueProps'.
  Property 'icon' does not exist on type 'IntrinsicAttributes & KPIValueProps'.
src/pages/energy/EnergyProductionDashboard.tsx(94,78): error TS2322: Type '{ label: string; value: string; icon: Element; trend: "up"; }' is not assignable to type 'IntrinsicAttributes & KPIValueProps'.
  Property 'icon' does not exist on type 'IntrinsicAttributes & KPIValueProps'.
src/pages/energy/EnergyProductionDashboard.tsx(103,163): error TS18048: 'percent' is possibly 'undefined'.
src/pages/energy/EnergyProductionDashboard.tsx(120,113): error TS2322: Type '(v: number) => string' is not assignable to type 'Formatter<ValueType, NameType> & ((value: ValueType, name: NameType, item: TooltipPayloadEntry, index: number, payload: TooltipPayload) => ReactNode | [...])'.
  Type '(v: number) => string' is not assignable to type 'Formatter<ValueType, NameType>'.
    Types of parameters 'v' and 'value' are incompatible.
      Type 'ValueType | undefined' is not assignable to type 'number'.
        Type 'undefined' is not assignable to type 'number'.
src/pages/energy/EnergyRiskPage.tsx(4,3): error TS6133: 'TrendingDown' is declared but its value is never read.
src/pages/energy/EnergyRiskPage.tsx(5,3): error TS6133: 'AlertTriangle' is declared but its value is never read.
src/pages/energy/EnergyRiskPage.tsx(7,3): error TS6133: 'Lock' is declared but its value is never read.
src/pages/energy/EnergyRiskPage.tsx(8,3): error TS6133: 'Unlock' is declared but its value is never read.
src/pages/energy/EnergyRiskPage.tsx(10,3): error TS6133: 'BarChart3' is declared but its value is never read.
src/pages/energy/EnergyRiskPage.tsx(28,3): error TS6133: 'Cell' is declared but its value is never read.
src/pages/energy/EnergyRiskPage.tsx(124,9): error TS2322: Type 'unknown' is not assignable to type 'ReactI18NextChildren | Iterable<ReactI18NextChildren>'.
src/pages/energy/EnergyRiskPage.tsx(135,11): error TS18046: 'v' is of type 'unknown'.
src/pages/energy/EnergyRiskPage.tsx(137,15): error TS18046: 'v' is of type 'unknown'.
src/pages/energy/EnergyRiskPage.tsx(142,9): error TS2322: Type 'unknown' is not assignable to type 'ReactI18NextChildren | Iterable<ReactI18NextChildren>'.
src/pages/energy/RenewableEnergyPage.tsx(8,3): error TS6133: 'TrendingUp' is declared but its value is never read.
src/pages/energy/RenewableEnergyPage.tsx(10,3): error TS6133: 'RefreshCw' is declared but its value is never read.
src/pages/energy/RenewableEnergyPage.tsx(141,15): error TS2322: Type 'unknown' is not assignable to type 'ReactI18NextChildren | Iterable<ReactI18NextChildren>'.
src/pages/energy/RenewableEnergyPage.tsx(153,31): error TS2345: Argument of type 'unknown' is not assignable to parameter of type 'string'.
src/pages/energy/RenewableEnergyPage.tsx(155,9): error TS2322: Type 'unknown' is not assignable to type 'ReactI18NextChildren | Iterable<ReactI18NextChildren>'.
src/pages/esg/CarbonDashboardPage.tsx(1,30): error TS6133: 'useState' is declared but its value is never read.
src/pages/esg/CarbonDashboardPage.tsx(97,86): error TS2322: Type '{ label: string; value: string; icon: Element; }' is not assignable to type 'IntrinsicAttributes & KPIValueProps'.
  Property 'icon' does not exist on type 'IntrinsicAttributes & KPIValueProps'.
src/pages/esg/CarbonDashboardPage.tsx(98,81): error TS2322: Type '{ label: string; value: string; icon: Element; trend: "down"; }' is not assignable to type 'IntrinsicAttributes & KPIValueProps'.
  Property 'icon' does not exist on type 'IntrinsicAttributes & KPIValueProps'.
src/pages/esg/CarbonDashboardPage.tsx(99,115): error TS2322: Type '{ label: string; value: string; icon: Element; trend: "up" | "down"; }' is not assignable to type 'IntrinsicAttributes & KPIValueProps'.
  Property 'icon' does not exist on type 'IntrinsicAttributes & KPIValueProps'.
src/pages/esg/CarbonDashboardPage.tsx(100,95): error TS2322: Type '{ label: string; value: string; icon: Element; }' is not assignable to type 'IntrinsicAttributes & KPIValueProps'.
  Property 'icon' does not exist on type 'IntrinsicAttributes & KPIValueProps'.
src/pages/esg/CarbonDashboardPage.tsx(112,113): error TS2322: Type '(v: number) => string' is not assignable to type 'Formatter<ValueType, NameType> & ((value: ValueType, name: NameType, item: TooltipPayloadEntry, index: number, payload: TooltipPayload) => ReactNode | [...])'.
  Type '(v: number) => string' is not assignable to type 'Formatter<ValueType, NameType>'.
    Types of parameters 'v' and 'value' are incompatible.
      Type 'ValueType | undefined' is not assignable to type 'number'.
        Type 'undefined' is not assignable to type 'number'.
src/pages/esg/CSRDReportPage.tsx(8,31): error TS6133: 'Download' is declared but its value is never read.
src/pages/esg/CSRDReportPage.tsx(67,9): error TS6133: 'entries' is declared but its value is never read.
src/pages/esg/CSRDReportPage.tsx(68,9): error TS6133: 'navigate' is declared but its value is never read.
src/pages/forecasts/DriverPlanningPage.tsx(13,3): error TS6133: 'TrendingUp' is declared but its value is never read.
src/pages/forecasts/DriverPlanningPage.tsx(14,3): error TS6133: 'TrendingDown' is declared but its value is never read.
src/pages/forecasts/DriverPlanningPage.tsx(19,3): error TS6133: 'Download' is declared but its value is never read.
src/pages/forecasts/DriverPlanningPage.tsx(20,3): error TS6133: 'Layers' is declared but its value is never read.
src/pages/forecasts/DriverPlanningPage.tsx(21,3): error TS6133: 'GitBranch' is declared but its value is never read.
src/pages/forecasts/DriverPlanningPage.tsx(25,1): error TS6133: 'DriverLibrary' is declared but its value is never read.
src/pages/forecasts/DriverPlanningPage.tsx(25,10): error TS2300: Duplicate identifier 'DriverLibrary'.
src/pages/forecasts/DriverPlanningPage.tsx(31,26): error TS2305: Module '"@/store/driverStore"' has no exported member 'DRIVER_TEMPLATES'.
src/pages/forecasts/DriverPlanningPage.tsx(31,49): error TS2724: '"@/store/driverStore"' has no exported member named 'DriverTemplate'. Did you mean 'DriverState'?
src/pages/forecasts/DriverPlanningPage.tsx(35,10): error TS2300: Duplicate identifier 'DriverLibrary'.
src/pages/forecasts/DriverPlanningPage.tsx(103,5): error TS2339: Property 'getAllRules' does not exist on type 'DriverState'.
src/pages/forecasts/DriverPlanningPage.tsx(104,5): error TS2339: Property 'detectCircularDependencies' does not exist on type 'DriverState'.
src/pages/forecasts/DriverPlanningPage.tsx(105,5): error TS2339: Property 'loadDriverTemplate' does not exist on type 'DriverState'.
src/pages/forecasts/DriverPlanningPage.tsx(106,5): error TS6133: 'calculateCascade' is declared but its value is never read.
src/pages/forecasts/DriverPlanningPage.tsx(139,39): error TS7006: Parameter 'r' implicitly has an 'any' type.
src/pages/forecasts/DriverPlanningPage.tsx(158,7): error TS2353: Object literal may only specify known properties, and 'linkedAccountIds' does not exist in type 'Omit<Driver, "id" | "createdAt" | "updatedAt">'.
src/pages/forecasts/DriverPlanningPage.tsx(225,9): error TS6133: 'driverAssumptions' is declared but its value is never read.
src/pages/forecasts/DriverPlanningPage.tsx(284,34): error TS7006: Parameter 'cycle' implicitly has an 'any' type.
src/pages/forecasts/DriverPlanningPage.tsx(284,41): error TS7006: Parameter 'i' implicitly has an 'any' type.
src/pages/forecasts/DriverPlanningPage.tsx(300,38): error TS7006: Parameter 'template' implicitly has an 'any' type.
src/pages/forecasts/DriverPlanningPage.tsx(905,25): error TS6133: 'snapshot' is declared but its value is never read.
src/pages/forecasts/ForecastBuilderPage.tsx(1,21): error TS6133: 'useMemo' is declared but its value is never read.
src/pages/forecasts/ForecastBuilderPage.tsx(8,22): error TS6133: 'Download' is declared but its value is never read.
src/pages/forecasts/ForecastBuilderPage.tsx(12,3): error TS6133: 'LineChart' is declared but its value is never read.
src/pages/forecasts/ForecastBuilderPage.tsx(50,9): error TS6133: 'forecasts' is declared but its value is never read.
src/pages/forecasts/ForecastBuilderPage.tsx(51,9): error TS6133: 'entries' is declared but its value is never read.
src/pages/forecasts/ForecastBuilderPage.tsx(52,9): error TS6133: 'navigate' is declared but its value is never read.
src/pages/forecasts/ForecastBuilderPage.tsx(61,9): error TS6133: 'trendDirection' is declared but its value is never read.
src/pages/forecasts/ForecastBuilderPage.tsx(73,7): error TS2322: Type '(string | number | null | undefined)[][]' is not assignable to type '(string | number | boolean | null)[][]'.
  Type '(string | number | null | undefined)[]' is not assignable to type '(string | number | boolean | null)[]'.
    Type 'string | number | null | undefined' is not assignable to type 'string | number | boolean | null'.
      Type 'undefined' is not assignable to type 'string | number | boolean | null'.
src/pages/forecasts/ForecastBuilderPage.tsx(113,99): error TS2322: Type '(v: number) => string' is not assignable to type 'Formatter<ValueType, NameType> & ((value: ValueType, name: NameType, item: TooltipPayloadEntry, index: number, payload: TooltipPayload) => ReactNode | [...])'.
  Type '(v: number) => string' is not assignable to type 'Formatter<ValueType, NameType>'.
    Types of parameters 'v' and 'value' are incompatible.
      Type 'ValueType | undefined' is not assignable to type 'number'.
        Type 'undefined' is not assignable to type 'number'.
src/pages/forecasts/ForecastListPage.tsx(2,1): error TS6133: 'usePeriods' is declared but its value is never read.
src/pages/forecasts/ForecastListPage.tsx(3,2): error TS6133: 'useLocation' is declared but its value is never read.
src/pages/forecasts/ForecastListPage.tsx(11,1): error TS6133: 'IncrementalCalcEngine' is declared but its value is never read.
src/pages/forecasts/ForecastListPage.tsx(12,1): error TS6133: 'ForecastReconciliationEngine' is declared but its value is never read.
src/pages/forecasts/ForecastListPage.tsx(14,10): error TS6133: 'formatCurrency' is declared but its value is never read.
src/pages/forecasts/ForecastListPage.tsx(36,10): error TS6133: 'helpOpen' is declared but its value is never read.
src/pages/forecasts/ForecastListPage.tsx(44,18): error TS6133: 'setSearch' is declared but its value is never read.
src/pages/forecasts/RollingForecastPage.tsx(21,22): error TS2339: Property 'type' does not exist on type 'GLEntry'.
src/pages/forecasts/RollingForecastPage.tsx(22,31): error TS18048: 'e.amount' is possibly 'undefined'.
src/pages/forecasts/RollingForecastPage.tsx(25,22): error TS2339: Property 'type' does not exist on type 'GLEntry'.
src/pages/forecasts/RollingForecastPage.tsx(26,31): error TS18048: 'e.amount' is possibly 'undefined'.
src/pages/forecasts/RollingForecastPage.tsx(73,15): error TS2322: Type 'number' is not assignable to type 'string'.
src/pages/forecasts/RollingForecastPage.tsx(83,15): error TS2322: Type 'number' is not assignable to type 'string'.
src/pages/forecasts/RollingForecastPage.tsx(93,15): error TS2322: Type 'number' is not assignable to type 'string'.
src/pages/forecasts/RollingForecastPage.tsx(103,15): error TS2322: Type 'number' is not assignable to type 'string'.
src/pages/forecasts/WhatIfPage.tsx(11,3): error TS6133: 'ArrowRight' is declared but its value is never read.
src/pages/forecasts/WhatIfPage.tsx(22,1): error TS6133: 'BreakEvenEngine' is declared but its value is never read.
src/pages/forecasts/WhatIfPage.tsx(23,1): error TS6133: 'SolverEngine' is declared but its value is never read.
src/pages/forecasts/WhatIfPage.tsx(25,8): error TS6133: 'SandboxModification' is declared but its value is never read.
src/pages/forecasts/WhatIfPage.tsx(172,41): error TS2322: Type 'number' is not assignable to type 'string'.
src/pages/forecasts/WhatIfPage.tsx(179,15): error TS2322: Type 'number' is not assignable to type 'string'.
src/pages/forecasts/WhatIfPage.tsx(189,15): error TS2322: Type '{ label: string; value: string; icon: Element; }' is not assignable to type 'IntrinsicAttributes & KPIValueProps'.
  Property 'icon' does not exist on type 'IntrinsicAttributes & KPIValueProps'.
src/pages/forecasts/WhatIfPage.tsx(197,15): error TS2322: Type 'number' is not assignable to type 'string'.
src/pages/forecasts/WhatIfPage.tsx(368,34): error TS2322: Type '(v: number) => string' is not assignable to type 'Formatter<ValueType, NameType> & ((value: ValueType, name: NameType, item: TooltipPayloadEntry, index: number, payload: TooltipPayload) => ReactNode | [...])'.
  Type '(v: number) => string' is not assignable to type 'Formatter<ValueType, NameType>'.
    Types of parameters 'v' and 'value' are incompatible.
      Type 'ValueType | undefined' is not assignable to type 'number'.
        Type 'undefined' is not assignable to type 'number'.
src/pages/government/GovernmentPage.tsx(154,11): error TS2322: Type '{ label: string; value: string; icon: Element; }' is not assignable to type 'IntrinsicAttributes & KPIValueProps'.
  Property 'icon' does not exist on type 'IntrinsicAttributes & KPIValueProps'.
src/pages/government/GovernmentPage.tsx(159,11): error TS2322: Type '{ label: string; value: string; icon: Element; }' is not assignable to type 'IntrinsicAttributes & KPIValueProps'.
  Property 'icon' does not exist on type 'IntrinsicAttributes & KPIValueProps'.
src/pages/government/GovernmentPage.tsx(164,11): error TS2322: Type '{ label: string; value: string; icon: Element; }' is not assignable to type 'IntrinsicAttributes & KPIValueProps'.
  Property 'icon' does not exist on type 'IntrinsicAttributes & KPIValueProps'.
src/pages/government/GovernmentPage.tsx(169,11): error TS2322: Type '{ label: string; value: string; icon: Element; }' is not assignable to type 'IntrinsicAttributes & KPIValueProps'.
  Property 'icon' does not exist on type 'IntrinsicAttributes & KPIValueProps'.
src/pages/healthcare/ClinicalTrialCostPage.tsx(3,3): error TS6133: 'Microscope' is declared but its value is never read.
src/pages/healthcare/ClinicalTrialCostPage.tsx(6,3): error TS6133: 'DollarSign' is declared but its value is never read.
src/pages/healthcare/ClinicalTrialCostPage.tsx(7,3): error TS6133: 'Users' is declared but its value is never read.
src/pages/healthcare/ClinicalTrialCostPage.tsx(9,3): error TS6133: 'TrendingUp' is declared but its value is never read.
src/pages/healthcare/ClinicalTrialCostPage.tsx(10,3): error TS6133: 'Download' is declared but its value is never read.
src/pages/healthcare/ClinicalTrialCostPage.tsx(127,9): error TS2322: Type 'unknown' is not assignable to type 'ReactI18NextChildren | Iterable<ReactI18NextChildren>'.
src/pages/healthcare/HealthcareDashboardPage.tsx(2,1): error TS6133: 'useHealthcareStore' is declared but its value is never read.
src/pages/healthcare/HealthcareDashboardPage.tsx(4,3): error TS6133: 'Users' is declared but its value is never read.
src/pages/healthcare/HealthcareDashboardPage.tsx(6,3): error TS6133: 'DollarSign' is declared but its value is never read.
src/pages/healthcare/HealthcareDashboardPage.tsx(7,3): error TS6133: 'HeartPulse' is declared but its value is never read.
src/pages/healthcare/HealthcareDashboardPage.tsx(8,3): error TS6133: 'TrendingUp' is declared but its value is never read.
src/pages/healthcare/HealthcareDashboardPage.tsx(11,3): error TS6133: 'Calendar' is declared but its value is never read.
src/pages/healthcare/HealthcareDashboardPage.tsx(30,3): error TS6133: 'BarChart' is declared but its value is never read.
src/pages/healthcare/HealthcareDashboardPage.tsx(31,3): error TS6133: 'Bar' is declared but its value is never read.
src/pages/healthcare/HealthcareDashboardPage.tsx(32,3): error TS6133: 'Cell' is declared but its value is never read.
src/pages/healthcare/HealthcareDashboardPage.tsx(91,53): error TS2345: Argument of type 'import("C:/Users/Tahir/Desktop/frontend that i want/src/types/index").GLEntry[]' is not assignable to parameter of type 'import("C:/Users/Tahir/Desktop/frontend that i want/src/types/sector-types").GLEntry[]'.
  Property 'currency' is missing in type 'import("C:/Users/Tahir/Desktop/frontend that i want/src/types/index").GLEntry' but required in type 'import("C:/Users/Tahir/Desktop/frontend that i want/src/types/sector-types").GLEntry'.
src/pages/healthcare/HealthcareDashboardPage.tsx(106,35): error TS18048: 'e.amount' is possibly 'undefined'.
src/pages/healthcare/PatientRevenuePage.tsx(10,3): error TS6133: 'ArrowUpRight' is declared but its value is never read.
src/pages/healthcare/PatientRevenuePage.tsx(11,3): error TS6133: 'TrendingDown' is declared but its value is never read.
src/pages/healthcare/PatientRevenuePage.tsx(13,3): error TS6133: 'Filter' is declared but its value is never read.
src/pages/healthcare/PatientRevenuePage.tsx(20,21): error TS6133: 'Column' is declared but its value is never read.
src/pages/healthcare/PatientRevenuePage.tsx(42,53): error TS2345: Argument of type 'import("C:/Users/Tahir/Desktop/frontend that i want/src/types/index").GLEntry[]' is not assignable to parameter of type 'import("C:/Users/Tahir/Desktop/frontend that i want/src/types/sector-types").GLEntry[]'.
  Property 'currency' is missing in type 'import("C:/Users/Tahir/Desktop/frontend that i want/src/types/index").GLEntry' but required in type 'import("C:/Users/Tahir/Desktop/frontend that i want/src/types/sector-types").GLEntry'.
src/pages/healthcare/PatientRevenuePage.tsx(46,41): error TS2345: Argument of type 'import("C:/Users/Tahir/Desktop/frontend that i want/src/types/index").GLEntry[]' is not assignable to parameter of type 'import("C:/Users/Tahir/Desktop/frontend that i want/src/types/sector-types").GLEntry[]'.
  Property 'currency' is missing in type 'import("C:/Users/Tahir/Desktop/frontend that i want/src/types/index").GLEntry' but required in type 'import("C:/Users/Tahir/Desktop/frontend that i want/src/types/sector-types").GLEntry'.
src/pages/healthcare/PatientRevenuePage.tsx(93,65): error TS2322: Type 'string[]' is not assignable to type 'FiscalPeriod[]'.
  Type 'string' is not assignable to type 'FiscalPeriod'.
src/pages/healthcare/PatientRevenuePage.tsx(164,28): error TS2322: Type '(v: number) => string' is not assignable to type 'Formatter<ValueType, NameType> & ((value: ValueType, name: NameType, item: TooltipPayloadEntry, index: number, payload: TooltipPayload) => ReactNode | [...])'.
  Type '(v: number) => string' is not assignable to type 'Formatter<ValueType, NameType>'.
    Types of parameters 'v' and 'value' are incompatible.
      Type 'ValueType | undefined' is not assignable to type 'number'.
        Type 'undefined' is not assignable to type 'number'.
src/pages/healthcare/PatientRevenuePage.tsx(196,28): error TS2322: Type '(v: number) => string' is not assignable to type 'Formatter<ValueType, NameType> & ((value: ValueType, name: NameType, item: TooltipPayloadEntry, index: number, payload: TooltipPayload) => ReactNode | [...])'.
  Type '(v: number) => string' is not assignable to type 'Formatter<ValueType, NameType>'.
    Types of parameters 'v' and 'value' are incompatible.
      Type 'ValueType | undefined' is not assignable to type 'number'.
        Type 'undefined' is not assignable to type 'number'.
src/pages/healthcare/ValueBasedCarePage.tsx(3,3): error TS6133: 'HeartPulse' is declared but its value is never read.
src/pages/healthcare/ValueBasedCarePage.tsx(4,3): error TS6133: 'Scale' is declared but its value is never read.
src/pages/healthcare/ValueBasedCarePage.tsx(5,3): error TS6133: 'TrendingUp' is declared but its value is never read.
src/pages/healthcare/ValueBasedCarePage.tsx(6,3): error TS6133: 'Users' is declared but its value is never read.
src/pages/healthcare/ValueBasedCarePage.tsx(7,3): error TS6133: 'ShieldCheck' is declared but its value is never read.
src/pages/healthcare/ValueBasedCarePage.tsx(11,3): error TS6133: 'Filter' is declared but its value is never read.
src/pages/healthcare/ValueBasedCarePage.tsx(114,24): error TS18046: 'v' is of type 'unknown'.
src/pages/healthcare/ValueBasedCarePage.tsx(115,9): error TS2322: Type 'unknown' is not assignable to type 'ReactI18NextChildren | Iterable<ReactI18NextChildren>'.
src/pages/healthcare/ValueBasedCarePage.tsx(132,9): error TS2322: Type 'unknown' is not assignable to type 'ReactI18NextChildren | Iterable<ReactI18NextChildren>'.
src/pages/HelpPage.tsx(3,1): error TS6133: 'Button' is declared but its value is never read.
src/pages/HelpPage.tsx(6,3): error TS6133: 'HelpCircle' is declared but its value is never read.
src/pages/insurance/ClaimsAnalyticsPage.tsx(3,3): error TS6133: 'FileSearch' is declared but its value is never read.
src/pages/insurance/ClaimsAnalyticsPage.tsx(4,3): error TS6133: 'TrendingUp' is declared but its value is never read.
src/pages/insurance/ClaimsAnalyticsPage.tsx(5,3): error TS6133: 'DollarSign' is declared but its value is never read.
src/pages/insurance/ClaimsAnalyticsPage.tsx(6,3): error TS6133: 'Users' is declared but its value is never read.
src/pages/insurance/ClaimsAnalyticsPage.tsx(7,3): error TS6133: 'AlertTriangle' is declared but its value is never read.
src/pages/insurance/ClaimsAnalyticsPage.tsx(11,3): error TS6133: 'Clock' is declared but its value is never read.
src/pages/insurance/ClaimsAnalyticsPage.tsx(28,3): error TS6133: 'BarChart' is declared but its value is never read.
src/pages/insurance/ClaimsAnalyticsPage.tsx(29,3): error TS6133: 'Bar' is declared but its value is never read.
src/pages/insurance/ClaimsAnalyticsPage.tsx(141,9): error TS2322: Type 'unknown' is not assignable to type 'ReactI18NextChildren | Iterable<ReactI18NextChildren>'.
src/pages/insurance/ClaimsAnalyticsPage.tsx(158,9): error TS2322: Type 'unknown' is not assignable to type 'ReactI18NextChildren | Iterable<ReactI18NextChildren>'.
src/pages/insurance/ClaimsAnalyticsPage.tsx(302,28): error TS2322: Type '(v: number) => string' is not assignable to type 'Formatter<ValueType, NameType> & ((value: ValueType, name: NameType, item: TooltipPayloadEntry, index: number, payload: TooltipPayload) => ReactNode | [...])'.
  Type '(v: number) => string' is not assignable to type 'Formatter<ValueType, NameType>'.
    Types of parameters 'v' and 'value' are incompatible.
      Type 'ValueType | undefined' is not assignable to type 'number'.
        Type 'undefined' is not assignable to type 'number'.
src/pages/insurance/InsuranceDashboardPage.tsx(2,1): error TS6133: 'useInsuranceStore' is declared but its value is never read.
src/pages/insurance/InsuranceDashboardPage.tsx(4,3): error TS6133: 'Shield' is declared but its value is never read.
src/pages/insurance/InsuranceDashboardPage.tsx(5,3): error TS6133: 'TrendingUp' is declared but its value is never read.
src/pages/insurance/InsuranceDashboardPage.tsx(6,3): error TS6133: 'DollarSign' is declared but its value is never read.
src/pages/insurance/InsuranceDashboardPage.tsx(7,3): error TS6133: 'Users' is declared but its value is never read.
src/pages/insurance/InsuranceDashboardPage.tsx(11,3): error TS6133: 'RefreshCw' is declared but its value is never read.
src/pages/insurance/InsuranceDashboardPage.tsx(13,3): error TS6133: 'Percent' is declared but its value is never read.
src/pages/insurance/InsuranceDashboardPage.tsx(17,1): error TS6133: 'InsuranceEngine' is declared but its value is never read.
src/pages/insurance/InsuranceDashboardPage.tsx(32,3): error TS6133: 'Cell' is declared but its value is never read.
src/pages/insurance/InsuranceDashboardPage.tsx(149,9): error TS2322: Type 'unknown' is not assignable to type 'ReactI18NextChildren | Iterable<ReactI18NextChildren>'.
src/pages/insurance/InsuranceDashboardPage.tsx(245,21): error TS2322: Type '(v: number) => string' is not assignable to type 'Formatter<ValueType, NameType> & ((value: ValueType, name: NameType, item: TooltipPayloadEntry, index: number, payload: TooltipPayload) => ReactNode | [...])'.
  Type '(v: number) => string' is not assignable to type 'Formatter<ValueType, NameType>'.
    Types of parameters 'v' and 'value' are incompatible.
      Type 'ValueType | undefined' is not assignable to type 'number'.
        Type 'undefined' is not assignable to type 'number'.
src/pages/insurance/InsuranceDashboardPage.tsx(304,21): error TS2322: Type '(v: number) => string' is not assignable to type 'Formatter<ValueType, NameType> & ((value: ValueType, name: NameType, item: TooltipPayloadEntry, index: number, payload: TooltipPayload) => ReactNode | [...])'.
  Type '(v: number) => string' is not assignable to type 'Formatter<ValueType, NameType>'.
    Types of parameters 'v' and 'value' are incompatible.
      Type 'ValueType | undefined' is not assignable to type 'number'.
        Type 'undefined' is not assignable to type 'number'.
src/pages/insurance/UnderwritingPage.tsx(3,3): error TS6133: 'Scale' is declared but its value is never read.
src/pages/insurance/UnderwritingPage.tsx(4,3): error TS6133: 'TrendingUp' is declared but its value is never read.
src/pages/insurance/UnderwritingPage.tsx(5,3): error TS6133: 'TrendingDown' is declared but its value is never read.
src/pages/insurance/UnderwritingPage.tsx(6,3): error TS6133: 'DollarSign' is declared but its value is never read.
src/pages/insurance/UnderwritingPage.tsx(7,3): error TS6133: 'AlertTriangle' is declared but its value is never read.
src/pages/insurance/UnderwritingPage.tsx(8,3): error TS6133: 'BarChart3' is declared but its value is never read.
src/pages/insurance/UnderwritingPage.tsx(30,3): error TS6133: 'AreaChart' is declared but its value is never read.
src/pages/insurance/UnderwritingPage.tsx(31,3): error TS6133: 'Area' is declared but its value is never read.
src/pages/insurance/UnderwritingPage.tsx(125,9): error TS2322: Type 'unknown' is not assignable to type 'ReactI18NextChildren | Iterable<ReactI18NextChildren>'.
src/pages/lease/LeaseDashboard.tsx(1,30): error TS6133: 'useState' is declared but its value is never read.
src/pages/lease/LeaseDashboard.tsx(7,52): error TS6133: 'TrendingUp' is declared but its value is never read.
src/pages/lease/LeaseDashboard.tsx(20,3): error TS6133: 'LineChart' is declared but its value is never read.
src/pages/lease/LeaseDashboard.tsx(21,3): error TS6133: 'Line' is declared but its value is never read.
src/pages/lease/LeaseDashboard.tsx(141,82): error TS2322: Type '{ label: string; value: string; icon: Element; }' is not assignable to type 'IntrinsicAttributes & KPIValueProps'.
  Property 'icon' does not exist on type 'IntrinsicAttributes & KPIValueProps'.
src/pages/lease/LeaseDashboard.tsx(142,87): error TS2322: Type '{ label: string; value: string; icon: Element; }' is not assignable to type 'IntrinsicAttributes & KPIValueProps'.
  Property 'icon' does not exist on type 'IntrinsicAttributes & KPIValueProps'.
src/pages/lease/LeaseDashboard.tsx(143,77): error TS2322: Type '{ label: string; value: string; icon: Element; }' is not assignable to type 'IntrinsicAttributes & KPIValueProps'.
  Property 'icon' does not exist on type 'IntrinsicAttributes & KPIValueProps'.
src/pages/lease/LeaseDashboard.tsx(144,70): error TS2322: Type '{ label: string; value: string; icon: Element; }' is not assignable to type 'IntrinsicAttributes & KPIValueProps'.
  Property 'icon' does not exist on type 'IntrinsicAttributes & KPIValueProps'.
src/pages/lease/LeaseDashboard.tsx(155,154): error TS18048: 'percent' is possibly 'undefined'.
src/pages/lease/LeaseDashboard.tsx(160,26): error TS2322: Type '(v: number) => string' is not assignable to type 'Formatter<ValueType, NameType> & ((value: ValueType, name: NameType, item: TooltipPayloadEntry, index: number, payload: TooltipPayload) => ReactNode | [...])'.
  Type '(v: number) => string' is not assignable to type 'Formatter<ValueType, NameType>'.
    Types of parameters 'v' and 'value' are incompatible.
      Type 'ValueType | undefined' is not assignable to type 'number'.
        Type 'undefined' is not assignable to type 'number'.
src/pages/lease/LeaseDashboard.tsx(176,26): error TS2322: Type '(v: number) => string' is not assignable to type 'Formatter<ValueType, NameType> & ((value: ValueType, name: NameType, item: TooltipPayloadEntry, index: number, payload: TooltipPayload) => ReactNode | [...])'.
  Type '(v: number) => string' is not assignable to type 'Formatter<ValueType, NameType>'.
    Types of parameters 'v' and 'value' are incompatible.
      Type 'ValueType | undefined' is not assignable to type 'number'.
        Type 'undefined' is not assignable to type 'number'.
src/pages/lease/LeaseDetailPage.tsx(122,23): error TS2315: Type 'Column' is not generic.
src/pages/lease/LeaseDetailPage.tsx(124,51): error TS7006: Parameter 'r' implicitly has an 'any' type.
src/pages/lease/LeaseDetailPage.tsx(125,55): error TS7006: Parameter 'r' implicitly has an 'any' type.
src/pages/lease/LeaseDetailPage.tsx(126,53): error TS7006: Parameter 'r' implicitly has an 'any' type.
src/pages/lease/LeaseDetailPage.tsx(127,51): error TS7006: Parameter 'r' implicitly has an 'any' type.
src/pages/lease/LeaseDetailPage.tsx(184,82): error TS2322: Type '{ label: string; value: string; icon: Element; }' is not assignable to type 'IntrinsicAttributes & KPIValueProps'.
  Property 'icon' does not exist on type 'IntrinsicAttributes & KPIValueProps'.
src/pages/lease/LeaseDetailPage.tsx(185,75): error TS2322: Type '{ label: string; value: string; icon: Element; }' is not assignable to type 'IntrinsicAttributes & KPIValueProps'.
  Property 'icon' does not exist on type 'IntrinsicAttributes & KPIValueProps'.
src/pages/lease/LeaseDetailPage.tsx(186,78): error TS2322: Type '{ label: string; value: string; icon: Element; }' is not assignable to type 'IntrinsicAttributes & KPIValueProps'.
  Property 'icon' does not exist on type 'IntrinsicAttributes & KPIValueProps'.
src/pages/lease/LeaseDetailPage.tsx(187,112): error TS2322: Type '{ label: string; value: string; icon: Element; }' is not assignable to type 'IntrinsicAttributes & KPIValueProps'.
  Property 'icon' does not exist on type 'IntrinsicAttributes & KPIValueProps'.
src/pages/lease/LeaseDetailPage.tsx(201,26): error TS2322: Type '(v: number) => string' is not assignable to type 'Formatter<ValueType, NameType> & ((value: ValueType, name: NameType, item: TooltipPayloadEntry, index: number, payload: TooltipPayload) => ReactNode | [...])'.
  Type '(v: number) => string' is not assignable to type 'Formatter<ValueType, NameType>'.
    Types of parameters 'v' and 'value' are incompatible.
      Type 'ValueType | undefined' is not assignable to type 'number'.
        Type 'undefined' is not assignable to type 'number'.
src/pages/lease/LeaseDetailPage.tsx(220,26): error TS2322: Type '(v: number) => string' is not assignable to type 'Formatter<ValueType, NameType> & ((value: ValueType, name: NameType, item: TooltipPayloadEntry, index: number, payload: TooltipPayload) => ReactNode | [...])'.
  Type '(v: number) => string' is not assignable to type 'Formatter<ValueType, NameType>'.
    Types of parameters 'v' and 'value' are incompatible.
      Type 'ValueType | undefined' is not assignable to type 'number'.
        Type 'undefined' is not assignable to type 'number'.
src/pages/logistics/LogisticsPage.tsx(147,11): error TS2322: Type '{ label: string; value: string; icon: Element; }' is not assignable to type 'IntrinsicAttributes & KPIValueProps'.
  Property 'icon' does not exist on type 'IntrinsicAttributes & KPIValueProps'.
src/pages/logistics/LogisticsPage.tsx(152,11): error TS2322: Type '{ label: string; value: string; icon: Element; }' is not assignable to type 'IntrinsicAttributes & KPIValueProps'.
  Property 'icon' does not exist on type 'IntrinsicAttributes & KPIValueProps'.
src/pages/logistics/LogisticsPage.tsx(157,11): error TS2322: Type '{ label: string; value: string; icon: Element; }' is not assignable to type 'IntrinsicAttributes & KPIValueProps'.
  Property 'icon' does not exist on type 'IntrinsicAttributes & KPIValueProps'.
src/pages/logistics/LogisticsPage.tsx(162,11): error TS2322: Type '{ label: string; value: string; icon: Element; }' is not assignable to type 'IntrinsicAttributes & KPIValueProps'.
  Property 'icon' does not exist on type 'IntrinsicAttributes & KPIValueProps'.
src/pages/manufacturing/COGSVariancePage.tsx(11,38): error TS6133: 'BarChart3' is declared but its value is never read.
src/pages/manufacturing/COGSVariancePage.tsx(30,29): error TS2339: Property 'totalVariance' does not exist on type '{ actualCOGS: number; standardCOGS: number; variance: number; variancePercent: number; }'.
src/pages/manufacturing/COGSVariancePage.tsx(82,26): error TS2339: Property 'totalVariance' does not exist on type '{ variancePercent: number; actualCOGS: number; standardCOGS: number; variance: number; }'.
src/pages/manufacturing/COGSVariancePage.tsx(84,26): error TS2339: Property 'totalVariance' does not exist on type '{ variancePercent: number; actualCOGS: number; standardCOGS: number; variance: number; }'.
src/pages/manufacturing/COGSVariancePage.tsx(89,26): error TS2339: Property 'breakdown' does not exist on type '{ variancePercent: number; actualCOGS: number; standardCOGS: number; variance: number; }'.
src/pages/manufacturing/COGSVariancePage.tsx(91,26): error TS2339: Property 'breakdown' does not exist on type '{ variancePercent: number; actualCOGS: number; standardCOGS: number; variance: number; }'.
src/pages/manufacturing/COGSVariancePage.tsx(95,26): error TS2339: Property 'breakdown' does not exist on type '{ variancePercent: number; actualCOGS: number; standardCOGS: number; variance: number; }'.
src/pages/manufacturing/COGSVariancePage.tsx(97,26): error TS2339: Property 'breakdown' does not exist on type '{ variancePercent: number; actualCOGS: number; standardCOGS: number; variance: number; }'.
src/pages/manufacturing/COGSVariancePage.tsx(109,39): error TS2339: Property 'breakdown' does not exist on type '{ variancePercent: number; actualCOGS: number; standardCOGS: number; variance: number; }'.
src/pages/manufacturing/COGSVariancePage.tsx(137,28): error TS2339: Property 'breakdown' does not exist on type '{ variancePercent: number; actualCOGS: number; standardCOGS: number; variance: number; }'.
src/pages/manufacturing/COGSVariancePage.tsx(137,43): error TS7006: Parameter 'entry' implicitly has an 'any' type.
src/pages/manufacturing/COGSVariancePage.tsx(137,50): error TS7006: Parameter 'index' implicitly has an 'any' type.
src/pages/manufacturing/COGSVariancePage.tsx(183,41): error TS2322: Type '"xs"' is not assignable to type '"default" | "icon" | "sm" | "lg" | undefined'.
src/pages/manufacturing/InventoryPage.tsx(1,30): error TS6133: 'useState' is declared but its value is never read.
src/pages/manufacturing/InventoryPage.tsx(17,3): error TS6133: 'Legend' is declared but its value is never read.
src/pages/manufacturing/InventoryPage.tsx(18,3): error TS6133: 'PieChart' is declared but its value is never read.
src/pages/manufacturing/InventoryPage.tsx(19,3): error TS6133: 'Pie' is declared but its value is never read.
src/pages/manufacturing/InventoryPage.tsx(96,9): error TS6133: 'inventoryByCategory' is declared but its value is never read.
src/pages/manufacturing/InventoryPage.tsx(104,22): error TS2315: Type 'Column' is not generic.
src/pages/manufacturing/InventoryPage.tsx(109,54): error TS7006: Parameter 'r' implicitly has an 'any' type.
src/pages/manufacturing/InventoryPage.tsx(110,58): error TS7006: Parameter 'r' implicitly has an 'any' type.
src/pages/manufacturing/InventoryPage.tsx(114,16): error TS7006: Parameter 'r' implicitly has an 'any' type.
src/pages/manufacturing/InventoryPage.tsx(166,74): error TS2322: Type '{ label: string; value: string; icon: Element; }' is not assignable to type 'IntrinsicAttributes & KPIValueProps'.
  Property 'icon' does not exist on type 'IntrinsicAttributes & KPIValueProps'.
src/pages/manufacturing/InventoryPage.tsx(167,75): error TS2322: Type '{ label: string; value: string; icon: Element; }' is not assignable to type 'IntrinsicAttributes & KPIValueProps'.
  Property 'icon' does not exist on type 'IntrinsicAttributes & KPIValueProps'.
src/pages/manufacturing/InventoryPage.tsx(168,81): error TS2322: Type '{ label: string; value: string; icon: Element; }' is not assignable to type 'IntrinsicAttributes & KPIValueProps'.
  Property 'icon' does not exist on type 'IntrinsicAttributes & KPIValueProps'.
src/pages/manufacturing/InventoryPage.tsx(169,85): error TS2322: Type '{ label: string; value: string; icon: Element; }' is not assignable to type 'IntrinsicAttributes & KPIValueProps'.
  Property 'icon' does not exist on type 'IntrinsicAttributes & KPIValueProps'.
src/pages/manufacturing/InventoryPage.tsx(170,92): error TS2322: Type '{ label: string; value: string; icon: Element; status: string; }' is not assignable to type 'IntrinsicAttributes & KPIValueProps'.
  Property 'icon' does not exist on type 'IntrinsicAttributes & KPIValueProps'.
src/pages/manufacturing/InventoryPage.tsx(184,26): error TS2322: Type '(v: number) => string' is not assignable to type 'Formatter<ValueType, NameType> & ((value: ValueType, name: NameType, item: TooltipPayloadEntry, index: number, payload: TooltipPayload) => ReactNode | [...])'.
  Type '(v: number) => string' is not assignable to type 'Formatter<ValueType, NameType>'.
    Types of parameters 'v' and 'value' are incompatible.
      Type 'ValueType | undefined' is not assignable to type 'number'.
        Type 'undefined' is not assignable to type 'number'.
src/pages/manufacturing/InventoryPage.tsx(239,22): error TS2322: Type 'InventoryItem[]' is not assignable to type 'Record<string, unknown>[]'.
  Type 'InventoryItem' is not assignable to type 'Record<string, unknown>'.
    Index signature for type 'string' is missing in type 'InventoryItem'.
src/pages/manufacturing/ProductionDashboardPage.tsx(1,30): error TS6133: 'useState' is declared but its value is never read.
src/pages/manufacturing/ProductionDashboardPage.tsx(8,21): error TS6133: 'Download' is declared but its value is never read.
src/pages/manufacturing/ProductionDashboardPage.tsx(10,86): error TS6133: 'Legend' is declared but its value is never read.
src/pages/manufacturing/ProductionDashboardPage.tsx(43,40): error TS6133: 'i' is declared but its value is never read.
src/pages/manufacturing/ProductionDashboardPage.tsx(58,18): error TS2315: Type 'Column' is not generic.
src/pages/manufacturing/ProductionDashboardPage.tsx(60,48): error TS7006: Parameter 'r' implicitly has an 'any' type.
src/pages/manufacturing/ProductionDashboardPage.tsx(61,64): error TS7006: Parameter 'r' implicitly has an 'any' type.
src/pages/manufacturing/ProductionDashboardPage.tsx(62,72): error TS7006: Parameter 'r' implicitly has an 'any' type.
src/pages/manufacturing/ProductionDashboardPage.tsx(63,68): error TS7006: Parameter 'r' implicitly has an 'any' type.
src/pages/manufacturing/ProductionDashboardPage.tsx(85,69): error TS2322: Type '{ label: string; value: string; icon: Element; }' is not assignable to type 'IntrinsicAttributes & KPIValueProps'.
  Property 'icon' does not exist on type 'IntrinsicAttributes & KPIValueProps'.
src/pages/manufacturing/ProductionDashboardPage.tsx(117,40): error TS2322: Type 'ProductionLine[]' is not assignable to type 'Record<string, unknown>[]'.
  Type 'ProductionLine' is not assignable to type 'Record<string, unknown>'.
    Index signature for type 'string' is missing in type 'ProductionLine'.
src/pages/NotFoundPage.tsx(1,1): error TS6133: 'useState' is declared but its value is never read.
src/pages/NotFoundPage.tsx(4,1): error TS6192: All imports in import declaration are unused.
src/pages/onboarding/SetupWizardPage.tsx(27,9): error TS6133: 'user' is declared but its value is never read.
src/pages/onboarding/SetupWizardPage.tsx(28,9): error TS6133: 'settingsStore' is declared but its value is never read.
src/pages/onboarding/SetupWizardPage.tsx(41,33): error TS1355: A 'const' assertions can only be applied to references to enum members, or string, number, boolean, array, or object literals.
src/pages/onboarding/SetupWizardPage.tsx(42,38): error TS1355: A 'const' assertions can only be applied to references to enum members, or string, number, boolean, array, or object literals.
src/pages/onboarding/SetupWizardPage.tsx(43,37): error TS1355: A 'const' assertions can only be applied to references to enum members, or string, number, boolean, array, or object literals.
src/pages/onboarding/SetupWizardPage.tsx(44,30): error TS1355: A 'const' assertions can only be applied to references to enum members, or string, number, boolean, array, or object literals.
src/pages/onboarding/SetupWizardPage.tsx(45,30): error TS1355: A 'const' assertions can only be applied to references to enum members, or string, number, boolean, array, or object literals.
src/pages/ProfilePage.tsx(4,1): error TS6133: 'useAuthStore' is declared but its value is never read.
src/pages/ProfilePage.tsx(8,10): error TS6133: 'User' is declared but its value is never read.
src/pages/ProfilePage.tsx(12,25): error TS6133: 'preferences' is declared but its value is never read.
src/pages/ProfilePage.tsx(12,58): error TS6133: 'updatePreferences' is declared but its value is never read.
src/pages/realestate/FacilityManagementPage.tsx(7,3): error TS6133: 'AlertTriangle' is declared but its value is never read.
src/pages/realestate/FacilityManagementPage.tsx(8,3): error TS6133: 'BarChart3' is declared but its value is never read.
src/pages/realestate/FacilityManagementPage.tsx(9,3): error TS6133: 'TrendingDown' is declared but its value is never read.
src/pages/realestate/FacilityManagementPage.tsx(11,3): error TS2305: Module '"lucide-react"' has no exported member 'Tool'.
src/pages/realestate/FacilityManagementPage.tsx(11,3): error TS6133: 'Tool' is declared but its value is never read.
src/pages/realestate/FacilityManagementPage.tsx(12,3): error TS6133: 'Clock' is declared but its value is never read.
src/pages/realestate/FacilityManagementPage.tsx(29,3): error TS6133: 'Cell' is declared but its value is never read.
src/pages/realestate/FacilityManagementPage.tsx(30,3): error TS6133: 'LineChart' is declared but its value is never read.
src/pages/realestate/FacilityManagementPage.tsx(31,3): error TS6133: 'Line' is declared but its value is never read.
src/pages/realestate/FacilityManagementPage.tsx(122,11): error TS18046: 'v' is of type 'unknown'.
src/pages/realestate/FacilityManagementPage.tsx(124,15): error TS18046: 'v' is of type 'unknown'.
src/pages/realestate/FacilityManagementPage.tsx(129,9): error TS2322: Type 'unknown' is not assignable to type 'ReactI18NextChildren | Iterable<ReactI18NextChildren>'.
src/pages/realestate/PropertyPortfolioPage.tsx(4,3): error TS6133: 'MapPin' is declared but its value is never read.
src/pages/realestate/PropertyPortfolioPage.tsx(5,3): error TS6133: 'DollarSign' is declared but its value is never read.
src/pages/realestate/PropertyPortfolioPage.tsx(6,3): error TS6133: 'TrendingUp' is declared but its value is never read.
src/pages/realestate/PropertyPortfolioPage.tsx(8,3): error TS6133: 'Calendar' is declared but its value is never read.
src/pages/realestate/PropertyPortfolioPage.tsx(9,3): error TS6133: 'Download' is declared but its value is never read.
src/pages/realestate/PropertyPortfolioPage.tsx(11,3): error TS6133: 'ArrowRight' is declared but its value is never read.
src/pages/realestate/PropertyPortfolioPage.tsx(30,3): error TS6133: 'Cell' is declared but its value is never read.
src/pages/realestate/PropertyPortfolioPage.tsx(69,9): error TS2322: Type 'unknown' is not assignable to type 'ReactI18NextChildren | Iterable<ReactI18NextChildren>'.
src/pages/realestate/PropertyPortfolioPage.tsx(97,35): error TS2322: Type 'unknown' is not assignable to type 'ReactI18NextChildren | Iterable<ReactI18NextChildren>'.
src/pages/realestate/PropertyPortfolioPage.tsx(108,53): error TS2345: Argument of type 'import("C:/Users/Tahir/Desktop/frontend that i want/src/types/index").GLEntry[]' is not assignable to parameter of type 'import("C:/Users/Tahir/Desktop/frontend that i want/src/types/sector-types").GLEntry[]'.
  Property 'currency' is missing in type 'import("C:/Users/Tahir/Desktop/frontend that i want/src/types/index").GLEntry' but required in type 'import("C:/Users/Tahir/Desktop/frontend that i want/src/types/sector-types").GLEntry'.
src/pages/realestate/PropertyPortfolioPage.tsx(112,50): error TS2345: Argument of type 'import("C:/Users/Tahir/Desktop/frontend that i want/src/types/index").GLEntry[]' is not assignable to parameter of type 'import("C:/Users/Tahir/Desktop/frontend that i want/src/types/sector-types").GLEntry[]'.
  Property 'currency' is missing in type 'import("C:/Users/Tahir/Desktop/frontend that i want/src/types/index").GLEntry' but required in type 'import("C:/Users/Tahir/Desktop/frontend that i want/src/types/sector-types").GLEntry'.
src/pages/realestate/PropertyPortfolioPage.tsx(120,50): error TS2345: Argument of type 'import("C:/Users/Tahir/Desktop/frontend that i want/src/types/index").GLEntry[]' is not assignable to parameter of type 'import("C:/Users/Tahir/Desktop/frontend that i want/src/types/sector-types").GLEntry[]'.
  Property 'currency' is missing in type 'import("C:/Users/Tahir/Desktop/frontend that i want/src/types/index").GLEntry' but required in type 'import("C:/Users/Tahir/Desktop/frontend that i want/src/types/sector-types").GLEntry'.
src/pages/realestate/PropertyPortfolioPage.tsx(218,28): error TS2322: Type '(v: number) => string' is not assignable to type 'Formatter<ValueType, NameType> & ((value: ValueType, name: NameType, item: TooltipPayloadEntry, index: number, payload: TooltipPayload) => ReactNode | [...])'.
  Type '(v: number) => string' is not assignable to type 'Formatter<ValueType, NameType>'.
    Types of parameters 'v' and 'value' are incompatible.
      Type 'ValueType | undefined' is not assignable to type 'number'.
        Type 'undefined' is not assignable to type 'number'.
src/pages/realestate/PropertyPortfolioPage.tsx(303,40): error TS2322: Type 'PropertyItem[]' is not assignable to type 'Record<string, unknown>[]'.
  Type 'PropertyItem' is not assignable to type 'Record<string, unknown>'.
    Index signature for type 'string' is missing in type 'PropertyItem'.
src/pages/realestate/RealEstateDashboardPage.tsx(2,1): error TS6133: 'useRealEstateStore' is declared but its value is never read.
src/pages/realestate/RealEstateDashboardPage.tsx(5,3): error TS6133: 'Home' is declared but its value is never read.
src/pages/realestate/RealEstateDashboardPage.tsx(6,3): error TS6133: 'DollarSign' is declared but its value is never read.
src/pages/realestate/RealEstateDashboardPage.tsx(9,3): error TS6133: 'Users' is declared but its value is never read.
src/pages/realestate/RealEstateDashboardPage.tsx(12,3): error TS6133: 'ArrowUpRight' is declared but its value is never read.
src/pages/realestate/RealEstateDashboardPage.tsx(101,53): error TS2345: Argument of type 'import("C:/Users/Tahir/Desktop/frontend that i want/src/types/index").GLEntry[]' is not assignable to parameter of type 'import("C:/Users/Tahir/Desktop/frontend that i want/src/types/sector-types").GLEntry[]'.
  Property 'currency' is missing in type 'import("C:/Users/Tahir/Desktop/frontend that i want/src/types/index").GLEntry' but required in type 'import("C:/Users/Tahir/Desktop/frontend that i want/src/types/sector-types").GLEntry'.
src/pages/realestate/RealEstateDashboardPage.tsx(105,61): error TS2345: Argument of type 'import("C:/Users/Tahir/Desktop/frontend that i want/src/types/index").GLEntry[]' is not assignable to parameter of type 'import("C:/Users/Tahir/Desktop/frontend that i want/src/types/sector-types").GLEntry[]'.
  Property 'currency' is missing in type 'import("C:/Users/Tahir/Desktop/frontend that i want/src/types/index").GLEntry' but required in type 'import("C:/Users/Tahir/Desktop/frontend that i want/src/types/sector-types").GLEntry'.
src/pages/realestate/RealEstateDashboardPage.tsx(117,50): error TS2345: Argument of type 'import("C:/Users/Tahir/Desktop/frontend that i want/src/types/index").GLEntry[]' is not assignable to parameter of type 'import("C:/Users/Tahir/Desktop/frontend that i want/src/types/sector-types").GLEntry[]'.
  Property 'currency' is missing in type 'import("C:/Users/Tahir/Desktop/frontend that i want/src/types/index").GLEntry' but required in type 'import("C:/Users/Tahir/Desktop/frontend that i want/src/types/sector-types").GLEntry'.
src/pages/realestate/RealEstateDashboardPage.tsx(271,28): error TS2322: Type '(v: number) => string' is not assignable to type 'Formatter<ValueType, NameType> & ((value: ValueType, name: NameType, item: TooltipPayloadEntry, index: number, payload: TooltipPayload) => ReactNode | [...])'.
  Type '(v: number) => string' is not assignable to type 'Formatter<ValueType, NameType>'.
    Types of parameters 'v' and 'value' are incompatible.
      Type 'ValueType | undefined' is not assignable to type 'number'.
        Type 'undefined' is not assignable to type 'number'.
src/pages/realestate/RealEstateDashboardPage.tsx(313,40): error TS2322: Type 'PropertyItem[]' is not assignable to type 'Record<string, unknown>[]'.
  Type 'PropertyItem' is not assignable to type 'Record<string, unknown>'.
    Index signature for type 'string' is missing in type 'PropertyItem'.
src/pages/realestate/REITDashboardPage.tsx(3,3): error TS6133: 'BarChart3' is declared but its value is never read.
src/pages/realestate/REITDashboardPage.tsx(5,3): error TS6133: 'DollarSign' is declared but its value is never read.
src/pages/realestate/REITDashboardPage.tsx(6,15): error TS6133: 'PieChartIcon' is declared but its value is never read.
src/pages/realestate/REITDashboardPage.tsx(7,3): error TS6133: 'ArrowUpRight' is declared but its value is never read.
src/pages/realestate/REITDashboardPage.tsx(9,3): error TS6133: 'Filter' is declared but its value is never read.
src/pages/realestate/REITDashboardPage.tsx(10,3): error TS6133: 'Users' is declared but its value is never read.
src/pages/realestate/REITDashboardPage.tsx(22,3): error TS6133: 'LineChart' is declared but its value is never read.
src/pages/realestate/REITDashboardPage.tsx(125,48): error TS2345: Argument of type 'import("C:/Users/Tahir/Desktop/frontend that i want/src/types/index").GLEntry[]' is not assignable to parameter of type 'import("C:/Users/Tahir/Desktop/frontend that i want/src/types/sector-types").GLEntry[]'.
  Property 'currency' is missing in type 'import("C:/Users/Tahir/Desktop/frontend that i want/src/types/index").GLEntry' but required in type 'import("C:/Users/Tahir/Desktop/frontend that i want/src/types/sector-types").GLEntry'.
src/pages/realestate/REITDashboardPage.tsx(132,58): error TS2345: Argument of type 'import("C:/Users/Tahir/Desktop/frontend that i want/src/types/index").GLEntry[]' is not assignable to parameter of type 'import("C:/Users/Tahir/Desktop/frontend that i want/src/types/sector-types").GLEntry[]'.
  Property 'currency' is missing in type 'import("C:/Users/Tahir/Desktop/frontend that i want/src/types/index").GLEntry' but required in type 'import("C:/Users/Tahir/Desktop/frontend that i want/src/types/sector-types").GLEntry'.
src/pages/realestate/ValuationPage.tsx(3,3): error TS6133: 'Building2' is declared but its value is never read.
src/pages/realestate/ValuationPage.tsx(9,3): error TS6133: 'ArrowUpRight' is declared but its value is never read.
src/pages/realestate/ValuationPage.tsx(10,3): error TS6133: 'ArrowDownRight' is declared but its value is never read.
src/pages/realestate/ValuationPage.tsx(26,3): error TS6133: 'Cell' is declared but its value is never read.
src/pages/realestate/ValuationPage.tsx(27,3): error TS6133: 'LineChart' is declared but its value is never read.
src/pages/realestate/ValuationPage.tsx(28,3): error TS6133: 'Line' is declared but its value is never read.
src/pages/realestate/ValuationPage.tsx(119,53): error TS2345: Argument of type 'import("C:/Users/Tahir/Desktop/frontend that i want/src/types/index").GLEntry[]' is not assignable to parameter of type 'import("C:/Users/Tahir/Desktop/frontend that i want/src/types/sector-types").GLEntry[]'.
  Property 'currency' is missing in type 'import("C:/Users/Tahir/Desktop/frontend that i want/src/types/index").GLEntry' but required in type 'import("C:/Users/Tahir/Desktop/frontend that i want/src/types/sector-types").GLEntry'.
src/pages/realestate/ValuationPage.tsx(123,53): error TS2345: Argument of type 'import("C:/Users/Tahir/Desktop/frontend that i want/src/types/index").GLEntry[]' is not assignable to parameter of type 'import("C:/Users/Tahir/Desktop/frontend that i want/src/types/sector-types").GLEntry[]'.
  Property 'currency' is missing in type 'import("C:/Users/Tahir/Desktop/frontend that i want/src/types/index").GLEntry' but required in type 'import("C:/Users/Tahir/Desktop/frontend that i want/src/types/sector-types").GLEntry'.
src/pages/realestate/ValuationPage.tsx(127,61): error TS2345: Argument of type 'import("C:/Users/Tahir/Desktop/frontend that i want/src/types/index").GLEntry[]' is not assignable to parameter of type 'import("C:/Users/Tahir/Desktop/frontend that i want/src/types/sector-types").GLEntry[]'.
  Property 'currency' is missing in type 'import("C:/Users/Tahir/Desktop/frontend that i want/src/types/index").GLEntry' but required in type 'import("C:/Users/Tahir/Desktop/frontend that i want/src/types/sector-types").GLEntry'.
src/pages/realestate/ValuationPage.tsx(137,61): error TS2345: Argument of type 'import("C:/Users/Tahir/Desktop/frontend that i want/src/types/index").GLEntry[]' is not assignable to parameter of type 'import("C:/Users/Tahir/Desktop/frontend that i want/src/types/sector-types").GLEntry[]'.
  Property 'currency' is missing in type 'import("C:/Users/Tahir/Desktop/frontend that i want/src/types/index").GLEntry' but required in type 'import("C:/Users/Tahir/Desktop/frontend that i want/src/types/sector-types").GLEntry'.
src/pages/realestate/ValuationPage.tsx(272,28): error TS2322: Type '(v: number) => string' is not assignable to type 'Formatter<ValueType, NameType> & ((value: ValueType, name: NameType, item: TooltipPayloadEntry, index: number, payload: TooltipPayload) => ReactNode | [...])'.
  Type '(v: number) => string' is not assignable to type 'Formatter<ValueType, NameType>'.
    Types of parameters 'v' and 'value' are incompatible.
      Type 'ValueType | undefined' is not assignable to type 'number'.
        Type 'undefined' is not assignable to type 'number'.
src/pages/reports/BalanceSheetPage.tsx(2,2): error TS6133: 'useLocation' is declared but its value is never read.
src/pages/reports/BalanceSheetPage.tsx(8,10): error TS6133: 'Download' is declared but its value is never read.
src/pages/reports/BalanceSheetPage.tsx(16,10): error TS6133: 'helpOpen' is declared but its value is never read.
src/pages/reports/BalanceSheetPage.tsx(82,53): error TS2322: Type 'number' is not assignable to type 'string'.
src/pages/reports/BoardPackPage.tsx(2,2): error TS6133: 'useLocation' is declared but its value is never read.
src/pages/reports/BoardPackPage.tsx(8,1): error TS6133: 'Skeleton' is declared but its value is never read.
src/pages/reports/BoardPackPage.tsx(9,10): error TS6133: 'Download' is declared but its value is never read.
src/pages/reports/BoardPackPage.tsx(9,30): error TS6133: 'TrendingUp' is declared but its value is never read.
src/pages/reports/BoardPackPage.tsx(17,10): error TS6133: 'helpOpen' is declared but its value is never read.
src/pages/reports/BoardPackPage.tsx(17,20): error TS6133: 'setHelpOpen' is declared but its value is never read.
src/pages/reports/BudgetVsActualPage.tsx(21,10): error TS6133: 'helpOpen' is declared but its value is never read.
src/pages/reports/CashFlowPage.tsx(2,2): error TS6133: 'useLocation' is declared but its value is never read.
src/pages/reports/CashFlowPage.tsx(8,10): error TS6133: 'Download' is declared but its value is never read.
src/pages/reports/CashFlowPage.tsx(16,10): error TS6133: 'helpOpen' is declared but its value is never read.
src/pages/reports/CashFlowPage.tsx(84,53): error TS2322: Type 'number' is not assignable to type 'string'.
src/pages/reports/components/BudgetVsActualSummary.test.tsx(4,32): error TS6133: 'vi' is declared but its value is never read.
src/pages/reports/components/BudgetVsActualSummary.test.tsx(6,1): error TS6133: 'React' is declared but its value is never read.
src/pages/reports/components/BudgetVsActualTable.test.tsx(4,32): error TS6133: 'vi' is declared but its value is never read.
src/pages/reports/components/BudgetVsActualTable.test.tsx(6,1): error TS6133: 'React' is declared but its value is never read.
src/pages/reports/FinancialStatementTemplates.tsx(7,1): error TS6133: 'Badge' is declared but its value is never read.
src/pages/reports/FinancialStatementTemplates.tsx(8,1): error TS6133: 'Skeleton' is declared but its value is never read.
src/pages/reports/ProfitLossPage.tsx(2,2): error TS6133: 'useLocation' is declared but its value is never read.
src/pages/reports/ProfitLossPage.tsx(8,10): error TS6133: 'Download' is declared but its value is never read.
src/pages/reports/ProfitLossPage.tsx(8,31): error TS6133: 'DollarSign' is declared but its value is never read.
src/pages/reports/ProfitLossPage.tsx(10,1): error TS6133: 'AutoCommentaryEngine' is declared but its value is never read.
src/pages/reports/ProfitLossPage.tsx(17,10): error TS6133: 'helpOpen' is declared but its value is never read.
src/pages/reports/ProfitLossPage.tsx(90,53): error TS2322: Type 'number' is not assignable to type 'string'.
src/pages/reports/ReportBookBuilder.tsx(15,20): error TS6133: 'createReport' is declared but its value is never read.
src/pages/reports/ReportScheduler.tsx(7,10): error TS6133: 'FileText' is declared but its value is never read.
src/pages/reports/ReportScheduler.tsx(8,1): error TS6133: 'ReportSchedulingEngine' is declared but its value is never read.
src/pages/reports/ReportScheduler.tsx(9,1): error TS6133: 'ReportDistributionEngine' is declared but its value is never read.
src/pages/reports/ReportScheduler.tsx(22,5): error TS2339: Property 'toggleScheduledReport' does not exist on type 'ReportState'.
src/pages/reports/ReportsListPage.tsx(5,29): error TS6133: 'CardHeader' is declared but its value is never read.
src/pages/reports/ReportsListPage.tsx(5,41): error TS6133: 'CardTitle' is declared but its value is never read.
src/pages/reports/ReportsListPage.tsx(13,3): error TS6133: 'Download' is declared but its value is never read.
src/pages/reports/ReportsListPage.tsx(16,1): error TS6133: 'PivotTableEngine' is declared but its value is never read.
src/pages/reports/ReportsListPage.tsx(17,1): error TS6133: 'ProfessionalExportEngine' is declared but its value is never read.
src/pages/reports/ReportsListPage.tsx(18,1): error TS6133: 'ReportCacheEngine' is declared but its value is never read.
src/pages/reports/ReportsListPage.tsx(19,1): error TS6133: 'ReportVersionEngine' is declared but its value is never read.
src/pages/reports/ReportTemplateLibraryPage.tsx(17,13): error TS6133: 'id' is declared but its value is never read.
src/pages/reports/ReportTemplateLibraryPage.tsx(30,6): error TS6133: 'report' is declared but its value is never read.
src/pages/reports/SegmentReportingPage.tsx(11,40): error TS6133: 'Filter' is declared but its value is never read.
src/pages/reports/SegmentReportingPage.tsx(16,9): error TS6133: 'entries' is declared but its value is never read.
src/pages/reports/SegmentReportingPage.tsx(17,9): error TS6133: 'entities' is declared but its value is never read.
src/pages/reports/SegmentReportingPage.tsx(24,20): error TS2339: Property 'revenue' does not exist on type 'Segment'.
src/pages/reports/SegmentReportingPage.tsx(25,21): error TS2339: Property 'expenses' does not exist on type 'Segment'.
src/pages/reports/SegmentReportingPage.tsx(26,22): error TS2339: Property 'revenue' does not exist on type 'Segment'.
src/pages/reports/SegmentReportingPage.tsx(26,36): error TS2339: Property 'expenses' does not exist on type 'Segment'.
src/pages/reports/SegmentReportingPage.tsx(27,19): error TS2339: Property 'revenue' does not exist on type 'Segment'.
src/pages/reports/SegmentReportingPage.tsx(27,39): error TS2339: Property 'revenue' does not exist on type 'Segment'.
src/pages/reports/SegmentReportingPage.tsx(27,53): error TS2339: Property 'expenses' does not exist on type 'Segment'.
src/pages/reports/SegmentReportingPage.tsx(27,69): error TS2339: Property 'revenue' does not exist on type 'Segment'.
src/pages/reports/SegmentReportingPage.tsx(49,75): error TS2339: Property 'exportCurrentView' does not exist on type 'typeof ExportEngine'.
src/pages/reports/SegmentReportingPage.tsx(57,43): error TS2322: Type 'number' is not assignable to type 'string'.
src/pages/reports/SegmentReportingPage.tsx(60,44): error TS2322: Type 'number' is not assignable to type 'string'.
src/pages/reports/SegmentReportingPage.tsx(63,40): error TS2322: Type 'number' is not assignable to type 'string'.
src/pages/reports/SegmentReportingPage.tsx(76,26): error TS2322: Type '(v: number) => string' is not assignable to type 'Formatter<ValueType, NameType> & ((value: ValueType, name: NameType, item: TooltipPayloadEntry, index: number, payload: TooltipPayload) => ReactNode | [...])'.
  Type '(v: number) => string' is not assignable to type 'Formatter<ValueType, NameType>'.
    Types of parameters 'v' and 'value' are incompatible.
      Type 'ValueType | undefined' is not assignable to type 'number'.
        Type 'undefined' is not assignable to type 'number'.
src/pages/reports/SegmentReportingPage.tsx(92,26): error TS2322: Type '(v: number) => string' is not assignable to type 'Formatter<ValueType, NameType> & ((value: ValueType, name: NameType, item: TooltipPayloadEntry, index: number, payload: TooltipPayload) => ReactNode | [...])'.
  Type '(v: number) => string' is not assignable to type 'Formatter<ValueType, NameType>'.
    Types of parameters 'v' and 'value' are incompatible.
      Type 'ValueType | undefined' is not assignable to type 'number'.
        Type 'undefined' is not assignable to type 'number'.
src/pages/reports/ThreeStatementDashboardPage.tsx(228,81): error TS2322: Type '{ label: string; value: string; icon: Element; }' is not assignable to type 'IntrinsicAttributes & KPIValueProps'.
  Property 'icon' does not exist on type 'IntrinsicAttributes & KPIValueProps'.
src/pages/reports/ThreeStatementDashboardPage.tsx(233,82): error TS2322: Type '{ label: string; value: string; icon: Element; }' is not assignable to type 'IntrinsicAttributes & KPIValueProps'.
  Property 'icon' does not exist on type 'IntrinsicAttributes & KPIValueProps'.
src/pages/reports/ThreeStatementDashboardPage.tsx(238,83): error TS2322: Type '{ label: string; value: string; icon: Element; }' is not assignable to type 'IntrinsicAttributes & KPIValueProps'.
  Property 'icon' does not exist on type 'IntrinsicAttributes & KPIValueProps'.
src/pages/reports/ThreeStatementDashboardPage.tsx(246,15): error TS2322: Type '{ label: string; value: string; icon: Element; }' is not assignable to type 'IntrinsicAttributes & KPIValueProps'.
  Property 'icon' does not exist on type 'IntrinsicAttributes & KPIValueProps'.
src/pages/retail/InventoryDashboard.tsx(53,73): error TS2345: Argument of type 'import("C:/Users/Tahir/Desktop/frontend that i want/src/types/index").GLEntry[]' is not assignable to parameter of type 'import("C:/Users/Tahir/Desktop/frontend that i want/src/types/sector-types").GLEntry[]'.
  Property 'currency' is missing in type 'import("C:/Users/Tahir/Desktop/frontend that i want/src/types/index").GLEntry' but required in type 'import("C:/Users/Tahir/Desktop/frontend that i want/src/types/sector-types").GLEntry'.
src/pages/retail/InventoryDashboard.tsx(55,71): error TS2345: Argument of type 'import("C:/Users/Tahir/Desktop/frontend that i want/src/types/index").GLEntry[]' is not assignable to parameter of type 'import("C:/Users/Tahir/Desktop/frontend that i want/src/types/sector-types").GLEntry[]'.
  Property 'currency' is missing in type 'import("C:/Users/Tahir/Desktop/frontend that i want/src/types/index").GLEntry' but required in type 'import("C:/Users/Tahir/Desktop/frontend that i want/src/types/sector-types").GLEntry'.
src/pages/retail/InventoryDashboard.tsx(61,64): error TS2345: Argument of type 'import("C:/Users/Tahir/Desktop/frontend that i want/src/types/index").GLEntry[]' is not assignable to parameter of type 'import("C:/Users/Tahir/Desktop/frontend that i want/src/types/sector-types").GLEntry[]'.
  Property 'currency' is missing in type 'import("C:/Users/Tahir/Desktop/frontend that i want/src/types/index").GLEntry' but required in type 'import("C:/Users/Tahir/Desktop/frontend that i want/src/types/sector-types").GLEntry'.
src/pages/retail/InventoryDashboard.tsx(160,11): error TS2322: Type '{ label: string; value: string; icon: Element; trend: "up"; }' is not assignable to type 'IntrinsicAttributes & KPIValueProps'.
  Property 'icon' does not exist on type 'IntrinsicAttributes & KPIValueProps'.
src/pages/retail/InventoryDashboard.tsx(166,11): error TS2322: Type '{ label: string; value: string; icon: Element; trend: "up" | "down"; }' is not assignable to type 'IntrinsicAttributes & KPIValueProps'.
  Property 'icon' does not exist on type 'IntrinsicAttributes & KPIValueProps'.
src/pages/retail/InventoryDashboard.tsx(172,11): error TS2322: Type '{ label: string; value: string; icon: Element; trend: "up" | "down"; }' is not assignable to type 'IntrinsicAttributes & KPIValueProps'.
  Property 'icon' does not exist on type 'IntrinsicAttributes & KPIValueProps'.
src/pages/retail/InventoryDashboard.tsx(178,11): error TS2322: Type '{ label: string; value: string; icon: Element; trend: "neutral" | "up"; }' is not assignable to type 'IntrinsicAttributes & KPIValueProps'.
  Property 'icon' does not exist on type 'IntrinsicAttributes & KPIValueProps'.
src/pages/retail/InventoryDashboard.tsx(209,21): error TS2322: Type '(v: number, name: string) => string' is not assignable to type 'Formatter<ValueType, NameType> & ((value: ValueType, name: NameType, item: TooltipPayloadEntry, index: number, payload: TooltipPayload) => ReactNode | [...])'.
  Type '(v: number, name: string) => string' is not assignable to type 'Formatter<ValueType, NameType>'.
    Types of parameters 'v' and 'value' are incompatible.
      Type 'ValueType | undefined' is not assignable to type 'number'.
        Type 'undefined' is not assignable to type 'number'.
src/pages/retail/InventoryDashboard.tsx(261,19): error TS2322: Type '(v: number) => string' is not assignable to type 'Formatter<ValueType, NameType> & ((value: ValueType, name: NameType, item: TooltipPayloadEntry, index: number, payload: TooltipPayload) => ReactNode | [...])'.
  Type '(v: number) => string' is not assignable to type 'Formatter<ValueType, NameType>'.
    Types of parameters 'v' and 'value' are incompatible.
      Type 'ValueType | undefined' is not assignable to type 'number'.
        Type 'undefined' is not assignable to type 'number'.
src/pages/retail/InventoryPlanningPage.tsx(4,3): error TS6133: 'TrendingUp' is declared but its value is never read.
src/pages/retail/InventoryPlanningPage.tsx(5,3): error TS6133: 'TrendingDown' is declared but its value is never read.
src/pages/retail/InventoryPlanningPage.tsx(6,3): error TS6133: 'DollarSign' is declared but its value is never read.
src/pages/retail/InventoryPlanningPage.tsx(7,3): error TS6133: 'AlertTriangle' is declared but its value is never read.
src/pages/retail/InventoryPlanningPage.tsx(10,3): error TS6133: 'RefreshCw' is declared but its value is never read.
src/pages/retail/InventoryPlanningPage.tsx(11,3): error TS6133: 'Clock' is declared but its value is never read.
src/pages/retail/InventoryPlanningPage.tsx(29,3): error TS6133: 'AreaChart' is declared but its value is never read.
src/pages/retail/InventoryPlanningPage.tsx(30,3): error TS6133: 'Area' is declared but its value is never read.
src/pages/retail/InventoryPlanningPage.tsx(111,54): error TS2345: Argument of type 'import("C:/Users/Tahir/Desktop/frontend that i want/src/types/index").GLEntry[]' is not assignable to parameter of type 'import("C:/Users/Tahir/Desktop/frontend that i want/src/types/sector-types").GLEntry[]'.
  Property 'currency' is missing in type 'import("C:/Users/Tahir/Desktop/frontend that i want/src/types/index").GLEntry' but required in type 'import("C:/Users/Tahir/Desktop/frontend that i want/src/types/sector-types").GLEntry'.
src/pages/retail/InventoryPlanningPage.tsx(118,64): error TS2345: Argument of type 'import("C:/Users/Tahir/Desktop/frontend that i want/src/types/index").GLEntry[]' is not assignable to parameter of type 'import("C:/Users/Tahir/Desktop/frontend that i want/src/types/sector-types").GLEntry[]'.
  Property 'currency' is missing in type 'import("C:/Users/Tahir/Desktop/frontend that i want/src/types/index").GLEntry' but required in type 'import("C:/Users/Tahir/Desktop/frontend that i want/src/types/sector-types").GLEntry'.
src/pages/retail/PromoAnalysisPage.tsx(1,30): error TS6133: 'useState' is declared but its value is never read.
src/pages/retail/PromoAnalysisPage.tsx(8,10): error TS6133: 'TrendingUp' is declared but its value is never read.
src/pages/retail/PromoAnalysisPage.tsx(8,22): error TS6133: 'Download' is declared but its value is never read.
src/pages/retail/PromoAnalysisPage.tsx(8,62): error TS6133: 'Tag' is declared but its value is never read.
src/pages/retail/PromoAnalysisPage.tsx(8,67): error TS6133: 'Percent' is declared but its value is never read.
src/pages/retail/PromoAnalysisPage.tsx(24,3): error TS6133: 'LineChart' is declared but its value is never read.
src/pages/retail/PromoAnalysisPage.tsx(25,3): error TS6133: 'Line' is declared but its value is never read.
src/pages/retail/PromoAnalysisPage.tsx(62,9): error TS6133: 'entries' is declared but its value is never read.
src/pages/retail/PromoAnalysisPage.tsx(63,9): error TS6133: 'navigate' is declared but its value is never read.
src/pages/retail/PromoAnalysisPage.tsx(161,101): error TS2322: Type '(v: number) => string' is not assignable to type 'Formatter<ValueType, NameType> & ((value: ValueType, name: NameType, item: TooltipPayloadEntry, index: number, payload: TooltipPayload) => ReactNode | [...])'.
  Type '(v: number) => string' is not assignable to type 'Formatter<ValueType, NameType>'.
    Types of parameters 'v' and 'value' are incompatible.
      Type 'ValueType | undefined' is not assignable to type 'number'.
        Type 'undefined' is not assignable to type 'number'.
src/pages/retail/PromoAnalysisPage.tsx(177,101): error TS2322: Type '(v: number) => string' is not assignable to type 'Formatter<ValueType, NameType> & ((value: ValueType, name: NameType, item: TooltipPayloadEntry, index: number, payload: TooltipPayload) => ReactNode | [...])'.
  Type '(v: number) => string' is not assignable to type 'Formatter<ValueType, NameType>'.
    Types of parameters 'v' and 'value' are incompatible.
      Type 'ValueType | undefined' is not assignable to type 'number'.
        Type 'undefined' is not assignable to type 'number'.
src/pages/retail/PromoAnalysisPage.tsx(193,99): error TS2322: Type '(v: number) => string' is not assignable to type 'Formatter<ValueType, NameType> & ((value: ValueType, name: NameType, item: TooltipPayloadEntry, index: number, payload: TooltipPayload) => ReactNode | [...])'.
  Type '(v: number) => string' is not assignable to type 'Formatter<ValueType, NameType>'.
    Types of parameters 'v' and 'value' are incompatible.
      Type 'ValueType | undefined' is not assignable to type 'number'.
        Type 'undefined' is not assignable to type 'number'.
src/pages/retail/RetailDashboard.tsx(105,40): error TS2345: Argument of type 'unknown' is not assignable to parameter of type 'number'.
src/pages/retail/RetailDashboard.tsx(108,85): error TS2345: Argument of type 'unknown' is not assignable to parameter of type 'number'.
src/pages/retail/RetailDashboard.tsx(109,87): error TS2345: Argument of type 'unknown' is not assignable to parameter of type 'number'.
src/pages/retail/RetailDashboard.tsx(114,40): error TS2345: Argument of type 'unknown' is not assignable to parameter of type 'number'.
src/pages/retail/RetailDashboard.tsx(121,26): error TS18046: 'r.netProfit' is of type 'unknown'.
src/pages/retail/RetailDashboard.tsx(122,27): error TS2345: Argument of type 'unknown' is not assignable to parameter of type 'number'.
src/pages/retail/RetailDashboard.tsx(132,26): error TS18046: 'r.margin' is of type 'unknown'.
src/pages/retail/RetailDashboard.tsx(133,26): error TS2345: Argument of type 'unknown' is not assignable to parameter of type 'number'.
src/pages/retail/RetailDashboard.tsx(189,11): error TS2322: Type '{ label: string; value: string; icon: Element; }' is not assignable to type 'IntrinsicAttributes & KPIValueProps'.
  Property 'icon' does not exist on type 'IntrinsicAttributes & KPIValueProps'.
src/pages/retail/RetailDashboard.tsx(194,11): error TS2322: Type '{ label: string; value: string; icon: Element; }' is not assignable to type 'IntrinsicAttributes & KPIValueProps'.
  Property 'icon' does not exist on type 'IntrinsicAttributes & KPIValueProps'.
src/pages/retail/RetailDashboard.tsx(199,11): error TS2322: Type '{ label: string; value: string; icon: Element; }' is not assignable to type 'IntrinsicAttributes & KPIValueProps'.
  Property 'icon' does not exist on type 'IntrinsicAttributes & KPIValueProps'.
src/pages/retail/RetailDashboard.tsx(204,11): error TS2322: Type '{ label: string; value: string; icon: Element; }' is not assignable to type 'IntrinsicAttributes & KPIValueProps'.
  Property 'icon' does not exist on type 'IntrinsicAttributes & KPIValueProps'.
src/pages/retail/RetailDashboard.tsx(230,21): error TS2322: Type '(v: number) => string' is not assignable to type 'Formatter<ValueType, NameType> & ((value: ValueType, name: NameType, item: TooltipPayloadEntry, index: number, payload: TooltipPayload) => ReactNode | [...])'.
  Type '(v: number) => string' is not assignable to type 'Formatter<ValueType, NameType>'.
    Types of parameters 'v' and 'value' are incompatible.
      Type 'ValueType | undefined' is not assignable to type 'number'.
        Type 'undefined' is not assignable to type 'number'.
src/pages/retail/RetailDashboard.tsx(251,42): error TS2322: Type 'StoreStats[]' is not assignable to type 'Record<string, unknown>[]'.
  Type 'StoreStats' is not assignable to type 'Record<string, unknown>'.
    Index signature for type 'string' is missing in type 'StoreStats'.
src/pages/retail/RetailDashboardPage.tsx(3,3): error TS6133: 'Store' is declared but its value is never read.
src/pages/retail/RetailDashboardPage.tsx(5,3): error TS6133: 'DollarSign' is declared but its value is never read.
src/pages/retail/RetailDashboardPage.tsx(7,3): error TS6133: 'ShoppingCart' is declared but its value is never read.
src/pages/retail/RetailDashboardPage.tsx(8,3): error TS6133: 'BarChart3' is declared but its value is never read.
src/pages/retail/RetailDashboardPage.tsx(10,3): error TS6133: 'RefreshCw' is declared but its value is never read.
src/pages/retail/RetailDashboardPage.tsx(137,11): error TS18046: 'v' is of type 'unknown'.
src/pages/retail/RetailDashboardPage.tsx(137,43): error TS2345: Argument of type 'unknown' is not assignable to parameter of type 'string'.
src/pages/retail/RetailDashboardPage.tsx(142,9): error TS2322: Type 'unknown' is not assignable to type 'ReactI18NextChildren | Iterable<ReactI18NextChildren>'.
src/pages/retail/RetailDashboardPage.tsx(242,21): error TS2322: Type '(v: number) => [string, string]' is not assignable to type 'Formatter<ValueType, NameType> & ((value: ValueType, name: NameType, item: TooltipPayloadEntry, index: number, payload: TooltipPayload) => ReactNode | [...])'.
  Type '(v: number) => [string, string]' is not assignable to type 'Formatter<ValueType, NameType>'.
    Types of parameters 'v' and 'value' are incompatible.
      Type 'ValueType | undefined' is not assignable to type 'number'.
        Type 'undefined' is not assignable to type 'number'.
src/pages/retail/StoreDashboardPage.tsx(1,30): error TS6133: 'useState' is declared but its value is never read.
src/pages/retail/StoreDashboardPage.tsx(8,29): error TS6133: 'Download' is declared but its value is never read.
src/pages/retail/StoreDashboardPage.tsx(10,1): error TS6133: 'ManufacturingEngine' is declared but its value is never read.
src/pages/retail/StoreDashboardPage.tsx(39,57): error TS6133: 'i' is declared but its value is never read.
src/pages/retail/StoreDashboardPage.tsx(57,18): error TS2315: Type 'Column' is not generic.
src/pages/retail/StoreDashboardPage.tsx(59,66): error TS7006: Parameter 'r' implicitly has an 'any' type.
src/pages/retail/StoreDashboardPage.tsx(60,76): error TS7006: Parameter 'r' implicitly has an 'any' type.
src/pages/retail/StoreDashboardPage.tsx(61,71): error TS7006: Parameter 'r' implicitly has an 'any' type.
src/pages/retail/StoreDashboardPage.tsx(62,71): error TS7006: Parameter 'r' implicitly has an 'any' type.
src/pages/retail/StoreDashboardPage.tsx(81,87): error TS2322: Type '{ label: string; value: string; icon: Element; }' is not assignable to type 'IntrinsicAttributes & KPIValueProps'.
  Property 'icon' does not exist on type 'IntrinsicAttributes & KPIValueProps'.
src/pages/retail/StoreDashboardPage.tsx(82,81): error TS2322: Type '{ label: string; value: string; icon: Element; }' is not assignable to type 'IntrinsicAttributes & KPIValueProps'.
  Property 'icon' does not exist on type 'IntrinsicAttributes & KPIValueProps'.
src/pages/retail/StoreDashboardPage.tsx(83,86): error TS2322: Type '{ label: string; value: string; icon: Element; }' is not assignable to type 'IntrinsicAttributes & KPIValueProps'.
  Property 'icon' does not exist on type 'IntrinsicAttributes & KPIValueProps'.
src/pages/retail/StoreDashboardPage.tsx(84,84): error TS2322: Type '{ label: string; value: string; icon: Element; }' is not assignable to type 'IntrinsicAttributes & KPIValueProps'.
  Property 'icon' does not exist on type 'IntrinsicAttributes & KPIValueProps'.
src/pages/retail/StoreDashboardPage.tsx(94,28): error TS2322: Type '(v: number) => string' is not assignable to type 'Formatter<ValueType, NameType> & ((value: ValueType, name: NameType, item: TooltipPayloadEntry, index: number, payload: TooltipPayload) => ReactNode | [...])'.
  Type '(v: number) => string' is not assignable to type 'Formatter<ValueType, NameType>'.
    Types of parameters 'v' and 'value' are incompatible.
      Type 'ValueType | undefined' is not assignable to type 'number'.
        Type 'undefined' is not assignable to type 'number'.
src/pages/retail/StoreDashboardPage.tsx(101,40): error TS2322: Type 'StoreRow[]' is not assignable to type 'Record<string, unknown>[]'.
  Type 'StoreRow' is not assignable to type 'Record<string, unknown>'.
    Index signature for type 'string' is missing in type 'StoreRow'.
src/pages/retail/StorePerformancePage.tsx(4,3): error TS6133: 'TrendingUp' is declared but its value is never read.
src/pages/retail/StorePerformancePage.tsx(7,3): error TS6133: 'Target' is declared but its value is never read.
src/pages/retail/StorePerformancePage.tsx(8,3): error TS6133: 'BarChart3' is declared but its value is never read.
src/pages/retail/StorePerformancePage.tsx(10,3): error TS6133: 'Filter' is declared but its value is never read.
src/pages/retail/StorePerformancePage.tsx(11,3): error TS6133: 'Clock' is declared but its value is never read.
src/pages/retail/StorePerformancePage.tsx(106,49): error TS2345: Argument of type 'import("C:/Users/Tahir/Desktop/frontend that i want/src/types/index").GLEntry[]' is not assignable to parameter of type 'import("C:/Users/Tahir/Desktop/frontend that i want/src/types/sector-types").GLEntry[]'.
  Property 'currency' is missing in type 'import("C:/Users/Tahir/Desktop/frontend that i want/src/types/index").GLEntry' but required in type 'import("C:/Users/Tahir/Desktop/frontend that i want/src/types/sector-types").GLEntry'.
src/pages/retail/StorePerformancePage.tsx(110,37): error TS2345: Argument of type 'import("C:/Users/Tahir/Desktop/frontend that i want/src/types/index").GLEntry[]' is not assignable to parameter of type 'import("C:/Users/Tahir/Desktop/frontend that i want/src/types/sector-types").GLEntry[]'.
  Property 'currency' is missing in type 'import("C:/Users/Tahir/Desktop/frontend that i want/src/types/index").GLEntry' but required in type 'import("C:/Users/Tahir/Desktop/frontend that i want/src/types/sector-types").GLEntry'.
src/pages/retail/StorePerformancePage.tsx(114,43): error TS2345: Argument of type 'import("C:/Users/Tahir/Desktop/frontend that i want/src/types/index").GLEntry[]' is not assignable to parameter of type 'import("C:/Users/Tahir/Desktop/frontend that i want/src/types/sector-types").GLEntry[]'.
  Property 'currency' is missing in type 'import("C:/Users/Tahir/Desktop/frontend that i want/src/types/index").GLEntry' but required in type 'import("C:/Users/Tahir/Desktop/frontend that i want/src/types/sector-types").GLEntry'.
src/pages/retail/StorePerformancePage.tsx(218,21): error TS2322: Type '(v: number) => string' is not assignable to type 'Formatter<ValueType, NameType> & ((value: ValueType, name: NameType, item: TooltipPayloadEntry, index: number, payload: TooltipPayload) => ReactNode | [...])'.
  Type '(v: number) => string' is not assignable to type 'Formatter<ValueType, NameType>'.
    Types of parameters 'v' and 'value' are incompatible.
      Type 'ValueType | undefined' is not assignable to type 'number'.
        Type 'undefined' is not assignable to type 'number'.
src/pages/retail/StorePerformancePage.tsx(282,41): error TS6133: 'entry' is declared but its value is never read.
src/pages/retail/StorePerformancePage.tsx(310,40): error TS2322: Type 'StoreStats[]' is not assignable to type 'Record<string, unknown>[]'.
  Type 'StoreStats' is not assignable to type 'Record<string, unknown>'.
    Index signature for type 'string' is missing in type 'StoreStats'.
src/pages/revenue/DeferredSchedulePage.tsx(7,10): error TS6133: 'DataTable' is declared but its value is never read.
src/pages/revenue/DeferredSchedulePage.tsx(92,9): error TS6133: 'glDeferred' is declared but its value is never read.
src/pages/revenue/DeferredSchedulePage.tsx(105,9): error TS6133: 'contractColumns' is declared but its value is never read.
src/pages/revenue/DeferredSchedulePage.tsx(105,26): error TS2315: Type 'Column' is not generic.
src/pages/revenue/DeferredSchedulePage.tsx(109,16): error TS7006: Parameter 'r' implicitly has an 'any' type.
src/pages/revenue/DeferredSchedulePage.tsx(119,64): error TS7006: Parameter 'r' implicitly has an 'any' type.
src/pages/revenue/DeferredSchedulePage.tsx(120,68): error TS7006: Parameter 'r' implicitly has an 'any' type.
src/pages/revenue/DeferredSchedulePage.tsx(121,64): error TS7006: Parameter 'r' implicitly has an 'any' type.
src/pages/revenue/DeferredSchedulePage.tsx(125,16): error TS7006: Parameter 'r' implicitly has an 'any' type.
src/pages/revenue/DeferredSchedulePage.tsx(173,80): error TS2322: Type '{ label: string; value: string; icon: Element; }' is not assignable to type 'IntrinsicAttributes & KPIValueProps'.
  Property 'icon' does not exist on type 'IntrinsicAttributes & KPIValueProps'.
src/pages/revenue/DeferredSchedulePage.tsx(174,85): error TS2322: Type '{ label: string; value: string; icon: Element; }' is not assignable to type 'IntrinsicAttributes & KPIValueProps'.
  Property 'icon' does not exist on type 'IntrinsicAttributes & KPIValueProps'.
src/pages/revenue/DeferredSchedulePage.tsx(175,85): error TS2322: Type '{ label: string; value: string; icon: Element; }' is not assignable to type 'IntrinsicAttributes & KPIValueProps'.
  Property 'icon' does not exist on type 'IntrinsicAttributes & KPIValueProps'.
src/pages/revenue/DeferredSchedulePage.tsx(176,85): error TS2322: Type '{ label: string; value: string; icon: Element; }' is not assignable to type 'IntrinsicAttributes & KPIValueProps'.
  Property 'icon' does not exist on type 'IntrinsicAttributes & KPIValueProps'.
src/pages/revenue/DeferredSchedulePage.tsx(190,26): error TS2322: Type '(v: number) => string' is not assignable to type 'Formatter<ValueType, NameType> & ((value: ValueType, name: NameType, item: TooltipPayloadEntry, index: number, payload: TooltipPayload) => ReactNode | [...])'.
  Type '(v: number) => string' is not assignable to type 'Formatter<ValueType, NameType>'.
    Types of parameters 'v' and 'value' are incompatible.
      Type 'ValueType | undefined' is not assignable to type 'number'.
        Type 'undefined' is not assignable to type 'number'.
src/pages/revenue/DeferredSchedulePage.tsx(207,26): error TS2322: Type '(v: number) => string' is not assignable to type 'Formatter<ValueType, NameType> & ((value: ValueType, name: NameType, item: TooltipPayloadEntry, index: number, payload: TooltipPayload) => ReactNode | [...])'.
  Type '(v: number) => string' is not assignable to type 'Formatter<ValueType, NameType>'.
    Types of parameters 'v' and 'value' are incompatible.
      Type 'ValueType | undefined' is not assignable to type 'number'.
        Type 'undefined' is not assignable to type 'number'.
src/pages/revenue/RevRecDashboard.tsx(1,30): error TS6133: 'useState' is declared but its value is never read.
src/pages/revenue/RevRecDashboard.tsx(8,21): error TS6133: 'Download' is declared but its value is never read.
src/pages/revenue/RevRecDashboard.tsx(66,18): error TS2315: Type 'Column' is not generic.
src/pages/revenue/RevRecDashboard.tsx(68,62): error TS7006: Parameter 'r' implicitly has an 'any' type.
src/pages/revenue/RevRecDashboard.tsx(69,72): error TS7006: Parameter 'r' implicitly has an 'any' type.
src/pages/revenue/RevRecDashboard.tsx(70,70): error TS7006: Parameter 'r' implicitly has an 'any' type.
src/pages/revenue/RevRecDashboard.tsx(71,83): error TS7006: Parameter 'r' implicitly has an 'any' type.
src/pages/revenue/RevRecDashboard.tsx(89,78): error TS2322: Type '{ label: string; value: string; icon: Element; }' is not assignable to type 'IntrinsicAttributes & KPIValueProps'.
  Property 'icon' does not exist on type 'IntrinsicAttributes & KPIValueProps'.
src/pages/revenue/RevRecDashboard.tsx(90,82): error TS2322: Type '{ label: string; value: string; icon: Element; }' is not assignable to type 'IntrinsicAttributes & KPIValueProps'.
  Property 'icon' does not exist on type 'IntrinsicAttributes & KPIValueProps'.
src/pages/revenue/RevRecDashboard.tsx(91,74): error TS2322: Type '{ label: string; value: string; icon: Element; }' is not assignable to type 'IntrinsicAttributes & KPIValueProps'.
  Property 'icon' does not exist on type 'IntrinsicAttributes & KPIValueProps'.
src/pages/revenue/RevRecDashboard.tsx(92,57): error TS2322: Type '{ label: string; value: string; icon: Element; }' is not assignable to type 'IntrinsicAttributes & KPIValueProps'.
  Property 'icon' does not exist on type 'IntrinsicAttributes & KPIValueProps'.
src/pages/revenue/RevRecDashboard.tsx(116,26): error TS2322: Type '(v: number) => string' is not assignable to type 'Formatter<ValueType, NameType> & ((value: ValueType, name: NameType, item: TooltipPayloadEntry, index: number, payload: TooltipPayload) => ReactNode | [...])'.
  Type '(v: number) => string' is not assignable to type 'Formatter<ValueType, NameType>'.
    Types of parameters 'v' and 'value' are incompatible.
      Type 'ValueType | undefined' is not assignable to type 'number'.
        Type 'undefined' is not assignable to type 'number'.
src/pages/revenue/RevRecDashboard.tsx(129,168): error TS18048: 'percent' is possibly 'undefined'.
src/pages/revenue/RevRecDashboard.tsx(132,26): error TS2322: Type '(v: number) => string' is not assignable to type 'Formatter<ValueType, NameType> & ((value: ValueType, name: NameType, item: TooltipPayloadEntry, index: number, payload: TooltipPayload) => ReactNode | [...])'.
  Type '(v: number) => string' is not assignable to type 'Formatter<ValueType, NameType>'.
    Types of parameters 'v' and 'value' are incompatible.
      Type 'ValueType | undefined' is not assignable to type 'number'.
        Type 'undefined' is not assignable to type 'number'.
src/pages/revenue/RevRecDashboard.tsx(138,36): error TS2322: Type 'ContractRow[]' is not assignable to type 'Record<string, unknown>[]'.
  Type 'ContractRow' is not assignable to type 'Record<string, unknown>'.
    Index signature for type 'string' is missing in type 'ContractRow'.
src/pages/saas/ChurnAnalysisPage.tsx(9,10): error TS6133: 'Users' is declared but its value is never read.
src/pages/saas/ChurnAnalysisPage.tsx(229,11): error TS2322: Type '{ label: string; value: string; icon: Element; trend: "down"; }' is not assignable to type 'IntrinsicAttributes & KPIValueProps'.
  Property 'icon' does not exist on type 'IntrinsicAttributes & KPIValueProps'.
src/pages/saas/ChurnAnalysisPage.tsx(235,11): error TS2322: Type '{ label: string; value: string; icon: Element; trend: "down"; }' is not assignable to type 'IntrinsicAttributes & KPIValueProps'.
  Property 'icon' does not exist on type 'IntrinsicAttributes & KPIValueProps'.
src/pages/saas/ChurnAnalysisPage.tsx(241,11): error TS2322: Type '{ label: string; value: string; icon: Element; trend: "up"; }' is not assignable to type 'IntrinsicAttributes & KPIValueProps'.
  Property 'icon' does not exist on type 'IntrinsicAttributes & KPIValueProps'.
src/pages/saas/ChurnAnalysisPage.tsx(247,11): error TS2322: Type '{ label: string; value: string; icon: Element; }' is not assignable to type 'IntrinsicAttributes & KPIValueProps'.
  Property 'icon' does not exist on type 'IntrinsicAttributes & KPIValueProps'.
src/pages/saas/ChurnAnalysisPage.tsx(252,11): error TS2322: Type '{ label: string; value: string; icon: Element; trend: "down"; }' is not assignable to type 'IntrinsicAttributes & KPIValueProps'.
  Property 'icon' does not exist on type 'IntrinsicAttributes & KPIValueProps'.
src/pages/saas/ChurnAnalysisPage.tsx(274,19): error TS2322: Type '(v: number) => string' is not assignable to type 'Formatter<ValueType, NameType> & ((value: ValueType, name: NameType, item: TooltipPayloadEntry, index: number, payload: TooltipPayload) => ReactNode | [...])'.
  Type '(v: number) => string' is not assignable to type 'Formatter<ValueType, NameType>'.
    Types of parameters 'v' and 'value' are incompatible.
      Type 'ValueType | undefined' is not assignable to type 'number'.
        Type 'undefined' is not assignable to type 'number'.
src/pages/saas/ChurnAnalysisPage.tsx(310,19): error TS2322: Type '(v: number) => string' is not assignable to type 'Formatter<ValueType, NameType> & ((value: ValueType, name: NameType, item: TooltipPayloadEntry, index: number, payload: TooltipPayload) => ReactNode | [...])'.
  Type '(v: number) => string' is not assignable to type 'Formatter<ValueType, NameType>'.
    Types of parameters 'v' and 'value' are incompatible.
      Type 'ValueType | undefined' is not assignable to type 'number'.
        Type 'undefined' is not assignable to type 'number'.
src/pages/saas/ChurnDashboard.tsx(1,30): error TS6133: 'useState' is declared but its value is never read.
src/pages/saas/ChurnDashboard.tsx(97,83): error TS2322: Type '{ label: string; value: string; icon: Element; trend: "down"; }' is not assignable to type 'IntrinsicAttributes & KPIValueProps'.
  Property 'icon' does not exist on type 'IntrinsicAttributes & KPIValueProps'.
src/pages/saas/ChurnDashboard.tsx(98,81): error TS2322: Type '{ label: string; value: string; icon: Element; trend: "down"; }' is not assignable to type 'IntrinsicAttributes & KPIValueProps'.
  Property 'icon' does not exist on type 'IntrinsicAttributes & KPIValueProps'.
src/pages/saas/ChurnDashboard.tsx(99,73): error TS2322: Type '{ label: string; value: string; icon: Element; trend: "up"; }' is not assignable to type 'IntrinsicAttributes & KPIValueProps'.
  Property 'icon' does not exist on type 'IntrinsicAttributes & KPIValueProps'.
src/pages/saas/ChurnDashboard.tsx(100,84): error TS2322: Type '{ label: string; value: string; icon: Element; }' is not assignable to type 'IntrinsicAttributes & KPIValueProps'.
  Property 'icon' does not exist on type 'IntrinsicAttributes & KPIValueProps'.
src/pages/saas/ChurnDashboard.tsx(101,86): error TS2322: Type '{ label: string; value: string; icon: Element; trend: "down"; }' is not assignable to type 'IntrinsicAttributes & KPIValueProps'.
  Property 'icon' does not exist on type 'IntrinsicAttributes & KPIValueProps'.
src/pages/saas/ChurnDashboard.tsx(113,113): error TS2322: Type '(v: number) => string' is not assignable to type 'Formatter<ValueType, NameType> & ((value: ValueType, name: NameType, item: TooltipPayloadEntry, index: number, payload: TooltipPayload) => ReactNode | [...])'.
  Type '(v: number) => string' is not assignable to type 'Formatter<ValueType, NameType>'.
    Types of parameters 'v' and 'value' are incompatible.
      Type 'ValueType | undefined' is not assignable to type 'number'.
        Type 'undefined' is not assignable to type 'number'.
src/pages/saas/ChurnDashboard.tsx(130,113): error TS2322: Type '(v: number) => string' is not assignable to type 'Formatter<ValueType, NameType> & ((value: ValueType, name: NameType, item: TooltipPayloadEntry, index: number, payload: TooltipPayload) => ReactNode | [...])'.
  Type '(v: number) => string' is not assignable to type 'Formatter<ValueType, NameType>'.
    Types of parameters 'v' and 'value' are incompatible.
      Type 'ValueType | undefined' is not assignable to type 'number'.
        Type 'undefined' is not assignable to type 'number'.
src/pages/saas/CohortAnalysisPage.tsx(1,30): error TS6133: 'useState' is declared but its value is never read.
src/pages/saas/CohortAnalysisPage.tsx(17,3): error TS6133: 'Legend' is declared but its value is never read.
src/pages/saas/CohortAnalysisPage.tsx(100,91): error TS2322: Type '{ label: string; value: string; icon: Element; }' is not assignable to type 'IntrinsicAttributes & KPIValueProps'.
  Property 'icon' does not exist on type 'IntrinsicAttributes & KPIValueProps'.
src/pages/saas/CohortAnalysisPage.tsx(101,81): error TS2322: Type '{ label: string; value: string; icon: Element; trend: "up"; }' is not assignable to type 'IntrinsicAttributes & KPIValueProps'.
  Property 'icon' does not exist on type 'IntrinsicAttributes & KPIValueProps'.
src/pages/saas/CohortAnalysisPage.tsx(102,73): error TS2322: Type '{ label: string; value: string; icon: Element; trend: "down"; }' is not assignable to type 'IntrinsicAttributes & KPIValueProps'.
  Property 'icon' does not exist on type 'IntrinsicAttributes & KPIValueProps'.
src/pages/saas/CohortAnalysisPage.tsx(103,96): error TS2322: Type '{ label: string; value: string; icon: Element; }' is not assignable to type 'IntrinsicAttributes & KPIValueProps'.
  Property 'icon' does not exist on type 'IntrinsicAttributes & KPIValueProps'.
src/pages/scenarios/ScenarioBuilderPage.tsx(8,21): error TS6133: 'Column' is declared but its value is never read.
src/pages/scenarios/ScenarioBuilderPage.tsx(9,10): error TS6133: 'TrendingUp' is declared but its value is never read.
src/pages/scenarios/ScenarioBuilderPage.tsx(9,22): error TS6133: 'Plus' is declared but its value is never read.
src/pages/scenarios/ScenarioBuilderPage.tsx(9,28): error TS6133: 'Download' is declared but its value is never read.
src/pages/scenarios/ScenarioBuilderPage.tsx(9,68): error TS6133: 'Play' is declared but its value is never read.
src/pages/scenarios/ScenarioBuilderPage.tsx(11,1): error TS6133: 'AssumptionEngine' is declared but its value is never read.
src/pages/scenarios/ScenarioBuilderPage.tsx(12,1): error TS6133: 'SensitivityTableEngine' is declared but its value is never read.
src/pages/scenarios/ScenarioBuilderPage.tsx(22,3): error TS6133: 'LineChart' is declared but its value is never read.
src/pages/scenarios/ScenarioBuilderPage.tsx(23,3): error TS6133: 'Line' is declared but its value is never read.
src/pages/scenarios/ScenarioBuilderPage.tsx(57,9): error TS6133: 'entries' is declared but its value is never read.
src/pages/scenarios/ScenarioBuilderPage.tsx(58,9): error TS6133: 'navigate' is declared but its value is never read.
src/pages/scenarios/ScenarioBuilderPage.tsx(91,22): error TS2353: Object literal may only specify known properties, and 'growthRate' does not exist in type 'readonly ScenarioAssumption[]'.
src/pages/scenarios/ScenarioBuilderPage.tsx(169,101): error TS2322: Type '(v: number) => string' is not assignable to type 'Formatter<ValueType, NameType> & ((value: ValueType, name: NameType, item: TooltipPayloadEntry, index: number, payload: TooltipPayload) => ReactNode | [...])'.
  Type '(v: number) => string' is not assignable to type 'Formatter<ValueType, NameType>'.
    Types of parameters 'v' and 'value' are incompatible.
      Type 'ValueType | undefined' is not assignable to type 'number'.
        Type 'undefined' is not assignable to type 'number'.
src/pages/scenarios/ScenarioListPage.tsx(2,2): error TS6133: 'useLocation' is declared but its value is never read.
src/pages/scenarios/ScenarioListPage.tsx(9,16): error TS6133: 'Eye' is declared but its value is never read.
src/pages/scenarios/ScenarioListPage.tsx(12,10): error TS6133: 'helpOpen' is declared but its value is never read.
src/pages/sector/SectorPage.tsx(100,39): error TS18047: 'sectorConfig' is possibly 'null'.
src/pages/sector/SectorPage.tsx(101,7): error TS18047: 'sectorConfig' is possibly 'null'.
src/pages/sector/SectorPage.tsx(122,12): error TS18047: 'sectorConfig' is possibly 'null'.
src/pages/sector/SectorPage.tsx(129,16): error TS18047: 'sectorConfig' is possibly 'null'.
src/pages/sector/SectorPage.tsx(161,53): error TS18047: 'sectorConfig' is possibly 'null'.
src/pages/sector/SectorPage.tsx(162,45): error TS18047: 'sectorConfig' is possibly 'null'.
src/pages/sector/SectorPage.tsx(187,14): error TS18047: 'sectorConfig' is possibly 'null'.
src/pages/sector/SectorPage.tsx(189,50): error TS18047: 'sectorConfig' is possibly 'null'.
src/pages/sector/SectorPage.tsx(200,24): error TS18047: 'sectorConfig' is possibly 'null'.
src/pages/sector/SectorPage.tsx(203,10): error TS18047: 'sectorConfig' is possibly 'null'.
src/pages/settings/BackupRestorePage.tsx(5,30): error TS6133: 'BackupData' is declared but its value is never read.
src/pages/settings/BackupRestorePage.tsx(12,3): error TS6133: 'FileJson' is declared but its value is never read.
src/pages/settings/BackupRestorePage.tsx(17,1): error TS6133: 'FinPlanFileEngine' is declared but its value is never read.
src/pages/settings/ConnectorSettingsPage.tsx(78,42): error TS2322: Type 'number' is not assignable to type 'string'.
src/pages/settings/ConnectorSettingsPage.tsx(85,15): error TS2322: Type 'number' is not assignable to type 'string'.
src/pages/settings/ConnectorSettingsPage.tsx(92,41): error TS2322: Type 'number' is not assignable to type 'string'.
src/pages/settings/ConnectorSettingsPage.tsx(105,17): error TS2322: Type '{ label: string; value: string; onChange: (e: ChangeEvent<HTMLInputElement>) => void; placeholder: string; }' is not assignable to type 'IntrinsicAttributes & InputProps & RefAttributes<HTMLInputElement>'.
  Property 'label' does not exist on type 'IntrinsicAttributes & InputProps & RefAttributes<HTMLInputElement>'.
src/pages/settings/ConnectorSettingsPage.tsx(113,61): error TS2339: Property 'target' does not exist on type 'string'.
src/pages/settings/ConnectorSettingsPage.tsx(117,17): error TS2322: Type '{ label: string; value: string; onChange: (e: ChangeEvent<HTMLInputElement>) => void; placeholder: string; }' is not assignable to type 'IntrinsicAttributes & InputProps & RefAttributes<HTMLInputElement>'.
  Property 'label' does not exist on type 'IntrinsicAttributes & InputProps & RefAttributes<HTMLInputElement>'.
src/pages/settings/ConnectorSettingsPage.tsx(123,17): error TS2322: Type '{ label: string; type: "password"; value: string; onChange: (e: ChangeEvent<HTMLInputElement>) => void; }' is not assignable to type 'IntrinsicAttributes & InputProps & RefAttributes<HTMLInputElement>'.
  Property 'label' does not exist on type 'IntrinsicAttributes & InputProps & RefAttributes<HTMLInputElement>'.
src/pages/settings/ConnectorSettingsPage.tsx(129,17): error TS2322: Type '{ label: string; value: string; onChange: (e: ChangeEvent<HTMLInputElement>) => void; }' is not assignable to type 'IntrinsicAttributes & InputProps & RefAttributes<HTMLInputElement>'.
  Property 'label' does not exist on type 'IntrinsicAttributes & InputProps & RefAttributes<HTMLInputElement>'.
src/pages/settings/ConnectorSettingsPage.tsx(134,17): error TS2322: Type '{ label: string; type: "password"; value: string; onChange: (e: ChangeEvent<HTMLInputElement>) => void; }' is not assignable to type 'IntrinsicAttributes & InputProps & RefAttributes<HTMLInputElement>'.
  Property 'label' does not exist on type 'IntrinsicAttributes & InputProps & RefAttributes<HTMLInputElement>'.
src/pages/settings/SecuritySettingsPage.tsx(6,1): error TS6133: 'CubeSecurityEngine' is declared but its value is never read.
src/pages/settings/SecuritySettingsPage.tsx(7,1): error TS6133: 'DataClassificationEngine' is declared but its value is never read.
src/pages/settings/SecuritySettingsPage.tsx(8,1): error TS6133: 'DataMaskingEngine' is declared but its value is never read.
src/pages/settings/SecuritySettingsPage.tsx(9,1): error TS6133: 'EncryptionEngine' is declared but its value is never read.
src/pages/settings/SecuritySettingsPage.tsx(10,1): error TS6133: 'DataGovernanceEngine' is declared but its value is never read.
src/pages/settings/SecuritySettingsPage.tsx(11,1): error TS6133: 'DataRetentionEngine' is declared but its value is never read.
src/pages/settings/SettingsPage.tsx(211,49): error TS2322: Type '"xs"' is not assignable to type '"default" | "icon" | "sm" | "lg" | undefined'.
src/pages/settings/UserManagementPage.tsx(9,1): error TS6133: 'SessionEngine' is declared but its value is never read.
src/pages/settings/UserManagementPage.tsx(19,27): error TS6133: 'updateUser' is declared but its value is never read.
src/pages/settings/UserManagementPage.tsx(21,10): error TS6133: 'editingId' is declared but its value is never read.
src/pages/settings/UserManagementPage.tsx(35,7): error TS2322: Type 'UserRole' is not assignable to type 'Role'.
src/pages/settings/UserManagementPage.tsx(35,13): error TS2352: Conversion of type 'string' to type 'UserRole' may be a mistake because neither type sufficiently overlaps with the other. If this was intentional, convert the expression to 'unknown' first.
src/pages/settings/UserManagementPage.tsx(51,9): error TS2339: Property 'name' does not exist on type 'UserProfile'.
src/pages/settings/UserManagementPage.tsx(70,22): error TS2315: Type 'Column' is not generic.
src/pages/settings/UserManagementPage.tsx(75,16): error TS7006: Parameter 'r' implicitly has an 'any' type.
src/pages/settings/UserManagementPage.tsx(91,16): error TS7006: Parameter 'r' implicitly has an 'any' type.
src/pages/settings/UserManagementPage.tsx(107,16): error TS7006: Parameter 'r' implicitly has an 'any' type.
src/pages/settings/UserManagementPage.tsx(232,26): error TS2322: Type 'UserProfile[]' is not assignable to type 'Record<string, unknown>[]'.
  Type 'UserProfile' is not assignable to type 'Record<string, unknown>'.
    Index signature for type 'string' is missing in type 'UserProfile'.
src/pages/smoke-data-pages.test.tsx(160,20): error TS6133: 'onFile' is declared but its value is never read.
src/pages/smoke-reports-retail-saas-1.test.tsx(168,5): error TS1117: An object literal cannot have multiple properties with the same name.
src/pages/smoke.test.tsx(304,5): error TS1117: An object literal cannot have multiple properties with the same name.
src/pages/smoke2.test.tsx(82,9): error TS6133: 'forwardRefStub' is declared but its value is never read.
src/pages/smoke2.test.tsx(83,10): error TS2322: Type 'ForwardedRef<unknown>' is not assignable to type 'Ref<HTMLDivElement> | undefined'.
  Type 'RefObject<unknown>' is not assignable to type 'Ref<HTMLDivElement> | undefined'.
    Type 'RefObject<unknown>' is not assignable to type 'RefObject<HTMLDivElement | null>'.
      Type 'unknown' is not assignable to type 'HTMLDivElement | null'.
src/pages/smoke3.test.tsx(110,9): error TS6133: 'stub' is declared but its value is never read.
src/pages/tax/TaxProvisionPage.tsx(1,30): error TS6133: 'useState' is declared but its value is never read.
src/pages/tax/TaxProvisionPage.tsx(8,20): error TS6133: 'Download' is declared but its value is never read.
src/pages/tax/TaxProvisionPage.tsx(47,36): error TS6133: 'i' is declared but its value is never read.
src/pages/tax/TaxProvisionPage.tsx(61,18): error TS2315: Type 'Column' is not generic.
src/pages/tax/TaxProvisionPage.tsx(63,78): error TS7006: Parameter 'r' implicitly has an 'any' type.
src/pages/tax/TaxProvisionPage.tsx(64,67): error TS7006: Parameter 'r' implicitly has an 'any' type.
src/pages/tax/TaxProvisionPage.tsx(65,70): error TS7006: Parameter 'r' implicitly has an 'any' type.
src/pages/tax/TaxProvisionPage.tsx(66,68): error TS7006: Parameter 'r' implicitly has an 'any' type.
src/pages/tax/TaxProvisionPage.tsx(67,66): error TS7006: Parameter 'r' implicitly has an 'any' type.
src/pages/tax/TaxProvisionPage.tsx(84,84): error TS2322: Type '{ label: string; value: string; icon: Element; }' is not assignable to type 'IntrinsicAttributes & KPIValueProps'.
  Property 'icon' does not exist on type 'IntrinsicAttributes & KPIValueProps'.
src/pages/tax/TaxProvisionPage.tsx(85,87): error TS2322: Type '{ label: string; value: string; icon: Element; }' is not assignable to type 'IntrinsicAttributes & KPIValueProps'.
  Property 'icon' does not exist on type 'IntrinsicAttributes & KPIValueProps'.
src/pages/tax/TaxProvisionPage.tsx(86,86): error TS2322: Type '{ label: string; value: string; icon: Element; }' is not assignable to type 'IntrinsicAttributes & KPIValueProps'.
  Property 'icon' does not exist on type 'IntrinsicAttributes & KPIValueProps'.
src/pages/tax/TaxProvisionPage.tsx(87,83): error TS2322: Type '{ label: string; value: string; icon: Element; }' is not assignable to type 'IntrinsicAttributes & KPIValueProps'.
  Property 'icon' does not exist on type 'IntrinsicAttributes & KPIValueProps'.
src/pages/tax/TaxProvisionPage.tsx(98,26): error TS2322: Type '(v: number) => string' is not assignable to type 'Formatter<ValueType, NameType> & ((value: ValueType, name: NameType, item: TooltipPayloadEntry, index: number, payload: TooltipPayload) => ReactNode | [...])'.
  Type '(v: number) => string' is not assignable to type 'Formatter<ValueType, NameType>'.
    Types of parameters 'v' and 'value' are incompatible.
      Type 'ValueType | undefined' is not assignable to type 'number'.
        Type 'undefined' is not assignable to type 'number'.
src/pages/tax/TaxProvisionPage.tsx(114,26): error TS2322: Type '(v: number) => string' is not assignable to type 'Formatter<ValueType, NameType> & ((value: ValueType, name: NameType, item: TooltipPayloadEntry, index: number, payload: TooltipPayload) => ReactNode | [...])'.
  Type '(v: number) => string' is not assignable to type 'Formatter<ValueType, NameType>'.
    Types of parameters 'v' and 'value' are incompatible.
      Type 'ValueType | undefined' is not assignable to type 'number'.
        Type 'undefined' is not assignable to type 'number'.
src/pages/tax/TaxProvisionPage.tsx(127,51): error TS2339: Property 'totalCurrent' does not exist on type '{ revenue: number; expenses: number; pretaxIncome: number; jurisdictions: JurisdictionRow[]; totalProvision: number; totalDeferred: number; effectiveRate: number; trend: { ...; }[]; chartData: { ...; }[]; }'.
src/pages/tax/TaxProvisionPage.tsx(137,36): error TS2322: Type 'JurisdictionRow[]' is not assignable to type 'Record<string, unknown>[]'.
  Type 'JurisdictionRow' is not assignable to type 'Record<string, unknown>'.
    Index signature for type 'string' is missing in type 'JurisdictionRow'.
src/pages/tax/TransferPricingPage.tsx(8,10): error TS6133: 'ArrowLeftRight' is declared but its value is never read.
src/pages/tax/TransferPricingPage.tsx(8,26): error TS6133: 'Download' is declared but its value is never read.
src/pages/tax/TransferPricingPage.tsx(18,3): error TS6133: 'Legend' is declared but its value is never read.
src/pages/tax/TransferPricingPage.tsx(42,9): error TS6133: 'entries' is declared but its value is never read.
src/pages/tax/TransferPricingPage.tsx(43,9): error TS6133: 'navigate' is declared but its value is never read.
src/pages/tax/TransferPricingPage.tsx(130,99): error TS2322: Type '(v: number) => string' is not assignable to type 'Formatter<ValueType, NameType> & ((value: ValueType, name: NameType, item: TooltipPayloadEntry, index: number, payload: TooltipPayload) => ReactNode | [...])'.
  Type '(v: number) => string' is not assignable to type 'Formatter<ValueType, NameType>'.
    Types of parameters 'v' and 'value' are incompatible.
      Type 'ValueType | undefined' is not assignable to type 'number'.
        Type 'undefined' is not assignable to type 'number'.
src/pages/telecom/TelecomPage.tsx(147,11): error TS2322: Type '{ label: string; value: string; icon: Element; }' is not assignable to type 'IntrinsicAttributes & KPIValueProps'.
  Property 'icon' does not exist on type 'IntrinsicAttributes & KPIValueProps'.
src/pages/telecom/TelecomPage.tsx(152,11): error TS2322: Type '{ label: string; value: string; icon: Element; }' is not assignable to type 'IntrinsicAttributes & KPIValueProps'.
  Property 'icon' does not exist on type 'IntrinsicAttributes & KPIValueProps'.
src/pages/telecom/TelecomPage.tsx(157,11): error TS2322: Type '{ label: string; value: string; icon: Element; }' is not assignable to type 'IntrinsicAttributes & KPIValueProps'.
  Property 'icon' does not exist on type 'IntrinsicAttributes & KPIValueProps'.
src/pages/telecom/TelecomPage.tsx(162,11): error TS2322: Type '{ label: string; value: string; icon: Element; }' is not assignable to type 'IntrinsicAttributes & KPIValueProps'.
  Property 'icon' does not exist on type 'IntrinsicAttributes & KPIValueProps'.
src/pages/templates/TemplateGalleryPage.tsx(106,47): error TS2322: Type 'number' is not assignable to type 'string'.
src/pages/templates/TemplateGalleryPage.tsx(111,42): error TS2322: Type 'number' is not assignable to type 'string'.
src/pages/templates/TemplateGalleryPage.tsx(116,42): error TS2322: Type 'number' is not assignable to type 'string'.
src/pages/templates/TemplateGalleryPage.tsx(121,40): error TS2322: Type 'number' is not assignable to type 'string'.
src/pages/templates/TemplatePreviewPage.tsx(15,15): error TS6196: 'Template' is declared but never used.
src/pages/templates/TemplatePreviewPage.tsx(101,57): error TS2339: Property 'sections' does not exist on type 'Template'.
src/pages/templates/TemplatePreviewPage.tsx(106,17): error TS2339: Property 'sections' does not exist on type 'Template'.
src/pages/templates/TemplatePreviewPage.tsx(109,21): error TS2339: Property 'sections' does not exist on type 'Template'.
src/pages/templates/TemplatePreviewPage.tsx(109,35): error TS7006: Parameter 'section' implicitly has an 'any' type.
src/pages/templates/TemplatePreviewPage.tsx(109,44): error TS7006: Parameter 'i' implicitly has an 'any' type.
src/pages/templates/TemplatePreviewPage.tsx(140,34): error TS2345: Argument of type '(kpi: string, i: number) => JSX.Element' is not assignable to parameter of type '(value: TemplateKPI, index: number, array: TemplateKPI[]) => Element'.
  Types of parameters 'kpi' and 'value' are incompatible.
    Type 'TemplateKPI' is not assignable to type 'string'.
src/pages/treasury/FXExposurePage.tsx(1,30): error TS6133: 'useState' is declared but its value is never read.
src/pages/treasury/FXExposurePage.tsx(8,10): error TS6133: 'TrendingUp' is declared but its value is never read.
src/pages/treasury/FXExposurePage.tsx(8,22): error TS6133: 'Download' is declared but its value is never read.
src/pages/treasury/FXExposurePage.tsx(8,62): error TS6133: 'Shield' is declared but its value is never read.
src/pages/treasury/FXExposurePage.tsx(49,9): error TS6133: 'entries' is declared but its value is never read.
src/pages/treasury/FXExposurePage.tsx(50,9): error TS6133: 'navigate' is declared but its value is never read.
src/pages/treasury/FXExposurePage.tsx(120,101): error TS2322: Type '(v: number) => string' is not assignable to type 'Formatter<ValueType, NameType> & ((value: ValueType, name: NameType, item: TooltipPayloadEntry, index: number, payload: TooltipPayload) => ReactNode | [...])'.
  Type '(v: number) => string' is not assignable to type 'Formatter<ValueType, NameType>'.
    Types of parameters 'v' and 'value' are incompatible.
      Type 'ValueType | undefined' is not assignable to type 'number'.
        Type 'undefined' is not assignable to type 'number'.
src/pages/treasury/FXExposurePage.tsx(136,101): error TS2322: Type '(v: number) => string' is not assignable to type 'Formatter<ValueType, NameType> & ((value: ValueType, name: NameType, item: TooltipPayloadEntry, index: number, payload: TooltipPayload) => ReactNode | [...])'.
  Type '(v: number) => string' is not assignable to type 'Formatter<ValueType, NameType>'.
    Types of parameters 'v' and 'value' are incompatible.
      Type 'ValueType | undefined' is not assignable to type 'number'.
        Type 'undefined' is not assignable to type 'number'.
src/pages/treasury/InvestmentPage.tsx(1,21): error TS6133: 'useMemo' is declared but its value is never read.
src/pages/treasury/InvestmentPage.tsx(1,30): error TS6133: 'useState' is declared but its value is never read.
src/pages/treasury/InvestmentPage.tsx(20,3): error TS6133: 'Legend' is declared but its value is never read.
src/pages/treasury/InvestmentPage.tsx(101,78): error TS2322: Type '{ label: string; value: string; icon: Element; }' is not assignable to type 'IntrinsicAttributes & KPIValueProps'.
  Property 'icon' does not exist on type 'IntrinsicAttributes & KPIValueProps'.
src/pages/treasury/InvestmentPage.tsx(102,85): error TS2322: Type '{ label: string; value: string; icon: Element; trend: "up"; }' is not assignable to type 'IntrinsicAttributes & KPIValueProps'.
  Property 'icon' does not exist on type 'IntrinsicAttributes & KPIValueProps'.
src/pages/treasury/InvestmentPage.tsx(103,74): error TS2322: Type '{ label: string; value: string; icon: Element; }' is not assignable to type 'IntrinsicAttributes & KPIValueProps'.
  Property 'icon' does not exist on type 'IntrinsicAttributes & KPIValueProps'.
src/pages/treasury/InvestmentPage.tsx(104,58): error TS2322: Type '{ label: string; value: string; icon: Element; }' is not assignable to type 'IntrinsicAttributes & KPIValueProps'.
  Property 'icon' does not exist on type 'IntrinsicAttributes & KPIValueProps'.
src/pages/treasury/InvestmentPage.tsx(113,166): error TS18048: 'percent' is possibly 'undefined'.
src/pages/treasury/InvestmentPage.tsx(116,113): error TS2322: Type '(v: number) => string' is not assignable to type 'Formatter<ValueType, NameType> & ((value: ValueType, name: NameType, item: TooltipPayloadEntry, index: number, payload: TooltipPayload) => ReactNode | [...])'.
  Type '(v: number) => string' is not assignable to type 'Formatter<ValueType, NameType>'.
    Types of parameters 'v' and 'value' are incompatible.
      Type 'ValueType | undefined' is not assignable to type 'number'.
        Type 'undefined' is not assignable to type 'number'.
src/pages/treasury/InvestmentPage.tsx(130,113): error TS2322: Type '(v: number) => string' is not assignable to type 'Formatter<ValueType, NameType> & ((value: ValueType, name: NameType, item: TooltipPayloadEntry, index: number, payload: TooltipPayload) => ReactNode | [...])'.
  Type '(v: number) => string' is not assignable to type 'Formatter<ValueType, NameType>'.
    Types of parameters 'v' and 'value' are incompatible.
      Type 'ValueType | undefined' is not assignable to type 'number'.
        Type 'undefined' is not assignable to type 'number'.
src/pages/treasury/InvestmentPage.tsx(146,111): error TS2322: Type '(v: number) => string' is not assignable to type 'Formatter<ValueType, NameType> & ((value: ValueType, name: NameType, item: TooltipPayloadEntry, index: number, payload: TooltipPayload) => ReactNode | [...])'.
  Type '(v: number) => string' is not assignable to type 'Formatter<ValueType, NameType>'.
    Types of parameters 'v' and 'value' are incompatible.
      Type 'ValueType | undefined' is not assignable to type 'number'.
        Type 'undefined' is not assignable to type 'number'.
src/pages/variance/VarianceDashboardPage.tsx(2,30): error TS6133: 'useState' is declared but its value is never read.
src/pages/variance/VarianceDashboardPage.tsx(3,1): error TS6133: 'useVarianceStore' is declared but its value is never read.
src/pages/variance/VarianceDashboardPage.tsx(11,47): error TS6133: 'Download' is declared but its value is never read.
src/pages/variance/VarianceDashboardPage.tsx(72,18): error TS2315: Type 'Column' is not generic.
src/pages/variance/VarianceDashboardPage.tsx(74,64): error TS7006: Parameter 'r' implicitly has an 'any' type.
src/pages/variance/VarianceDashboardPage.tsx(75,64): error TS7006: Parameter 'r' implicitly has an 'any' type.
src/pages/variance/VarianceDashboardPage.tsx(76,68): error TS7006: Parameter 'r' implicitly has an 'any' type.
src/pages/variance/VarianceDashboardPage.tsx(77,73): error TS7006: Parameter 'r' implicitly has an 'any' type.
src/pages/variance/VarianceDashboardPage.tsx(99,85): error TS2322: Type '{ label: string; value: string; icon: Element; }' is not assignable to type 'IntrinsicAttributes & KPIValueProps'.
  Property 'icon' does not exist on type 'IntrinsicAttributes & KPIValueProps'.
src/pages/variance/VarianceDashboardPage.tsx(100,85): error TS2322: Type '{ label: string; value: string; icon: Element; }' is not assignable to type 'IntrinsicAttributes & KPIValueProps'.
  Property 'icon' does not exist on type 'IntrinsicAttributes & KPIValueProps'.
src/pages/variance/VarianceDashboardPage.tsx(101,84): error TS2322: Type '{ label: string; value: string; icon: Element; }' is not assignable to type 'IntrinsicAttributes & KPIValueProps'.
  Property 'icon' does not exist on type 'IntrinsicAttributes & KPIValueProps'.
src/pages/variance/VarianceDashboardPage.tsx(102,82): error TS2322: Type '{ label: string; value: string; icon: Element; }' is not assignable to type 'IntrinsicAttributes & KPIValueProps'.
  Property 'icon' does not exist on type 'IntrinsicAttributes & KPIValueProps'.
src/pages/variance/VarianceDashboardPage.tsx(112,24): error TS2322: Type '(v: number) => string' is not assignable to type 'Formatter<ValueType, NameType> & ((value: ValueType, name: NameType, item: TooltipPayloadEntry, index: number, payload: TooltipPayload) => ReactNode | [...])'.
  Type '(v: number) => string' is not assignable to type 'Formatter<ValueType, NameType>'.
    Types of parameters 'v' and 'value' are incompatible.
      Type 'ValueType | undefined' is not assignable to type 'number'.
        Type 'undefined' is not assignable to type 'number'.
src/pages/variance/VarianceDashboardPage.tsx(130,36): error TS2322: Type 'VarianceRow[]' is not assignable to type 'Record<string, unknown>[]'.
  Type 'VarianceRow' is not assignable to type 'Record<string, unknown>'.
    Index signature for type 'string' is missing in type 'VarianceRow'.
src/pages/workforce/CompModelingPage.tsx(11,3): error TS6133: 'BarChart' is declared but its value is never read.
src/pages/workforce/CompModelingPage.tsx(12,3): error TS6133: 'Bar' is declared but its value is never read.
src/pages/workforce/CompModelingPage.tsx(91,84): error TS2322: Type '{ label: string; value: string; icon: Element; }' is not assignable to type 'IntrinsicAttributes & KPIValueProps'.
  Property 'icon' does not exist on type 'IntrinsicAttributes & KPIValueProps'.
src/pages/workforce/CompModelingPage.tsx(92,90): error TS2322: Type '{ label: string; value: string; icon: Element; }' is not assignable to type 'IntrinsicAttributes & KPIValueProps'.
  Property 'icon' does not exist on type 'IntrinsicAttributes & KPIValueProps'.
src/pages/workforce/CompModelingPage.tsx(93,85): error TS2322: Type '{ label: string; value: string; icon: Element; trend: "down"; }' is not assignable to type 'IntrinsicAttributes & KPIValueProps'.
  Property 'icon' does not exist on type 'IntrinsicAttributes & KPIValueProps'.
src/pages/workforce/CompModelingPage.tsx(94,65): error TS2322: Type '{ label: string; value: string; icon: Element; }' is not assignable to type 'IntrinsicAttributes & KPIValueProps'.
  Property 'icon' does not exist on type 'IntrinsicAttributes & KPIValueProps'.
src/pages/workforce/CompModelingPage.tsx(165,111): error TS2322: Type '(v: number) => string' is not assignable to type 'Formatter<ValueType, NameType> & ((value: ValueType, name: NameType, item: TooltipPayloadEntry, index: number, payload: TooltipPayload) => ReactNode | [...])'.
  Type '(v: number) => string' is not assignable to type 'Formatter<ValueType, NameType>'.
    Types of parameters 'v' and 'value' are incompatible.
      Type 'ValueType | undefined' is not assignable to type 'number'.
        Type 'undefined' is not assignable to type 'number'.
src/pages/workforce/HeadcountPlanPage.tsx(1,30): error TS6133: 'useState' is declared but its value is never read.
src/pages/workforce/HeadcountPlanPage.tsx(8,22): error TS6133: 'Download' is declared but its value is never read.
src/pages/workforce/HeadcountPlanPage.tsx(58,18): error TS2315: Type 'Column' is not generic.
src/pages/workforce/HeadcountPlanPage.tsx(62,68): error TS7006: Parameter 'r' implicitly has an 'any' type.
src/pages/workforce/HeadcountPlanPage.tsx(63,67): error TS7006: Parameter 'r' implicitly has an 'any' type.
src/pages/workforce/HeadcountPlanPage.tsx(82,77): error TS2322: Type '{ label: string; value: string; icon: Element; }' is not assignable to type 'IntrinsicAttributes & KPIValueProps'.
  Property 'icon' does not exist on type 'IntrinsicAttributes & KPIValueProps'.
src/pages/workforce/HeadcountPlanPage.tsx(83,81): error TS2322: Type '{ label: string; value: string; icon: Element; }' is not assignable to type 'IntrinsicAttributes & KPIValueProps'.
  Property 'icon' does not exist on type 'IntrinsicAttributes & KPIValueProps'.
src/pages/workforce/HeadcountPlanPage.tsx(85,104): error TS2322: Type '{ label: string; value: string; icon: Element; }' is not assignable to type 'IntrinsicAttributes & KPIValueProps'.
  Property 'icon' does not exist on type 'IntrinsicAttributes & KPIValueProps'.
src/pages/workforce/HeadcountPlanPage.tsx(136,40): error TS2322: Type 'DeptRow[]' is not assignable to type 'Record<string, unknown>[]'.
  Type 'DeptRow' is not assignable to type 'Record<string, unknown>'.
    Index signature for type 'string' is missing in type 'DeptRow'.
src/pages/workforce/PayrollForecastPage.tsx(1,30): error TS6133: 'useState' is declared but its value is never read.
src/pages/workforce/PayrollForecastPage.tsx(8,51): error TS6133: 'BarChart3' is declared but its value is never read.
src/pages/workforce/PayrollForecastPage.tsx(93,9): error TS6133: 'glPayroll' is declared but its value is never read.
src/pages/workforce/PayrollForecastPage.tsx(108,22): error TS2315: Type 'Column' is not generic.
src/pages/workforce/PayrollForecastPage.tsx(111,58): error TS7006: Parameter 'r' implicitly has an 'any' type.
src/pages/workforce/PayrollForecastPage.tsx(112,53): error TS7006: Parameter 'r' implicitly has an 'any' type.
src/pages/workforce/PayrollForecastPage.tsx(113,56): error TS7006: Parameter 'r' implicitly has an 'any' type.
src/pages/workforce/PayrollForecastPage.tsx(114,57): error TS7006: Parameter 'r' implicitly has an 'any' type.
src/pages/workforce/PayrollForecastPage.tsx(118,16): error TS7006: Parameter 'r' implicitly has an 'any' type.
src/pages/workforce/PayrollForecastPage.tsx(163,79): error TS2322: Type '{ label: string; value: string; icon: Element; }' is not assignable to type 'IntrinsicAttributes & KPIValueProps'.
  Property 'icon' does not exist on type 'IntrinsicAttributes & KPIValueProps'.
src/pages/workforce/PayrollForecastPage.tsx(164,68): error TS2322: Type '{ label: string; value: string; icon: Element; }' is not assignable to type 'IntrinsicAttributes & KPIValueProps'.
  Property 'icon' does not exist on type 'IntrinsicAttributes & KPIValueProps'.
src/pages/workforce/PayrollForecastPage.tsx(165,80): error TS2322: Type '{ label: string; value: string; icon: Element; }' is not assignable to type 'IntrinsicAttributes & KPIValueProps'.
  Property 'icon' does not exist on type 'IntrinsicAttributes & KPIValueProps'.
src/pages/workforce/PayrollForecastPage.tsx(166,79): error TS2322: Type '{ label: string; value: string; icon: Element; }' is not assignable to type 'IntrinsicAttributes & KPIValueProps'.
  Property 'icon' does not exist on type 'IntrinsicAttributes & KPIValueProps'.
src/pages/workforce/PayrollForecastPage.tsx(167,81): error TS2322: Type '{ label: string; value: string; icon: Element; }' is not assignable to type 'IntrinsicAttributes & KPIValueProps'.
  Property 'icon' does not exist on type 'IntrinsicAttributes & KPIValueProps'.
src/pages/workforce/PayrollForecastPage.tsx(181,26): error TS2322: Type '(v: number) => string' is not assignable to type 'Formatter<ValueType, NameType> & ((value: ValueType, name: NameType, item: TooltipPayloadEntry, index: number, payload: TooltipPayload) => ReactNode | [...])'.
  Type '(v: number) => string' is not assignable to type 'Formatter<ValueType, NameType>'.
    Types of parameters 'v' and 'value' are incompatible.
      Type 'ValueType | undefined' is not assignable to type 'number'.
        Type 'undefined' is not assignable to type 'number'.
src/pages/workforce/PayrollForecastPage.tsx(222,24): error TS2322: Type '(v: number) => string' is not assignable to type 'Formatter<ValueType, NameType> & ((value: ValueType, name: NameType, item: TooltipPayloadEntry, index: number, payload: TooltipPayload) => ReactNode | [...])'.
  Type '(v: number) => string' is not assignable to type 'Formatter<ValueType, NameType>'.
    Types of parameters 'v' and 'value' are incompatible.
      Type 'ValueType | undefined' is not assignable to type 'number'.
        Type 'undefined' is not assignable to type 'number'.
src/pages/workforce/PayrollForecastPage.tsx(234,22): error TS2322: Type 'DepartmentPayroll[]' is not assignable to type 'Record<string, unknown>[]'.
  Type 'DepartmentPayroll' is not assignable to type 'Record<string, unknown>'.
    Index signature for type 'string' is missing in type 'DepartmentPayroll'.
src/plugins/PluginMarketplace.ts(71,37): error TS2339: Property 'minAppVersion' does not exist on type 'MarketplacePlugin'.
src/plugins/PluginMarketplace.ts(72,63): error TS2339: Property 'minAppVersion' does not exist on type 'MarketplacePlugin'.
src/plugins/PluginMarketplace.ts(75,23): error TS18048: 'manifest.dependencies' is possibly 'undefined'.
src/plugins/PluginMarketplace.ts(76,46): error TS2339: Property 'get' does not exist on type 'typeof PluginRegistry'.
src/plugins/PluginMarketplace.ts(87,24): error TS2339: Property 'load' does not exist on type 'typeof PluginLoader'.
src/plugins/PluginMarketplace.ts(88,26): error TS2339: Property 'register' does not exist on type 'typeof PluginRegistry'.
src/plugins/PluginMarketplace.ts(103,26): error TS2339: Property 'unregister' does not exist on type 'typeof PluginRegistry'.
src/plugins/PluginMarketplace.ts(131,31): error TS6133: 'minVersion' is declared but its value is never read.
src/plugins/PluginMarketplace.ts(135,43): error TS6133: 'permissions' is declared but its value is never read.
src/plugins/PluginSandbox.ts(48,9): error TS6133: 'target' is declared but its value is never read.
src/plugins/PluginSandbox.ts(144,34): error TS2339: Property 'registerFormulaFunction' does not exist on type 'PluginAPI'.
src/plugins/PluginSandbox.ts(145,28): error TS2339: Property 'registerChartType' does not exist on type 'PluginAPI'.
src/plugins/PluginSandbox.ts(146,31): error TS2339: Property 'registerExportFormat' does not exist on type 'PluginAPI'.
src/plugins/PluginSandbox.ts(147,29): error TS2339: Property 'registerDataSource' does not exist on type 'PluginAPI'.
src/plugins/PluginSandbox.ts(148,34): error TS2339: Property 'registerDashboardWidget' does not exist on type 'PluginAPI'.
src/services/api-integration/QuickBooksConnector.ts(52,5): error TS2411: Property 'startPosition' of type 'number' is not assignable to 'string' index type 'T[]'.
src/services/api-integration/QuickBooksConnector.ts(53,5): error TS2411: Property 'maxResults' of type 'number' is not assignable to 'string' index type 'T[]'.
src/services/api-integration/QuickBooksConnector.ts(54,5): error TS2411: Property 'totalCount' of type 'number | undefined' is not assignable to 'string' index type 'T[]'.
src/services/api-integration/QuickBooksConnector.ts(110,11): error TS6133: 'realmId' is declared but its value is never read.
src/services/api-integration/QuickBooksConnector.ts(131,11): error TS6133: 'credentials' is declared but its value is never read.
src/services/api-integration/QuickBooksConnector.ts(168,11): error TS6133: 'credentials' is declared but its value is never read.
src/services/api-integration/QuickBooksConnector.ts(371,20): error TS6133: 'pagination' is declared but its value is never read.
src/services/api-integration/XeroConnector.ts(270,17): error TS6133: 'xeroRequest' is declared but its value is never read.
src/services/api.ts(5,24): error TS2339: Property 'env' does not exist on type 'ImportMeta'.
src/services/ChangeBroadcaster.test.ts(4,10): error TS7023: 'createMockWs' implicitly has return type 'any' because it does not have a return type annotation and is referenced directly or indirectly in one of its return expressions.
src/services/mockData/generators.ts(141,3): error TS2322: Type '{ id: string; accountId: string; accountName: string; accountCode: string; amount: number; date: string; description: string; reference: string; type: string; }[]' is not assignable to type 'GLEntry[]'.
  Type '{ id: string; accountId: string; accountName: string; accountCode: string; amount: number; date: string; description: string; reference: string; type: string; }' is missing the following properties from type 'GLEntry': debit, credit, postDate, fiscalPeriod, and 5 more.
src/services/PresenceService.test.ts(49,15): error TS2339: Property 'send' does not exist on type 'never'.
  The intersection 'WebSocketManager & { emit: (type: string, data: unknown) => void; }' was reduced to 'never' because property 'emit' exists in multiple constituents and is private in some.
src/services/RealtimeCollaborationManager.ts(6,33): error TS6133: 'WebSocketConfig' is declared but its value is never read.
src/services/WebSocketManager.ts(68,5): error TS2322: Type '{ url: string; token?: string; maxRetries: number; baseRetryDelay: number; maxRetryDelay: number; heartbeatInterval: number; heartbeatTimeout: number; }' is not assignable to type 'Required<WebSocketConfig>'.
  Types of property 'token' are incompatible.
    Type 'string | undefined' is not assignable to type 'string'.
      Type 'undefined' is not assignable to type 'string'.
src/store/analyticsStore.ts(4,15): error TS6196: 'AccountType' is declared but never used.
src/store/analyticsStore.ts(4,45): error TS6196: 'ChartConfig' is declared but never used.
src/store/authStore.test.ts(3,21): error TS6196: 'Role' is declared but never used.
src/store/authStore.test.ts(139,11): error TS6133: 'oldToken' is declared but its value is never read.
src/store/authStore.ts(186,15): error TS2322: Type 'User' is not assignable to type 'WritableDraft<User>'.
  Types of property 'permissions' are incompatible.
    The type 'readonly string[]' is 'readonly' and cannot be assigned to the mutable type 'string[]'.
src/store/authStore.ts(249,15): error TS2353: Object literal may only specify known properties, and 'name' does not exist in type 'User'.
src/store/authStore.ts(262,15): error TS2322: Type 'User' is not assignable to type 'WritableDraft<User>'.
  Types of property 'permissions' are incompatible.
    The type 'readonly string[]' is 'readonly' and cannot be assigned to the mutable type 'string[]'.
src/store/authStore.ts(293,24): error TS2322: Type 'User' is not assignable to type 'WritableDraft<User>'.
  Types of property 'permissions' are incompatible.
    The type 'readonly string[]' is 'readonly' and cannot be assigned to the mutable type 'string[]'.
src/store/budgetStore.test.ts(1,44): error TS6133: 'vi' is declared but its value is never read.
src/store/budgetStore.test.ts(1,48): error TS6133: 'afterEach' is declared but its value is never read.
src/store/budgetStore.test.ts(3,39): error TS6196: 'BudgetState' is declared but never used.
src/store/budgetStore.ts(4,23): error TS6196: 'BudgetLineItem' is declared but never used.
src/store/budgetStore.ts(21,51): error TS2322: Type 'Budget[]' is not assignable to type 'WritableDraft<Budget>[]'.
  Type 'Budget' is not assignable to type 'WritableDraft<Budget>'.
    Types of property 'departments' are incompatible.
      The type 'readonly string[]' is 'readonly' and cannot be assigned to the mutable type 'string[]'.
src/store/budgetStore.ts(75,45): error TS2345: Argument of type 'Budget' is not assignable to parameter of type 'WritableDraft<Budget>'.
  Types of property 'departments' are incompatible.
    The type 'readonly string[]' is 'readonly' and cannot be assigned to the mutable type 'string[]'.
src/store/budgetStore.ts(98,47): error TS2345: Argument of type 'Budget' is not assignable to parameter of type 'WritableDraft<Budget>'.
  Types of property 'departments' are incompatible.
    The type 'readonly string[]' is 'readonly' and cannot be assigned to the mutable type 'string[]'.
src/store/collaborationStore.test.ts(71,68): error TS2345: Argument of type '"approved"' is not assignable to parameter of type '"Approved" | "Rejected" | "Pending" | "ChangesRequested"'.
src/store/collaborationStore.test.ts(75,21): error TS2339: Property 'updatedAt' does not exist on type 'ApprovalRequest'.
src/store/collaborationStore.ts(4,30): error TS6196: 'ApprovalRequest' is declared but never used.
src/store/cubeStore.test.ts(3,1): error TS6133: 'CubeCell' is declared but its value is never read.
src/store/cubeStore.ts(313,52): error TS2345: Argument of type '{ name: string; levels: string[]; }[]' is not assignable to parameter of type 'HierarchyDefinition[]'.
  Property 'effectiveDating' is missing in type '{ name: string; levels: string[]; }' but required in type 'HierarchyDefinition'.
src/store/dataStore.ts(10,13): error TS6133: 'get' is declared but its value is never read.
src/store/driverStore.test.ts(35,56): error TS2345: Argument of type '{ name: string; description: string; currentValue: number; baseValue: number; minValue: number; maxValue: number; step: number; category: string; tags: string[]; }' is not assignable to parameter of type 'Omit<Driver, "id" | "createdAt" | "updatedAt">'.
  Property 'unit' is missing in type '{ name: string; description: string; currentValue: number; baseValue: number; minValue: number; maxValue: number; step: number; category: string; tags: string[]; }' but required in type 'Omit<Driver, "id" | "createdAt" | "updatedAt">'.
src/store/driverStore.test.ts(51,56): error TS2345: Argument of type '{ name: string; description: string; currentValue: number; baseValue: number; minValue: number; maxValue: number; step: number; category: string; tags: never[]; }' is not assignable to parameter of type 'Omit<Driver, "id" | "createdAt" | "updatedAt">'.
  Property 'unit' is missing in type '{ name: string; description: string; currentValue: number; baseValue: number; minValue: number; maxValue: number; step: number; category: string; tags: never[]; }' but required in type 'Omit<Driver, "id" | "createdAt" | "updatedAt">'.
src/store/driverStore.ts(149,23): error TS2341: Property 'rules' is private and only accessible within class 'DriverCascadeEngine'.
src/store/driverStore.ts(149,29): error TS2339: Property 'filter' does not exist on type 'Map<string, CascadeRule[]>'.
src/store/driverStore.ts(149,58): error TS2339: Property 'sourceDriverId' does not exist on type 'CascadeRule'.
src/store/entityStore.ts(6,47): error TS6133: 'isOnline' is declared but its value is never read.
src/store/forecastStore.test.ts(40,53): error TS2339: Property 'updatedAt' does not exist on type 'Forecast'.
src/store/forecastStore.test.ts(90,57): error TS2353: Object literal may only specify known properties, and 'value' does not exist in type 'Partial<ForecastDriver>'.
src/store/forecastStore.test.ts(91,51): error TS2339: Property 'value' does not exist on type 'ForecastDriver'.
src/store/forecastStore.ts(14,39): error TS2558: Expected 0 type arguments, but got 1.
src/store/forecastStore.ts(18,14): error TS2339: Property 'push' does not exist on type 'UndoRedoEngine'.
src/store/forecastStore.ts(28,7): error TS2345: Argument of type 'StateCreator<ForecastState, [["zustand/subscribeWithSelector", never], ["zustand/persist", unknown]], [["zustand/immer", never]], { forecasts: never[]; drivers: never[]; selectedForecastId: null; ... 12 more ...; updateDriver: (id: string, updates: Partial<...>) => void; }>' is not assignable to parameter of type 'StateCreator<ForecastState, [["zustand/subscribeWithSelector", never], ["zustand/persist", unknown]], [["zustand/immer", never]]>'.
  Type 'StateCreator<ForecastState, [["zustand/subscribeWithSelector", never], ["zustand/persist", unknown]], [["zustand/immer", never]], { forecasts: never[]; drivers: never[]; selectedForecastId: null; ... 12 more ...; updateDriver: (id: string, updates: Partial<...>) => void; }>' is not assignable to type '(setState: { (partial: ForecastState | Partial<ForecastState> | ((state: ForecastState) => ForecastState | Partial<ForecastState>), replace?: false | undefined): unknown; (state: ForecastState | ((state: ForecastState) => ForecastState), replace: true): unknown; }, getState: () => ForecastState, store: WithPersist<....'.
    Type '{ forecasts: never[]; drivers: never[]; selectedForecastId: null; isLoading: false; undo: () => void; redo: () => void; canUndo: () => any; canRedo: () => any; getHistoryLength: () => any; setForecasts: (forecasts: Forecast[]) => void; ... 5 more ...; updateDriver: (id: string, updates: Partial<...>) => void; }' is missing the following properties from type 'ForecastState': error, setError, clearError, setLoading
src/store/forecastStore.ts(35,37): error TS2576: Property 'undo' does not exist on type 'UndoRedoEngine'. Did you mean to access the static member 'UndoRedoEngine.undo' instead?
src/store/forecastStore.ts(46,37): error TS2576: Property 'redo' does not exist on type 'UndoRedoEngine'. Did you mean to access the static member 'UndoRedoEngine.redo' instead?
src/store/forecastStore.ts(56,33): error TS2576: Property 'canUndo' does not exist on type 'UndoRedoEngine'. Did you mean to access the static member 'UndoRedoEngine.canUndo' instead?
src/store/forecastStore.ts(57,33): error TS2576: Property 'canRedo' does not exist on type 'UndoRedoEngine'. Did you mean to access the static member 'UndoRedoEngine.canRedo' instead?
src/store/forecastStore.ts(58,42): error TS2339: Property 'getHistoryLength' does not exist on type 'UndoRedoEngine'.
src/store/forecastStore.ts(87,11): error TS2353: Object literal may only specify known properties, and 'updatedAt' does not exist in type 'Forecast'.
src/store/forecastStore.ts(99,22): error TS2339: Property 'updatedAt' does not exist on type 'WritableDraft<Forecast>'.
src/store/glStore.test.ts(484,7): error TS2739: Type '{ rowCount: number; errorCount: number; warningCount: number; filename: string; timestamp: string; }' is missing the following properties from type 'ImportResult': successCount, status
src/store/glStore.test.ts(504,7): error TS2739: Type '{ rowCount: number; errorCount: number; warningCount: number; filename: string; timestamp: string; }' is missing the following properties from type 'ImportResult': successCount, status
src/store/glStore.ts(4,69): error TS6196: 'ColumnMapping' is declared but never used.
src/store/glStore.ts(4,93): error TS6196: 'ImportResult' is declared but never used.
src/store/glStore.ts(8,1): error TS6133: 'invalidateStoreCache' is declared but its value is never read.
src/store/glStore.ts(25,39): error TS2558: Expected 0 type arguments, but got 1.
src/store/glStore.ts(29,14): error TS2339: Property 'push' does not exist on type 'UndoRedoEngine'.
src/store/glStore.ts(65,37): error TS2576: Property 'undo' does not exist on type 'UndoRedoEngine'. Did you mean to access the static member 'UndoRedoEngine.undo' instead?
src/store/glStore.ts(77,37): error TS2576: Property 'redo' does not exist on type 'UndoRedoEngine'. Did you mean to access the static member 'UndoRedoEngine.redo' instead?
src/store/glStore.ts(88,33): error TS2576: Property 'canUndo' does not exist on type 'UndoRedoEngine'. Did you mean to access the static member 'UndoRedoEngine.canUndo' instead?
src/store/glStore.ts(89,33): error TS2576: Property 'canRedo' does not exist on type 'UndoRedoEngine'. Did you mean to access the static member 'UndoRedoEngine.canRedo' instead?
src/store/glStore.ts(90,42): error TS2339: Property 'getHistoryLength' does not exist on type 'UndoRedoEngine'.
src/store/migration/cubeMigration.ts(253,57): error TS2345: Argument of type '{ id: string; timestamp: string; storeData: Record<string, StoreData>; cubeSnapshotMeta: { snapshotId: unknown; cellCount: unknown; } | null; }' is not assignable to parameter of type 'StorageValue<any>'.
  Property 'state' is missing in type '{ id: string; timestamp: string; storeData: Record<string, StoreData>; cubeSnapshotMeta: { snapshotId: unknown; cellCount: unknown; } | null; }' but required in type 'StorageValue<any>'.
src/store/migration/storeMigrators.test.ts(40,10): error TS6133: 'assertFailure' is declared but its value is never read.
src/store/migration/storeMigrators.ts(7,1): error TS6192: All imports in import declaration are unused.
src/store/migration/storeMigrators.ts(13,1): error TS6133: 'PersistStorage' is declared but its value is never read.
src/store/migration/storeMigrators.ts(41,10): error TS6133: 'cellKey' is declared but its value is never read.
src/store/migration/storeMigrators.ts(95,32): error TS2345: Argument of type '{ code: string; name: string; hierarchy: string; level: number; isLeaf: true; isActive: true; attributes: {}; }' is not assignable to parameter of type 'Omit<DimensionMember, "id">'.
  Property 'sortOrder' is missing in type '{ code: string; name: string; hierarchy: string; level: number; isLeaf: true; isActive: true; attributes: {}; }' but required in type 'Omit<DimensionMember, "id">'.
src/store/migration/storeMigrators.ts(198,36): error TS2345: Argument of type '{ code: string; name: string; hierarchy: string; level: number; isLeaf: true; isActive: true; attributes: {}; }' is not assignable to parameter of type 'Omit<DimensionMember, "id">'.
  Property 'sortOrder' is missing in type '{ code: string; name: string; hierarchy: string; level: number; isLeaf: true; isActive: true; attributes: {}; }' but required in type 'Omit<DimensionMember, "id">'.
src/store/migration/storeMigrators.ts(234,36): error TS2345: Argument of type '{ code: string; name: string; hierarchy: string; level: number; isLeaf: true; isActive: true; attributes: {}; }' is not assignable to parameter of type 'Omit<DimensionMember, "id">'.
  Property 'sortOrder' is missing in type '{ code: string; name: string; hierarchy: string; level: number; isLeaf: true; isActive: true; attributes: {}; }' but required in type 'Omit<DimensionMember, "id">'.
src/store/migration/storeMigrators.ts(267,34): error TS2345: Argument of type '{ code: string; name: string; hierarchy: string; level: number; isLeaf: true; isActive: true; attributes: { firstName: string; lastName: string; role: string; department: string; status: string; }; }' is not assignable to parameter of type 'Omit<DimensionMember, "id">'.
  Property 'sortOrder' is missing in type '{ code: string; name: string; hierarchy: string; level: number; isLeaf: true; isActive: true; attributes: { firstName: string; lastName: string; role: string; department: string; status: string; }; }' but required in type 'Omit<DimensionMember, "id">'.
src/store/migration/storeMigrators.ts(356,37): error TS2345: Argument of type '{ code: string; name: string; hierarchy: string; level: number; isLeaf: true; isActive: true; attributes: { code: string; }; }' is not assignable to parameter of type 'Omit<DimensionMember, "id">'.
  Property 'sortOrder' is missing in type '{ code: string; name: string; hierarchy: string; level: number; isLeaf: true; isActive: true; attributes: { code: string; }; }' but required in type 'Omit<DimensionMember, "id">'.
src/store/migration/storeMigrators.ts(370,38): error TS2345: Argument of type '{ code: string; name: string; hierarchy: string; level: number; isLeaf: true; isActive: true; attributes: {}; }' is not assignable to parameter of type 'Omit<DimensionMember, "id">'.
  Property 'sortOrder' is missing in type '{ code: string; name: string; hierarchy: string; level: number; isLeaf: true; isActive: true; attributes: {}; }' but required in type 'Omit<DimensionMember, "id">'.
src/store/migration/storeMigrators.ts(474,38): error TS2345: Argument of type '{ code: string; name: string; hierarchy: string; level: number; isLeaf: true; isActive: true; attributes: { driverType: string; }; }' is not assignable to parameter of type 'Omit<DimensionMember, "id">'.
  Property 'sortOrder' is missing in type '{ code: string; name: string; hierarchy: string; level: number; isLeaf: true; isActive: true; attributes: { driverType: string; }; }' but required in type 'Omit<DimensionMember, "id">'.
src/store/migration/storeMigrators.ts(489,41): error TS2345: Argument of type '{ code: string; name: string; hierarchy: string; level: number; isLeaf: true; isActive: true; attributes: {}; }' is not assignable to parameter of type 'Omit<DimensionMember, "id">'.
  Property 'sortOrder' is missing in type '{ code: string; name: string; hierarchy: string; level: number; isLeaf: true; isActive: true; attributes: {}; }' but required in type 'Omit<DimensionMember, "id">'.
src/store/migration/storeMigrators.ts(606,37): error TS2345: Argument of type '{ code: string; name: string; hierarchy: string; level: number; isLeaf: true; isActive: true; attributes: { code: string; }; }' is not assignable to parameter of type 'Omit<DimensionMember, "id">'.
  Property 'sortOrder' is missing in type '{ code: string; name: string; hierarchy: string; level: number; isLeaf: true; isActive: true; attributes: { code: string; }; }' but required in type 'Omit<DimensionMember, "id">'.
src/store/migration/storeMigrators.ts(619,34): error TS2345: Argument of type '{ code: string; name: string; hierarchy: string; level: number; isLeaf: true; isActive: true; attributes: {}; }' is not assignable to parameter of type 'Omit<DimensionMember, "id">'.
  Property 'sortOrder' is missing in type '{ code: string; name: string; hierarchy: string; level: number; isLeaf: true; isActive: true; attributes: {}; }' but required in type 'Omit<DimensionMember, "id">'.
src/store/migration/storeMigrators.ts(632,36): error TS2345: Argument of type '{ code: string; name: string; hierarchy: string; level: number; isLeaf: true; isActive: true; attributes: {}; }' is not assignable to parameter of type 'Omit<DimensionMember, "id">'.
  Property 'sortOrder' is missing in type '{ code: string; name: string; hierarchy: string; level: number; isLeaf: true; isActive: true; attributes: {}; }' but required in type 'Omit<DimensionMember, "id">'.
src/store/migration/storeMigrators.ts(645,40): error TS2345: Argument of type '{ code: string; name: string; hierarchy: string; level: number; isLeaf: true; isActive: true; attributes: {}; }' is not assignable to parameter of type 'Omit<DimensionMember, "id">'.
  Property 'sortOrder' is missing in type '{ code: string; name: string; hierarchy: string; level: number; isLeaf: true; isActive: true; attributes: {}; }' but required in type 'Omit<DimensionMember, "id">'.
src/store/migration/storeMigrators.ts(749,38): error TS2345: Argument of type '{ code: string; name: string; hierarchy: string; level: number; isLeaf: true; isActive: boolean; attributes: { type: string; }; }' is not assignable to parameter of type 'Omit<DimensionMember, "id">'.
  Property 'sortOrder' is missing in type '{ code: string; name: string; hierarchy: string; level: number; isLeaf: true; isActive: boolean; attributes: { type: string; }; }' but required in type 'Omit<DimensionMember, "id">'.
src/store/migration/storeMigrators.ts(848,36): error TS2345: Argument of type '{ code: string; name: string; hierarchy: string; level: number; isLeaf: true; isActive: true; attributes: {}; }' is not assignable to parameter of type 'Omit<DimensionMember, "id">'.
  Property 'sortOrder' is missing in type '{ code: string; name: string; hierarchy: string; level: number; isLeaf: true; isActive: true; attributes: {}; }' but required in type 'Omit<DimensionMember, "id">'.
src/store/migration/storeMigrators.ts(883,36): error TS2345: Argument of type '{ code: string; name: string; hierarchy: string; level: number; isLeaf: true; isActive: boolean; attributes: {}; }' is not assignable to parameter of type 'Omit<DimensionMember, "id">'.
  Property 'sortOrder' is missing in type '{ code: string; name: string; hierarchy: string; level: number; isLeaf: true; isActive: boolean; attributes: {}; }' but required in type 'Omit<DimensionMember, "id">'.
src/store/migration/storeMigrators.ts(979,37): error TS2345: Argument of type '{ code: string; name: string; hierarchy: string; level: number; isLeaf: true; isActive: true; attributes: { code: string; }; }' is not assignable to parameter of type 'Omit<DimensionMember, "id">'.
  Property 'sortOrder' is missing in type '{ code: string; name: string; hierarchy: string; level: number; isLeaf: true; isActive: true; attributes: { code: string; }; }' but required in type 'Omit<DimensionMember, "id">'.
src/store/migration/storeMigrators.ts(992,38): error TS2345: Argument of type '{ code: string; name: string; hierarchy: string; level: number; isLeaf: true; isActive: true; attributes: {}; }' is not assignable to parameter of type 'Omit<DimensionMember, "id">'.
  Property 'sortOrder' is missing in type '{ code: string; name: string; hierarchy: string; level: number; isLeaf: true; isActive: true; attributes: {}; }' but required in type 'Omit<DimensionMember, "id">'.
src/store/migration/storeMigrators.ts(1075,42): error TS2345: Argument of type '{ code: string; name: string; hierarchy: string; level: number; isLeaf: true; isActive: true; attributes: {}; }' is not assignable to parameter of type 'Omit<DimensionMember, "id">'.
  Property 'sortOrder' is missing in type '{ code: string; name: string; hierarchy: string; level: number; isLeaf: true; isActive: true; attributes: {}; }' but required in type 'Omit<DimensionMember, "id">'.
src/store/migration/storeMigrators.ts(1175,43): error TS2345: Argument of type '{ code: string; name: string; hierarchy: string; level: number; isLeaf: true; isActive: true; attributes: {}; }' is not assignable to parameter of type 'Omit<DimensionMember, "id">'.
  Property 'sortOrder' is missing in type '{ code: string; name: string; hierarchy: string; level: number; isLeaf: true; isActive: true; attributes: {}; }' but required in type 'Omit<DimensionMember, "id">'.
src/store/migration/storeMigrators.ts(1203,43): error TS2345: Argument of type '{ code: string; name: string; hierarchy: string; level: number; isLeaf: true; isActive: true; attributes: {}; }' is not assignable to parameter of type 'Omit<DimensionMember, "id">'.
  Property 'sortOrder' is missing in type '{ code: string; name: string; hierarchy: string; level: number; isLeaf: true; isActive: true; attributes: {}; }' but required in type 'Omit<DimensionMember, "id">'.
src/store/migration/storeMigrators.ts(1297,39): error TS2345: Argument of type '{ code: string; name: string; hierarchy: string; level: number; isLeaf: boolean; isActive: boolean; attributes: { code: string; type: string; category: string; }; }' is not assignable to parameter of type 'Omit<DimensionMember, "id">'.
  Property 'sortOrder' is missing in type '{ code: string; name: string; hierarchy: string; level: number; isLeaf: boolean; isActive: boolean; attributes: { code: string; type: string; category: string; }; }' but required in type 'Omit<DimensionMember, "id">'.
src/store/migration/storeMigrators.ts(1401,34): error TS2345: Argument of type '{ code: string; name: string; hierarchy: string; level: number; isLeaf: true; isActive: true; attributes: {}; }' is not assignable to parameter of type 'Omit<DimensionMember, "id">'.
  Property 'sortOrder' is missing in type '{ code: string; name: string; hierarchy: string; level: number; isLeaf: true; isActive: true; attributes: {}; }' but required in type 'Omit<DimensionMember, "id">'.
src/store/migration/storeMigrators.ts(1427,32): error TS2345: Argument of type '{ code: string; name: string; hierarchy: string; level: number; isLeaf: true; isActive: true; attributes: {}; }' is not assignable to parameter of type 'Omit<DimensionMember, "id">'.
  Property 'sortOrder' is missing in type '{ code: string; name: string; hierarchy: string; level: number; isLeaf: true; isActive: true; attributes: {}; }' but required in type 'Omit<DimensionMember, "id">'.
src/store/migration/storeMigrators.ts(1526,39): error TS2345: Argument of type '{ code: string; name: string; hierarchy: string; level: number; isLeaf: true; isActive: true; attributes: {}; }' is not assignable to parameter of type 'Omit<DimensionMember, "id">'.
  Property 'sortOrder' is missing in type '{ code: string; name: string; hierarchy: string; level: number; isLeaf: true; isActive: true; attributes: {}; }' but required in type 'Omit<DimensionMember, "id">'.
src/store/migration/storeMigrators.ts(1622,28): error TS2345: Argument of type '{ code: string; name: string; hierarchy: string; level: number; isLeaf: true; isActive: true; attributes: {}; }' is not assignable to parameter of type 'Omit<DimensionMember, "id">'.
  Property 'sortOrder' is missing in type '{ code: string; name: string; hierarchy: string; level: number; isLeaf: true; isActive: true; attributes: {}; }' but required in type 'Omit<DimensionMember, "id">'.
src/store/notificationStore.ts(10,16): error TS2739: Type '{ notifications: never[]; unreadCount: number; setNotifications: (notifications: Notification[]) => unknown; markAsRead: (id: string) => unknown; markAllAsRead: () => unknown; addNotification: (notification: Omit<Notification, "id" | ... 1 more ... | "isRead">) => unknown; clearNotifications: () => unknown; }' is missing the following properties from type 'NotificationState': error, setError, clearError
src/store/settingsStore.test.ts(44,49): error TS2339: Property 'name' does not exist on type 'UserProfile'.
src/store/settingsStore.test.ts(54,50): error TS2353: Object literal may only specify known properties, and 'name' does not exist in type 'Partial<UserProfile>'.
src/store/settingsStore.test.ts(55,49): error TS2339: Property 'name' does not exist on type 'UserProfile'.
src/store/settingsStore.ts(5,3): error TS6196: 'OrganizationSettings' is declared but never used.
src/store/settingsStore.ts(7,3): error TS6196: 'UserRole' is declared but never used.
src/store/settingsStore.ts(8,3): error TS6196: 'UserPreferences' is declared but never used.
src/store/tourStore.ts(35,19): error TS6133: 'tourId' is declared but its value is never read.
src/store/uiStore.ts(4,15): error TS6196: 'ToastMessage' is declared but never used.
src/store/varianceStore.test.ts(32,52): error TS2339: Property 'name' does not exist on type 'VarianceAnalysis'.
src/store/varianceStore.test.ts(84,52): error TS2339: Property 'name' does not exist on type 'VarianceAnalysis'.
src/store/varianceStore.test.ts(85,52): error TS2339: Property 'name' does not exist on type 'VarianceAnalysis'.
src/utils/apiDocumentation.ts(6,11): error TS6196: 'ApiEndpoint' is declared but never used.
src/utils/demoDataSeeder.ts(7,41): error TS6133: 'glAccounts' is declared but its value is never read.
src/utils/demoDataSeeder.ts(7,53): error TS6133: 'users' is declared but its value is never read.
src/utils/demoDataSeeder.ts(7,60): error TS6133: 'departments' is declared but its value is never read.
src/utils/demoDataSeeder.ts(13,1): error TS6133: 'useAuthStore' is declared but its value is never read.
src/utils/demoDataSeeder.ts(24,11): error TS6133: 'glState' is declared but its value is never read.
src/utils/demoDataSeeder.ts(25,11): error TS6133: 'entityState' is declared but its value is never read.
src/utils/demoDataSeeder.ts(64,24): error TS2345: Argument of type 'GLEntry' is not assignable to parameter of type 'GLEntry | GLEntry[]'.
  Type 'GLEntry' is missing the following properties from type 'GLEntry': accountId, period, periodName, netChange, and 2 more.
src/utils/indexedDBStorage.test.ts(4,32): error TS6133: 'vi' is declared but its value is never read.
src/utils/indexedDBStorage.test.ts(4,36): error TS6133: 'beforeEach' is declared but its value is never read.
src/utils/indexedDBStorage.ts(22,3): error TS2353: Object literal may only specify known properties, and 'isFirstRun' does not exist in type 'PersistStorage<any, unknown>'.
src/utils/indexedDBStorage.ts(54,31): error TS2794: Expected 1 arguments, but got 0. Did you forget to include 'void' in your type argument to 'Promise'?
src/utils/indexedDBStorage.ts(55,28): error TS2794: Expected 1 arguments, but got 0. Did you forget to include 'void' in your type argument to 'Promise'?
src/utils/indexedDBStorage.ts(67,31): error TS2794: Expected 1 arguments, but got 0. Did you forget to include 'void' in your type argument to 'Promise'?
src/utils/localeFormatting.test.ts(191,11): error TS6133: 'enResult' is declared but its value is never read.
src/utils/logger.test.ts(5,10): error TS2724: '"./logger"' has no exported member named 'logger'. Did you mean 'Logger'?
src/utils/logger.ts(24,38): error TS2339: Property 'env' does not exist on type 'ImportMeta'.
src/utils/memoization.ts(74,25): error TS2554: Expected 1 arguments, but got 0.
src/utils/offlineCache.test.ts(4,48): error TS6133: 'afterEach' is declared but its value is never read.
src/utils/offlineCache.test.ts(46,3): error TS6133: 'cacheGetMetadata' is declared but its value is never read.
src/utils/performanceBudget.ts(150,32): error TS2683: 'this' implicitly has type 'any' because it does not have a type annotation.
src/utils/performanceBudget.ts(151,31): error TS2683: 'this' implicitly has type 'any' because it does not have a type annotation.
src/utils/routePreloader.ts(42,35): error TS2307: Cannot find module '../pages/banking/BankingDashboardPage' or its corresponding type declarations.
src/utils/security.test.ts(523,13): error TS6133: 'token2' is declared but its value is never read.
src/utils/storeCache.ts(18,3): error TS2322: Type 'unknown' is not assignable to type 'T'.
  'T' could be instantiated with an arbitrary type which could be unrelated to 'unknown'.
src/utils/tokenRotation.test.ts(4,3): error TS6133: 'scheduleRefresh' is declared but its value is never read.
src/utils/tokenRotation.test.ts(75,9): error TS2740: Type '{ id: string; email: string; name: string; role: "Admin"; permissions: string[]; }' is missing the following properties from type 'User': firstName, lastName, avatarUrl, departmentId, and 5 more.
src/utils/tokenRotation.test.ts(102,9): error TS2740: Type '{ id: string; email: string; name: string; role: "Admin"; permissions: never[]; }' is missing the following properties from type 'User': firstName, lastName, avatarUrl, departmentId, and 5 more.
src/utils/tokenRotation.test.ts(118,7): error TS2322: Type 'Location' is not assignable to type 'string & Location'.
  Type 'Location' is not assignable to type 'string'.
src/utils/tokenRotation.test.ts(133,9): error TS2740: Type '{ id: string; email: string; name: string; role: "Admin"; permissions: never[]; }' is missing the following properties from type 'User': firstName, lastName, avatarUrl, departmentId, and 5 more.
src/utils/tokenRotation.ts(41,10): error TS6133: 'setRefreshCookie' is declared but its value is never read.
src/utils/tokenRotation.ts(51,10): error TS6133: 'getRefreshCookie' is declared but its value is never read.
src/utils/tokenRotation.ts(56,10): error TS6133: 'clearRefreshCookie' is declared but its value is never read.
src/utils/VirtualDataLoader.ts(207,11): error TS6133: 'notifyProgress' is declared but its value is never read.
src/workers/worker-pool.test.ts(351,24): error TS6133: 'instances' is declared but its value is never read.
src/workers/worker-pool.test.ts(354,13): error TS6133: 'promise1' is declared but its value is never read.
vite.config.ts(140,3): error TS2769: No overload matches this call.
  The last overload gave the following error.
    Object literal may only specify known properties, and 'test' does not exist in type 'UserConfigExport'.
